 DiskIoDxe

 Timestamp is 64e9e84d (Sat Aug 26 19:55:57 2023)

 Preferred load address is 0000000000010000

 Start         Length     Name                   Class
 0001:00000000 00000004H .text                   CODE
 0001:00000004 00006523H .text$mn                CODE
 0002:00000000 00001248H .rdata                  DATA
 0002:00001248 0000005cH .rdata$voltmd           DATA
 0002:000012a4 0000015cH .rdata$zzzdbg           DATA
 0003:00000000 000001d8H .data                   DATA
 0003:000001d8 00000028H .bss                    DATA
 0004:00000000 00000051H .edata                  DATA
 0005:00000000 000003d8H .pdata                  DATA
 0006:00000000 00000108H .xdata                  DATA

  Address         Publics by Value              Rva+Base               Lib:Object

 0000:00000000       __guard_longjmp_table      0000000000000000     <absolute>
 0000:00000000       __x64_code_ranges_to_entry_points 0000000000000000     <absolute>
 0000:00000000       __guard_fids_count         0000000000000000     <absolute>
 0000:00000000       __arm64x_redirection_metadata 0000000000000000     <absolute>
 0000:00000000       __arm64x_extra_rfe_table   0000000000000000     <absolute>
 0000:00000000       __guard_iat_table          0000000000000000     <absolute>
 0000:00000000       __hybrid_code_map          0000000000000000     <absolute>
 0000:00000000       __arm64x_extra_rfe_table_size 0000000000000000     <absolute>
 0000:00000000       __guard_iat_count          0000000000000000     <absolute>
 0000:00000000       __guard_longjmp_count      0000000000000000     <absolute>
 0000:00000000       __x64_code_ranges_to_entry_points_count 0000000000000000     <absolute>
 0000:00000000       __dynamic_value_reloc_table 0000000000000000     <absolute>
 0000:00000000       __hybrid_auxiliary_iat     0000000000000000     <absolute>
 0000:00000000       __hybrid_auxiliary_iat_copy 0000000000000000     <absolute>
 0000:00000000       __AbsoluteZero             0000000000000000     <absolute>
 0000:00000000       __guard_eh_cont_count      0000000000000000     <absolute>
 0000:00000000       __guard_check_icall_a64n_fptr 0000000000000000     <absolute>
 0000:00000000       __guard_fids_table         0000000000000000     <absolute>
 0000:00000000       __arm64x_redirection_metadata_count 0000000000000000     <absolute>
 0000:00000000       __enclave_config           0000000000000000     <absolute>
 0000:00000000       __hybrid_code_map_count    0000000000000000     <absolute>
 0000:00000000       __guard_eh_cont_table      0000000000000000     <absolute>
 0000:00000000       __arm64x_native_entrypoint 0000000000000000     <absolute>
 0000:00000100       __guard_flags              0000000000000100     <absolute>
 0001:00000000       CpuPause                   0000000000011000     BaseLib:CpuPause.obj
 0001:00000004       _DriverUnloadHandler       0000000000011004 f   UefiDriverEntryPoint:DriverEntryPoint.obj
 0001:00000040       _ModuleEntryPoint          0000000000011040 f   UefiDriverEntryPoint:DriverEntryPoint.obj
 0001:00000170       ProcessLibraryConstructorList 0000000000011170 f   DiskIoDxe:AutoGen.obj
 0001:00000314       ProcessLibraryDestructorList 0000000000011314 f   DiskIoDxe:AutoGen.obj
 0001:00000320       ProcessModuleEntryPointList 0000000000011320 f   DiskIoDxe:AutoGen.obj
 0001:00000344       ProcessModuleUnloadList    0000000000011344 f   DiskIoDxe:AutoGen.obj
 0001:0000034c       DiskIoDriverBindingSupported 000000000001134c f   DiskIoDxe:DiskIo.obj
 0001:000003dc       DiskIoDriverBindingStart   00000000000113dc f   DiskIoDxe:DiskIo.obj
 0001:00000770       DiskIoDriverBindingStop    0000000000011770 f   DiskIoDxe:DiskIo.obj
 0001:00000b70       DiskIoDestroySubtask       0000000000011b70 f   DiskIoDxe:DiskIo.obj
 0001:00000ce4       DiskIo2OnReadWriteComplete 0000000000011ce4 f   DiskIoDxe:DiskIo.obj
 0001:00000e98       DiskIoCreateSubtask        0000000000011e98 f   DiskIoDxe:DiskIo.obj
 0001:0000103c       DiskIoCreateSubtaskList    000000000001203c f   DiskIoDxe:DiskIo.obj
 0001:00001a00       DiskIo2Cancel              0000000000012a00 f   DiskIoDxe:DiskIo.obj
 0001:00001b80       DiskIo2RemoveCompletedTask 0000000000012b80 f   DiskIoDxe:DiskIo.obj
 0001:00001cdc       DiskIo2ReadWriteDisk       0000000000012cdc f   DiskIoDxe:DiskIo.obj
 0001:00002624       DiskIo2ReadDiskEx          0000000000013624 f   DiskIoDxe:DiskIo.obj
 0001:000026c8       DiskIo2WriteDiskEx         00000000000136c8 f   DiskIoDxe:DiskIo.obj
 0001:0000276c       DiskIo2OnFlushComplete     000000000001376c f   DiskIoDxe:DiskIo.obj
 0001:00002808       DiskIo2FlushDiskEx         0000000000013808 f   DiskIoDxe:DiskIo.obj
 0001:00002994       DiskIoReadDisk             0000000000013994 f   DiskIoDxe:DiskIo.obj
 0001:00002a34       DiskIoWriteDisk            0000000000013a34 f   DiskIoDxe:DiskIo.obj
 0001:00002ad4       InitializeDiskIo           0000000000013ad4 f   DiskIoDxe:DiskIo.obj
 0001:00002b98       DiskIoComponentNameGetDriverName 0000000000013b98 f   DiskIoDxe:ComponentName.obj
 0001:00002bf4       DiskIoComponentNameGetControllerName 0000000000013bf4 f   DiskIoDxe:ComponentName.obj
 0001:00002c14       DebugPrint                 0000000000013c14 f   PeiDxeDebugLibReportStatusCode:DebugLib.obj
 0001:00002c58       DebugPrintMarker           0000000000013c58 f   PeiDxeDebugLibReportStatusCode:DebugLib.obj
 0001:000033dc       DebugVPrint                00000000000143dc f   PeiDxeDebugLibReportStatusCode:DebugLib.obj
 0001:0000340c       DebugAssert                000000000001440c f   PeiDxeDebugLibReportStatusCode:DebugLib.obj
 0001:00003788       DebugAssertEnabled         0000000000014788 f   PeiDxeDebugLibReportStatusCode:DebugLib.obj
 0001:000037ac       DebugPrintEnabled          00000000000147ac f   PeiDxeDebugLibReportStatusCode:DebugLib.obj
 0001:000037d0       DebugPrintLevelEnabled     00000000000147d0 f   PeiDxeDebugLibReportStatusCode:DebugLib.obj
 0001:00003804       InternalBaseLibIsListValid 0000000000014804 f   BaseLib:LinkedList.obj
 0001:00003920       IsNodeInList               0000000000014920 f   BaseLib:LinkedList.obj
 0001:00003a20       InitializeListHead         0000000000014a20 f   BaseLib:LinkedList.obj
 0001:00003a80       InsertTailList             0000000000014a80 f   BaseLib:LinkedList.obj
 0001:00003b68       GetFirstNode               0000000000014b68 f   BaseLib:LinkedList.obj
 0001:00003bbc       GetNextNode                0000000000014bbc f   BaseLib:LinkedList.obj
 0001:00003c6c       IsListEmpty                0000000000014c6c f   BaseLib:LinkedList.obj
 0001:00003cd4       IsNull                     0000000000014cd4 f   BaseLib:LinkedList.obj
 0001:00003d98       RemoveEntryList            0000000000014d98 f   BaseLib:LinkedList.obj
 0001:00003e14       DivU64x32Remainder         0000000000014e14 f   BaseLib:DivU64x32Remainder.obj
 0001:00003e70       AsciiStrLen                0000000000014e70 f   BaseLib:String.obj
 0001:00003f28       AsciiStrSize               0000000000014f28 f   BaseLib:String.obj
 0001:00003f44       AsciiStrnCmp               0000000000014f44 f   BaseLib:String.obj
 0001:00004090       InternalSafeStringIsOverlap 0000000000015090 f   BaseLib:SafeString.obj
 0001:000040f4       InternalSafeStringNoAsciiStrOverlap 00000000000150f4 f   BaseLib:SafeString.obj
 0001:00004148       AsciiStrnLenS              0000000000015148 f   BaseLib:SafeString.obj
 0001:000041b4       AsciiStrnCpyS              00000000000151b4 f   BaseLib:SafeString.obj
 0001:000046a4       CpuBreakpoint              00000000000156a4 f   BaseLib:CpuBreakpoint.obj
 0001:000046a8       CpuDeadLoop                00000000000156a8 f   BaseLib:CpuDeadLoop.obj
 0001:000046cc       InternalMathLShiftU64      00000000000156cc f   BaseLib:Math64.obj
 0001:000046e8       InternalMathDivRemU64x32   00000000000156e8 f   BaseLib:Math64.obj
 0001:00004740       LShiftU64                  0000000000015740 f   BaseLib:LShiftU64.obj
 0001:00004794       CopyMem                    0000000000015794 f   BaseMemoryLib:CopyMemWrapper.obj
 0001:0000486c       CopyGuid                   000000000001586c f   BaseMemoryLib:MemLibGuid.obj
 0001:000048c0       ZeroMem                    00000000000158c0 f   BaseMemoryLib:ZeroMemWrapper.obj
 0001:00004968       InternalMemCopyMem         0000000000015968 f   BaseMemoryLib:CopyMem.obj
 0001:00004f44       InternalMemSetMem          0000000000015f44 f   BaseMemoryLib:SetMem.obj
 0001:000050d8       InternalMemZeroMem         00000000000160d8 f   BaseMemoryLib:MemLibGeneric.obj
 0001:00005100       InternalAllocateAlignedPages 0000000000016100 f   UefiMemoryAllocationLib:MemoryAllocationLib.obj
 0001:00005444       AllocateAlignedPages       0000000000016444 f   UefiMemoryAllocationLib:MemoryAllocationLib.obj
 0001:0000546c       FreeAlignedPages           000000000001646c f   UefiMemoryAllocationLib:MemoryAllocationLib.obj
 0001:0000553c       InternalAllocatePool       000000000001653c f   UefiMemoryAllocationLib:MemoryAllocationLib.obj
 0001:00005584       AllocatePool               0000000000016584 f   UefiMemoryAllocationLib:MemoryAllocationLib.obj
 0001:000055a4       InternalAllocateZeroPool   00000000000165a4 f   UefiMemoryAllocationLib:MemoryAllocationLib.obj
 0001:000055ec       AllocateZeroPool           00000000000165ec f   UefiMemoryAllocationLib:MemoryAllocationLib.obj
 0001:0000560c       InternalAllocateCopyPool   000000000001660c f   UefiMemoryAllocationLib:MemoryAllocationLib.obj
 0001:000056d0       AllocateCopyPool           00000000000166d0 f   UefiMemoryAllocationLib:MemoryAllocationLib.obj
 0001:000056f8       FreePool                   00000000000166f8 f   UefiMemoryAllocationLib:MemoryAllocationLib.obj
 0001:0000578c       UefiBootServicesTableLibConstructor 000000000001678c f   UefiBootServicesTableLib:UefiBootServicesTableLib.obj
 0001:00005868       UefiRuntimeServicesTableLibConstructor 0000000000016868 f   UefiRuntimeServicesTableLib:UefiRuntimeServicesTableLib.obj
 0001:000058c4       UefiLibConstructor         00000000000168c4 f   UefiLib:UefiLib.obj
 0001:000058d4       CompareIso639LanguageCode  00000000000168d4 f   UefiLib:UefiLib.obj
 0001:00005920       EfiInitializeLock          0000000000016920 f   UefiLib:UefiLib.obj
 0001:000059c4       EfiAcquireLock             00000000000169c4 f   UefiLib:UefiLib.obj
 0001:00005a60       EfiReleaseLock             0000000000016a60 f   UefiLib:UefiLib.obj
 0001:00005b00       IsLanguageSupported        0000000000016b00 f   UefiLib:UefiLib.obj
 0001:00005bf0       LookupUnicodeString2       0000000000016bf0 f   UefiLib:UefiLib.obj
 0001:00005e00       EfiLibInstallDriverBindingComponentName2 0000000000016e00 f   UefiLib:UefiDriverModel.obj
 0001:0000604c       GetDebugPrintErrorLevel    000000000001704c f   BaseDebugPrintErrorLevelLib:BaseDebugPrintErrorLevelLib.obj
 0001:00006054       InternalGetReportStatusCode 0000000000017054 f   DxeReportStatusCodeLib:ReportStatusCodeLib.obj
 0001:000060bc       InternalReportStatusCode   00000000000170bc f   DxeReportStatusCodeLib:ReportStatusCodeLib.obj
 0001:00006174       ReportStatusCodeEx         0000000000017174 f   DxeReportStatusCodeLib:ReportStatusCodeLib.obj
 0001:000063d0       ReportProgressCodeEnabled  00000000000173d0 f   DxeReportStatusCodeLib:ReportStatusCodeLib.obj
 0001:000063f4       ReportErrorCodeEnabled     00000000000173f4 f   DxeReportStatusCodeLib:ReportStatusCodeLib.obj
 0001:00006418       ReportDebugCodeEnabled     0000000000017418 f   DxeReportStatusCodeLib:ReportStatusCodeLib.obj
 0001:0000643c       ReadUnaligned24            000000000001743c f   BaseLib:Unaligned.obj
 0001:00006488       ReadUnaligned64            0000000000017488 f   BaseLib:Unaligned.obj
 0001:000064d0       WriteUnaligned64           00000000000174d0 f   BaseLib:Unaligned.obj
 0002:00000000       ??_C@_0CB@DMEJJJHA@?6ASSERT_EFI_ERROR?5?$CIStatus?5?$DN?5?$CFr?$CJ@ 0000000000018000     UefiDriverEntryPoint:DriverEntryPoint.obj
 0002:00000028       ??_C@_0CH@BBNBJKHK@?$CB?$CI?$CI?$CIINTN?$CJ?$CIRETURN_STATUS?$CJ?$CIStatus@ 0000000000018028     UefiDriverEntryPoint:DriverEntryPoint.obj
 0002:00000050       ??_C@_0EN@BMBDHEJO@f?3?2uefiworkspace?2edk2?2MdePkg?2Li@ 0000000000018050     UefiDriverEntryPoint:DriverEntryPoint.obj
 0002:0000009d       _gPcd_FixedAtBuild_PcdVerifyNodeInList 000000000001809d     DiskIoDxe:AutoGen.obj
 0002:0000009d       _gPcd_FixedAtBuild_PcdComponentName2Disable 000000000001809d     DiskIoDxe:AutoGen.obj
 0002:0000009d       _gPcd_FixedAtBuild_PcdComponentNameDisable 000000000001809d     DiskIoDxe:AutoGen.obj
 0002:0000009d       _gDriverUnloadImageCount   000000000001809d     DiskIoDxe:AutoGen.obj
 0002:000000a0       _gUefiDriverRevision       00000000000180a0     DiskIoDxe:AutoGen.obj
 0002:000000a8       ??_C@_09LFKBFLJI@DiskIoDxe@ 00000000000180a8     DiskIoDxe:AutoGen.obj
 0002:000000c0       ??_C@_0HE@IFFJHOGD@f?3?2uefiworkspace?2Build?2Emulator@ 00000000000180c0     DiskIoDxe:AutoGen.obj
 0002:00000134       _gPcd_FixedAtBuild_PcdMaximumLinkedListLength 0000000000018134     DiskIoDxe:AutoGen.obj
 0002:00000134       _gPcd_FixedAtBuild_PcdMaximumAsciiStringLength 0000000000018134     DiskIoDxe:AutoGen.obj
 0002:00000138       _gPcd_FixedAtBuild_PcdReportStatusCodePropertyMask 0000000000018138     DiskIoDxe:AutoGen.obj
 0002:0000013c       _gPcd_FixedAtBuild_PcdDiskIoDataBufferBlockNum 000000000001813c     DiskIoDxe:AutoGen.obj
 0002:00000140       _gPcd_FixedAtBuild_PcdDebugPrintErrorLevel 0000000000018140     DiskIoDxe:AutoGen.obj
 0002:00000144       _gPcd_FixedAtBuild_PcdFixedDebugPrintErrorLevel 0000000000018144     DiskIoDxe:AutoGen.obj
 0002:00000148       _gPcd_FixedAtBuild_PcdDebugPropertyMask 0000000000018148     DiskIoDxe:AutoGen.obj
 0002:00000150       ??_C@_0MG@CFIEKJIG@?$CIInstance?9?$DOBlockIo2?5?$DN?$DN?5?$CI?$CIvoid?5?$CK@ 0000000000018150     DiskIoDxe:DiskIo.obj
 0002:00000220       ??_C@_0EF@PPFLONI@f?3?2uefiworkspace?2edk2?2MdeModule@ 0000000000018220     DiskIoDxe:DiskIo.obj
 0002:00000268       ??_C@_0BF@NDBIKIKC@CR?5has?5Bad?5Signature@ 0000000000018268     DiskIoDxe:DiskIo.obj
 0002:00000280       ??_C@_0CD@FJFELEGG@Instance?9?$DOBlockIo2?5?$CB?$DN?5?$CI?$CIvoid?5?$CK?$CJ@ 0000000000018280     DiskIoDxe:DiskIo.obj
 0002:000002b0       ??_C@_0EM@MPPDDPAN@Subtask?9?$DOSignature?5?$DN?$DN?5?$CI?$CI?$CI?8d?8?$CJ?5?$HM@ 00000000000182b0     DiskIoDxe:DiskIo.obj
 0002:00000300       ??_C@_0EN@PCFHMOKM@Instance?9?$DOSignature?5?$DN?$DN?5?$CI?$CI?$CI?8d?8?$CJ?5@ 0000000000018300     DiskIoDxe:DiskIo.obj
 0002:00000350       ??_C@_0EJ@HLKPEHGE@Task?9?$DOSignature?5?$DN?$DN?5?$CI?$CI?$CI?8d?8?$CJ?5?$HM?5?$CI?8@ 0000000000018350     DiskIoDxe:DiskIo.obj
 0002:000003a0       ??_C@_0EK@KOLLJOAJ@?5?5?$CFc?3Lba?1Offset?1Length?1WorkingB@ 00000000000183a0     DiskIoDxe:DiskIo.obj
 0002:000003f0       ??_C@_0EP@OFHHJPEP@DiskIo?3?5Create?5subtasks?5for?5tas@ 00000000000183f0     DiskIoDxe:DiskIo.obj
 0002:00000440       ??_C@_0DK@COMLBFBN@DiskIo?3?5No?5enough?5memory?5so?5dow@ 0000000000018440     DiskIoDxe:DiskIo.obj
 0002:00000480       ??_C@_0BA@LOFNPPOC@BufferSize?5?$DN?$DN?50@ 0000000000018480     DiskIoDxe:DiskIo.obj
 0002:00000490       ??_C@_0BM@NJNNNGIE@Task?9?$DOToken?5?$DN?$DN?5?$CI?$CIvoid?5?$CK?$CJ?50?$CJ@ 0000000000018490     DiskIoDxe:DiskIo.obj
 0002:000004b0       ??_C@_0BL@HLEFHOPK@?$CBIsListEmpty?5?$CISubtasksPtr?$CJ@ 00000000000184b0     DiskIoDxe:DiskIo.obj
 0002:000004d0       ??_C@_0FC@PPAHJOGI@?$CISubtask?9?$DOLength?5?$CF?5Media?9?$DOBlock@ 00000000000184d0     DiskIoDxe:DiskIo.obj
 0002:00000530       ??_C@_0FJ@DGGJEGKJ@DiskIo?3?5Non?9blocking?5request?5wa@ 0000000000018530     DiskIoDxe:DiskIo.obj
 0002:00000590       ??_C@_0EJ@KDGMDMEC@Task?9?$DOSignature?5?$DN?$DN?5?$CI?$CI?$CI?8d?8?$CJ?5?$HM?5?$CI?8@ 0000000000018590     DiskIoDxe:DiskIo.obj
 0002:000005dc       ??_C@_03LKLGDMJI@eng@      00000000000185dc     DiskIoDxe:ComponentName.obj
 0002:000005e0       ??_C@_02LFNMGJAP@en@       00000000000185e0     DiskIoDxe:ComponentName.obj
 0002:000005e4       ??_C@_06DALJLGPG@eng?$DLen@ 00000000000185e4     DiskIoDxe:ComponentName.obj
 0002:000005f0       ??_C@_1DA@GMFAKFNA@?$AAG?$AAe?$AAn?$AAe?$AAr?$AAi?$AAc?$AA?5?$AAD?$AAi?$AAs?$AAk?$AA?5?$AAI?$AA?1@ 00000000000185f0     DiskIoDxe:ComponentName.obj
 0002:00000620       ??_C@_0BH@LKMBFCBF@Format?5?$CB?$DN?5?$CI?$CIvoid?5?$CK?$CJ?50?$CJ@ 0000000000018620     PeiDxeDebugLibReportStatusCode:DebugLib.obj
 0002:00000640       ??_C@_0FF@OJMNGPG@f?3?2uefiworkspace?2edk2?2MdeModule@ 0000000000018640     PeiDxeDebugLibReportStatusCode:DebugLib.obj
 0002:00000698       ??_C@_0CP@EFCGCEBK@?$CICHAR8?5?$CK?$CJBaseListMarkerPointer?5@ 0000000000018698     PeiDxeDebugLibReportStatusCode:DebugLib.obj
 0002:000006c8       ??_C@_01OHGJGJJP@?$FL@     00000000000186c8     PeiDxeDebugLibReportStatusCode:DebugLib.obj
 0002:000006cc       ??_C@_02PBFOLPKM@?$FN?5@   00000000000186cc     PeiDxeDebugLibReportStatusCode:DebugLib.obj
 0002:000006d0       ??_C@_0BH@IACGKAP@Buffer?5?$CB?$DN?5?$CI?$CIvoid?5?$CK?$CJ?50?$CJ@ 00000000000186d0     PeiDxeDebugLibReportStatusCode:DebugLib.obj
 0002:000006e8       ??_C@_0BF@NJNGJMPC@List?5?$CB?$DN?5?$CI?$CIvoid?5?$CK?$CJ?50?$CJ@ 00000000000186e8     BaseLib:LinkedList.obj
 0002:00000700       ??_C@_0DK@OGPFJBAL@f?3?2uefiworkspace?2edk2?2MdePkg?2Li@ 0000000000018700     BaseLib:LinkedList.obj
 0002:00000740       ??_C@_0CC@KDLPLAED@List?9?$DOForwardLink?5?$CB?$DN?5?$CI?$CIvoid?5?$CK?$CJ?5@ 0000000000018740     BaseLib:LinkedList.obj
 0002:00000768       ??_C@_0BP@IJJCCMAK@List?9?$DOBackLink?5?$CB?$DN?5?$CI?$CIvoid?5?$CK?$CJ?50?$CJ@ 0000000000018768     BaseLib:LinkedList.obj
 0002:00000788       ??_C@_0CI@BMHOPIIO@InternalBaseLibIsListValid?5?$CIFir@ 0000000000018788     BaseLib:LinkedList.obj
 0002:000007b0       ??_C@_0BM@BAIHHOEP@SecondEntry?5?$CB?$DN?5?$CI?$CIvoid?5?$CK?$CJ?50?$CJ@ 00000000000187b0     BaseLib:LinkedList.obj
 0002:000007d0       ??_C@_0BJ@NJABNCDK@ListHead?5?$CB?$DN?5?$CI?$CIvoid?5?$CK?$CJ?50?$CJ@ 00000000000187d0     BaseLib:LinkedList.obj
 0002:000007f0       ??_C@_0DI@HOMAKAJD@?$CI?$CIBOOLEAN?$CJ?$CI0?$DN?$DN1?$CJ?$CJ?5?$DN?$DN?5IsNodeInLi@ 00000000000187f0     BaseLib:LinkedList.obj
 0002:00000828       ??_C@_0CG@LGIALJFK@InternalBaseLibIsListValid?5?$CILis@ 0000000000018828     BaseLib:LinkedList.obj
 0002:00000850       ??_C@_0CC@JLDICICM@InternalBaseLibIsListValid?5?$CILis@ 0000000000018850     BaseLib:LinkedList.obj
 0002:00000878       ??_C@_0DD@OAAIDOJD@?$CI?$CIBOOLEAN?$CJ?$CI1?$DN?$DN1?$CJ?$CJ?5?$DN?$DN?5IsNodeInLi@ 0000000000018878     BaseLib:LinkedList.obj
 0002:000008b0       ??_C@_0BF@NMBJJECB@?$CBIsListEmpty?5?$CIEntry?$CJ@ 00000000000188b0     BaseLib:LinkedList.obj
 0002:000008c8       ??_C@_0N@KGHEHMDL@Divisor?5?$CB?$DN?50@ 00000000000188c8     BaseLib:DivU64x32Remainder.obj
 0002:000008e0       ??_C@_0EC@JNPELHIH@f?3?2uefiworkspace?2edk2?2MdePkg?2Li@ 00000000000188e0     BaseLib:DivU64x32Remainder.obj
 0002:00000928       ??_C@_0BH@MAAHKCPC@String?5?$CB?$DN?5?$CI?$CIvoid?5?$CK?$CJ?50?$CJ@ 0000000000018928     BaseLib:String.obj
 0002:00000940       ??_C@_0DG@ODLLMBNP@f?3?2uefiworkspace?2edk2?2MdePkg?2Li@ 0000000000018940     BaseLib:String.obj
 0002:00000978       ??_C@_0DI@MDIKFADO@Length?5?$DM?5_gPcd_FixedAtBuild_Pcd@ 0000000000018978     BaseLib:String.obj
 0002:000009b0       ??_C@_0BL@IKFBNFIL@AsciiStrSize?5?$CIFirstString?$CJ@ 00000000000189b0     BaseLib:String.obj
 0002:000009d0       ??_C@_0BM@EDNOKLLE@AsciiStrSize?5?$CISecondString?$CJ@ 00000000000189d0     BaseLib:String.obj
 0002:000009f0       ??_C@_0DJ@JJHGIFMP@Length?5?$DM?$DN?5_gPcd_FixedAtBuild_Pc@ 00000000000189f0     BaseLib:String.obj
 0002:00000a30       ??_C@_0DK@NEJELINC@f?3?2uefiworkspace?2edk2?2MdePkg?2Li@ 0000000000018a30     BaseLib:SafeString.obj
 0002:00000a70       ??_C@_0BO@ECNIOIHG@?$CIDestination?5?$CB?$DN?5?$CI?$CIvoid?5?$CK?$CJ?50?$CJ?$CJ@ 0000000000018a70     BaseLib:SafeString.obj
 0002:00000a90       ??_C@_0EA@PDPDJJNN@?$CFa?$CI?$CFd?$CJ?5?$CFa?3?5SAFE_STRING_CONSTRAI@ 0000000000018a90     BaseLib:SafeString.obj
 0002:00000ad0       ??_C@_0BJ@EAEEJIP@?$CISource?5?$CB?$DN?5?$CI?$CIvoid?5?$CK?$CJ?50?$CJ?$CJ@ 0000000000018ad0     BaseLib:SafeString.obj
 0002:00000af0       ??_C@_0P@PMIMLIHM@?$CIDestMax?5?$CB?$DN?50?$CJ@ 0000000000018af0     BaseLib:SafeString.obj
 0002:00000b00       ??_C@_0BG@EEGIIOKH@?$CIDestMax?5?$DO?5SourceLen?$CJ@ 0000000000018b00     BaseLib:SafeString.obj
 0002:00000b18       ??_C@_0DO@LJFOOPII@?$CIDestMax?5?$DM?$DN?5?$CI_gPcd_FixedAtBuild@ 0000000000018b18     BaseLib:SafeString.obj
 0002:00000b60       ??_C@_0FL@CDANCHFO@InternalSafeStringNoAsciiStrOve@ 0000000000018b60     BaseLib:SafeString.obj
 0002:00000bc0       ??_C@_0O@DIHNCLLG@AsciiStrnCpyS@ 0000000000018bc0     BaseLib:SafeString.obj
 0002:00000bd0       ??_C@_0DN@DLAADCJE@?$CILength?5?$DM?$DN?5?$CI_gPcd_FixedAtBuild_@ 0000000000018bd0     BaseLib:SafeString.obj
 0002:00000c10       ??_C@_0L@MEMPDLHB@Count?5?$DM?564@ 0000000000018c10     BaseLib:LShiftU64.obj
 0002:00000c20       ??_C@_0DJ@POKPBLDK@f?3?2uefiworkspace?2edk2?2MdePkg?2Li@ 0000000000018c20     BaseLib:LShiftU64.obj
 0002:00000c60       ??_C@_0ED@MKGCMJG@?$CILength?5?9?51?$CJ?5?$DM?$DN?5?$CI0xFFFFFFFFFFFF@ 0000000000018c60     BaseMemoryLib:CopyMemWrapper.obj
 0002:00000cb0       ??_C@_0EE@GOMGOBAA@f?3?2uefiworkspace?2edk2?2MdePkg?2Li@ 0000000000018cb0     BaseMemoryLib:CopyMemWrapper.obj
 0002:00000cf8       ??_C@_0DO@MAOBOFEG@?$CILength?5?9?51?$CJ?5?$DM?$DN?5?$CI0xFFFFFFFFFFFF@ 0000000000018cf8     BaseMemoryLib:CopyMemWrapper.obj
 0002:00000d38       ??_C@_0DG@EEENIGGL@Length?5?$DM?$DN?5?$CI0xFFFFFFFFFFFFFFFFUL@ 0000000000018d38     BaseMemoryLib:MemLibGuid.obj
 0002:00000d70       ??_C@_0EE@NKGEIAMH@f?3?2uefiworkspace?2edk2?2MdePkg?2Li@ 0000000000018d70     BaseMemoryLib:ZeroMemWrapper.obj
 0002:00000db8       ??_C@_0L@LBCNCHJA@Pages?5?$CB?$DN?50@ 0000000000018db8     UefiMemoryAllocationLib:MemoryAllocationLib.obj
 0002:00000dd0       ??_C@_0FD@NABGIAAK@f?3?2uefiworkspace?2edk2?2MdePkg?2Li@ 0000000000018dd0     UefiMemoryAllocationLib:MemoryAllocationLib.obj
 0002:00000e28       ??_C@_0CD@GECBLADO@?$CIAlignment?5?$CG?5?$CIAlignment?5?9?51?$CJ?$CJ?5?$DN@ 0000000000018e28     UefiMemoryAllocationLib:MemoryAllocationLib.obj
 0002:00000e50       ??_C@_0BC@BDMGDFME@RealPages?5?$DO?5Pages@ 0000000000018e50     UefiMemoryAllocationLib:MemoryAllocationLib.obj
 0002:00000e68       ??_C@_0DO@GEEICOOO@AllocationSize?5?$DM?$DN?5?$CI0xFFFFFFFFFF@ 0000000000018e68     UefiMemoryAllocationLib:MemoryAllocationLib.obj
 0002:00000ea8       ??_C@_0BN@COECPDCC@gImageHandle?5?$CB?$DN?5?$CI?$CIvoid?5?$CK?$CJ?50?$CJ@ 0000000000018ea8     UefiBootServicesTableLib:UefiBootServicesTableLib.obj
 0002:00000ed0       ??_C@_0FJ@LLOKMAMB@f?3?2uefiworkspace?2edk2?2MdePkg?2Li@ 0000000000018ed0     UefiBootServicesTableLib:UefiBootServicesTableLib.obj
 0002:00000f30       ??_C@_0BE@DGNHAHIL@gST?5?$CB?$DN?5?$CI?$CIvoid?5?$CK?$CJ?50?$CJ@ 0000000000018f30     UefiBootServicesTableLib:UefiBootServicesTableLib.obj
 0002:00000f48       ??_C@_0BE@BDFJLGLN@gBS?5?$CB?$DN?5?$CI?$CIvoid?5?$CK?$CJ?50?$CJ@ 0000000000018f48     UefiBootServicesTableLib:UefiBootServicesTableLib.obj
 0002:00000f60       ??_C@_0BE@OBDFIHND@gRT?5?$CB?$DN?5?$CI?$CIvoid?5?$CK?$CJ?50?$CJ@ 0000000000018f60     UefiRuntimeServicesTableLib:UefiRuntimeServicesTableLib.obj
 0002:00000f80       ??_C@_0FP@KMDGPEO@f?3?2uefiworkspace?2edk2?2MdePkg?2Li@ 0000000000018f80     UefiRuntimeServicesTableLib:UefiRuntimeServicesTableLib.obj
 0002:00000fe0       ??_C@_0DH@CPNBINNB@f?3?2uefiworkspace?2edk2?2MdePkg?2Li@ 0000000000018fe0     UefiLib:UefiLib.obj
 0002:00001018       ??_C@_0BF@JGGLMCFN@Lock?5?$CB?$DN?5?$CI?$CIvoid?5?$CK?$CJ?50?$CJ@ 0000000000019018     UefiLib:UefiLib.obj
 0002:00001030       ??_C@_0P@EOAOOBNP@Priority?5?$DM?$DN?531@ 0000000000019030     UefiLib:UefiLib.obj
 0002:00001040       ??_C@_0BO@IJOPPPFL@Lock?9?$DOLock?5?$DN?$DN?5EfiLockReleased@ 0000000000019040     UefiLib:UefiLib.obj
 0002:00001060       ??_C@_0BO@FHNOFLFJ@Lock?9?$DOLock?5?$DN?$DN?5EfiLockAcquired@ 0000000000019060     UefiLib:UefiLib.obj
 0002:00001080       ??_C@_0BO@MHFMIIAE@DriverBinding?5?$CB?$DN?5?$CI?$CIvoid?5?$CK?$CJ?50?$CJ@ 0000000000019080     UefiLib:UefiDriverModel.obj
 0002:000010a0       ??_C@_0DP@LJJEMLKP@f?3?2uefiworkspace?2edk2?2MdePkg?2Li@ 00000000000190a0     UefiLib:UefiDriverModel.obj
 0002:000010e0       ??_C@_0FI@PJEDBJM@f?3?2uefiworkspace?2edk2?2MdeModule@ 00000000000190e0     DxeReportStatusCodeLib:ReportStatusCodeLib.obj
 0002:00001138       ??_C@_0DN@HHIHPHHB@?$CB?$CI?$CIExtendedData?5?$DN?$DN?5?$CI?$CIvoid?5?$CK?$CJ?50?$CJ@ 0000000000019138     DxeReportStatusCodeLib:ReportStatusCodeLib.obj
 0002:00001178       ??_C@_0DN@BBBIFINB@?$CB?$CI?$CIExtendedData?5?$CB?$DN?5?$CI?$CIvoid?5?$CK?$CJ?50?$CJ@ 0000000000019178     DxeReportStatusCodeLib:ReportStatusCodeLib.obj
 0002:000011b8       ??_C@_0DJ@GPHHHNOB@f?3?2uefiworkspace?2edk2?2MdePkg?2Li@ 00000000000191b8     BaseLib:Unaligned.obj
 0002:00001248       __volatile_metadata        0000000000019248     <linker-defined>
 0003:00000000       gEfiLoadedImageProtocolGuid 000000000001a000     DiskIoDxe:AutoGen.obj
 0003:00000010       gEfiStatusCodeSpecificDataGuid 000000000001a010     DiskIoDxe:AutoGen.obj
 0003:00000020       gEfiStatusCodeRuntimeProtocolGuid 000000000001a020     DiskIoDxe:AutoGen.obj
 0003:00000030       gEfiComponentName2ProtocolGuid 000000000001a030     DiskIoDxe:AutoGen.obj
 0003:00000040       gEfiBlockIo2ProtocolGuid   000000000001a040     DiskIoDxe:AutoGen.obj
 0003:00000050       gEfiDiskIoProtocolGuid     000000000001a050     DiskIoDxe:AutoGen.obj
 0003:00000060       gEfiCallerBaseName         000000000001a060     DiskIoDxe:AutoGen.obj
 0003:00000068       gEfiStatusCodeDataTypeDebugGuid 000000000001a068     DiskIoDxe:AutoGen.obj
 0003:00000078       gEfiDiskIo2ProtocolGuid    000000000001a078     DiskIoDxe:AutoGen.obj
 0003:00000088       gEfiDriverBindingProtocolGuid 000000000001a088     DiskIoDxe:AutoGen.obj
 0003:00000098       gEfiComponentNameProtocolGuid 000000000001a098     DiskIoDxe:AutoGen.obj
 0003:000000a8       gEfiBlockIoProtocolGuid    000000000001a0a8     DiskIoDxe:AutoGen.obj
 0003:000000b8       gEfiCallerIdGuid           000000000001a0b8     DiskIoDxe:AutoGen.obj
 0003:000000c8       gDiskIoDriverBinding       000000000001a0c8     DiskIoDxe:DiskIo.obj
 0003:00000100       gDiskIoPrivateDataTemplate 000000000001a100     DiskIoDxe:DiskIo.obj
 0003:00000188       gDiskIoComponentName       000000000001a188     DiskIoDxe:ComponentName.obj
 0003:000001a0       gDiskIoComponentName2      000000000001a1a0     DiskIoDxe:ComponentName.obj
 0003:000001b8       mDiskIoDriverNameTable     000000000001a1b8     DiskIoDxe:ComponentName.obj
 0003:000001d8       gST                        000000000001a1d8     UefiBootServicesTableLib:UefiBootServicesTableLib.obj
 0003:000001e0       gBS                        000000000001a1e0     UefiBootServicesTableLib:UefiBootServicesTableLib.obj
 0003:000001e8       gImageHandle               000000000001a1e8     UefiBootServicesTableLib:UefiBootServicesTableLib.obj
 0003:000001f0       gRT                        000000000001a1f0     UefiRuntimeServicesTableLib:UefiRuntimeServicesTableLib.obj
 0003:000001f8       mReportStatusCodeLibStatusCodeProtocol 000000000001a1f8     DxeReportStatusCodeLib:ReportStatusCodeLib.obj

 entry point at        0001:00000040

 Static symbols

 0000:ffff1000       .debug$S                   0000000000010000     DiskIoDxe.exp
 0004:00000000       .edata                     000000000001b000     DiskIoDxe.exp
 0004:00000028       rgpv                       000000000001b028     DiskIoDxe.exp
 0004:0000002c       rgszName                   000000000001b02c     DiskIoDxe.exp
 0004:00000030       rgwOrd                     000000000001b030     DiskIoDxe.exp
 0004:00000032       szName                     000000000001b032     DiskIoDxe.exp
 0004:00000040       $N00001                    000000000001b040     DiskIoDxe.exp
 0006:00000000       $unwind$IsListEmpty        000000000001d000     BaseLib:LinkedList.obj
 0006:00000000       $unwind$AsciiStrLen        000000000001d000     BaseLib:String.obj
 0006:00000000       $unwind$_DriverUnloadHandler 000000000001d000     UefiDriverEntryPoint:DriverEntryPoint.obj
 0006:00000000       $unwind$EfiReleaseLock     000000000001d000     UefiLib:UefiLib.obj
 0006:00000000       $unwind$FreePool           000000000001d000     UefiMemoryAllocationLib:MemoryAllocationLib.obj
 0006:00000008       $unwind$ProcessLibraryConstructorList 000000000001d008     DiskIoDxe:AutoGen.obj
 0006:00000008       $unwind$DiskIo2OnFlushComplete 000000000001d008     DiskIoDxe:DiskIo.obj
 0006:00000008       $unwind$IsNull             000000000001d008     BaseLib:LinkedList.obj
 0006:00000008       $unwind$_ModuleEntryPoint  000000000001d008     UefiDriverEntryPoint:DriverEntryPoint.obj
 0006:00000008       $unwind$CompareIso639LanguageCode 000000000001d008     UefiLib:UefiLib.obj
 0006:00000008       $unwind$IsLanguageSupported 000000000001d008     UefiLib:UefiLib.obj
 0006:00000008       $unwind$FreeAlignedPages   000000000001d008     UefiMemoryAllocationLib:MemoryAllocationLib.obj
 0006:00000010       $unwind$ProcessModuleEntryPointList 000000000001d010     DiskIoDxe:AutoGen.obj
 0006:00000010       $unwind$LShiftU64          000000000001d010     BaseLib:LShiftU64.obj
 0006:00000010       $unwind$GetNextNode        000000000001d010     BaseLib:LinkedList.obj
 0006:00000010       $unwind$InsertTailList     000000000001d010     BaseLib:LinkedList.obj
 0006:00000010       $unwind$WriteUnaligned64   000000000001d010     BaseLib:Unaligned.obj
 0006:00000010       $unwind$InternalMemZeroMem 000000000001d010     BaseMemoryLib:MemLibGeneric.obj
 0006:00000010       $unwind$CopyGuid           000000000001d010     BaseMemoryLib:MemLibGuid.obj
 0006:00000010       $unwind$ZeroMem            000000000001d010     BaseMemoryLib:ZeroMemWrapper.obj
 0006:00000010       $unwind$UefiBootServicesTableLibConstructor 000000000001d010     UefiBootServicesTableLib:UefiBootServicesTableLib.obj
 0006:00000010       $unwind$EfiInitializeLock  000000000001d010     UefiLib:UefiLib.obj
 0006:00000010       $unwind$AllocateAlignedPages 000000000001d010     UefiMemoryAllocationLib:MemoryAllocationLib.obj
 0006:00000010       $unwind$AllocateCopyPool   000000000001d010     UefiMemoryAllocationLib:MemoryAllocationLib.obj
 0006:00000010       $unwind$UefiRuntimeServicesTableLibConstructor 000000000001d010     UefiRuntimeServicesTableLib:UefiRuntimeServicesTableLib.obj
 0006:00000018       $unwind$DiskIoComponentNameGetDriverName 000000000001d018     DiskIoDxe:ComponentName.obj
 0006:00000018       $unwind$DiskIoDriverBindingSupported 000000000001d018     DiskIoDxe:DiskIo.obj
 0006:00000020       $unwind$DiskIoDriverBindingStart 000000000001d020     DiskIoDxe:DiskIo.obj
 0006:00000020       $unwind$InternalMemSetMem  000000000001d020     BaseMemoryLib:SetMem.obj
 0006:00000028       $unwind$DiskIoDriverBindingStop 000000000001d028     DiskIoDxe:DiskIo.obj
 0006:00000030       $unwind$DiskIo2OnReadWriteComplete 000000000001d030     DiskIoDxe:DiskIo.obj
 0006:00000030       $unwind$DiskIoDestroySubtask 000000000001d030     DiskIoDxe:DiskIo.obj
 0006:00000030       $unwind$InitializeDiskIo   000000000001d030     DiskIoDxe:DiskIo.obj
 0006:00000030       $unwind$IsNodeInList       000000000001d030     BaseLib:LinkedList.obj
 0006:00000038       $unwind$DiskIoCreateSubtask 000000000001d038     DiskIoDxe:DiskIo.obj
 0006:00000040       $unwind$DiskIoCreateSubtaskList 000000000001d040     DiskIoDxe:DiskIo.obj
 0006:00000048       $unwind$DiskIo2Cancel      000000000001d048     DiskIoDxe:DiskIo.obj
 0006:00000050       $unwind$DiskIo2RemoveCompletedTask 000000000001d050     DiskIoDxe:DiskIo.obj
 0006:00000050       $unwind$InternalBaseLibIsListValid 000000000001d050     BaseLib:LinkedList.obj
 0006:00000058       $unwind$DiskIo2ReadWriteDisk 000000000001d058     DiskIoDxe:DiskIo.obj
 0006:00000060       $unwind$DiskIo2ReadDiskEx  000000000001d060     DiskIoDxe:DiskIo.obj
 0006:00000060       $unwind$DiskIo2WriteDiskEx 000000000001d060     DiskIoDxe:DiskIo.obj
 0006:00000060       $unwind$DiskIoReadDisk     000000000001d060     DiskIoDxe:DiskIo.obj
 0006:00000060       $unwind$DiskIoWriteDisk    000000000001d060     DiskIoDxe:DiskIo.obj
 0006:00000068       $unwind$DiskIo2FlushDiskEx 000000000001d068     DiskIoDxe:DiskIo.obj
 0006:00000070       $unwind$DebugPrint         000000000001d070     PeiDxeDebugLibReportStatusCode:DebugLib.obj
 0006:00000070       $unwind$InternalSafeStringNoAsciiStrOverlap 000000000001d070     BaseLib:SafeString.obj
 0006:00000078       $unwind$DebugPrintMarker   000000000001d078     PeiDxeDebugLibReportStatusCode:DebugLib.obj
 0006:00000080       $unwind$DebugVPrint        000000000001d080     PeiDxeDebugLibReportStatusCode:DebugLib.obj
 0006:00000080       $unwind$AsciiStrnCmp       000000000001d080     BaseLib:String.obj
 0006:00000080       $unwind$CopyMem            000000000001d080     BaseMemoryLib:CopyMemWrapper.obj
 0006:00000088       $unwind$DebugAssert        000000000001d088     PeiDxeDebugLibReportStatusCode:DebugLib.obj
 0006:00000090       $unwind$ReportDebugCodeEnabled 000000000001d090     DxeReportStatusCodeLib:ReportStatusCodeLib.obj
 0006:00000090       $unwind$ReportErrorCodeEnabled 000000000001d090     DxeReportStatusCodeLib:ReportStatusCodeLib.obj
 0006:00000090       $unwind$ReportProgressCodeEnabled 000000000001d090     DxeReportStatusCodeLib:ReportStatusCodeLib.obj
 0006:00000090       $unwind$DebugAssertEnabled 000000000001d090     PeiDxeDebugLibReportStatusCode:DebugLib.obj
 0006:00000090       $unwind$DebugPrintEnabled  000000000001d090     PeiDxeDebugLibReportStatusCode:DebugLib.obj
 0006:00000098       $unwind$DebugPrintLevelEnabled 000000000001d098     PeiDxeDebugLibReportStatusCode:DebugLib.obj
 0006:000000a0       $unwind$GetFirstNode       000000000001d0a0     BaseLib:LinkedList.obj
 0006:000000a0       $unwind$InitializeListHead 000000000001d0a0     BaseLib:LinkedList.obj
 0006:000000a0       $unwind$RemoveEntryList    000000000001d0a0     BaseLib:LinkedList.obj
 0006:000000a0       $unwind$AsciiStrSize       000000000001d0a0     BaseLib:String.obj
 0006:000000a0       $unwind$ReadUnaligned24    000000000001d0a0     BaseLib:Unaligned.obj
 0006:000000a0       $unwind$ReadUnaligned64    000000000001d0a0     BaseLib:Unaligned.obj
 0006:000000a0       $unwind$EfiAcquireLock     000000000001d0a0     UefiLib:UefiLib.obj
 0006:000000a0       $unwind$AllocatePool       000000000001d0a0     UefiMemoryAllocationLib:MemoryAllocationLib.obj
 0006:000000a0       $unwind$AllocateZeroPool   000000000001d0a0     UefiMemoryAllocationLib:MemoryAllocationLib.obj
 0006:000000a8       $unwind$DivU64x32Remainder 000000000001d0a8     BaseLib:DivU64x32Remainder.obj
 0006:000000b0       $unwind$AsciiStrnLenS      000000000001d0b0     BaseLib:SafeString.obj
 0006:000000b8       $unwind$AsciiStrnCpyS      000000000001d0b8     BaseLib:SafeString.obj
 0006:000000b8       $unwind$EfiLibInstallDriverBindingComponentName2 000000000001d0b8     UefiLib:UefiDriverModel.obj
 0006:000000c0       $unwind$InternalGetReportStatusCode 000000000001d0c0     DxeReportStatusCodeLib:ReportStatusCodeLib.obj
 0006:000000c0       $unwind$CpuDeadLoop        000000000001d0c0     BaseLib:CpuDeadLoop.obj
 0006:000000c8       $unwind$InternalMathDivRemU64x32 000000000001d0c8     BaseLib:Math64.obj
 0006:000000d0       $unwind$InternalMemCopyMem 000000000001d0d0     BaseMemoryLib:CopyMem.obj
 0006:000000d8       $unwind$InternalAllocateAlignedPages 000000000001d0d8     UefiMemoryAllocationLib:MemoryAllocationLib.obj
 0006:000000e0       $unwind$InternalAllocatePool 000000000001d0e0     UefiMemoryAllocationLib:MemoryAllocationLib.obj
 0006:000000e0       $unwind$InternalAllocateZeroPool 000000000001d0e0     UefiMemoryAllocationLib:MemoryAllocationLib.obj
 0006:000000e8       $unwind$InternalAllocateCopyPool 000000000001d0e8     UefiMemoryAllocationLib:MemoryAllocationLib.obj
 0006:000000f0       $unwind$LookupUnicodeString2 000000000001d0f0     UefiLib:UefiLib.obj
 0006:000000f8       $unwind$InternalReportStatusCode 000000000001d0f8     DxeReportStatusCodeLib:ReportStatusCodeLib.obj
 0006:00000100       $unwind$ReportStatusCodeEx 000000000001d100     DxeReportStatusCodeLib:ReportStatusCodeLib.obj
