 Metronome

 Timestamp is 64e9e87d (Sat Aug 26 19:56:45 2023)

 Preferred load address is 0000000000010000

 Start         Length     Name                   Class
 0001:00000000 00000004H .text                   CODE
 0001:00000004 0000313cH .text$mn                CODE
 0002:00000000 00000b4cH .rdata                  DATA
 0002:00000b4c 00000050H .rdata$voltmd           DATA
 0002:00000b9c 00000158H .rdata$zzzdbg           DATA
 0003:00000000 000000a8H .data                   DATA
 0003:000000a8 00000060H .bss                    DATA
 0004:00000000 00000051H .edata                  DATA
 0005:00000000 0000024cH .pdata                  DATA
 0006:00000000 000000b8H .xdata                  DATA

  Address         Publics by Value              Rva+Base               Lib:Object

 0000:00000000       __x64_code_ranges_to_entry_points 0000000000000000     <absolute>
 0000:00000000       __guard_fids_count         0000000000000000     <absolute>
 0000:00000000       __arm64x_extra_rfe_table   0000000000000000     <absolute>
 0000:00000000       __x64_code_ranges_to_entry_points_count 0000000000000000     <absolute>
 0000:00000000       __hybrid_code_map          0000000000000000     <absolute>
 0000:00000000       __arm64x_extra_rfe_table_size 0000000000000000     <absolute>
 0000:00000000       __arm64x_redirection_metadata 0000000000000000     <absolute>
 0000:00000000       __guard_iat_table          0000000000000000     <absolute>
 0000:00000000       __guard_longjmp_table      0000000000000000     <absolute>
 0000:00000000       __guard_eh_cont_count      0000000000000000     <absolute>
 0000:00000000       __guard_iat_count          0000000000000000     <absolute>
 0000:00000000       __guard_longjmp_count      0000000000000000     <absolute>
 0000:00000000       __dynamic_value_reloc_table 0000000000000000     <absolute>
 0000:00000000       __hybrid_auxiliary_iat     0000000000000000     <absolute>
 0000:00000000       __hybrid_auxiliary_iat_copy 0000000000000000     <absolute>
 0000:00000000       __AbsoluteZero             0000000000000000     <absolute>
 0000:00000000       __guard_check_icall_a64n_fptr 0000000000000000     <absolute>
 0000:00000000       __guard_fids_table         0000000000000000     <absolute>
 0000:00000000       __hybrid_code_map_count    0000000000000000     <absolute>
 0000:00000000       __arm64x_redirection_metadata_count 0000000000000000     <absolute>
 0000:00000000       __enclave_config           0000000000000000     <absolute>
 0000:00000000       __guard_eh_cont_table      0000000000000000     <absolute>
 0000:00000000       __arm64x_native_entrypoint 0000000000000000     <absolute>
 0000:00000100       __guard_flags              0000000000000100     <absolute>
 0001:00000000       CpuPause                   0000000000011000     BaseLib:CpuPause.obj
 0001:00000004       _DriverUnloadHandler       0000000000011004 f   UefiDriverEntryPoint:DriverEntryPoint.obj
 0001:00000040       _ModuleEntryPoint          0000000000011040 f   UefiDriverEntryPoint:DriverEntryPoint.obj
 0001:00000170       ProcessLibraryConstructorList 0000000000011170 f   Metronome:AutoGen.obj
 0001:000004a4       ProcessLibraryDestructorList 00000000000114a4 f   Metronome:AutoGen.obj
 0001:000004b0       ProcessModuleEntryPointList 00000000000114b0 f   Metronome:AutoGen.obj
 0001:000004d4       ProcessModuleUnloadList    00000000000114d4 f   Metronome:AutoGen.obj
 0001:000004dc       WaitForTick                00000000000114dc f   Metronome:Metronome.obj
 0001:00000520       InstallMetronome           0000000000011520 f   Metronome:Metronome.obj
 0001:0000069c       DebugPrint                 000000000001169c f   PeiDxeDebugLibReportStatusCode:DebugLib.obj
 0001:000006e0       DebugPrintMarker           00000000000116e0 f   PeiDxeDebugLibReportStatusCode:DebugLib.obj
 0001:00000e64       DebugVPrint                0000000000011e64 f   PeiDxeDebugLibReportStatusCode:DebugLib.obj
 0001:00000e94       DebugAssert                0000000000011e94 f   PeiDxeDebugLibReportStatusCode:DebugLib.obj
 0001:00001210       DebugAssertEnabled         0000000000012210 f   PeiDxeDebugLibReportStatusCode:DebugLib.obj
 0001:00001234       DebugPrintEnabled          0000000000012234 f   PeiDxeDebugLibReportStatusCode:DebugLib.obj
 0001:00001258       DebugPrintLevelEnabled     0000000000012258 f   PeiDxeDebugLibReportStatusCode:DebugLib.obj
 0001:0000128c       UefiBootServicesTableLibConstructor 000000000001228c f   UefiBootServicesTableLib:UefiBootServicesTableLib.obj
 0001:00001368       UefiRuntimeServicesTableLibConstructor 0000000000012368 f   UefiRuntimeServicesTableLib:UefiRuntimeServicesTableLib.obj
 0001:000013c4       UefiLibConstructor         00000000000123c4 f   UefiLib:UefiLib.obj
 0001:000013d4       EfiGetSystemConfigurationTable 00000000000123d4 f   UefiLib:UefiLib.obj
 0001:000014e0       EfiCreateProtocolNotifyEvent 00000000000124e0 f   UefiLib:UefiLib.obj
 0001:000016d8       EfiGetCurrentTpl           00000000000126d8 f   UefiLib:UefiLib.obj
 0001:0000170c       GetHobList                 000000000001270c f   DxeHobLib:HobLib.obj
 0001:000017e8       HobLibConstructor          00000000000127e8 f   DxeHobLib:HobLib.obj
 0001:00001804       GetNextHob                 0000000000012804 f   DxeHobLib:HobLib.obj
 0001:00001898       GetNextGuidHob             0000000000012898 f   DxeHobLib:HobLib.obj
 0001:00001910       GetFirstGuidHob            0000000000012910 f   DxeHobLib:HobLib.obj
 0001:00001938       DxeEmuLibConstructor       0000000000012938 f   DxeEmuLib:DxeEmuLib.obj
 0001:000019d4       RegisterTimerArchProtocol  00000000000129d4 f   EmuDxeTimerLib:DxeTimerLib.obj
 0001:00001b64       MicroSecondDelay           0000000000012b64 f   EmuDxeTimerLib:DxeTimerLib.obj
 0001:00001b84       NanoSecondDelay            0000000000012b84 f   EmuDxeTimerLib:DxeTimerLib.obj
 0001:00001d10       DxeTimerLibConstructor     0000000000012d10 f   EmuDxeTimerLib:DxeTimerLib.obj
 0001:00001d4c       GetDebugPrintErrorLevel    0000000000012d4c f   BaseDebugPrintErrorLevelLib:BaseDebugPrintErrorLevelLib.obj
 0001:00001d54       AsciiStrLen                0000000000012d54 f   BaseLib:String.obj
 0001:00001e0c       AsciiStrSize               0000000000012e0c f   BaseLib:String.obj
 0001:00001e28       InternalSafeStringIsOverlap 0000000000012e28 f   BaseLib:SafeString.obj
 0001:00001e8c       InternalSafeStringNoAsciiStrOverlap 0000000000012e8c f   BaseLib:SafeString.obj
 0001:00001ee0       AsciiStrnLenS              0000000000012ee0 f   BaseLib:SafeString.obj
 0001:00001f4c       AsciiStrnCpyS              0000000000012f4c f   BaseLib:SafeString.obj
 0001:0000243c       CpuBreakpoint              000000000001343c f   BaseLib:CpuBreakpoint.obj
 0001:00002440       CpuDeadLoop                0000000000013440 f   BaseLib:CpuDeadLoop.obj
 0001:00002464       ReadUnaligned64            0000000000013464 f   BaseLib:Unaligned.obj
 0001:000024ac       WriteUnaligned64           00000000000134ac f   BaseLib:Unaligned.obj
 0001:00002504       DivU64x32                  0000000000013504 f   BaseLib:DivU64x32.obj
 0001:00002558       MultU64x32                 0000000000013558 f   BaseLib:MultU64x32.obj
 0001:00002584       InternalMathMultU64x32     0000000000013584 f   BaseLib:Math64.obj
 0001:000025a0       InternalMathDivU64x32      00000000000135a0 f   BaseLib:Math64.obj
 0001:000025c8       CopyMem                    00000000000135c8 f   BaseMemoryLib:CopyMemWrapper.obj
 0001:000026a0       CopyGuid                   00000000000136a0 f   BaseMemoryLib:MemLibGuid.obj
 0001:000026f4       CompareGuid                00000000000136f4 f   BaseMemoryLib:MemLibGuid.obj
 0001:0000277c       InternalMemCopyMem         000000000001377c f   BaseMemoryLib:CopyMem.obj
 0001:00002d58       InternalGetReportStatusCode 0000000000013d58 f   DxeReportStatusCodeLib:ReportStatusCodeLib.obj
 0001:00002dc0       InternalReportStatusCode   0000000000013dc0 f   DxeReportStatusCodeLib:ReportStatusCodeLib.obj
 0001:00002e78       ReportStatusCodeEx         0000000000013e78 f   DxeReportStatusCodeLib:ReportStatusCodeLib.obj
 0001:000030d4       ReportProgressCodeEnabled  00000000000140d4 f   DxeReportStatusCodeLib:ReportStatusCodeLib.obj
 0001:000030f8       ReportErrorCodeEnabled     00000000000140f8 f   DxeReportStatusCodeLib:ReportStatusCodeLib.obj
 0001:0000311c       ReportDebugCodeEnabled     000000000001411c f   DxeReportStatusCodeLib:ReportStatusCodeLib.obj
 0002:00000000       ??_C@_0CB@DMEJJJHA@?6ASSERT_EFI_ERROR?5?$CIStatus?5?$DN?5?$CFr?$CJ@ 0000000000015000     UefiDriverEntryPoint:DriverEntryPoint.obj
 0002:00000028       ??_C@_0CH@BBNBJKHK@?$CB?$CI?$CI?$CIINTN?$CJ?$CIRETURN_STATUS?$CJ?$CIStatus@ 0000000000015028     UefiDriverEntryPoint:DriverEntryPoint.obj
 0002:00000050       ??_C@_0EN@BMBDHEJO@f?3?2uefiworkspace?2edk2?2MdePkg?2Li@ 0000000000015050     UefiDriverEntryPoint:DriverEntryPoint.obj
 0002:0000009d       _gDriverUnloadImageCount   000000000001509d     Metronome:AutoGen.obj
 0002:000000a0       _gUefiDriverRevision       00000000000150a0     Metronome:AutoGen.obj
 0002:000000a8       ??_C@_09NGEINFHN@Metronome@ 00000000000150a8     Metronome:AutoGen.obj
 0002:000000c0       ??_C@_0GP@MKEBBJNJ@f?3?2uefiworkspace?2Build?2Emulator@ 00000000000150c0     Metronome:AutoGen.obj
 0002:0000012f       _gPcd_FixedAtBuild_PcdReportStatusCodePropertyMask 000000000001512f     Metronome:AutoGen.obj
 0002:00000130       _gPcd_FixedAtBuild_PcdDebugPrintErrorLevel 0000000000015130     Metronome:AutoGen.obj
 0002:00000134       _gPcd_FixedAtBuild_PcdFixedDebugPrintErrorLevel 0000000000015134     Metronome:AutoGen.obj
 0002:00000138       _gPcd_FixedAtBuild_PcdMaximumAsciiStringLength 0000000000015138     Metronome:AutoGen.obj
 0002:0000013c       _gPcd_FixedAtBuild_PcdDebugPropertyMask 000000000001513c     Metronome:AutoGen.obj
 0002:00000140       ??_C@_0CP@NFDMFBDK@?$CGgEfiMetronomeArchProtocolGuid?5@ 0000000000015140     Metronome:Metronome.obj
 0002:00000170       ??_C@_0ED@DFHFOBKC@f?3?2uefiworkspace?2edk2?2MdeModule@ 0000000000015170     Metronome:Metronome.obj
 0002:000001b8       ??_C@_0DN@LEFBHHGB@?$CGgEfiMetronomeArchProtocolGuid?5@ 00000000000151b8     Metronome:Metronome.obj
 0002:00000200       ??_C@_0EB@IAJPDIO@?$CGgEfiMetronomeArchProtocolGuid?5@ 0000000000015200     Metronome:Metronome.obj
 0002:00000248       ??_C@_0BH@LKMBFCBF@Format?5?$CB?$DN?5?$CI?$CIvoid?5?$CK?$CJ?50?$CJ@ 0000000000015248     PeiDxeDebugLibReportStatusCode:DebugLib.obj
 0002:00000260       ??_C@_0FF@OJMNGPG@f?3?2uefiworkspace?2edk2?2MdeModule@ 0000000000015260     PeiDxeDebugLibReportStatusCode:DebugLib.obj
 0002:000002b8       ??_C@_0CP@EFCGCEBK@?$CICHAR8?5?$CK?$CJBaseListMarkerPointer?5@ 00000000000152b8     PeiDxeDebugLibReportStatusCode:DebugLib.obj
 0002:000002e8       ??_C@_01OHGJGJJP@?$FL@     00000000000152e8     PeiDxeDebugLibReportStatusCode:DebugLib.obj
 0002:000002ec       ??_C@_02PBFOLPKM@?$FN?5@   00000000000152ec     PeiDxeDebugLibReportStatusCode:DebugLib.obj
 0002:000002f0       ??_C@_0BH@IACGKAP@Buffer?5?$CB?$DN?5?$CI?$CIvoid?5?$CK?$CJ?50?$CJ@ 00000000000152f0     PeiDxeDebugLibReportStatusCode:DebugLib.obj
 0002:00000308       ??_C@_0BN@COECPDCC@gImageHandle?5?$CB?$DN?5?$CI?$CIvoid?5?$CK?$CJ?50?$CJ@ 0000000000015308     UefiBootServicesTableLib:UefiBootServicesTableLib.obj
 0002:00000330       ??_C@_0FJ@LLOKMAMB@f?3?2uefiworkspace?2edk2?2MdePkg?2Li@ 0000000000015330     UefiBootServicesTableLib:UefiBootServicesTableLib.obj
 0002:00000390       ??_C@_0BE@DGNHAHIL@gST?5?$CB?$DN?5?$CI?$CIvoid?5?$CK?$CJ?50?$CJ@ 0000000000015390     UefiBootServicesTableLib:UefiBootServicesTableLib.obj
 0002:000003a8       ??_C@_0BE@BDFJLGLN@gBS?5?$CB?$DN?5?$CI?$CIvoid?5?$CK?$CJ?50?$CJ@ 00000000000153a8     UefiBootServicesTableLib:UefiBootServicesTableLib.obj
 0002:000003c0       ??_C@_0BE@OBDFIHND@gRT?5?$CB?$DN?5?$CI?$CIvoid?5?$CK?$CJ?50?$CJ@ 00000000000153c0     UefiRuntimeServicesTableLib:UefiRuntimeServicesTableLib.obj
 0002:000003e0       ??_C@_0FP@KMDGPEO@f?3?2uefiworkspace?2edk2?2MdePkg?2Li@ 00000000000153e0     UefiRuntimeServicesTableLib:UefiRuntimeServicesTableLib.obj
 0002:00000440       ??_C@_0BK@PPOBBAMB@TableGuid?5?$CB?$DN?5?$CI?$CIvoid?5?$CK?$CJ?50?$CJ@ 0000000000015440     UefiLib:UefiLib.obj
 0002:00000460       ??_C@_0DH@CPNBINNB@f?3?2uefiworkspace?2edk2?2MdePkg?2Li@ 0000000000015460     UefiLib:UefiLib.obj
 0002:00000498       ??_C@_0BG@JDKEGFNB@Table?5?$CB?$DN?5?$CI?$CIvoid?5?$CK?$CJ?50?$CJ@ 0000000000015498     UefiLib:UefiLib.obj
 0002:000004b0       ??_C@_0BN@HHGHCLME@ProtocolGuid?5?$CB?$DN?5?$CI?$CIvoid?5?$CK?$CJ?50?$CJ@ 00000000000154b0     UefiLib:UefiLib.obj
 0002:000004d0       ??_C@_0BP@DEIEJICI@NotifyFunction?5?$CB?$DN?5?$CI?$CIvoid?5?$CK?$CJ?50?$CJ@ 00000000000154d0     UefiLib:UefiLib.obj
 0002:000004f0       ??_C@_0BN@OMCJCPAI@Registration?5?$CB?$DN?5?$CI?$CIvoid?5?$CK?$CJ?50?$CJ@ 00000000000154f0     UefiLib:UefiLib.obj
 0002:00000510       ??_C@_0DI@FAIEECKB@f?3?2uefiworkspace?2edk2?2MdePkg?2Li@ 0000000000015510     DxeHobLib:HobLib.obj
 0002:00000548       ??_C@_0BJ@OBFMLLDO@mHobList?5?$CB?$DN?5?$CI?$CIvoid?5?$CK?$CJ?50?$CJ@ 0000000000015548     DxeHobLib:HobLib.obj
 0002:00000568       ??_C@_0BJ@NOLLDKJB@HobStart?5?$CB?$DN?5?$CI?$CIvoid?5?$CK?$CJ?50?$CJ@ 0000000000015568     DxeHobLib:HobLib.obj
 0002:00000588       ??_C@_0BI@EDOKPJOP@GuidHob?5?$CB?$DN?5?$CI?$CIvoid?5?$CK?$CJ?50?$CJ@ 0000000000015588     DxeEmuLib:DxeEmuLib.obj
 0002:000005a0       ??_C@_0EA@KMGBCHIO@f?3?2uefiworkspace?2edk2?2EmulatorP@ 00000000000155a0     DxeEmuLib:DxeEmuLib.obj
 0002:000005e0       ??_C@_0BK@ELNDAPDH@gEmuThunk?5?$CB?$DN?5?$CI?$CIvoid?5?$CK?$CJ?50?$CJ@ 00000000000155e0     DxeEmuLib:DxeEmuLib.obj
 0002:00000600       ??_C@_0EE@GLJNJGMI@f?3?2uefiworkspace?2edk2?2EmulatorP@ 0000000000015600     EmuDxeTimerLib:DxeTimerLib.obj
 0002:00000648       ??_C@_0BH@MAAHKCPC@String?5?$CB?$DN?5?$CI?$CIvoid?5?$CK?$CJ?50?$CJ@ 0000000000015648     BaseLib:String.obj
 0002:00000660       ??_C@_0DG@ODLLMBNP@f?3?2uefiworkspace?2edk2?2MdePkg?2Li@ 0000000000015660     BaseLib:String.obj
 0002:00000698       ??_C@_0DI@MDIKFADO@Length?5?$DM?5_gPcd_FixedAtBuild_Pcd@ 0000000000015698     BaseLib:String.obj
 0002:000006d0       ??_C@_0DK@NEJELINC@f?3?2uefiworkspace?2edk2?2MdePkg?2Li@ 00000000000156d0     BaseLib:SafeString.obj
 0002:00000710       ??_C@_0BO@ECNIOIHG@?$CIDestination?5?$CB?$DN?5?$CI?$CIvoid?5?$CK?$CJ?50?$CJ?$CJ@ 0000000000015710     BaseLib:SafeString.obj
 0002:00000730       ??_C@_0EA@PDPDJJNN@?$CFa?$CI?$CFd?$CJ?5?$CFa?3?5SAFE_STRING_CONSTRAI@ 0000000000015730     BaseLib:SafeString.obj
 0002:00000770       ??_C@_0BJ@EAEEJIP@?$CISource?5?$CB?$DN?5?$CI?$CIvoid?5?$CK?$CJ?50?$CJ?$CJ@ 0000000000015770     BaseLib:SafeString.obj
 0002:00000790       ??_C@_0P@PMIMLIHM@?$CIDestMax?5?$CB?$DN?50?$CJ@ 0000000000015790     BaseLib:SafeString.obj
 0002:000007a0       ??_C@_0BG@EEGIIOKH@?$CIDestMax?5?$DO?5SourceLen?$CJ@ 00000000000157a0     BaseLib:SafeString.obj
 0002:000007b8       ??_C@_0DO@LJFOOPII@?$CIDestMax?5?$DM?$DN?5?$CI_gPcd_FixedAtBuild@ 00000000000157b8     BaseLib:SafeString.obj
 0002:00000800       ??_C@_0FL@CDANCHFO@InternalSafeStringNoAsciiStrOve@ 0000000000015800     BaseLib:SafeString.obj
 0002:00000860       ??_C@_0O@DIHNCLLG@AsciiStrnCpyS@ 0000000000015860     BaseLib:SafeString.obj
 0002:00000870       ??_C@_0DN@DLAADCJE@?$CILength?5?$DM?$DN?5?$CI_gPcd_FixedAtBuild_@ 0000000000015870     BaseLib:SafeString.obj
 0002:000008b0       ??_C@_0DJ@GPHHHNOB@f?3?2uefiworkspace?2edk2?2MdePkg?2Li@ 00000000000158b0     BaseLib:Unaligned.obj
 0002:000008f0       ??_C@_0N@KGHEHMDL@Divisor?5?$CB?$DN?50@ 00000000000158f0     BaseLib:DivU64x32.obj
 0002:00000900       ??_C@_0DJ@IEJALMDK@f?3?2uefiworkspace?2edk2?2MdePkg?2Li@ 0000000000015900     BaseLib:DivU64x32.obj
 0002:00000940       ??_C@_0ED@MKGCMJG@?$CILength?5?9?51?$CJ?5?$DM?$DN?5?$CI0xFFFFFFFFFFFF@ 0000000000015940     BaseMemoryLib:CopyMemWrapper.obj
 0002:00000990       ??_C@_0EE@GOMGOBAA@f?3?2uefiworkspace?2edk2?2MdePkg?2Li@ 0000000000015990     BaseMemoryLib:CopyMemWrapper.obj
 0002:000009d8       ??_C@_0DO@MAOBOFEG@?$CILength?5?9?51?$CJ?5?$DM?$DN?5?$CI0xFFFFFFFFFFFF@ 00000000000159d8     BaseMemoryLib:CopyMemWrapper.obj
 0002:00000a20       ??_C@_0FI@PJEDBJM@f?3?2uefiworkspace?2edk2?2MdeModule@ 0000000000015a20     DxeReportStatusCodeLib:ReportStatusCodeLib.obj
 0002:00000a78       ??_C@_0DN@HHIHPHHB@?$CB?$CI?$CIExtendedData?5?$DN?$DN?5?$CI?$CIvoid?5?$CK?$CJ?50?$CJ@ 0000000000015a78     DxeReportStatusCodeLib:ReportStatusCodeLib.obj
 0002:00000ab8       ??_C@_0DN@BBBIFINB@?$CB?$CI?$CIExtendedData?5?$CB?$DN?5?$CI?$CIvoid?5?$CK?$CJ?50?$CJ@ 0000000000015ab8     DxeReportStatusCodeLib:ReportStatusCodeLib.obj
 0002:00000b4c       __volatile_metadata        0000000000015b4c     <linker-defined>
 0003:00000000       gEfiLoadedImageProtocolGuid 0000000000016000     Metronome:AutoGen.obj
 0003:00000010       gEfiStatusCodeSpecificDataGuid 0000000000016010     Metronome:AutoGen.obj
 0003:00000020       gEfiStatusCodeRuntimeProtocolGuid 0000000000016020     Metronome:AutoGen.obj
 0003:00000030       gEfiCallerBaseName         0000000000016030     Metronome:AutoGen.obj
 0003:00000038       gEfiStatusCodeDataTypeDebugGuid 0000000000016038     Metronome:AutoGen.obj
 0003:00000048       gEfiMetronomeArchProtocolGuid 0000000000016048     Metronome:AutoGen.obj
 0003:00000058       gEfiTimerArchProtocolGuid  0000000000016058     Metronome:AutoGen.obj
 0003:00000068       gEfiHobListGuid            0000000000016068     Metronome:AutoGen.obj
 0003:00000078       gEfiCallerIdGuid           0000000000016078     Metronome:AutoGen.obj
 0003:00000088       gEmuThunkProtocolGuid      0000000000016088     Metronome:AutoGen.obj
 0003:00000098       mMetronome                 0000000000016098     Metronome:Metronome.obj
 0003:000000a8       mMetronomeHandle           00000000000160a8     Metronome:Metronome.obj
 0003:000000b0       gST                        00000000000160b0     UefiBootServicesTableLib:UefiBootServicesTableLib.obj
 0003:000000b8       gBS                        00000000000160b8     UefiBootServicesTableLib:UefiBootServicesTableLib.obj
 0003:000000c0       gImageHandle               00000000000160c0     UefiBootServicesTableLib:UefiBootServicesTableLib.obj
 0003:000000c8       gRT                        00000000000160c8     UefiRuntimeServicesTableLib:UefiRuntimeServicesTableLib.obj
 0003:000000d0       mHobList                   00000000000160d0     DxeHobLib:HobLib.obj
 0003:000000d8       gEmuThunk                  00000000000160d8     DxeEmuLib:DxeEmuLib.obj
 0003:00000100       mReportStatusCodeLibStatusCodeProtocol 0000000000016100     DxeReportStatusCodeLib:ReportStatusCodeLib.obj

 entry point at        0001:00000040

 Static symbols

 0000:ffff5000       .debug$S                   0000000000010000     Metronome.exp
 0003:000000e0       gRegistration              00000000000160e0     EmuDxeTimerLib:DxeTimerLib.obj
 0003:000000e8       gTimerEvent                00000000000160e8     EmuDxeTimerLib:DxeTimerLib.obj
 0003:000000f0       gTimerPeriod               00000000000160f0     EmuDxeTimerLib:DxeTimerLib.obj
 0003:000000f8       gTimerAp                   00000000000160f8     EmuDxeTimerLib:DxeTimerLib.obj
 0004:00000000       .edata                     0000000000017000     Metronome.exp
 0004:00000028       rgpv                       0000000000017028     Metronome.exp
 0004:0000002c       rgszName                   000000000001702c     Metronome.exp
 0004:00000030       rgwOrd                     0000000000017030     Metronome.exp
 0004:00000032       szName                     0000000000017032     Metronome.exp
 0004:00000040       $N00001                    0000000000017040     Metronome.exp
 0006:00000000       $unwind$AsciiStrLen        0000000000019000     BaseLib:String.obj
 0006:00000000       $unwind$GetFirstGuidHob    0000000000019000     DxeHobLib:HobLib.obj
 0006:00000000       $unwind$_DriverUnloadHandler 0000000000019000     UefiDriverEntryPoint:DriverEntryPoint.obj
 0006:00000008       $unwind$DxeEmuLibConstructor 0000000000019008     DxeEmuLib:DxeEmuLib.obj
 0006:00000008       $unwind$DxeTimerLibConstructor 0000000000019008     EmuDxeTimerLib:DxeTimerLib.obj
 0006:00000008       $unwind$ProcessLibraryConstructorList 0000000000019008     Metronome:AutoGen.obj
 0006:00000008       $unwind$InstallMetronome   0000000000019008     Metronome:Metronome.obj
 0006:00000008       $unwind$GetNextGuidHob     0000000000019008     DxeHobLib:HobLib.obj
 0006:00000008       $unwind$GetNextHob         0000000000019008     DxeHobLib:HobLib.obj
 0006:00000008       $unwind$_ModuleEntryPoint  0000000000019008     UefiDriverEntryPoint:DriverEntryPoint.obj
 0006:00000008       $unwind$EfiGetSystemConfigurationTable 0000000000019008     UefiLib:UefiLib.obj
 0006:00000010       $unwind$ProcessModuleEntryPointList 0000000000019010     Metronome:AutoGen.obj
 0006:00000010       $unwind$WriteUnaligned64   0000000000019010     BaseLib:Unaligned.obj
 0006:00000010       $unwind$CopyGuid           0000000000019010     BaseMemoryLib:MemLibGuid.obj
 0006:00000010       $unwind$HobLibConstructor  0000000000019010     DxeHobLib:HobLib.obj
 0006:00000010       $unwind$UefiBootServicesTableLibConstructor 0000000000019010     UefiBootServicesTableLib:UefiBootServicesTableLib.obj
 0006:00000010       $unwind$UefiRuntimeServicesTableLibConstructor 0000000000019010     UefiRuntimeServicesTableLib:UefiRuntimeServicesTableLib.obj
 0006:00000018       $unwind$WaitForTick        0000000000019018     Metronome:Metronome.obj
 0006:00000018       $unwind$DivU64x32          0000000000019018     BaseLib:DivU64x32.obj
 0006:00000020       $unwind$DebugPrint         0000000000019020     PeiDxeDebugLibReportStatusCode:DebugLib.obj
 0006:00000020       $unwind$InternalSafeStringNoAsciiStrOverlap 0000000000019020     BaseLib:SafeString.obj
 0006:00000028       $unwind$DebugPrintMarker   0000000000019028     PeiDxeDebugLibReportStatusCode:DebugLib.obj
 0006:00000030       $unwind$DebugVPrint        0000000000019030     PeiDxeDebugLibReportStatusCode:DebugLib.obj
 0006:00000030       $unwind$CopyMem            0000000000019030     BaseMemoryLib:CopyMemWrapper.obj
 0006:00000038       $unwind$DebugAssert        0000000000019038     PeiDxeDebugLibReportStatusCode:DebugLib.obj
 0006:00000040       $unwind$ReportDebugCodeEnabled 0000000000019040     DxeReportStatusCodeLib:ReportStatusCodeLib.obj
 0006:00000040       $unwind$ReportErrorCodeEnabled 0000000000019040     DxeReportStatusCodeLib:ReportStatusCodeLib.obj
 0006:00000040       $unwind$ReportProgressCodeEnabled 0000000000019040     DxeReportStatusCodeLib:ReportStatusCodeLib.obj
 0006:00000040       $unwind$DebugAssertEnabled 0000000000019040     PeiDxeDebugLibReportStatusCode:DebugLib.obj
 0006:00000040       $unwind$DebugPrintEnabled  0000000000019040     PeiDxeDebugLibReportStatusCode:DebugLib.obj
 0006:00000048       $unwind$DebugPrintLevelEnabled 0000000000019048     PeiDxeDebugLibReportStatusCode:DebugLib.obj
 0006:00000050       $unwind$EfiCreateProtocolNotifyEvent 0000000000019050     UefiLib:UefiLib.obj
 0006:00000058       $unwind$InternalGetReportStatusCode 0000000000019058     DxeReportStatusCodeLib:ReportStatusCodeLib.obj
 0006:00000058       $unwind$CpuDeadLoop        0000000000019058     BaseLib:CpuDeadLoop.obj
 0006:00000058       $unwind$GetHobList         0000000000019058     DxeHobLib:HobLib.obj
 0006:00000058       $unwind$EfiGetCurrentTpl   0000000000019058     UefiLib:UefiLib.obj
 0006:00000060       $unwind$RegisterTimerArchProtocol 0000000000019060     EmuDxeTimerLib:DxeTimerLib.obj
 0006:00000068       $unwind$MicroSecondDelay   0000000000019068     EmuDxeTimerLib:DxeTimerLib.obj
 0006:00000068       $unwind$AsciiStrSize       0000000000019068     BaseLib:String.obj
 0006:00000068       $unwind$ReadUnaligned64    0000000000019068     BaseLib:Unaligned.obj
 0006:00000070       $unwind$NanoSecondDelay    0000000000019070     EmuDxeTimerLib:DxeTimerLib.obj
 0006:00000078       $unwind$AsciiStrnLenS      0000000000019078     BaseLib:SafeString.obj
 0006:00000080       $unwind$AsciiStrnCpyS      0000000000019080     BaseLib:SafeString.obj
 0006:00000088       $unwind$MultU64x32         0000000000019088     BaseLib:MultU64x32.obj
 0006:00000090       $unwind$InternalMathDivU64x32 0000000000019090     BaseLib:Math64.obj
 0006:00000098       $unwind$CompareGuid        0000000000019098     BaseMemoryLib:MemLibGuid.obj
 0006:000000a0       $unwind$InternalMemCopyMem 00000000000190a0     BaseMemoryLib:CopyMem.obj
 0006:000000a8       $unwind$InternalReportStatusCode 00000000000190a8     DxeReportStatusCodeLib:ReportStatusCodeLib.obj
 0006:000000b0       $unwind$ReportStatusCodeEx 00000000000190b0     DxeReportStatusCodeLib:ReportStatusCodeLib.obj
