 MonotonicCounterRuntimeDxe

 Timestamp is 64e9c7dd (Sat Aug 26 17:37:33 2023)

 Preferred load address is 00010000

 Start         Length     Name                   Class
 0001:00000000 000022e7H .text$mn                CODE
 0002:00000000 000009b4H .rdata                  DATA
 0002:000009b4 00000058H .rdata$voltmd           DATA
 0002:00000a0c 0000015cH .rdata$zzzdbg           DATA
 0003:00000000 00000078H .data                   DATA
 0003:00000078 00000034H .bss                    DATA
 0004:00000000 00000062H .edata                  DATA

  Address         Publics by Value              Rva+Base       Lib:Object

 0000:00000000       ___x64_code_ranges_to_entry_points_count 00000000     <absolute>
 0000:00000000       ___guard_iat_table         00000000     <absolute>
 0000:00000000       ___hybrid_auxiliary_iat_copy 00000000     <absolute>
 0000:00000000       ___guard_eh_cont_table     00000000     <absolute>
 0000:00000000       ___guard_fids_count        00000000     <absolute>
 0000:00000000       ___arm64x_native_entrypoint 00000000     <absolute>
 0000:00000000       ___guard_longjmp_table     00000000     <absolute>
 0000:00000000       ___arm64x_extra_rfe_table  00000000     <absolute>
 0000:00000000       ___arm64x_redirection_metadata 00000000     <absolute>
 0000:00000000       ___guard_eh_cont_count     00000000     <absolute>
 0000:00000000       ___guard_longjmp_count     00000000     <absolute>
 0000:00000000       ___hybrid_code_map_count   00000000     <absolute>
 0000:00000000       ___guard_check_icall_a64n_fptr 00000000     <absolute>
 0000:00000000       ___arm64x_redirection_metadata_count 00000000     <absolute>
 0000:00000000       ___guard_iat_count         00000000     <absolute>
 0000:00000000       ___x64_code_ranges_to_entry_points 00000000     <absolute>
 0000:00000000       ___hybrid_code_map         00000000     <absolute>
 0000:00000000       ___arm64x_extra_rfe_table_size 00000000     <absolute>
 0000:00000000       ___enclave_config          00000000     <absolute>
 0000:00000000       ___hybrid_auxiliary_iat    00000000     <absolute>
 0000:00000000       ___dynamic_value_reloc_table 00000000     <absolute>
 0000:00000000       ___guard_fids_table        00000000     <absolute>
 0000:00000000       ___AbsoluteZero            00000000     <absolute>
 0000:00000100       ___guard_flags             00000100     <absolute>
 0001:00000000       __DriverUnloadHandler      00011000 f   UefiDriverEntryPoint:DriverEntryPoint.obj
 0001:00000040       __ModuleEntryPoint         00011040 f   UefiDriverEntryPoint:DriverEntryPoint.obj
 0001:00000150       _ProcessLibraryConstructorList 00011150 f   MonotonicCounterRuntimeDxe:AutoGen.obj
 0001:000002e0       _ProcessLibraryDestructorList 000112e0 f   MonotonicCounterRuntimeDxe:AutoGen.obj
 0001:00000370       _ProcessModuleEntryPointList 00011370 f   MonotonicCounterRuntimeDxe:AutoGen.obj
 0001:00000390       _ProcessModuleUnloadList   00011390 f   MonotonicCounterRuntimeDxe:AutoGen.obj
 0001:000003a0       _MonotonicCounterDriverGetNextMonotonicCount 000113a0 f   MonotonicCounterRuntimeDxe:MonotonicCounter.obj
 0001:00000450       _MonotonicCounterDriverGetNextHighMonotonicCount 00011450 f   MonotonicCounterRuntimeDxe:MonotonicCounter.obj
 0001:00000530       _EfiMtcEventHandler        00011530 f   MonotonicCounterRuntimeDxe:MonotonicCounter.obj
 0001:00000550       _MonotonicCounterDriverInitialize 00011550 f   MonotonicCounterRuntimeDxe:MonotonicCounter.obj
 0001:000007b0       _LShiftU64                 000117b0 f   BaseLib:LShiftU64.obj
 0001:00000800       _RShiftU64                 00011800 f   BaseLib:RShiftU64.obj
 0001:00000850       _InternalMathLShiftU64     00011850 f   BaseLib:LShiftU64.obj
 0001:00000870       _InternalMathRShiftU64     00011870 f   BaseLib:RShiftU64.obj
 0001:00000890       _DebugPrint                00011890 f   PeiDxeDebugLibReportStatusCode:DebugLib.obj
 0001:000008c0       _DebugPrintMarker          000118c0 f   PeiDxeDebugLibReportStatusCode:DebugLib.obj
 0001:00000da0       _DebugVPrint               00011da0 f   PeiDxeDebugLibReportStatusCode:DebugLib.obj
 0001:00000dd0       _DebugAssert               00011dd0 f   PeiDxeDebugLibReportStatusCode:DebugLib.obj
 0001:00001030       _DebugAssertEnabled        00012030 f   PeiDxeDebugLibReportStatusCode:DebugLib.obj
 0001:00001060       _DebugPrintEnabled         00012060 f   PeiDxeDebugLibReportStatusCode:DebugLib.obj
 0001:00001090       _DebugPrintLevelEnabled    00012090 f   PeiDxeDebugLibReportStatusCode:DebugLib.obj
 0001:000010b0       _UefiBootServicesTableLibConstructor 000120b0 f   UefiBootServicesTableLib:UefiBootServicesTableLib.obj
 0001:00001160       _UefiRuntimeServicesTableLibConstructor 00012160 f   UefiRuntimeServicesTableLib:UefiRuntimeServicesTableLib.obj
 0001:000011a0       _RuntimeLibExitBootServicesEvent 000121a0 f   UefiRuntimeLib:RuntimeLib.obj
 0001:000011b0       _RuntimeLibVirtualNotifyEvent 000121b0 f   UefiRuntimeLib:RuntimeLib.obj
 0001:000011d0       _RuntimeDriverLibConstruct 000121d0 f   UefiRuntimeLib:RuntimeLib.obj
 0001:00001360       _RuntimeDriverLibDeconstruct 00012360 f   UefiRuntimeLib:RuntimeLib.obj
 0001:000014a0       _EfiAtRuntime              000124a0 f   UefiRuntimeLib:RuntimeLib.obj
 0001:000014b0       _EfiGetVariable            000124b0 f   UefiRuntimeLib:RuntimeLib.obj
 0001:000014e0       _EfiSetVariable            000124e0 f   UefiRuntimeLib:RuntimeLib.obj
 0001:00001510       _EfiConvertPointer         00012510 f   UefiRuntimeLib:RuntimeLib.obj
 0001:00001530       _GetDebugPrintErrorLevel   00012530 f   BaseDebugPrintErrorLevelLib:BaseDebugPrintErrorLevelLib.obj
 0001:00001540       _InternalGetReportStatusCode 00012540 f   DxeReportStatusCodeLib:ReportStatusCodeLib.obj
 0001:000015a0       _InternalReportStatusCode  000125a0 f   DxeReportStatusCodeLib:ReportStatusCodeLib.obj
 0001:00001630       _ReportStatusCodeEx        00012630 f   DxeReportStatusCodeLib:ReportStatusCodeLib.obj
 0001:000017f0       _ReportProgressCodeEnabled 000127f0 f   DxeReportStatusCodeLib:ReportStatusCodeLib.obj
 0001:00001820       _ReportErrorCodeEnabled    00012820 f   DxeReportStatusCodeLib:ReportStatusCodeLib.obj
 0001:00001850       _ReportDebugCodeEnabled    00012850 f   DxeReportStatusCodeLib:ReportStatusCodeLib.obj
 0001:00001880       _CopyMem                   00012880 f   BaseMemoryLib:CopyMemWrapper.obj
 0001:00001920       _CopyGuid                  00012920 f   BaseMemoryLib:MemLibGuid.obj
 0001:00001970       _InternalMemCopyMem        00012970 f   BaseMemoryLib:CopyMem.obj
 0001:00001ce0       _AsciiStrLen               00012ce0 f   BaseLib:String.obj
 0001:00001d80       _AsciiStrSize              00012d80 f   BaseLib:String.obj
 0001:00001da0       _InternalSafeStringIsOverlap 00012da0 f   BaseLib:SafeString.obj
 0001:00001de0       _InternalSafeStringNoAsciiStrOverlap 00012de0 f   BaseLib:SafeString.obj
 0001:00001e20       _AsciiStrnLenS             00012e20 f   BaseLib:SafeString.obj
 0001:00001e90       _AsciiStrnCpyS             00012e90 f   BaseLib:SafeString.obj
 0001:00002220       _CpuBreakpoint             00013220 f   BaseLib:CpuBreakpoint.obj
 0001:00002230       _CpuDeadLoop               00013230 f   BaseLib:CpuDeadLoop.obj
 0001:00002250       _ReadUnaligned64           00013250 f   BaseLib:Unaligned.obj
 0001:00002290       _WriteUnaligned64          00013290 f   BaseLib:Unaligned.obj
 0001:000022e0       _CpuPause                  000132e0 f   BaseLib:CpuPause.obj
 0002:00000000       ??_C@_0CB@DMEJJJHA@?6ASSERT_EFI_ERROR?5?$CIStatus?5?$DN?5?$CFr?$CJ@ 00014000     UefiDriverEntryPoint:DriverEntryPoint.obj
 0002:00000024       ??_C@_0CH@BBNBJKHK@?$CB?$CI?$CI?$CIINTN?$CJ?$CIRETURN_STATUS?$CJ?$CIStatus@ 00014024     UefiDriverEntryPoint:DriverEntryPoint.obj
 0002:00000050       ??_C@_0EN@BMBDHEJO@f?3?2uefiworkspace?2edk2?2MdePkg?2Li@ 00014050     UefiDriverEntryPoint:DriverEntryPoint.obj
 0002:0000009d       __gDriverUnloadImageCount  0001409d     MonotonicCounterRuntimeDxe:AutoGen.obj
 0002:000000a0       __gUefiDriverRevision      000140a0     MonotonicCounterRuntimeDxe:AutoGen.obj
 0002:000000a4       ??_C@_0BL@OKHPCBIJ@MonotonicCounterRuntimeDxe@ 000140a4     MonotonicCounterRuntimeDxe:AutoGen.obj
 0002:000000c0       ??_C@_0JD@JDAJGNBN@f?3?2uefiworkspace?2Build?2Emulator@ 000140c0     MonotonicCounterRuntimeDxe:AutoGen.obj
 0002:00000153       __gPcd_FixedAtBuild_PcdReportStatusCodePropertyMask 00014153     MonotonicCounterRuntimeDxe:AutoGen.obj
 0002:00000154       __gPcd_FixedAtBuild_PcdDebugPrintErrorLevel 00014154     MonotonicCounterRuntimeDxe:AutoGen.obj
 0002:00000158       __gPcd_FixedAtBuild_PcdFixedDebugPrintErrorLevel 00014158     MonotonicCounterRuntimeDxe:AutoGen.obj
 0002:0000015c       __gPcd_FixedAtBuild_PcdMaximumAsciiStringLength 0001415c     MonotonicCounterRuntimeDxe:AutoGen.obj
 0002:00000160       __gPcd_FixedAtBuild_PcdDebugPropertyMask 00014160     MonotonicCounterRuntimeDxe:AutoGen.obj
 0002:00000164       ??_C@_17DGPLEKJI@?$AAM?$AAT?$AAC@ 00014164     MonotonicCounterRuntimeDxe:MonotonicCounter.obj
 0002:0000016c       ??_C@_0DG@NBLKNKIB@?$CGgEfiMonotonicCounterArchProtoc@ 0001416c     MonotonicCounterRuntimeDxe:MonotonicCounter.obj
 0002:000001a8       ??_C@_0FL@BPDFJCEM@f?3?2uefiworkspace?2edk2?2MdeModule@ 000141a8     MonotonicCounterRuntimeDxe:MonotonicCounter.obj
 0002:00000208       ??_C@_0EE@KLEMMEOM@?$CGgEfiMonotonicCounterArchProtoc@ 00014208     MonotonicCounterRuntimeDxe:MonotonicCounter.obj
 0002:00000250       ??_C@_0EI@KCEGLMMI@?$CGgEfiMonotonicCounterArchProtoc@ 00014250     MonotonicCounterRuntimeDxe:MonotonicCounter.obj
 0002:00000298       ??_C@_0L@MEMPDLHB@Count?5?$DM?564@ 00014298     BaseLib:LShiftU64.obj
 0002:000002a4       ??_C@_0DJ@POKPBLDK@f?3?2uefiworkspace?2edk2?2MdePkg?2Li@ 000142a4     BaseLib:LShiftU64.obj
 0002:000002e0       ??_C@_0DJ@BLIGCFNI@f?3?2uefiworkspace?2edk2?2MdePkg?2Li@ 000142e0     BaseLib:RShiftU64.obj
 0002:0000031c       ??_C@_0BH@LKMBFCBF@Format?5?$CB?$DN?5?$CI?$CIvoid?5?$CK?$CJ?50?$CJ@ 0001431c     PeiDxeDebugLibReportStatusCode:DebugLib.obj
 0002:00000338       ??_C@_0FF@OJMNGPG@f?3?2uefiworkspace?2edk2?2MdeModule@ 00014338     PeiDxeDebugLibReportStatusCode:DebugLib.obj
 0002:00000390       ??_C@_0CP@EFCGCEBK@?$CICHAR8?5?$CK?$CJBaseListMarkerPointer?5@ 00014390     PeiDxeDebugLibReportStatusCode:DebugLib.obj
 0002:000003c0       ??_C@_01OHGJGJJP@?$FL@     000143c0     PeiDxeDebugLibReportStatusCode:DebugLib.obj
 0002:000003c4       ??_C@_02PBFOLPKM@?$FN?5@   000143c4     PeiDxeDebugLibReportStatusCode:DebugLib.obj
 0002:000003c8       ??_C@_0BH@IACGKAP@Buffer?5?$CB?$DN?5?$CI?$CIvoid?5?$CK?$CJ?50?$CJ@ 000143c8     PeiDxeDebugLibReportStatusCode:DebugLib.obj
 0002:000003e0       ??_C@_0BN@COECPDCC@gImageHandle?5?$CB?$DN?5?$CI?$CIvoid?5?$CK?$CJ?50?$CJ@ 000143e0     UefiBootServicesTableLib:UefiBootServicesTableLib.obj
 0002:00000400       ??_C@_0FJ@LLOKMAMB@f?3?2uefiworkspace?2edk2?2MdePkg?2Li@ 00014400     UefiBootServicesTableLib:UefiBootServicesTableLib.obj
 0002:0000045c       ??_C@_0BE@DGNHAHIL@gST?5?$CB?$DN?5?$CI?$CIvoid?5?$CK?$CJ?50?$CJ@ 0001445c     UefiBootServicesTableLib:UefiBootServicesTableLib.obj
 0002:00000470       ??_C@_0BE@BDFJLGLN@gBS?5?$CB?$DN?5?$CI?$CIvoid?5?$CK?$CJ?50?$CJ@ 00014470     UefiBootServicesTableLib:UefiBootServicesTableLib.obj
 0002:00000484       ??_C@_0BE@OBDFIHND@gRT?5?$CB?$DN?5?$CI?$CIvoid?5?$CK?$CJ?50?$CJ@ 00014484     UefiRuntimeServicesTableLib:UefiRuntimeServicesTableLib.obj
 0002:00000498       ??_C@_0FP@KMDGPEO@f?3?2uefiworkspace?2edk2?2MdePkg?2Li@ 00014498     UefiRuntimeServicesTableLib:UefiRuntimeServicesTableLib.obj
 0002:000004f8       ??_C@_0EB@BDJFOKM@f?3?2uefiworkspace?2edk2?2MdePkg?2Li@ 000144f8     UefiRuntimeLib:RuntimeLib.obj
 0002:00000540       ??_C@_0FI@PJEDBJM@f?3?2uefiworkspace?2edk2?2MdeModule@ 00014540     DxeReportStatusCodeLib:ReportStatusCodeLib.obj
 0002:00000598       ??_C@_0DN@HHIHPHHB@?$CB?$CI?$CIExtendedData?5?$DN?$DN?5?$CI?$CIvoid?5?$CK?$CJ?50?$CJ@ 00014598     DxeReportStatusCodeLib:ReportStatusCodeLib.obj
 0002:000005d8       ??_C@_0DN@BBBIFINB@?$CB?$CI?$CIExtendedData?5?$CB?$DN?5?$CI?$CIvoid?5?$CK?$CJ?50?$CJ@ 000145d8     DxeReportStatusCodeLib:ReportStatusCodeLib.obj
 0002:00000618       ??_C@_0DI@PHOMHDKH@?$CILength?5?9?51?$CJ?5?$DM?$DN?5?$CI0xFFFFFFFF?5?9?5?$CI@ 00014618     BaseMemoryLib:CopyMemWrapper.obj
 0002:00000650       ??_C@_0EE@GOMGOBAA@f?3?2uefiworkspace?2edk2?2MdePkg?2Li@ 00014650     BaseMemoryLib:CopyMemWrapper.obj
 0002:00000694       ??_C@_0DD@DCDOHCDJ@?$CILength?5?9?51?$CJ?5?$DM?$DN?5?$CI0xFFFFFFFF?5?9?5?$CI@ 00014694     BaseMemoryLib:CopyMemWrapper.obj
 0002:000006c8       ??_C@_0BH@MAAHKCPC@String?5?$CB?$DN?5?$CI?$CIvoid?5?$CK?$CJ?50?$CJ@ 000146c8     BaseLib:String.obj
 0002:000006e0       ??_C@_0DG@ODLLMBNP@f?3?2uefiworkspace?2edk2?2MdePkg?2Li@ 000146e0     BaseLib:String.obj
 0002:00000718       ??_C@_0DI@MDIKFADO@Length?5?$DM?5_gPcd_FixedAtBuild_Pcd@ 00014718     BaseLib:String.obj
 0002:00000750       ??_C@_0DK@NEJELINC@f?3?2uefiworkspace?2edk2?2MdePkg?2Li@ 00014750     BaseLib:SafeString.obj
 0002:0000078c       ??_C@_0BO@ECNIOIHG@?$CIDestination?5?$CB?$DN?5?$CI?$CIvoid?5?$CK?$CJ?50?$CJ?$CJ@ 0001478c     BaseLib:SafeString.obj
 0002:000007b0       ??_C@_0EA@PDPDJJNN@?$CFa?$CI?$CFd?$CJ?5?$CFa?3?5SAFE_STRING_CONSTRAI@ 000147b0     BaseLib:SafeString.obj
 0002:000007f0       ??_C@_0BJ@EAEEJIP@?$CISource?5?$CB?$DN?5?$CI?$CIvoid?5?$CK?$CJ?50?$CJ?$CJ@ 000147f0     BaseLib:SafeString.obj
 0002:0000080c       ??_C@_0P@PMIMLIHM@?$CIDestMax?5?$CB?$DN?50?$CJ@ 0001480c     BaseLib:SafeString.obj
 0002:0000081c       ??_C@_0BG@EEGIIOKH@?$CIDestMax?5?$DO?5SourceLen?$CJ@ 0001481c     BaseLib:SafeString.obj
 0002:00000834       ??_C@_0DO@LJFOOPII@?$CIDestMax?5?$DM?$DN?5?$CI_gPcd_FixedAtBuild@ 00014834     BaseLib:SafeString.obj
 0002:00000878       ??_C@_0FL@CDANCHFO@InternalSafeStringNoAsciiStrOve@ 00014878     BaseLib:SafeString.obj
 0002:000008d4       ??_C@_0O@DIHNCLLG@AsciiStrnCpyS@ 000148d4     BaseLib:SafeString.obj
 0002:000008e4       ??_C@_0DN@DLAADCJE@?$CILength?5?$DM?$DN?5?$CI_gPcd_FixedAtBuild_@ 000148e4     BaseLib:SafeString.obj
 0002:00000924       ??_C@_0DJ@GPHHHNOB@f?3?2uefiworkspace?2edk2?2MdePkg?2Li@ 00014924     BaseLib:Unaligned.obj
 0002:000009b4       ___volatile_metadata       000149b4     <linker-defined>
 0003:00000000       _gEfiLoadedImageProtocolGuid 00015000     MonotonicCounterRuntimeDxe:AutoGen.obj
 0003:00000010       _gEfiStatusCodeSpecificDataGuid 00015010     MonotonicCounterRuntimeDxe:AutoGen.obj
 0003:00000020       _gEfiStatusCodeRuntimeProtocolGuid 00015020     MonotonicCounterRuntimeDxe:AutoGen.obj
 0003:00000030       _gEfiCallerBaseName        00015030     MonotonicCounterRuntimeDxe:AutoGen.obj
 0003:00000034       _gEfiStatusCodeDataTypeDebugGuid 00015034     MonotonicCounterRuntimeDxe:AutoGen.obj
 0003:00000044       _gEfiMonotonicCounterArchProtocolGuid 00015044     MonotonicCounterRuntimeDxe:AutoGen.obj
 0003:00000054       _gEfiCallerIdGuid          00015054     MonotonicCounterRuntimeDxe:AutoGen.obj
 0003:00000064       _gMtcVendorGuid            00015064     MonotonicCounterRuntimeDxe:AutoGen.obj
 0003:00000078       _mMonotonicCounterHandle   00015078     MonotonicCounterRuntimeDxe:MonotonicCounter.obj
 0003:0000007c       _gST                       0001507c     UefiBootServicesTableLib:UefiBootServicesTableLib.obj
 0003:00000080       _gBS                       00015080     UefiBootServicesTableLib:UefiBootServicesTableLib.obj
 0003:00000084       _gImageHandle              00015084     UefiBootServicesTableLib:UefiBootServicesTableLib.obj
 0003:00000088       _gRT                       00015088     UefiRuntimeServicesTableLib:UefiRuntimeServicesTableLib.obj
 0003:0000008c       _mEfiAtRuntime             0001508c     UefiRuntimeLib:RuntimeLib.obj
 0003:0000008d       _mEfiGoneVirtual           0001508d     UefiRuntimeLib:RuntimeLib.obj
 0003:00000090       _mReportStatusCodeLibStatusCodeProtocol 00015090     DxeReportStatusCodeLib:ReportStatusCodeLib.obj
 0003:00000094       _mEfiVirtualNotifyEvent    00015094     <common>
 0003:00000098       _mInternalRT               00015098     <common>
 0003:0000009c       _mEfiExitBootServicesEvent 0001509c     <common>
 0003:000000a0       _mEfiMtc                   000150a0     <common>
 0003:000000a8       _mEfiMtcEvent              000150a8     <common>

 entry point at        0001:00000040

 Static symbols

 0000:ffff8000       .debug$S                   00010000     MonotonicCounterRuntimeDxe.exp
 0004:00000000       .edata                     00016000     MonotonicCounterRuntimeDxe.exp
 0004:00000028       rgpv                       00016028     MonotonicCounterRuntimeDxe.exp
 0004:0000002c       rgszName                   0001602c     MonotonicCounterRuntimeDxe.exp
 0004:00000030       rgwOrd                     00016030     MonotonicCounterRuntimeDxe.exp
 0004:00000032       szName                     00016032     MonotonicCounterRuntimeDxe.exp
 0004:00000051       $N00001                    00016051     MonotonicCounterRuntimeDxe.exp
