 RuntimeDxe

 Timestamp is 64e9e869 (Sat Aug 26 19:56:25 2023)

 Preferred load address is 0000000000010000

 Start         Length     Name                   Class
 0001:00000000 00000064H .text                   CODE
 0001:00000064 000038c3H .text$mn                CODE
 0002:00000000 00000f90H .rdata                  DATA
 0002:00000f90 00000050H .rdata$voltmd           DATA
 0002:00000fe0 00000158H .rdata$zzzdbg           DATA
 0003:00000000 000000e0H .data                   DATA
 0003:000000e0 00000060H .bss                    DATA
 0004:00000000 00000052H .edata                  DATA
 0005:00000000 00000240H .pdata                  DATA
 0006:00000000 000000a8H .xdata                  DATA

  Address         Publics by Value              Rva+Base               Lib:Object

 0000:00000000       __x64_code_ranges_to_entry_points 0000000000000000     <absolute>
 0000:00000000       __guard_fids_count         0000000000000000     <absolute>
 0000:00000000       __arm64x_extra_rfe_table   0000000000000000     <absolute>
 0000:00000000       __hybrid_code_map          0000000000000000     <absolute>
 0000:00000000       __x64_code_ranges_to_entry_points_count 0000000000000000     <absolute>
 0000:00000000       __arm64x_extra_rfe_table_size 0000000000000000     <absolute>
 0000:00000000       __arm64x_redirection_metadata 0000000000000000     <absolute>
 0000:00000000       __guard_iat_table          0000000000000000     <absolute>
 0000:00000000       __guard_longjmp_table      0000000000000000     <absolute>
 0000:00000000       __guard_iat_count          0000000000000000     <absolute>
 0000:00000000       __guard_eh_cont_count      0000000000000000     <absolute>
 0000:00000000       __guard_longjmp_count      0000000000000000     <absolute>
 0000:00000000       __dynamic_value_reloc_table 0000000000000000     <absolute>
 0000:00000000       __hybrid_auxiliary_iat     0000000000000000     <absolute>
 0000:00000000       __hybrid_auxiliary_iat_copy 0000000000000000     <absolute>
 0000:00000000       __AbsoluteZero             0000000000000000     <absolute>
 0000:00000000       __guard_check_icall_a64n_fptr 0000000000000000     <absolute>
 0000:00000000       __guard_fids_table         0000000000000000     <absolute>
 0000:00000000       __hybrid_code_map_count    0000000000000000     <absolute>
 0000:00000000       __arm64x_redirection_metadata_count 0000000000000000     <absolute>
 0000:00000000       __enclave_config           0000000000000000     <absolute>
 0000:00000000       __guard_eh_cont_table      0000000000000000     <absolute>
 0000:00000000       __arm64x_native_entrypoint 0000000000000000     <absolute>
 0000:00000100       __guard_flags              0000000000000100     <absolute>
 0001:00000000       AsmWbinvd                  0000000000011000     BaseLib:Wbinvd.obj
 0001:00000010       AsmFlushCacheLine          0000000000011010     BaseLib:FlushCacheLine.obj
 0001:00000020       AsmInvd                    0000000000011020     BaseLib:Invd.obj
 0001:00000030       AsmCpuid                   0000000000011030     BaseLib:CpuId.obj
 0001:00000060       CpuPause                   0000000000011060     BaseLib:CpuPause.obj
 0001:00000064       _DriverUnloadHandler       0000000000011064 f   UefiDriverEntryPoint:DriverEntryPoint.obj
 0001:000000a0       _ModuleEntryPoint          00000000000110a0 f   UefiDriverEntryPoint:DriverEntryPoint.obj
 0001:000001d0       ProcessLibraryConstructorList 00000000000111d0 f   RuntimeDxe:AutoGen.obj
 0001:0000047c       ProcessLibraryDestructorList 000000000001147c f   RuntimeDxe:AutoGen.obj
 0001:00000488       ProcessModuleEntryPointList 0000000000011488 f   RuntimeDxe:AutoGen.obj
 0001:000004ac       ProcessModuleUnloadList    00000000000114ac f   RuntimeDxe:AutoGen.obj
 0001:000004b4       RuntimeDriverCalculateEfiHdrCrc 00000000000114b4 f   RuntimeDxe:Runtime.obj
 0001:000004fc       RuntimeDriverConvertPointer 00000000000114fc f   RuntimeDxe:Runtime.obj
 0001:00000684       RuntimeDriverConvertInternalPointer 0000000000011684 f   RuntimeDxe:Runtime.obj
 0001:000006a0       RuntimeDriverSetVirtualAddressMap 00000000000116a0 f   RuntimeDxe:Runtime.obj
 0001:00000b5c       RuntimeDriverInitialize    0000000000011b5c f   RuntimeDxe:Runtime.obj
 0001:00000cec       RuntimeDriverCalculateCrc32 0000000000011cec f   RuntimeDxe:Crc32.obj
 0001:00000d40       CalculateCrc32             0000000000011d40 f   BaseLib:CheckSum.obj
 0001:00000e38       DebugPrint                 0000000000011e38 f   PeiDxeDebugLibReportStatusCode:DebugLib.obj
 0001:00000e7c       DebugPrintMarker           0000000000011e7c f   PeiDxeDebugLibReportStatusCode:DebugLib.obj
 0001:00001600       DebugVPrint                0000000000012600 f   PeiDxeDebugLibReportStatusCode:DebugLib.obj
 0001:00001630       DebugAssert                0000000000012630 f   PeiDxeDebugLibReportStatusCode:DebugLib.obj
 0001:000019ac       DebugAssertEnabled         00000000000129ac f   PeiDxeDebugLibReportStatusCode:DebugLib.obj
 0001:000019d0       DebugPrintEnabled          00000000000129d0 f   PeiDxeDebugLibReportStatusCode:DebugLib.obj
 0001:000019f4       DebugPrintLevelEnabled     00000000000129f4 f   PeiDxeDebugLibReportStatusCode:DebugLib.obj
 0001:00001a28       InternalGetReportStatusCode 0000000000012a28 f   DxeReportStatusCodeLib:ReportStatusCodeLib.obj
 0001:00001a90       InternalReportStatusCode   0000000000012a90 f   DxeReportStatusCodeLib:ReportStatusCodeLib.obj
 0001:00001b48       ReportStatusCode           0000000000012b48 f   DxeReportStatusCodeLib:ReportStatusCodeLib.obj
 0001:00001b7c       ReportStatusCodeEx         0000000000012b7c f   DxeReportStatusCodeLib:ReportStatusCodeLib.obj
 0001:00001dd8       ReportProgressCodeEnabled  0000000000012dd8 f   DxeReportStatusCodeLib:ReportStatusCodeLib.obj
 0001:00001dfc       ReportErrorCodeEnabled     0000000000012dfc f   DxeReportStatusCodeLib:ReportStatusCodeLib.obj
 0001:00001e20       ReportDebugCodeEnabled     0000000000012e20 f   DxeReportStatusCodeLib:ReportStatusCodeLib.obj
 0001:00001e44       UefiBootServicesTableLibConstructor 0000000000012e44 f   UefiBootServicesTableLib:UefiBootServicesTableLib.obj
 0001:00001f20       UefiRuntimeServicesTableLibConstructor 0000000000012f20 f   UefiRuntimeServicesTableLib:UefiRuntimeServicesTableLib.obj
 0001:00001f7c       UefiLibConstructor         0000000000012f7c f   UefiLib:UefiLib.obj
 0001:00001f8c       EfiGetSystemConfigurationTable 0000000000012f8c f   UefiLib:UefiLib.obj
 0001:00002098       GetHobList                 0000000000013098 f   DxeHobLib:HobLib.obj
 0001:00002174       HobLibConstructor          0000000000013174 f   DxeHobLib:HobLib.obj
 0001:00002190       GetNextHob                 0000000000013190 f   DxeHobLib:HobLib.obj
 0001:00002224       GetNextGuidHob             0000000000013224 f   DxeHobLib:HobLib.obj
 0001:0000229c       GetFirstGuidHob            000000000001329c f   DxeHobLib:HobLib.obj
 0001:000022c4       DxeEmuPeCoffLibExtraActionConstructor 00000000000132c4 f   DxeEmuPeCoffExtraActionLib:DxeEmuPeCoffExtraActionLib.obj
 0001:00002360       PeCoffLoaderImageAddress   0000000000013360 f   BasePeCoffLib:BasePeCoff.obj
 0001:000023a8       PeCoffLoaderRelocateImageForRuntime 00000000000133a8 f   BasePeCoffLib:BasePeCoff.obj
 0001:00002954       PeHotRelocateImageEx       0000000000013954 f   BasePeCoffLib:PeCoffLoaderEx.obj
 0001:00002974       InvalidateInstructionCacheRange 0000000000013974 f   BaseCacheMaintenanceLib:X86Cache.obj
 0001:000029e0       GetDebugPrintErrorLevel    00000000000139e0 f   BaseDebugPrintErrorLevelLib:BaseDebugPrintErrorLevelLib.obj
 0001:000029e8       CopyMem                    00000000000139e8 f   BaseMemoryLib:CopyMemWrapper.obj
 0001:00002ac0       CopyGuid                   0000000000013ac0 f   BaseMemoryLib:MemLibGuid.obj
 0001:00002b14       CompareGuid                0000000000013b14 f   BaseMemoryLib:MemLibGuid.obj
 0001:00002b9c       InternalMemCopyMem         0000000000013b9c f   BaseMemoryLib:CopyMem.obj
 0001:00003178       AsciiStrLen                0000000000014178 f   BaseLib:String.obj
 0001:00003230       AsciiStrSize               0000000000014230 f   BaseLib:String.obj
 0001:0000324c       InternalSafeStringIsOverlap 000000000001424c f   BaseLib:SafeString.obj
 0001:000032b0       InternalSafeStringNoAsciiStrOverlap 00000000000142b0 f   BaseLib:SafeString.obj
 0001:00003304       AsciiStrnLenS              0000000000014304 f   BaseLib:SafeString.obj
 0001:00003370       AsciiStrnCpyS              0000000000014370 f   BaseLib:SafeString.obj
 0001:00003860       CpuBreakpoint              0000000000014860 f   BaseLib:CpuBreakpoint.obj
 0001:00003864       CpuDeadLoop                0000000000014864 f   BaseLib:CpuDeadLoop.obj
 0001:00003888       ReadUnaligned64            0000000000014888 f   BaseLib:Unaligned.obj
 0001:000038d0       WriteUnaligned64           00000000000148d0 f   BaseLib:Unaligned.obj
 0002:00000000       ??_C@_0CB@DMEJJJHA@?6ASSERT_EFI_ERROR?5?$CIStatus?5?$DN?5?$CFr?$CJ@ 0000000000015000     UefiDriverEntryPoint:DriverEntryPoint.obj
 0002:00000028       ??_C@_0CH@BBNBJKHK@?$CB?$CI?$CI?$CIINTN?$CJ?$CIRETURN_STATUS?$CJ?$CIStatus@ 0000000000015028     UefiDriverEntryPoint:DriverEntryPoint.obj
 0002:00000050       ??_C@_0EN@BMBDHEJO@f?3?2uefiworkspace?2edk2?2MdePkg?2Li@ 0000000000015050     UefiDriverEntryPoint:DriverEntryPoint.obj
 0002:0000009d       _gDriverUnloadImageCount   000000000001509d     RuntimeDxe:AutoGen.obj
 0002:000000a0       _gUefiDriverRevision       00000000000150a0     RuntimeDxe:AutoGen.obj
 0002:000000a8       ??_C@_0L@LFPJCFJJ@RuntimeDxe@ 00000000000150a8     RuntimeDxe:AutoGen.obj
 0002:000000c0       ??_C@_0GM@MGNHJFAE@f?3?2uefiworkspace?2Build?2Emulator@ 00000000000150c0     RuntimeDxe:AutoGen.obj
 0002:0000012c       _gPcd_FixedAtBuild_PcdReportStatusCodePropertyMask 000000000001512c     RuntimeDxe:AutoGen.obj
 0002:00000130       _gPcd_FixedAtBuild_PcdDebugPrintErrorLevel 0000000000015130     RuntimeDxe:AutoGen.obj
 0002:00000134       _gPcd_FixedAtBuild_PcdFixedDebugPrintErrorLevel 0000000000015134     RuntimeDxe:AutoGen.obj
 0002:00000138       _gPcd_FixedAtBuild_PcdMaximumAsciiStringLength 0000000000015138     RuntimeDxe:AutoGen.obj
 0002:0000013c       _gPcd_FixedAtBuild_PcdDebugPropertyMask 000000000001513c     RuntimeDxe:AutoGen.obj
 0002:00000140       ??_C@_0EH@DDJBJBKJ@?$CI?$CIUINTN?$CJVirtEntry?9?$DONumberOfPage@ 0000000000015140     RuntimeDxe:Runtime.obj
 0002:00000188       ??_C@_0DN@BNIFEDGF@f?3?2uefiworkspace?2edk2?2MdeModule@ 0000000000015188     RuntimeDxe:Runtime.obj
 0002:000001c8       ??_C@_0BH@IACGKAP@Buffer?5?$CB?$DN?5?$CI?$CIvoid?5?$CK?$CJ?50?$CJ@ 00000000000151c8     BaseLib:CheckSum.obj
 0002:000001e0       ??_C@_0DI@DOAKOOOL@f?3?2uefiworkspace?2edk2?2MdePkg?2Li@ 00000000000151e0     BaseLib:CheckSum.obj
 0002:00000218       ??_C@_0DI@FAOGOFLE@Length?5?$DM?$DN?5?$CI0xFFFFFFFFFFFFFFFFUL@ 0000000000015218     BaseLib:CheckSum.obj
 0002:00000250       mCrcTable                  0000000000015250     BaseLib:CheckSum.obj
 0002:00000650       ??_C@_0BH@LKMBFCBF@Format?5?$CB?$DN?5?$CI?$CIvoid?5?$CK?$CJ?50?$CJ@ 0000000000015650     PeiDxeDebugLibReportStatusCode:DebugLib.obj
 0002:00000670       ??_C@_0FF@OJMNGPG@f?3?2uefiworkspace?2edk2?2MdeModule@ 0000000000015670     PeiDxeDebugLibReportStatusCode:DebugLib.obj
 0002:000006c8       ??_C@_0CP@EFCGCEBK@?$CICHAR8?5?$CK?$CJBaseListMarkerPointer?5@ 00000000000156c8     PeiDxeDebugLibReportStatusCode:DebugLib.obj
 0002:000006f8       ??_C@_01OHGJGJJP@?$FL@     00000000000156f8     PeiDxeDebugLibReportStatusCode:DebugLib.obj
 0002:000006fc       ??_C@_02PBFOLPKM@?$FN?5@   00000000000156fc     PeiDxeDebugLibReportStatusCode:DebugLib.obj
 0002:00000700       ??_C@_0FI@PJEDBJM@f?3?2uefiworkspace?2edk2?2MdeModule@ 0000000000015700     DxeReportStatusCodeLib:ReportStatusCodeLib.obj
 0002:00000758       ??_C@_0DN@HHIHPHHB@?$CB?$CI?$CIExtendedData?5?$DN?$DN?5?$CI?$CIvoid?5?$CK?$CJ?50?$CJ@ 0000000000015758     DxeReportStatusCodeLib:ReportStatusCodeLib.obj
 0002:00000798       ??_C@_0DN@BBBIFINB@?$CB?$CI?$CIExtendedData?5?$CB?$DN?5?$CI?$CIvoid?5?$CK?$CJ?50?$CJ@ 0000000000015798     DxeReportStatusCodeLib:ReportStatusCodeLib.obj
 0002:000007d8       ??_C@_0BN@COECPDCC@gImageHandle?5?$CB?$DN?5?$CI?$CIvoid?5?$CK?$CJ?50?$CJ@ 00000000000157d8     UefiBootServicesTableLib:UefiBootServicesTableLib.obj
 0002:00000800       ??_C@_0FJ@LLOKMAMB@f?3?2uefiworkspace?2edk2?2MdePkg?2Li@ 0000000000015800     UefiBootServicesTableLib:UefiBootServicesTableLib.obj
 0002:00000860       ??_C@_0BE@DGNHAHIL@gST?5?$CB?$DN?5?$CI?$CIvoid?5?$CK?$CJ?50?$CJ@ 0000000000015860     UefiBootServicesTableLib:UefiBootServicesTableLib.obj
 0002:00000878       ??_C@_0BE@BDFJLGLN@gBS?5?$CB?$DN?5?$CI?$CIvoid?5?$CK?$CJ?50?$CJ@ 0000000000015878     UefiBootServicesTableLib:UefiBootServicesTableLib.obj
 0002:00000890       ??_C@_0BE@OBDFIHND@gRT?5?$CB?$DN?5?$CI?$CIvoid?5?$CK?$CJ?50?$CJ@ 0000000000015890     UefiRuntimeServicesTableLib:UefiRuntimeServicesTableLib.obj
 0002:000008b0       ??_C@_0FP@KMDGPEO@f?3?2uefiworkspace?2edk2?2MdePkg?2Li@ 00000000000158b0     UefiRuntimeServicesTableLib:UefiRuntimeServicesTableLib.obj
 0002:00000910       ??_C@_0BK@PPOBBAMB@TableGuid?5?$CB?$DN?5?$CI?$CIvoid?5?$CK?$CJ?50?$CJ@ 0000000000015910     UefiLib:UefiLib.obj
 0002:00000930       ??_C@_0DH@CPNBINNB@f?3?2uefiworkspace?2edk2?2MdePkg?2Li@ 0000000000015930     UefiLib:UefiLib.obj
 0002:00000968       ??_C@_0BG@JDKEGFNB@Table?5?$CB?$DN?5?$CI?$CIvoid?5?$CK?$CJ?50?$CJ@ 0000000000015968     UefiLib:UefiLib.obj
 0002:00000980       ??_C@_0DI@FAIEECKB@f?3?2uefiworkspace?2edk2?2MdePkg?2Li@ 0000000000015980     DxeHobLib:HobLib.obj
 0002:000009b8       ??_C@_0BJ@OBFMLLDO@mHobList?5?$CB?$DN?5?$CI?$CIvoid?5?$CK?$CJ?50?$CJ@ 00000000000159b8     DxeHobLib:HobLib.obj
 0002:000009d8       ??_C@_0BJ@NOLLDKJB@HobStart?5?$CB?$DN?5?$CI?$CIvoid?5?$CK?$CJ?50?$CJ@ 00000000000159d8     DxeHobLib:HobLib.obj
 0002:000009f8       ??_C@_0BC@FEDIJHFF@?$CI?$CIBOOLEAN?$CJ?$CI0?$DN?$DN1?$CJ?$CJ@ 00000000000159f8     DxeHobLib:HobLib.obj
 0002:00000a10       ??_C@_0BI@EDOKPJOP@GuidHob?5?$CB?$DN?5?$CI?$CIvoid?5?$CK?$CJ?50?$CJ@ 0000000000015a10     DxeEmuPeCoffExtraActionLib:DxeEmuPeCoffExtraActionLib.obj
 0002:00000a30       ??_C@_0GC@MFLDIFFG@f?3?2uefiworkspace?2edk2?2EmulatorP@ 0000000000015a30     DxeEmuPeCoffExtraActionLib:DxeEmuPeCoffExtraActionLib.obj
 0002:00000a98       ??_C@_0BH@DKHHOJK@mThunk?5?$CB?$DN?5?$CI?$CIvoid?5?$CK?$CJ?50?$CJ@ 0000000000015a98     DxeEmuPeCoffExtraActionLib:DxeEmuPeCoffExtraActionLib.obj
 0002:00000ab0       ??_C@_0EA@MCCIEEPO@f?3?2uefiworkspace?2edk2?2MdePkg?2Li@ 0000000000015ab0     BasePeCoffLib:BasePeCoff.obj
 0002:00000af0       ??_C@_0DK@NLOONIGG@RelocBase?5?$CB?$DN?5?$CI?$CIvoid?5?$CK?$CJ?50?$CJ?5?$CG?$CG?5Re@ 0000000000015af0     BasePeCoffLib:BasePeCoff.obj
 0002:00000b30       ??_C@_0DJ@EPHLDLOO@?$CILength?5?9?51?$CJ?5?$DM?$DN?5?$CI0xFFFFFFFFFFFF@ 0000000000015b30     BaseCacheMaintenanceLib:X86Cache.obj
 0002:00000b70       ??_C@_0EI@KDPACKFH@f?3?2uefiworkspace?2edk2?2MdePkg?2Li@ 0000000000015b70     BaseCacheMaintenanceLib:X86Cache.obj
 0002:00000bc0       ??_C@_0ED@MKGCMJG@?$CILength?5?9?51?$CJ?5?$DM?$DN?5?$CI0xFFFFFFFFFFFF@ 0000000000015bc0     BaseMemoryLib:CopyMemWrapper.obj
 0002:00000c10       ??_C@_0EE@GOMGOBAA@f?3?2uefiworkspace?2edk2?2MdePkg?2Li@ 0000000000015c10     BaseMemoryLib:CopyMemWrapper.obj
 0002:00000c58       ??_C@_0DO@MAOBOFEG@?$CILength?5?9?51?$CJ?5?$DM?$DN?5?$CI0xFFFFFFFFFFFF@ 0000000000015c58     BaseMemoryLib:CopyMemWrapper.obj
 0002:00000c98       ??_C@_0BH@MAAHKCPC@String?5?$CB?$DN?5?$CI?$CIvoid?5?$CK?$CJ?50?$CJ@ 0000000000015c98     BaseLib:String.obj
 0002:00000cb0       ??_C@_0DG@ODLLMBNP@f?3?2uefiworkspace?2edk2?2MdePkg?2Li@ 0000000000015cb0     BaseLib:String.obj
 0002:00000ce8       ??_C@_0DI@MDIKFADO@Length?5?$DM?5_gPcd_FixedAtBuild_Pcd@ 0000000000015ce8     BaseLib:String.obj
 0002:00000d20       ??_C@_0DK@NEJELINC@f?3?2uefiworkspace?2edk2?2MdePkg?2Li@ 0000000000015d20     BaseLib:SafeString.obj
 0002:00000d60       ??_C@_0BO@ECNIOIHG@?$CIDestination?5?$CB?$DN?5?$CI?$CIvoid?5?$CK?$CJ?50?$CJ?$CJ@ 0000000000015d60     BaseLib:SafeString.obj
 0002:00000d80       ??_C@_0EA@PDPDJJNN@?$CFa?$CI?$CFd?$CJ?5?$CFa?3?5SAFE_STRING_CONSTRAI@ 0000000000015d80     BaseLib:SafeString.obj
 0002:00000dc0       ??_C@_0BJ@EAEEJIP@?$CISource?5?$CB?$DN?5?$CI?$CIvoid?5?$CK?$CJ?50?$CJ?$CJ@ 0000000000015dc0     BaseLib:SafeString.obj
 0002:00000de0       ??_C@_0P@PMIMLIHM@?$CIDestMax?5?$CB?$DN?50?$CJ@ 0000000000015de0     BaseLib:SafeString.obj
 0002:00000df0       ??_C@_0BG@EEGIIOKH@?$CIDestMax?5?$DO?5SourceLen?$CJ@ 0000000000015df0     BaseLib:SafeString.obj
 0002:00000e08       ??_C@_0DO@LJFOOPII@?$CIDestMax?5?$DM?$DN?5?$CI_gPcd_FixedAtBuild@ 0000000000015e08     BaseLib:SafeString.obj
 0002:00000e50       ??_C@_0FL@CDANCHFO@InternalSafeStringNoAsciiStrOve@ 0000000000015e50     BaseLib:SafeString.obj
 0002:00000eb0       ??_C@_0O@DIHNCLLG@AsciiStrnCpyS@ 0000000000015eb0     BaseLib:SafeString.obj
 0002:00000ec0       ??_C@_0DN@DLAADCJE@?$CILength?5?$DM?$DN?5?$CI_gPcd_FixedAtBuild_@ 0000000000015ec0     BaseLib:SafeString.obj
 0002:00000f00       ??_C@_0DJ@GPHHHNOB@f?3?2uefiworkspace?2edk2?2MdePkg?2Li@ 0000000000015f00     BaseLib:Unaligned.obj
 0002:00000f90       __volatile_metadata        0000000000015f90     <linker-defined>
 0003:00000000       gEfiLoadedImageProtocolGuid 0000000000017000     RuntimeDxe:AutoGen.obj
 0003:00000010       gEfiStatusCodeSpecificDataGuid 0000000000017010     RuntimeDxe:AutoGen.obj
 0003:00000020       gEfiStatusCodeRuntimeProtocolGuid 0000000000017020     RuntimeDxe:AutoGen.obj
 0003:00000030       gEfiCallerBaseName         0000000000017030     RuntimeDxe:AutoGen.obj
 0003:00000038       gEfiStatusCodeDataTypeDebugGuid 0000000000017038     RuntimeDxe:AutoGen.obj
 0003:00000048       gEfiRuntimeArchProtocolGuid 0000000000017048     RuntimeDxe:AutoGen.obj
 0003:00000058       gEfiHobListGuid            0000000000017058     RuntimeDxe:AutoGen.obj
 0003:00000068       gEfiCallerIdGuid           0000000000017068     RuntimeDxe:AutoGen.obj
 0003:00000078       gEmuThunkProtocolGuid      0000000000017078     RuntimeDxe:AutoGen.obj
 0003:00000090       mRuntime                   0000000000017090     RuntimeDxe:Runtime.obj
 0003:000000e0       mRuntimeHandle             00000000000170e0     RuntimeDxe:Runtime.obj
 0003:000000e8       mVirtualMap                00000000000170e8     RuntimeDxe:Runtime.obj
 0003:000000f0       mReportStatusCodeLibStatusCodeProtocol 00000000000170f0     DxeReportStatusCodeLib:ReportStatusCodeLib.obj
 0003:000000f8       gST                        00000000000170f8     UefiBootServicesTableLib:UefiBootServicesTableLib.obj
 0003:00000100       gBS                        0000000000017100     UefiBootServicesTableLib:UefiBootServicesTableLib.obj
 0003:00000108       gImageHandle               0000000000017108     UefiBootServicesTableLib:UefiBootServicesTableLib.obj
 0003:00000110       gRT                        0000000000017110     UefiRuntimeServicesTableLib:UefiRuntimeServicesTableLib.obj
 0003:00000118       mHobList                   0000000000017118     DxeHobLib:HobLib.obj
 0003:00000120       mThunk                     0000000000017120     DxeEmuPeCoffExtraActionLib:DxeEmuPeCoffExtraActionLib.obj
 0003:00000128       mMyImageBase               0000000000017128     <common>
 0003:00000130       mVirtualMapDescriptorSize  0000000000017130     <common>
 0003:00000138       mVirtualMapMaxIndex        0000000000017138     <common>

 entry point at        0001:000000a0

 Static symbols

 0000:ffff4000       .debug$S                   0000000000010000     RuntimeDxe.exp
 0001:0000003f       AsmCpuid.0                 000000000001103f     BaseLib:CpuId.obj
 0001:00000044       AsmCpuid.1                 0000000000011044     BaseLib:CpuId.obj
 0001:0000004b       AsmCpuid.2                 000000000001104b     BaseLib:CpuId.obj
 0001:00000054       AsmCpuid.3                 0000000000011054     BaseLib:CpuId.obj
 0004:00000000       .edata                     0000000000018000     RuntimeDxe.exp
 0004:00000028       rgpv                       0000000000018028     RuntimeDxe.exp
 0004:0000002c       rgszName                   000000000001802c     RuntimeDxe.exp
 0004:00000030       rgwOrd                     0000000000018030     RuntimeDxe.exp
 0004:00000032       szName                     0000000000018032     RuntimeDxe.exp
 0004:00000041       $N00001                    0000000000018041     RuntimeDxe.exp
 0006:00000000       $unwind$RuntimeDriverCalculateEfiHdrCrc 000000000001a000     RuntimeDxe:Runtime.obj
 0006:00000000       $unwind$AsciiStrLen        000000000001a000     BaseLib:String.obj
 0006:00000000       $unwind$GetFirstGuidHob    000000000001a000     DxeHobLib:HobLib.obj
 0006:00000000       $unwind$_DriverUnloadHandler 000000000001a000     UefiDriverEntryPoint:DriverEntryPoint.obj
 0006:00000008       $unwind$DxeEmuPeCoffLibExtraActionConstructor 000000000001a008     DxeEmuPeCoffExtraActionLib:DxeEmuPeCoffExtraActionLib.obj
 0006:00000008       $unwind$ProcessLibraryConstructorList 000000000001a008     RuntimeDxe:AutoGen.obj
 0006:00000008       $unwind$RuntimeDriverInitialize 000000000001a008     RuntimeDxe:Runtime.obj
 0006:00000008       $unwind$GetNextGuidHob     000000000001a008     DxeHobLib:HobLib.obj
 0006:00000008       $unwind$GetNextHob         000000000001a008     DxeHobLib:HobLib.obj
 0006:00000008       $unwind$_ModuleEntryPoint  000000000001a008     UefiDriverEntryPoint:DriverEntryPoint.obj
 0006:00000008       $unwind$EfiGetSystemConfigurationTable 000000000001a008     UefiLib:UefiLib.obj
 0006:00000010       $unwind$ProcessModuleEntryPointList 000000000001a010     RuntimeDxe:AutoGen.obj
 0006:00000010       $unwind$InvalidateInstructionCacheRange 000000000001a010     BaseCacheMaintenanceLib:X86Cache.obj
 0006:00000010       $unwind$WriteUnaligned64   000000000001a010     BaseLib:Unaligned.obj
 0006:00000010       $unwind$CopyGuid           000000000001a010     BaseMemoryLib:MemLibGuid.obj
 0006:00000010       $unwind$HobLibConstructor  000000000001a010     DxeHobLib:HobLib.obj
 0006:00000010       $unwind$UefiBootServicesTableLibConstructor 000000000001a010     UefiBootServicesTableLib:UefiBootServicesTableLib.obj
 0006:00000010       $unwind$UefiRuntimeServicesTableLibConstructor 000000000001a010     UefiRuntimeServicesTableLib:UefiRuntimeServicesTableLib.obj
 0006:00000018       $unwind$RuntimeDriverConvertPointer 000000000001a018     RuntimeDxe:Runtime.obj
 0006:00000018       $unwind$CalculateCrc32     000000000001a018     BaseLib:CheckSum.obj
 0006:00000020       $unwind$RuntimeDriverConvertInternalPointer 000000000001a020     RuntimeDxe:Runtime.obj
 0006:00000020       $unwind$AsciiStrSize       000000000001a020     BaseLib:String.obj
 0006:00000020       $unwind$ReadUnaligned64    000000000001a020     BaseLib:Unaligned.obj
 0006:00000028       $unwind$RuntimeDriverSetVirtualAddressMap 000000000001a028     RuntimeDxe:Runtime.obj
 0006:00000030       $unwind$RuntimeDriverCalculateCrc32 000000000001a030     RuntimeDxe:Crc32.obj
 0006:00000030       $unwind$DebugVPrint        000000000001a030     PeiDxeDebugLibReportStatusCode:DebugLib.obj
 0006:00000030       $unwind$CopyMem            000000000001a030     BaseMemoryLib:CopyMemWrapper.obj
 0006:00000038       $unwind$DebugPrint         000000000001a038     PeiDxeDebugLibReportStatusCode:DebugLib.obj
 0006:00000038       $unwind$InternalSafeStringNoAsciiStrOverlap 000000000001a038     BaseLib:SafeString.obj
 0006:00000040       $unwind$DebugPrintMarker   000000000001a040     PeiDxeDebugLibReportStatusCode:DebugLib.obj
 0006:00000048       $unwind$DebugAssert        000000000001a048     PeiDxeDebugLibReportStatusCode:DebugLib.obj
 0006:00000050       $unwind$ReportDebugCodeEnabled 000000000001a050     DxeReportStatusCodeLib:ReportStatusCodeLib.obj
 0006:00000050       $unwind$ReportErrorCodeEnabled 000000000001a050     DxeReportStatusCodeLib:ReportStatusCodeLib.obj
 0006:00000050       $unwind$ReportProgressCodeEnabled 000000000001a050     DxeReportStatusCodeLib:ReportStatusCodeLib.obj
 0006:00000050       $unwind$DebugAssertEnabled 000000000001a050     PeiDxeDebugLibReportStatusCode:DebugLib.obj
 0006:00000050       $unwind$DebugPrintEnabled  000000000001a050     PeiDxeDebugLibReportStatusCode:DebugLib.obj
 0006:00000058       $unwind$DebugPrintLevelEnabled 000000000001a058     PeiDxeDebugLibReportStatusCode:DebugLib.obj
 0006:00000060       $unwind$InternalGetReportStatusCode 000000000001a060     DxeReportStatusCodeLib:ReportStatusCodeLib.obj
 0006:00000060       $unwind$CpuDeadLoop        000000000001a060     BaseLib:CpuDeadLoop.obj
 0006:00000060       $unwind$GetHobList         000000000001a060     DxeHobLib:HobLib.obj
 0006:00000068       $unwind$InternalReportStatusCode 000000000001a068     DxeReportStatusCodeLib:ReportStatusCodeLib.obj
 0006:00000070       $unwind$ReportStatusCode   000000000001a070     DxeReportStatusCodeLib:ReportStatusCodeLib.obj
 0006:00000078       $unwind$ReportStatusCodeEx 000000000001a078     DxeReportStatusCodeLib:ReportStatusCodeLib.obj
 0006:00000080       $unwind$PeCoffLoaderRelocateImageForRuntime 000000000001a080     BasePeCoffLib:BasePeCoff.obj
 0006:00000088       $unwind$CompareGuid        000000000001a088     BaseMemoryLib:MemLibGuid.obj
 0006:00000090       $unwind$InternalMemCopyMem 000000000001a090     BaseMemoryLib:CopyMem.obj
 0006:00000098       $unwind$AsciiStrnLenS      000000000001a098     BaseLib:SafeString.obj
 0006:000000a0       $unwind$AsciiStrnCpyS      000000000001a0a0     BaseLib:SafeString.obj
