 SetupBrowser

 Timestamp is 64e9e86d (Sat Aug 26 19:56:29 2023)

 Preferred load address is 0000000000010000

 Start         Length     Name                   Class
 0001:00000000 00000004H .text                   CODE
 0001:00000004 00026b50H .text$mn                CODE
 0002:00000000 00002facH .rdata                  DATA
 0002:00002fac 0000005cH .rdata$voltmd           DATA
 0002:00003008 00000168H .rdata$zzzdbg           DATA
 0003:00000000 000002a0H .data                   DATA
 0003:000002a0 00000278H .bss                    DATA
 0004:00000000 00000054H .edata                  DATA
 0005:00000000 00000e64H .pdata                  DATA
 0006:00000000 000002b8H .xdata                  DATA

  Address         Publics by Value              Rva+Base               Lib:Object

 0000:00000000       __AbsoluteZero             0000000000000000     <absolute>
 0000:00000000       __guard_longjmp_table      0000000000000000     <absolute>
 0000:00000000       __arm64x_redirection_metadata 0000000000000000     <absolute>
 0000:00000000       __guard_iat_count          0000000000000000     <absolute>
 0000:00000000       __x64_code_ranges_to_entry_points 0000000000000000     <absolute>
 0000:00000000       __guard_longjmp_count      0000000000000000     <absolute>
 0000:00000000       __dynamic_value_reloc_table 0000000000000000     <absolute>
 0000:00000000       __guard_eh_cont_count      0000000000000000     <absolute>
 0000:00000000       __hybrid_auxiliary_iat     0000000000000000     <absolute>
 0000:00000000       __hybrid_auxiliary_iat_copy 0000000000000000     <absolute>
 0000:00000000       __guard_fids_count         0000000000000000     <absolute>
 0000:00000000       __guard_iat_table          0000000000000000     <absolute>
 0000:00000000       __guard_check_icall_a64n_fptr 0000000000000000     <absolute>
 0000:00000000       __arm64x_extra_rfe_table   0000000000000000     <absolute>
 0000:00000000       __guard_fids_table         0000000000000000     <absolute>
 0000:00000000       __x64_code_ranges_to_entry_points_count 0000000000000000     <absolute>
 0000:00000000       __arm64x_redirection_metadata_count 0000000000000000     <absolute>
 0000:00000000       __enclave_config           0000000000000000     <absolute>
 0000:00000000       __guard_eh_cont_table      0000000000000000     <absolute>
 0000:00000000       __arm64x_native_entrypoint 0000000000000000     <absolute>
 0000:00000000       __hybrid_code_map          0000000000000000     <absolute>
 0000:00000000       __hybrid_code_map_count    0000000000000000     <absolute>
 0000:00000000       __arm64x_extra_rfe_table_size 0000000000000000     <absolute>
 0000:00000100       __guard_flags              0000000000000100     <absolute>
 0001:00000000       CpuPause                   0000000000011000     BaseLib:CpuPause.obj
 0001:00000004       _DriverUnloadHandler       0000000000011004 f   UefiDriverEntryPoint:DriverEntryPoint.obj
 0001:00000040       _ModuleEntryPoint          0000000000011040 f   UefiDriverEntryPoint:DriverEntryPoint.obj
 0001:00000170       ProcessLibraryConstructorList 0000000000011170 f   SetupBrowser:AutoGen.obj
 0001:00000398       ProcessLibraryDestructorList 0000000000011398 f   SetupBrowser:AutoGen.obj
 0001:00000398       EfiEventEmptyFunction      0000000000011398 f   UefiLib:UefiLib.obj
 0001:000003a4       ProcessModuleEntryPointList 00000000000113a4 f   SetupBrowser:AutoGen.obj
 0001:000003c8       ProcessModuleUnloadList    00000000000113c8 f   SetupBrowser:AutoGen.obj
 0001:000003d0       UiAddMenuList              00000000000113d0 f   SetupBrowser:Setup.obj
 0001:0000047c       GetFirstFormId             000000000001147c f   SetupBrowser:Setup.obj
 0001:00000510       UiFindMenuList             0000000000011510 f   SetupBrowser:Setup.obj
 0001:000006e4       UiFindParentMenu           00000000000116e4 f   SetupBrowser:Setup.obj
 0001:00000828       UiFreeMenuList             0000000000011828 f   SetupBrowser:Setup.obj
 0001:000008cc       UiCopyMenuList             00000000000118cc f   SetupBrowser:Setup.obj
 0001:00000a3c       LoadAllHiiFormset          0000000000011a3c f   SetupBrowser:Setup.obj
 0001:00000bd4       PopupErrorMessage          0000000000011bd4 f   SetupBrowser:Setup.obj
 0001:00000cd4       SendForm                   0000000000011cd4 f   SetupBrowser:Setup.obj
 0001:00001114       ProcessStorage             0000000000012114 f   SetupBrowser:Setup.obj
 0001:0000138c       BrowserCallback            000000000001238c f   SetupBrowser:Setup.obj
 0001:00001740       FormDisplayCallback        0000000000012740 f   SetupBrowser:Setup.obj
 0001:0000177c       InitializeSetup            000000000001277c f   SetupBrowser:Setup.obj
 0001:00001b2c       NewString                  0000000000012b2c f   SetupBrowser:Setup.obj
 0001:00001b90       DeleteString               0000000000012b90 f   SetupBrowser:Setup.obj
 0001:00001bc4       GetToken                   0000000000012bc4 f   SetupBrowser:Setup.obj
 0001:00001c5c       NewStringCpy               0000000000012c5c f   SetupBrowser:Setup.obj
 0001:00001cdc       NewStringCat               0000000000012cdc f   SetupBrowser:Setup.obj
 0001:00001dd0       GetValueByName             0000000000012dd0 f   SetupBrowser:Setup.obj
 0001:00001f1c       SetValueByName             0000000000012f1c f   SetupBrowser:Setup.obj
 0001:000020f0       StorageToConfigResp        00000000000130f0 f   SetupBrowser:Setup.obj
 0001:000023a8       ConfigRespToStorage        00000000000133a8 f   SetupBrowser:Setup.obj
 0001:00002554       GetBitsQuestionValue       0000000000013554 f   SetupBrowser:Setup.obj
 0001:000025ec       SetBitsQuestionValue       00000000000135ec f   SetupBrowser:Setup.obj
 0001:0000268c       BufferToValue              000000000001368c f   SetupBrowser:Setup.obj
 0001:00002a44       GetQuestionValue           0000000000013a44 f   SetupBrowser:Setup.obj
 0001:000035f0       SetQuestionValue           00000000000145f0 f   SetupBrowser:Setup.obj
 0001:0000424c       ValidateQuestion           000000000001524c f   SetupBrowser:Setup.obj
 0001:00004514       ValueChangedValidation     0000000000015514 f   SetupBrowser:Setup.obj
 0001:000045b8       NoSubmitCheck              00000000000155b8 f   SetupBrowser:Setup.obj
 0001:000047b4       SynchronizeStorage         00000000000157b4 f   SetupBrowser:Setup.obj
 0001:00004a6c       SendDiscardInfoToDriver    0000000000015a6c f   SetupBrowser:Setup.obj
 0001:00004c64       SubmitCallbackForForm      0000000000015c64 f   SetupBrowser:Setup.obj
 0001:00004dfc       SubmitCallback             0000000000015dfc f   SetupBrowser:Setup.obj
 0001:00004ef0       ValidateHiiHandle          0000000000015ef0 f   SetupBrowser:Setup.obj
 0001:00004fa8       ValidateFormSet            0000000000015fa8 f   SetupBrowser:Setup.obj
 0001:00005040       UpdateFlagForForm          0000000000016040 f   SetupBrowser:Setup.obj
 0001:000051a8       ValueChangeResetFlagUpdate 00000000000161a8 f   SetupBrowser:Setup.obj
 0001:000052a8       FindQuestionFromProgress   00000000000162a8 f   SetupBrowser:Setup.obj
 0001:0000584c       GetSyncRestoreConfigRequest 000000000001684c f   SetupBrowser:Setup.obj
 0001:00005c68       ConfirmSaveFail            0000000000016c68 f   SetupBrowser:Setup.obj
 0001:00005d28       ConfirmNoSubmitFail        0000000000016d28 f   SetupBrowser:Setup.obj
 0001:00005de8       DiscardForm                0000000000016de8 f   SetupBrowser:Setup.obj
 0001:000062b8       SubmitForForm              00000000000172b8 f   SetupBrowser:Setup.obj
 0001:0000673c       SubmitForFormSet           000000000001773c f   SetupBrowser:Setup.obj
 0001:00006eb4       SubmitForSystem            0000000000017eb4 f   SetupBrowser:Setup.obj
 0001:00007678       SubmitForm                 0000000000018678 f   SetupBrowser:Setup.obj
 0001:000076f8       HiiToLower                 00000000000186f8 f   SetupBrowser:Setup.obj
 0001:000077c4       GetOffsetFromConfigResp    00000000000187c4 f   SetupBrowser:Setup.obj
 0001:00007960       GetDefaultValueFromAltCfg  0000000000018960 f   SetupBrowser:Setup.obj
 0001:00007bb8       GetDefaultIdForCallBack    0000000000018bb8 f   SetupBrowser:Setup.obj
 0001:00007c74       GetArrayData               0000000000018c74 f   SetupBrowser:Setup.obj
 0001:00007d48       SetArrayData               0000000000018d48 f   SetupBrowser:Setup.obj
 0001:00007e10       ValueToOption              0000000000018e10 f   SetupBrowser:Setup.obj
 0001:00007f34       GetQuestionDefault         0000000000018f34 f   SetupBrowser:Setup.obj
 0001:00008e60       ExtractAltCfgForForm       0000000000019e60 f   SetupBrowser:Setup.obj
 0001:00009158       CleanAltCfgForForm         000000000001a158 f   SetupBrowser:Setup.obj
 0001:0000923c       ExtractAltCfgForFormSet    000000000001a23c f   SetupBrowser:Setup.obj
 0001:0000941c       CleanAltCfgForFormSet      000000000001a41c f   SetupBrowser:Setup.obj
 0001:00009510       ExtractDefault             000000000001a510 f   SetupBrowser:Setup.obj
 0001:00009a90       IsQuestionValueChanged     000000000001aa90 f   SetupBrowser:Setup.obj
 0001:0000a028       LoadFormConfig             000000000001b028 f   SetupBrowser:Setup.obj
 0001:0000a19c       LoadFormSetConfig          000000000001b19c f   SetupBrowser:Setup.obj
 0001:0000a298       RemoveElement              000000000001b298 f   SetupBrowser:Setup.obj
 0001:0000a368       RemoveConfigRequest        000000000001b368 f   SetupBrowser:Setup.obj
 0001:0000a4f8       CleanBrowserStorage        000000000001b4f8 f   SetupBrowser:Setup.obj
 0001:0000a668       ElementValidation          000000000001b668 f   SetupBrowser:Setup.obj
 0001:0000a6ac       AppendConfigRequest        000000000001b6ac f   SetupBrowser:Setup.obj
 0001:0000a80c       ConfigRequestAdjust        000000000001b80c f   SetupBrowser:Setup.obj
 0001:0000aae8       LoadStorage                000000000001bae8 f   SetupBrowser:Setup.obj
 0001:0000ae84       SyncStatusForQuestion      000000000001be84 f   SetupBrowser:Setup.obj
 0001:0000b020       SyncStatusForFormSet       000000000001c020 f   SetupBrowser:Setup.obj
 0001:0000b1bc       InitializeCurrentSetting   000000000001c1bc f   SetupBrowser:Setup.obj
 0001:0000b31c       GetIfrBinaryData           000000000001c31c f   SetupBrowser:Setup.obj
 0001:0000b704       InitializeFormSet          000000000001c704 f   SetupBrowser:Setup.obj
 0001:0000b82c       SaveBrowserContext         000000000001c82c f   SetupBrowser:Setup.obj
 0001:0000bae0       RestoreBrowserContext      000000000001cae0 f   SetupBrowser:Setup.obj
 0001:0000be18       GetFormSetFromHiiHandle    000000000001ce18 f   SetupBrowser:Setup.obj
 0001:0000bef4       IsHiiHandleInBrowserContext 000000000001cef4 f   SetupBrowser:Setup.obj
 0001:0000bfcc       PasswordCheck              000000000001cfcc f   SetupBrowser:Setup.obj
 0001:0000c110       GetHotKeyFromRegisterList  000000000001d110 f   SetupBrowser:Setup.obj
 0001:0000c1e0       SetScope                   000000000001d1e0 f   SetupBrowser:Setup.obj
 0001:0000c24c       RegisterHotKey             000000000001d24c f   SetupBrowser:Setup.obj
 0001:0000c3ec       RegiserExitHandler         000000000001d3ec f   SetupBrowser:Setup.obj
 0001:0000c400       IsBrowserDataModified      000000000001d400 f   SetupBrowser:Setup.obj
 0001:0000c54c       ExecuteAction              000000000001d54c f   SetupBrowser:Setup.obj
 0001:0000c700       SaveReminder               000000000001d700 f   SetupBrowser:Setup.obj
 0001:0000c864       IsResetRequired            000000000001d864 f   SetupBrowser:Setup.obj
 0001:0000c86c       CheckConfigAccess          000000000001d86c f   SetupBrowser:Presentation.obj
 0001:0000c8c0       EvaluateFormExpressions    000000000001d8c0 f   SetupBrowser:Presentation.obj
 0001:0000ca04       GetDisplayStatement        000000000001da04 f   SetupBrowser:Presentation.obj
 0001:0000cacc       FreeRefreshEvent           000000000001dacc f   SetupBrowser:Presentation.obj
 0001:0000cb30       UpdateStatement            000000000001db30 f   SetupBrowser:Presentation.obj
 0001:0000cbc4       RefreshEventNotifyForStatement 000000000001dbc4 f   SetupBrowser:Presentation.obj
 0001:0000cbfc       RefreshEventNotifyForForm  000000000001dbfc f   SetupBrowser:Presentation.obj
 0001:0000cc30       CreateRefreshEventForStatement 000000000001dc30 f   SetupBrowser:Presentation.obj
 0001:0000cd54       CreateRefreshEventForForm  000000000001dd54 f   SetupBrowser:Presentation.obj
 0001:0000ce78       InitializeDisplayStatement 000000000001de78 f   SetupBrowser:Presentation.obj
 0001:0000d320       RefreshIntervalProcess     000000000001e320 f   SetupBrowser:Presentation.obj
 0001:0000d424       UpdateHotkeyList           000000000001e424 f   SetupBrowser:Presentation.obj
 0001:0000d5dc       ProcessQuestionExtraAttr   000000000001e5dc f   SetupBrowser:Presentation.obj
 0001:0000d708       AddStatementToDisplayForm  000000000001e708 f   SetupBrowser:Presentation.obj
 0001:0000dcfc       UpdateDataChangedFlag      000000000001ecfc f   SetupBrowser:Presentation.obj
 0001:0000de2c       InitializeDisplayFormData  000000000001ee2c f   SetupBrowser:Presentation.obj
 0001:0000df24       FreeHotkeyList             000000000001ef24 f   SetupBrowser:Presentation.obj
 0001:0000dfe8       UpdateDisplayFormData      000000000001efe8 f   SetupBrowser:Presentation.obj
 0001:0000e0e0       FreeStatementData          000000000001f0e0 f   SetupBrowser:Presentation.obj
 0001:0000e25c       FreeDisplayFormData        000000000001f25c f   SetupBrowser:Presentation.obj
 0001:0000e288       GetBrowserStatement        000000000001f288 f   SetupBrowser:Presentation.obj
 0001:0000e374       UpdateStatementStatusForForm 000000000001f374 f   SetupBrowser:Presentation.obj
 0001:0000e464       UpdateStatementStatusForFormSet 000000000001f464 f   SetupBrowser:Presentation.obj
 0001:0000e538       UpdateStatementStatus      000000000001f538 f   SetupBrowser:Presentation.obj
 0001:0000e658       ProcessAction              000000000001f658 f   SetupBrowser:Presentation.obj
 0001:0000e7f4       GetFormsetGuidFromHiiHandle 000000000001f7f4 f   SetupBrowser:Presentation.obj
 0001:0000e9f0       DevicePathToHiiHandle      000000000001f9f0 f   SetupBrowser:Presentation.obj
 0001:0000eb64       FormSetGuidToHiiHandle     000000000001fb64 f   SetupBrowser:Presentation.obj
 0001:0000ec64       ProcessChangedData         000000000001fc64 f   SetupBrowser:Presentation.obj
 0001:0000ed08       FindParentFormSet          000000000001fd08 f   SetupBrowser:Presentation.obj
 0001:0000edc8       ProcessGotoOpCode          000000000001fdc8 f   SetupBrowser:Presentation.obj
 0001:0000f208       ProcessQuestionConfig      0000000000020208 f   SetupBrowser:Presentation.obj
 0001:0000f2a8       ProcessUserInput           00000000000202a8 f   SetupBrowser:Presentation.obj
 0001:0000f6f4       DisplayForm                00000000000206f4 f   SetupBrowser:Presentation.obj
 0001:0000f8c0       FormUpdateNotify           00000000000208c0 f   SetupBrowser:Presentation.obj
 0001:0000f8e0       IsNvUpdateRequiredForFormSet 00000000000208e0 f   SetupBrowser:Presentation.obj
 0001:0000f9d8       IsNvUpdateRequiredForForm  00000000000209d8 f   SetupBrowser:Presentation.obj
 0001:0000faac       FindNextMenu               0000000000020aac f   SetupBrowser:Presentation.obj
 0001:0000fc64       ReconnectController        0000000000020c64 f   SetupBrowser:Presentation.obj
 0001:0000fcd4       ProcessCallBackFunction    0000000000020cd4 f   SetupBrowser:Presentation.obj
 0001:00010540       ProcessRetrieveForQuestion 0000000000021540 f   SetupBrowser:Presentation.obj
 0001:00010754       SetupBrowser               0000000000021754 f   SetupBrowser:Presentation.obj
 0001:00010f6c       CreateStatement            0000000000021f6c f   SetupBrowser:IfrParse.obj
 0001:000111e8       CreateQuestion             00000000000221e8 f   SetupBrowser:IfrParse.obj
 0001:000116d8       CreateExpression           00000000000226d8 f   SetupBrowser:IfrParse.obj
 0001:0001175c       InitializeConfigHdr        000000000002275c f   SetupBrowser:IfrParse.obj
 0001:000117f8       FindStorageInList          00000000000227f8 f   SetupBrowser:IfrParse.obj
 0001:0001199c       IntializeBrowserStorage    000000000002299c f   SetupBrowser:IfrParse.obj
 0001:00011b2c       CreateStorage              0000000000022b2c f   SetupBrowser:IfrParse.obj
 0001:00011e6c       GetFstStgFromVarId         0000000000022e6c f   SetupBrowser:IfrParse.obj
 0001:00011f80       GetFstStgFromBrsStg        0000000000022f80 f   SetupBrowser:IfrParse.obj
 0001:00012134       InitializeRequestElement   0000000000023134 f   SetupBrowser:IfrParse.obj
 0001:0001276c       DestroyExpression          000000000002376c f   SetupBrowser:IfrParse.obj
 0001:00012920       DestroyStorage             0000000000023920 f   SetupBrowser:IfrParse.obj
 0001:0001295c       DestroyStatement           000000000002395c f   SetupBrowser:IfrParse.obj
 0001:00012df0       DestroyForm                0000000000023df0 f   SetupBrowser:IfrParse.obj
 0001:00013048       DestroyFormSet             0000000000024048 f   SetupBrowser:IfrParse.obj
 0001:000133f8       IsExpressionOpCode         00000000000243f8 f   SetupBrowser:IfrParse.obj
 0001:00013488       IsStatementOpCode          0000000000024488 f   SetupBrowser:IfrParse.obj
 0001:00013528       IsUnKnownOpCode            0000000000024528 f   SetupBrowser:IfrParse.obj
 0001:00013554       CountOpCodes               0000000000024554 f   SetupBrowser:IfrParse.obj
 0001:0001361c       ParseOpCodes               000000000002461c f   SetupBrowser:IfrParse.obj
 0001:000171e8       GrowStack                  00000000000281e8 f   SetupBrowser:Expression.obj
 0001:00017318       PushStack                  0000000000028318 f   SetupBrowser:Expression.obj
 0001:0001740c       PopStack                   000000000002840c f   SetupBrowser:Expression.obj
 0001:00017470       ResetCurrentExpressionStack 0000000000028470 f   SetupBrowser:Expression.obj
 0001:000174ac       PushCurrentExpression      00000000000284ac f   SetupBrowser:Expression.obj
 0001:000174e8       PopCurrentExpression       00000000000284e8 f   SetupBrowser:Expression.obj
 0001:00017528       ResetMapExpressionListStack 0000000000028528 f   SetupBrowser:Expression.obj
 0001:00017538       GrowConditionalStack       0000000000028538 f   SetupBrowser:Expression.obj
 0001:00017658       PushConditionalStack       0000000000028658 f   SetupBrowser:Expression.obj
 0001:000176e4       PopConditionalStack        00000000000286e4 f   SetupBrowser:Expression.obj
 0001:00017748       GetConditionalExpressionCount 0000000000028748 f   SetupBrowser:Expression.obj
 0001:000177fc       GetConditionalExpressionList 00000000000287fc f   SetupBrowser:Expression.obj
 0001:00017878       PushConditionalExpression  0000000000028878 f   SetupBrowser:Expression.obj
 0001:00017948       PopConditionalExpression   0000000000028948 f   SetupBrowser:Expression.obj
 0001:00017a00       PushMapExpressionList      0000000000028a00 f   SetupBrowser:Expression.obj
 0001:00017a3c       PopMapExpressionList       0000000000028a3c f   SetupBrowser:Expression.obj
 0001:00017a7c       ResetScopeStack            0000000000028a7c f   SetupBrowser:Expression.obj
 0001:00017a8c       PushScope                  0000000000028a8c f   SetupBrowser:Expression.obj
 0001:00017ac8       PopScope                   0000000000028ac8 f   SetupBrowser:Expression.obj
 0001:00017b04       PushExpression             0000000000028b04 f   SetupBrowser:Expression.obj
 0001:00017b34       PopExpression              0000000000028b34 f   SetupBrowser:Expression.obj
 0001:00017b6c       SaveExpressionEvaluationStackOffset 0000000000028b6c f   SetupBrowser:Expression.obj
 0001:00017bac       RestoreExpressionEvaluationStackOffset 0000000000028bac f   SetupBrowser:Expression.obj
 0001:00017bc0       IdToForm                   0000000000028bc0 f   SetupBrowser:Expression.obj
 0001:00017ca4       IdToQuestion2              0000000000028ca4 f   SetupBrowser:Expression.obj
 0001:00017d98       IdToQuestion               0000000000028d98 f   SetupBrowser:Expression.obj
 0001:00017edc       RuleIdToExpression         0000000000028edc f   SetupBrowser:Expression.obj
 0001:00017fc8       InitializeUnicodeCollationProtocol 0000000000028fc8 f   SetupBrowser:Expression.obj
 0001:00018008       IfrStrToUpper              0000000000029008 f   SetupBrowser:Expression.obj
 0001:0001805c       IsTypeInBuffer             000000000002905c f   SetupBrowser:Expression.obj
 0001:00018094       IsTypeInUINT64             0000000000029094 f   SetupBrowser:Expression.obj
 0001:000180d4       GetLengthForValue          00000000000290d4 f   SetupBrowser:Expression.obj
 0001:00018128       GetBufferForValue          0000000000029128 f   SetupBrowser:Expression.obj
 0001:00018188       IfrToString                0000000000029188 f   SetupBrowser:Expression.obj
 0001:00018498       IfrToUint                  0000000000029498 f   SetupBrowser:Expression.obj
 0001:0001866c       IfrCatenate                000000000002966c f   SetupBrowser:Expression.obj
 0001:00018b24       IfrMatch                   0000000000029b24 f   SetupBrowser:Expression.obj
 0001:00018cec       IfrMatch2                  0000000000029cec f   SetupBrowser:Expression.obj
 0001:000191d4       IfrFind                    000000000002a1d4 f   SetupBrowser:Expression.obj
 0001:000194b8       IfrMid                     000000000002a4b8 f   SetupBrowser:Expression.obj
 0001:00019890       IfrToken                   000000000002a890 f   SetupBrowser:Expression.obj
 0001:00019b6c       IfrSpan                    000000000002ab6c f   SetupBrowser:Expression.obj
 0001:00019ecc       ExtendValueToU64           000000000002aecc f   SetupBrowser:Expression.obj
 0001:00019f88       HiiValueToUINT64           000000000002af88 f   SetupBrowser:Expression.obj
 0001:0001a048       CompareHiiValue            000000000002b048 f   SetupBrowser:Expression.obj
 0001:0001a358       CheckUserPrivilege         000000000002b358 f   SetupBrowser:Expression.obj
 0001:0001a63c       GetQuestionValueFromForm   000000000002b63c f   SetupBrowser:Expression.obj
 0001:0001a93c       EvaluateExpression         000000000002b93c f   SetupBrowser:Expression.obj
 0001:0001cf60       IsTrue                     000000000002df60 f   SetupBrowser:Expression.obj
 0001:0001d024       EvaluateExpressionList     000000000002e024 f   SetupBrowser:Expression.obj
 0001:0001d1c8       IsDevicePathValid          000000000002e1c8 f   UefiDevicePathLib:DevicePathUtilities.obj
 0001:0001d334       DevicePathType             000000000002e334 f   UefiDevicePathLib:DevicePathUtilities.obj
 0001:0001d37c       DevicePathSubType          000000000002e37c f   UefiDevicePathLib:DevicePathUtilities.obj
 0001:0001d3c4       DevicePathNodeLength       000000000002e3c4 f   UefiDevicePathLib:DevicePathUtilities.obj
 0001:0001d424       NextDevicePathNode         000000000002e424 f   UefiDevicePathLib:DevicePathUtilities.obj
 0001:0001d47c       IsDevicePathEndType        000000000002e47c f   UefiDevicePathLib:DevicePathUtilities.obj
 0001:0001d4e0       IsDevicePathEnd            000000000002e4e0 f   UefiDevicePathLib:DevicePathUtilities.obj
 0001:0001d558       UefiDevicePathLibGetDevicePathSize 000000000002e558 f   UefiDevicePathLib:DevicePathUtilities.obj
 0001:0001d5e0       GetDevicePathSize          000000000002e5e0 f   UefiDevicePathLib:UefiDevicePathLib.obj
 0001:0001d5f8       DevicePathFromHandle       000000000002e5f8 f   UefiDevicePathLib:DevicePathUtilitiesDxeSmm.obj
 0001:0001d640       UnicodeVSPrint             000000000002e640 f   BasePrintLib:PrintLib.obj
 0001:0001d700       UnicodeSPrint              000000000002e700 f   BasePrintLib:PrintLib.obj
 0001:0001d754       UnicodeValueToStringS      000000000002e754 f   BasePrintLib:PrintLib.obj
 0001:0001d7d8       BasePrintLibFillBuffer     000000000002e7d8 f   BasePrintLib:PrintLibInternal.obj
 0001:0001d864       BasePrintLibValueToString  000000000002e864 f   BasePrintLib:PrintLibInternal.obj
 0001:0001d8cc       BasePrintLibConvertValueToStringS 000000000002e8cc f   BasePrintLib:PrintLibInternal.obj
 0001:0001e000       BasePrintLibSPrintMarker   000000000002f000 f   BasePrintLib:PrintLibInternal.obj
 0001:000200f4       BasePrintLibSPrint         00000000000310f4 f   BasePrintLib:PrintLibInternal.obj
 0001:0002015c       DebugPrint                 000000000003115c f   PeiDxeDebugLibReportStatusCode:DebugLib.obj
 0001:000201a0       DebugPrintMarker           00000000000311a0 f   PeiDxeDebugLibReportStatusCode:DebugLib.obj
 0001:00020924       DebugVPrint                0000000000031924 f   PeiDxeDebugLibReportStatusCode:DebugLib.obj
 0001:00020954       DebugAssert                0000000000031954 f   PeiDxeDebugLibReportStatusCode:DebugLib.obj
 0001:00020cd0       DebugAssertEnabled         0000000000031cd0 f   PeiDxeDebugLibReportStatusCode:DebugLib.obj
 0001:00020cf4       DebugPrintEnabled          0000000000031cf4 f   PeiDxeDebugLibReportStatusCode:DebugLib.obj
 0001:00020d18       DebugPrintLevelEnabled     0000000000031d18 f   PeiDxeDebugLibReportStatusCode:DebugLib.obj
 0001:00020d4c       CopyGuid                   0000000000031d4c f   BaseMemoryLib:MemLibGuid.obj
 0001:00020da0       CompareGuid                0000000000031da0 f   BaseMemoryLib:MemLibGuid.obj
 0001:00020e28       IsZeroGuid                 0000000000031e28 f   BaseMemoryLib:MemLibGuid.obj
 0001:00020e7c       CopyMem                    0000000000031e7c f   BaseMemoryLib:CopyMemWrapper.obj
 0001:00020f54       ZeroMem                    0000000000031f54 f   BaseMemoryLib:ZeroMemWrapper.obj
 0001:00020ffc       CompareMem                 0000000000031ffc f   BaseMemoryLib:CompareMemWrapper.obj
 0001:00021130       InternalMemCopyMem         0000000000032130 f   BaseMemoryLib:CopyMem.obj
 0001:0002170c       InternalMemZeroMem         000000000003270c f   BaseMemoryLib:MemLibGeneric.obj
 0001:00021734       InternalMemCompareMem      0000000000032734 f   BaseMemoryLib:MemLibGeneric.obj
 0001:0002179c       InternalMemSetMem          000000000003279c f   BaseMemoryLib:SetMem.obj
 0001:00021930       InternalSafeStringIsOverlap 0000000000032930 f   BaseLib:SafeString.obj
 0001:00021994       InternalSafeStringNoStrOverlap 0000000000032994 f   BaseLib:SafeString.obj
 0001:000219f4       InternalSafeStringNoAsciiStrOverlap 00000000000329f4 f   BaseLib:SafeString.obj
 0001:00021a48       StrnLenS                   0000000000032a48 f   BaseLib:SafeString.obj
 0001:00021aec       StrCpyS                    0000000000032aec f   BaseLib:SafeString.obj
 0001:00021f5c       StrnCpyS                   0000000000032f5c f   BaseLib:SafeString.obj
 0001:000224c0       StrCatS                    00000000000334c0 f   BaseLib:SafeString.obj
 0001:00022a10       StrDecimalToUint64S        0000000000033a10 f   BaseLib:SafeString.obj
 0001:00022d68       StrHexToUint64S            0000000000033d68 f   BaseLib:SafeString.obj
 0001:00023138       AsciiStrnLenS              0000000000034138 f   BaseLib:SafeString.obj
 0001:000231a4       AsciiStrnCpyS              00000000000341a4 f   BaseLib:SafeString.obj
 0001:00023694       StrLen                     0000000000034694 f   BaseLib:String.obj
 0001:00023788       StrSize                    0000000000034788 f   BaseLib:String.obj
 0001:000237a8       StrCmp                     00000000000347a8 f   BaseLib:String.obj
 0001:00023880       StrStr                     0000000000034880 f   BaseLib:String.obj
 0001:000239b8       InternalIsDecimalDigitCharacter 00000000000349b8 f   BaseLib:String.obj
 0001:000239e8       CharToUpper                00000000000349e8 f   BaseLib:String.obj
 0001:00023a14       InternalHexCharToUintn     0000000000034a14 f   BaseLib:String.obj
 0001:00023a54       InternalIsHexaDecimalDigitCharacter 0000000000034a54 f   BaseLib:String.obj
 0001:00023aac       StrDecimalToUint64         0000000000034aac f   BaseLib:String.obj
 0001:00023ae0       StrHexToUint64             0000000000034ae0 f   BaseLib:String.obj
 0001:00023b14       AsciiStrLen                0000000000034b14 f   BaseLib:String.obj
 0001:00023bcc       AsciiStrSize               0000000000034bcc f   BaseLib:String.obj
 0001:00023be8       AsciiStrnCmp               0000000000034be8 f   BaseLib:String.obj
 0001:00023d34       InternalBaseLibIsListValid 0000000000034d34 f   BaseLib:LinkedList.obj
 0001:00023e50       IsNodeInList               0000000000034e50 f   BaseLib:LinkedList.obj
 0001:00023f50       InitializeListHead         0000000000034f50 f   BaseLib:LinkedList.obj
 0001:00023fb0       InsertHeadList             0000000000034fb0 f   BaseLib:LinkedList.obj
 0001:00024098       InsertTailList             0000000000035098 f   BaseLib:LinkedList.obj
 0001:00024180       GetFirstNode               0000000000035180 f   BaseLib:LinkedList.obj
 0001:000241d4       GetNextNode                00000000000351d4 f   BaseLib:LinkedList.obj
 0001:00024284       IsListEmpty                0000000000035284 f   BaseLib:LinkedList.obj
 0001:000242ec       IsNull                     00000000000352ec f   BaseLib:LinkedList.obj
 0001:000243b0       RemoveEntryList            00000000000353b0 f   BaseLib:LinkedList.obj
 0001:0002442c       InternalBaseLibBitFieldReadUint 000000000003542c f   BaseLib:BitField.obj
 0001:00024474       InternalBaseLibBitFieldOrUint 0000000000035474 f   BaseLib:BitField.obj
 0001:0002452c       InternalBaseLibBitFieldAndUint 000000000003552c f   BaseLib:BitField.obj
 0001:000245e8       BitFieldRead32             00000000000355e8 f   BaseLib:BitField.obj
 0001:0002467c       BitFieldWrite32            000000000003567c f   BaseLib:BitField.obj
 0001:00024720       BitFieldOr32               0000000000035720 f   BaseLib:BitField.obj
 0001:000247c0       BitFieldAnd32              00000000000357c0 f   BaseLib:BitField.obj
 0001:00024860       BitFieldAndThenOr32        0000000000035860 f   BaseLib:BitField.obj
 0001:00024914       DivU64x32                  0000000000035914 f   BaseLib:DivU64x32.obj
 0001:00024968       DivU64x32Remainder         0000000000035968 f   BaseLib:DivU64x32Remainder.obj
 0001:000249c4       MultU64x32                 00000000000359c4 f   BaseLib:MultU64x32.obj
 0001:000249f0       LShiftU64                  00000000000359f0 f   BaseLib:LShiftU64.obj
 0001:00024a44       RShiftU64                  0000000000035a44 f   BaseLib:RShiftU64.obj
 0001:00024a98       ReadUnaligned16            0000000000035a98 f   BaseLib:Unaligned.obj
 0001:00024ae0       ReadUnaligned32            0000000000035ae0 f   BaseLib:Unaligned.obj
 0001:00024b28       ReadUnaligned64            0000000000035b28 f   BaseLib:Unaligned.obj
 0001:00024b70       WriteUnaligned64           0000000000035b70 f   BaseLib:Unaligned.obj
 0001:00024bc8       CpuBreakpoint              0000000000035bc8 f   BaseLib:CpuBreakpoint.obj
 0001:00024bcc       CpuDeadLoop                0000000000035bcc f   BaseLib:CpuDeadLoop.obj
 0001:00024bf0       InternalMathLShiftU64      0000000000035bf0 f   BaseLib:Math64.obj
 0001:00024c0c       InternalMathRShiftU64      0000000000035c0c f   BaseLib:Math64.obj
 0001:00024c28       InternalMathMultU64x32     0000000000035c28 f   BaseLib:Math64.obj
 0001:00024c44       InternalMathDivU64x32      0000000000035c44 f   BaseLib:Math64.obj
 0001:00024c6c       InternalMathDivRemU64x32   0000000000035c6c f   BaseLib:Math64.obj
 0001:00024cc4       InternalAllocatePool       0000000000035cc4 f   UefiMemoryAllocationLib:MemoryAllocationLib.obj
 0001:00024d0c       AllocatePool               0000000000035d0c f   UefiMemoryAllocationLib:MemoryAllocationLib.obj
 0001:00024d2c       InternalAllocateZeroPool   0000000000035d2c f   UefiMemoryAllocationLib:MemoryAllocationLib.obj
 0001:00024d74       AllocateZeroPool           0000000000035d74 f   UefiMemoryAllocationLib:MemoryAllocationLib.obj
 0001:00024d94       InternalAllocateCopyPool   0000000000035d94 f   UefiMemoryAllocationLib:MemoryAllocationLib.obj
 0001:00024e58       AllocateCopyPool           0000000000035e58 f   UefiMemoryAllocationLib:MemoryAllocationLib.obj
 0001:00024e80       FreePool                   0000000000035e80 f   UefiMemoryAllocationLib:MemoryAllocationLib.obj
 0001:00024f14       UefiBootServicesTableLibConstructor 0000000000035f14 f   UefiBootServicesTableLib:UefiBootServicesTableLib.obj
 0001:00024ff0       UefiRuntimeServicesTableLibConstructor 0000000000035ff0 f   UefiRuntimeServicesTableLib:UefiRuntimeServicesTableLib.obj
 0001:0002504c       UefiHiiServicesLibConstructor 000000000003604c f   UefiHiiServicesLib:UefiHiiServicesLib.obj
 0001:00025254       UefiLibConstructor         0000000000036254 f   UefiLib:UefiLib.obj
 0001:00025264       EfiCreateProtocolNotifyEvent 0000000000036264 f   UefiLib:UefiLib.obj
 0001:0002545c       GetVariable2               000000000003645c f   UefiLib:UefiLib.obj
 0001:000255f4       GetEfiGlobalVariable2      00000000000365f4 f   UefiLib:UefiLib.obj
 0001:00025628       GetBestLanguage            0000000000036628 f   UefiLib:UefiLib.obj
 0001:000258d0       HiiSetString               00000000000368d0 f   UefiHiiLib:HiiString.obj
 0001:00025b0c       HiiGetString               0000000000036b0c f   UefiHiiLib:HiiString.obj
 0001:00025b3c       HiiGetStringEx             0000000000036b3c f   UefiHiiLib:HiiString.obj
 0001:00025e20       InternalHiiExtractGuidFromHiiHandle 0000000000036e20 f   UefiHiiLib:HiiLib.obj
 0001:00025fb8       HiiGetHiiHandles           0000000000036fb8 f   UefiHiiLib:HiiLib.obj
 0001:000261d0       InternalHiiLowerConfigString 00000000000371d0 f   UefiHiiLib:HiiLib.obj
 0001:000262a0       HiiConstructConfigHdr      00000000000372a0 f   UefiHiiLib:HiiLib.obj
 0001:00026684       HiiGetSupportedLanguages   0000000000037684 f   UefiHiiLib:HiiLanguage.obj
 0001:00026764       GetDebugPrintErrorLevel    0000000000037764 f   BaseDebugPrintErrorLevelLib:BaseDebugPrintErrorLevelLib.obj
 0001:0002676c       InternalGetReportStatusCode 000000000003776c f   DxeReportStatusCodeLib:ReportStatusCodeLib.obj
 0001:000267d4       InternalReportStatusCode   00000000000377d4 f   DxeReportStatusCodeLib:ReportStatusCodeLib.obj
 0001:0002688c       ReportStatusCodeEx         000000000003788c f   DxeReportStatusCodeLib:ReportStatusCodeLib.obj
 0001:00026ae8       ReportProgressCodeEnabled  0000000000037ae8 f   DxeReportStatusCodeLib:ReportStatusCodeLib.obj
 0001:00026b0c       ReportErrorCodeEnabled     0000000000037b0c f   DxeReportStatusCodeLib:ReportStatusCodeLib.obj
 0001:00026b30       ReportDebugCodeEnabled     0000000000037b30 f   DxeReportStatusCodeLib:ReportStatusCodeLib.obj
 0002:00000000       ??_C@_0CB@DMEJJJHA@?6ASSERT_EFI_ERROR?5?$CIStatus?5?$DN?5?$CFr?$CJ@ 0000000000038000     UefiDriverEntryPoint:DriverEntryPoint.obj
 0002:00000028       ??_C@_0CH@BBNBJKHK@?$CB?$CI?$CI?$CIINTN?$CJ?$CIRETURN_STATUS?$CJ?$CIStatus@ 0000000000038028     UefiDriverEntryPoint:DriverEntryPoint.obj
 0002:00000050       ??_C@_0EN@BMBDHEJO@f?3?2uefiworkspace?2edk2?2MdePkg?2Li@ 0000000000038050     UefiDriverEntryPoint:DriverEntryPoint.obj
 0002:0000009d       _gDriverUnloadImageCount   000000000003809d     SetupBrowser:AutoGen.obj
 0002:0000009d       _gPcd_FixedAtBuild_PcdVerifyNodeInList 000000000003809d     SetupBrowser:AutoGen.obj
 0002:000000a0       _gPcd_FixedAtBuild_PcdMaximumDevicePathNodeCount 00000000000380a0     SetupBrowser:AutoGen.obj
 0002:000000a0       _gUefiDriverRevision       00000000000380a0     SetupBrowser:AutoGen.obj
 0002:000000a8       ??_C@_0N@NCICMNKN@SetupBrowser@ 00000000000380a8     SetupBrowser:AutoGen.obj
 0002:000000c0       ??_C@_0HL@GEHAGNHO@f?3?2uefiworkspace?2Build?2Emulator@ 00000000000380c0     SetupBrowser:AutoGen.obj
 0002:0000013c       _gPcd_FixedAtBuild_PcdMaximumAsciiStringLength 000000000003813c     SetupBrowser:AutoGen.obj
 0002:0000013c       _gPcd_FixedAtBuild_PcdMaximumLinkedListLength 000000000003813c     SetupBrowser:AutoGen.obj
 0002:0000013c       _gPcd_FixedAtBuild_PcdMaximumUnicodeStringLength 000000000003813c     SetupBrowser:AutoGen.obj
 0002:00000140       _gPcd_FixedAtBuild_PcdReportStatusCodePropertyMask 0000000000038140     SetupBrowser:AutoGen.obj
 0002:00000144       _gPcd_FixedAtBuild_PcdDebugPrintErrorLevel 0000000000038144     SetupBrowser:AutoGen.obj
 0002:00000148       _gPcd_FixedAtBuild_PcdFixedDebugPrintErrorLevel 0000000000038148     SetupBrowser:AutoGen.obj
 0002:0000014c       _gPcd_FixedAtBuild_PcdDebugPropertyMask 000000000003814c     SetupBrowser:AutoGen.obj
 0002:00000150       ??_C@_13MGDFOILI@?$AA?$CB@ 0000000000038150     SetupBrowser:Setup.obj
 0002:00000158       ??_C@_0BF@NDBIKIKC@CR?5has?5Bad?5Signature@ 0000000000038158     SetupBrowser:Setup.obj
 0002:00000170       ??_C@_0EF@FPCLKKPJ@f?3?2uefiworkspace?2edk2?2MdeModule@ 0000000000038170     SetupBrowser:Setup.obj
 0002:000001b8       ??_C@_0DK@IJHEFPAB@SettingLevel?5?$DN?$DN?5FormLevel?5?$HM?$HM?5Se@ 00000000000381b8     SetupBrowser:Setup.obj
 0002:000001f8       ??_C@_0BN@LKNBJPEL@NewMenuEntry?5?$CB?$DN?5?$CI?$CIvoid?5?$CK?$CJ?50?$CJ@ 00000000000381f8     SetupBrowser:Setup.obj
 0002:00000218       ??_C@_0BL@IONPMOEP@HiiHandles?5?$CB?$DN?5?$CI?$CIvoid?5?$CK?$CJ?50?$CJ@ 0000000000038218     SetupBrowser:Setup.obj
 0002:00000238       ??_C@_0BN@JKIBMOPP@LocalFormSet?5?$CB?$DN?5?$CI?$CIvoid?5?$CK?$CJ?50?$CJ@ 0000000000038238     SetupBrowser:Setup.obj
 0002:00000258       ??_C@_0BK@KKHDKLJL@Statement?5?$CB?$DN?5?$CI?$CIvoid?5?$CK?$CJ?50?$CJ@ 0000000000038258     SetupBrowser:Setup.obj
 0002:00000278       ??_C@_0DL@CHCMHJHP@Fatal?5Error?$CB?5EDKII_FORM_DISPLAY@ 0000000000038278     SetupBrowser:Setup.obj
 0002:000002b4       ??_C@_11LOCGONAA@@         00000000000382b4     SetupBrowser:Setup.obj
 0002:000002b8       ??_C@_0BK@EMAPFBAF@Selection?5?$CB?$DN?5?$CI?$CIvoid?5?$CK?$CJ?50?$CJ@ 00000000000382b8     SetupBrowser:Setup.obj
 0002:000002d8       ??_C@_0BI@DCAIAKBG@FormSet?5?$CB?$DN?5?$CI?$CIvoid?5?$CK?$CJ?50?$CJ@ 00000000000382d8     SetupBrowser:Setup.obj
 0002:000002f0       ??_C@_19IJOJOJIB@?$AAP?$AAA?$AAT?$AAH@ 00000000000382f0     SetupBrowser:Setup.obj
 0002:00000300       ??_C@_0BH@GGIPKJKJ@StrPtr?5?$CB?$DN?5?$CI?$CIvoid?5?$CK?$CJ?50?$CJ@ 0000000000038300     SetupBrowser:Setup.obj
 0002:00000318       ??_C@_13FLOCNAAB@?$AA?$CG@ 0000000000038318     SetupBrowser:Setup.obj
 0002:00000320       ??_C@_0BP@CMBLIOEG@BrowserStorage?5?$CB?$DN?5?$CI?$CIvoid?5?$CK?$CJ?50?$CJ@ 0000000000038320     SetupBrowser:Setup.obj
 0002:00000340       ??_C@_0BL@IKMGLHBA@ConfigResp?5?$CB?$DN?5?$CI?$CIvoid?5?$CK?$CJ?50?$CJ@ 0000000000038340     SetupBrowser:Setup.obj
 0002:00000360       ??_C@_0O@EMMLPDMJ@StringId?5?$CB?$DN?50@ 0000000000038360     SetupBrowser:Setup.obj
 0002:00000370       ??_C@_0BH@MAAHKCPC@String?5?$CB?$DN?5?$CI?$CIvoid?5?$CK?$CJ?50?$CJ@ 0000000000038370     SetupBrowser:Setup.obj
 0002:00000388       ??_C@_0BG@NJLDKBEH@?$CKDest?5?$CB?$DN?5?$CI?$CIvoid?5?$CK?$CJ?50?$CJ@ 0000000000038388     SetupBrowser:Setup.obj
 0002:000003a0       ??_C@_0BK@HACKOMPP@NewString?5?$CB?$DN?5?$CI?$CIvoid?5?$CK?$CJ?50?$CJ@ 00000000000383a0     SetupBrowser:Setup.obj
 0002:000003c0       ??_C@_0BH@IACGKAP@Buffer?5?$CB?$DN?5?$CI?$CIvoid?5?$CK?$CJ?50?$CJ@ 00000000000383c0     SetupBrowser:Setup.obj
 0002:000003d8       ??_C@_0BP@PAMADMNP@FormsetStorage?5?$CB?$DN?5?$CI?$CIvoid?5?$CK?$CJ?50?$CJ@ 00000000000383d8     SetupBrowser:Setup.obj
 0002:000003f8       ??_C@_13NMPKAAJP@?$AA?$DN@ 00000000000383f8     SetupBrowser:Setup.obj
 0002:00000400       ??_C@_0EN@IEPODJOD@Question?9?$DOHiiValue?4Type?5?$DN?$DN?50x0B@ 0000000000038400     SetupBrowser:Setup.obj
 0002:00000450       ??_C@_0BG@GJANEBOB@Value?5?$CB?$DN?5?$CI?$CIvoid?5?$CK?$CJ?50?$CJ@ 0000000000038450     SetupBrowser:Setup.obj
 0002:00000468       ??_C@_0BO@KAEFIFMO@ConfigRequest?5?$CB?$DN?5?$CI?$CIvoid?5?$CK?$CJ?50?$CJ@ 0000000000038468     SetupBrowser:Setup.obj
 0002:00000488       ??_C@_1O@DHGHMAMN@?$AA?$CG?$AAV?$AAA?$AAL?$AAU?$AAE@ 0000000000038488     SetupBrowser:Setup.obj
 0002:00000498       ??_C@_1BA@OHHBHMKI@?$AA?$CG?$AAV?$AAA?$AAL?$AAU?$AAE?$AA?$DN@ 0000000000038498     SetupBrowser:Setup.obj
 0002:000004a8       ??_C@_0BC@FEDIJHFF@?$CI?$CIBOOLEAN?$CJ?$CI0?$DN?$DN1?$CJ?$CJ@ 00000000000384a8     SetupBrowser:Setup.obj
 0002:000004c0       ??_C@_0CJ@KNPEFDNM@?$CI?$CKProgress?5?$DN?$DN?5?8?$CG?8?$CJ?5?$HM?$HM?5?$CI?$CKProgres@ 00000000000384c0     SetupBrowser:Setup.obj
 0002:000004f0       ??_C@_1M@PJAPFKED@?$AAP?$AAA?$AAT?$AAH?$AA?$DN@ 00000000000384f0     SetupBrowser:Setup.obj
 0002:00000500       ??_C@_0BH@KGKDKCLO@EndStr?5?$CB?$DN?5?$CI?$CIvoid?5?$CK?$CJ?50?$CJ@ 0000000000038500     SetupBrowser:Setup.obj
 0002:00000518       ??_C@_1BC@KLGPJAMP@?$AA?$CG?$AAO?$AAF?$AAF?$AAS?$AAE?$AAT?$AA?$DN@ 0000000000038518     SetupBrowser:Setup.obj
 0002:00000530       ??_C@_0CL@OBFNCMMM@?$CI?$CKProgress?5?$DN?$DN?5L?8?$CG?8?$CJ?5?$HM?$HM?5?$CI?$CKProgre@ 0000000000038530     SetupBrowser:Setup.obj
 0002:00000560       ??_C@_0CG@EEEMPLPF@?$CKRestoreConfigRequest?5?$CB?$DN?5?$CI?$CIvoid@ 0000000000038560     SetupBrowser:Setup.obj
 0002:00000588       ??_C@_0CA@NLCAJILJ@ConfigHdrEndStr?5?$CB?$DN?5?$CI?$CIvoid?5?$CK?$CJ?50?$CJ@ 0000000000038588     SetupBrowser:Setup.obj
 0002:000005a8       ??_C@_0BL@KJLFLBAF@ElementStr?5?$CB?$DN?5?$CI?$CIvoid?5?$CK?$CJ?50?$CJ@ 00000000000385a8     SetupBrowser:Setup.obj
 0002:000005c8       ??_C@_0CD@KCGICJEB@?$CKSyncConfigRequest?5?$CB?$DN?5?$CI?$CIvoid?5?$CK?$CJ@ 00000000000385c8     SetupBrowser:Setup.obj
 0002:000005f0       ??_C@_0BN@KDBDLHMK@StringBuffer?5?$CB?$DN?5?$CI?$CIvoid?5?$CK?$CJ?50?$CJ@ 00000000000385f0     SetupBrowser:Setup.obj
 0002:00000610       ??_C@_1DE@JNMHOEJ@?$AAS?$AAu?$AAb?$AAm?$AAi?$AAt?$AA?5?$AAF?$AAa?$AAi?$AAl?$AA?5?$AAF?$AAo?$AAr@ 0000000000038610     SetupBrowser:Setup.obj
 0002:00000650       ??_C@_1EC@OLNKANDF@?$AAN?$AAO?$AA_?$AAS?$AAU?$AAB?$AAM?$AAI?$AAT?$AA_?$AAI?$AAF?$AA?5?$AAe?$AAr@ 0000000000038650     SetupBrowser:Setup.obj
 0002:00000698       ??_C@_0DB@GEDMJLNM@Form?5?$CB?$DN?5?$CI?$CIvoid?5?$CK?$CJ?50?$CJ?5?$CG?$CG?5Questio@ 0000000000038698     SetupBrowser:Setup.obj
 0002:000006d0       ??_C@_0BN@EHPNHAIF@ConfigString?5?$CB?$DN?5?$CI?$CIvoid?5?$CK?$CJ?50?$CJ@ 00000000000386d0     SetupBrowser:Setup.obj
 0002:000006f0       ??_C@_0BK@IKGKLHMJ@BlockData?5?$CB?$DN?5?$CI?$CIvoid?5?$CK?$CJ?50?$CJ@ 00000000000386f0     SetupBrowser:Setup.obj
 0002:00000710       ??_C@_0BG@KEJHFGFH@Array?5?$CB?$DN?5?$CI?$CIvoid?5?$CK?$CJ?50?$CJ@ 0000000000038710     SetupBrowser:Setup.obj
 0002:00000728       ??_C@_0DP@EAKOAIDN@StrLen?5?$CINewString?$CJ?5?$CK?5sizeof?5?$CICH@ 0000000000038728     SetupBrowser:Setup.obj
 0002:00000770       ??_C@_0EA@DDHKAGAC@HiiValue?9?$DOType?5?$DN?$DN?50x0B?5?$CG?$CG?5Quest@ 0000000000038770     SetupBrowser:Setup.obj
 0002:000007b0       ??_C@_0CB@LMKIAJK@HiiValue?9?$DOBuffer?5?$CB?$DN?5?$CI?$CIvoid?5?$CK?$CJ?50@ 00000000000387b0     SetupBrowser:Setup.obj
 0002:000007d8       ??_C@_0BN@MAPPMEDF@BackUpBuffer?5?$CB?$DN?5?$CI?$CIvoid?5?$CK?$CJ?50?$CJ@ 00000000000387d8     SetupBrowser:Setup.obj
 0002:000007f8       ??_C@_0BO@EJLJOOFN@BackUpBuffer2?5?$CB?$DN?5?$CI?$CIvoid?5?$CK?$CJ?50?$CJ@ 00000000000387f8     SetupBrowser:Setup.obj
 0002:00000820       ??_C@_0EJ@MNBONPGK@Storage?9?$DOConfigRequest?5?$CB?$DN?5?$CI?$CIvoi@ 0000000000038820     SetupBrowser:Setup.obj
 0002:00000870       ??_C@_1BA@MMGOHHMM@?$AA?$CG?$AAO?$AAF?$AAF?$AAS?$AAE?$AAT@ 0000000000038870     SetupBrowser:Setup.obj
 0002:00000880       ??_C@_0BP@KOOPOOKN@RequestElement?5?$CB?$DN?5?$CI?$CIvoid?5?$CK?$CJ?50?$CJ@ 0000000000038880     SetupBrowser:Setup.obj
 0002:000008a0       ??_C@_0BH@GADOMDOK@NewStr?5?$CB?$DN?5?$CI?$CIvoid?5?$CK?$CJ?50?$CJ@ 00000000000388a0     SetupBrowser:Setup.obj
 0002:000008b8       ??_C@_0CD@GICIAKKE@NextRequestElement?5?$CB?$DN?5?$CI?$CIvoid?5?$CK?$CJ@ 00000000000388b8     SetupBrowser:Setup.obj
 0002:000008e0       ??_C@_1CO@DECMKNLF@?$AA?$CF?$AAs?$AA?$CG?$AAO?$AAF?$AAF?$AAS?$AAE?$AAT?$AA?$DN?$AA0?$AA?$CG?$AAW?$AAI?$AAD@ 00000000000388e0     SetupBrowser:Setup.obj
 0002:00000910       ??_C@_1O@KAHOBHOF@?$AA?$CG?$AAG?$AAU?$AAI?$AAD?$AA?$DN@ 0000000000038910     SetupBrowser:Setup.obj
 0002:00000920       ??_C@_0BP@JFMDNGDC@HiiPackageList?5?$CB?$DN?5?$CI?$CIvoid?5?$CK?$CJ?50?$CJ@ 0000000000038920     SetupBrowser:Setup.obj
 0002:00000940       ??_C@_0BI@DNICFLOF@Context?5?$CB?$DN?5?$CI?$CIvoid?5?$CK?$CJ?50?$CJ@ 0000000000038940     SetupBrowser:Setup.obj
 0002:00000958       ??_C@_0BK@JLAANJCP@gBrowserContextCount?5?$CB?$DN?50@ 0000000000038958     SetupBrowser:Setup.obj
 0002:00000978       ??_C@_0CE@OLHOFBAK@?$CBIsListEmpty?5?$CI?$CGgBrowserContextL@ 0000000000038978     SetupBrowser:Setup.obj
 0002:000009a0       ??_C@_0BJ@MDHPLH@Question?5?$CB?$DN?5?$CI?$CIvoid?5?$CK?$CJ?50?$CJ@ 00000000000389a0     SetupBrowser:Setup.obj
 0002:000009c0       ??_C@_0BH@CFJDGJFI@HotKey?5?$CB?$DN?5?$CI?$CIvoid?5?$CK?$CJ?50?$CJ@ 00000000000389c0     SetupBrowser:Setup.obj
 0002:000009e0       ??_C@_0EM@OGAPBDDF@f?3?2uefiworkspace?2edk2?2MdeModule@ 00000000000389e0     SetupBrowser:Presentation.obj
 0002:00000a30       ??_C@_0BK@JDDKFLNK@EventNode?5?$CB?$DN?5?$CI?$CIvoid?5?$CK?$CJ?50?$CJ@ 0000000000038a30     SetupBrowser:Presentation.obj
 0002:00000a50       ??_C@_0BO@NOINPJLH@DisplayOption?5?$CB?$DN?5?$CI?$CIvoid?5?$CK?$CJ?50?$CJ@ 0000000000038a50     SetupBrowser:Presentation.obj
 0002:00000a70       ??_C@_0CA@GFHKILOE@ParentStatement?5?$CB?$DN?5?$CI?$CIvoid?5?$CK?$CJ?50?$CJ@ 0000000000038a70     SetupBrowser:Presentation.obj
 0002:00000a90       ??_C@_0BI@CDNAJMMF@CopyKey?5?$CB?$DN?5?$CI?$CIvoid?5?$CK?$CJ?50?$CJ@ 0000000000038a90     SetupBrowser:Presentation.obj
 0002:00000aa8       ??_C@_0CB@CPIPEKIG@CopyKey?9?$DOKeyData?5?$CB?$DN?5?$CI?$CIvoid?5?$CK?$CJ?50@ 0000000000038aa8     SetupBrowser:Presentation.obj
 0002:00000ad0       ??_C@_0CE@OEDFHIJO@CopyKey?9?$DOHelpString?5?$CB?$DN?5?$CI?$CIvoid?5?$CK@ 0000000000038ad0     SetupBrowser:Presentation.obj
 0002:00000af8       ??_C@_0CB@LLGPBMJG@DisplayStatement?5?$CB?$DN?5?$CI?$CIvoid?5?$CK?$CJ?50@ 0000000000038af8     SetupBrowser:Presentation.obj
 0002:00000b20       ??_C@_0BL@JFODOCGB@DevicePath?5?$CB?$DN?5?$CI?$CIvoid?5?$CK?$CJ?50?$CJ@ 0000000000038b20     SetupBrowser:Presentation.obj
 0002:00000b40       ??_C@_0BO@CNJADLFN@ComparingGuid?5?$CB?$DN?5?$CI?$CIvoid?5?$CK?$CJ?50?$CJ@ 0000000000038b40     SetupBrowser:Presentation.obj
 0002:00000b60       ??_C@_0EH@MJINFEEC@UserInput?9?$DOAction?5?$CB?$DN?50?5?$HM?$HM?5UserI@ 0000000000038b60     SetupBrowser:Presentation.obj
 0002:00000ba8       ??_C@_0BM@OFLAELCN@CurrentMenu?5?$CB?$DN?5?$CI?$CIvoid?5?$CK?$CJ?50?$CJ@ 0000000000038ba8     SetupBrowser:Presentation.obj
 0002:00000bc8       ??_C@_0CG@LKKPELAF@gDisplayFormData?4BrowserStatus?5@ 0000000000038bc8     SetupBrowser:Presentation.obj
 0002:00000bf0       ??_C@_0EA@BACOHGNG@StrLen?5?$CINewString?$CJ?5?$CK?5sizeof?5?$CICH@ 0000000000038bf0     SetupBrowser:Presentation.obj
 0002:00000c30       ??_C@_0DC@GABDGGKA@?$CI?$CIEFI_IFR_OP_HEADER?5?$CK?$CJOpCodeDat@ 0000000000038c30     SetupBrowser:IfrParse.obj
 0002:00000c70       ??_C@_0EI@INFNELBM@f?3?2uefiworkspace?2edk2?2MdeModule@ 0000000000038c70     SetupBrowser:IfrParse.obj
 0002:00000cb8       ??_C@_0CG@CKCPKHDO@Statement?9?$DOExpression?5?$CB?$DN?5?$CI?$CIvoid@ 0000000000038cb8     SetupBrowser:IfrParse.obj
 0002:00000ce0       ??_C@_0CD@CICHGBGI@Statement?9?$DOStorage?5?$CB?$DN?5?$CI?$CIvoid?5?$CK?$CJ@ 0000000000038ce0     SetupBrowser:IfrParse.obj
 0002:00000d08       ??_C@_0CI@FCJMMEKE@Statement?9?$DOVariableName?5?$CB?$DN?5?$CI?$CIvo@ 0000000000038d08     SetupBrowser:IfrParse.obj
 0002:00000d30       ??_C@_0BO@ECGAOMEO@NameValueNode?5?$CB?$DN?5?$CI?$CIvoid?5?$CK?$CJ?50?$CJ@ 0000000000038d30     SetupBrowser:IfrParse.obj
 0002:00000d50       ??_C@_0CE@MDJACFNL@NameValueNode?9?$DOName?5?$CB?$DN?5?$CI?$CIvoid?5?$CK@ 0000000000038d50     SetupBrowser:IfrParse.obj
 0002:00000d78       ??_C@_0CF@BNJJAENC@NameValueNode?9?$DOValue?5?$CB?$DN?5?$CI?$CIvoid?5@ 0000000000038d78     SetupBrowser:IfrParse.obj
 0002:00000da0       ??_C@_0CJ@MMIMALPJ@NameValueNode?9?$DOEditValue?5?$CB?$DN?5?$CI?$CIv@ 0000000000038da0     SetupBrowser:IfrParse.obj
 0002:00000dd0       ??_C@_0BL@KHDGDGDB@Expression?5?$CB?$DN?5?$CI?$CIvoid?5?$CK?$CJ?50?$CJ@ 0000000000038dd0     SetupBrowser:IfrParse.obj
 0002:00000df0       ??_C@_0BM@FGIEGNBG@StorageName?5?$CB?$DN?5?$CI?$CIvoid?5?$CK?$CJ?50?$CJ@ 0000000000038df0     SetupBrowser:IfrParse.obj
 0002:00000e10       ??_C@_0BB@KMDMKCCA@StorageType?5?$DN?$DN?51@ 0000000000038e10     SetupBrowser:IfrParse.obj
 0002:00000e28       ??_C@_0BO@HEPHOKMP@UnicodeString?5?$CB?$DN?5?$CI?$CIvoid?5?$CK?$CJ?50?$CJ@ 0000000000038e28     SetupBrowser:IfrParse.obj
 0002:00000e48       ??_C@_0BI@LBDBFON@Storage?5?$CB?$DN?5?$CI?$CIvoid?5?$CK?$CJ?50?$CJ@ 0000000000038e48     SetupBrowser:IfrParse.obj
 0002:00000e60       ??_C@_1DA@LHLLODBL@?$AA?$CG?$AAO?$AAF?$AAF?$AAS?$AAE?$AAT?$AA?$DN?$AA?$CF?$AA0?$AA4?$AAx?$AA?$CG?$AAW?$AAI@ 0000000000038e60     SetupBrowser:IfrParse.obj
 0002:00000e90       ??_C@_17ILCPNALA@?$AA?$CG?$AA?$CF?$AAs@ 0000000000038e90     SetupBrowser:IfrParse.obj
 0002:00000e98       ??_C@_0BL@FIKIPLNB@ConfigInfo?5?$CB?$DN?5?$CI?$CIvoid?5?$CK?$CJ?50?$CJ@ 0000000000038e98     SetupBrowser:IfrParse.obj
 0002:00000eb8       ??_C@_0CK@MLEIMBFN@ConfigInfo?9?$DOConfigRequest?5?$CB?$DN?5?$CI?$CI@ 0000000000038eb8     SetupBrowser:IfrParse.obj
 0002:00000ee8       ??_C@_0CC@CCFCBLAK@MapExpressionList?5?$CB?$DN?5?$CI?$CIvoid?5?$CK?$CJ?5@ 0000000000038ee8     SetupBrowser:IfrParse.obj
 0002:00000f10       ??_C@_0CC@PGIJCEIB@CurrentExpression?5?$CB?$DN?5?$CI?$CIvoid?5?$CK?$CJ?5@ 0000000000038f10     SetupBrowser:IfrParse.obj
 0002:00000f38       ??_C@_0BM@CGDALJPP@CurrentForm?5?$CB?$DN?5?$CI?$CIvoid?5?$CK?$CJ?50?$CJ@ 0000000000038f38     SetupBrowser:IfrParse.obj
 0002:00000f58       ??_C@_0DA@GCFPAAIJ@CurrentForm?9?$DOSuppressExpression@ 0000000000038f58     SetupBrowser:IfrParse.obj
 0002:00000f88       ??_C@_0BN@LJPHENLK@DefaultStore?5?$CB?$DN?5?$CI?$CIvoid?5?$CK?$CJ?50?$CJ@ 0000000000038f88     SetupBrowser:IfrParse.obj
 0002:00000fa8       ??_C@_0CB@MLGBCBKK@CurrentStatement?5?$CB?$DN?5?$CI?$CIvoid?5?$CK?$CJ?50@ 0000000000038fa8     SetupBrowser:IfrParse.obj
 0002:00000fd0       ??_C@_0BP@CNIHKIFA@CurrentDefault?5?$CB?$DN?5?$CI?$CIvoid?5?$CK?$CJ?50?$CJ@ 0000000000038fd0     SetupBrowser:IfrParse.obj
 0002:00000ff0       ??_C@_0CN@DLOMBKAP@CurrentDefault?9?$DOValue?4Buffer?5?$CB?$DN@ 0000000000038ff0     SetupBrowser:IfrParse.obj
 0002:00001020       ??_C@_0BO@KCDJJCJE@CurrentOption?5?$CB?$DN?5?$CI?$CIvoid?5?$CK?$CJ?50?$CJ@ 0000000000039020     SetupBrowser:IfrParse.obj
 0002:00001040       ??_C@_0DC@MCNNHCBO@CurrentOption?9?$DOSuppressExpressi@ 0000000000039040     SetupBrowser:IfrParse.obj
 0002:00001078       ??_C@_0BI@PLMFGBKM@ImageId?5?$CB?$DN?5?$CI?$CIvoid?5?$CK?$CJ?50?$CJ@ 0000000000039078     SetupBrowser:IfrParse.obj
 0002:00001090       ??_C@_0BC@FOLOGLBK@MapScopeDepth?5?$DO?50@ 0000000000039090     SetupBrowser:IfrParse.obj
 0002:000010a8       ??_C@_0CE@BKGMEKGE@?$CI?$CKStackPtr?$CJ?9?$DOBuffer?5?$CB?$DN?5?$CI?$CIvoid?5?$CK@ 00000000000390a8     SetupBrowser:Expression.obj
 0002:000010d0       ??_C@_0EK@GGFAMOGO@f?3?2uefiworkspace?2edk2?2MdeModule@ 00000000000390d0     SetupBrowser:Expression.obj
 0002:00001120       ??_C@_17OADJODNB@?$AA?$CF?$AAl?$AAd@ 0000000000039120     SetupBrowser:Expression.obj
 0002:00001128       ??_C@_17PKPGALPG@?$AA?$CF?$AAl?$AAx@ 0000000000039128     SetupBrowser:Expression.obj
 0002:00001130       ??_C@_17FKMEKEMI@?$AA?$CF?$AAl?$AAX@ 0000000000039130     SetupBrowser:Expression.obj
 0002:00001138       ??_C@_19BFOILMBF@?$AAT?$AAr?$AAu?$AAe@ 0000000000039138     SetupBrowser:Expression.obj
 0002:00001148       ??_C@_1M@GDFLIJGE@?$AAF?$AAa?$AAl?$AAs?$AAe@ 0000000000039148     SetupBrowser:Expression.obj
 0002:00001158       ??_C@_0BH@CLIPOOBE@TmpBuf?5?$CB?$DN?5?$CI?$CIvoid?5?$CK?$CJ?50?$CJ@ 0000000000039158     SetupBrowser:Expression.obj
 0002:00001170       ??_C@_15JKMGFKLP@?$AA?$CF?$AAa@ 0000000000039170     SetupBrowser:Expression.obj
 0002:00001178       ??_C@_15GANGMFKL@?$AA?$CF?$AAs@ 0000000000039178     SetupBrowser:Expression.obj
 0002:00001180       ??_C@_15EEPOHOLM@?$AA0?$AAX@ 0000000000039180     SetupBrowser:Expression.obj
 0002:00001188       ??_C@_0CL@ICLMMMNM@GetBufferForValue?5?$CI?$CGValue?$CJ?5?$CB?$DN?5?$CI@ 0000000000039188     SetupBrowser:Expression.obj
 0002:000011b8       ??_C@_0BK@OHHEMHCC@StringPtr?5?$CB?$DN?5?$CI?$CIvoid?5?$CK?$CJ?50?$CJ@ 00000000000391b8     SetupBrowser:Expression.obj
 0002:000011d8       ??_C@_0BP@EIEKCNDB@Result?9?$DOBuffer?5?$CB?$DN?5?$CI?$CIvoid?5?$CK?$CJ?50?$CJ@ 00000000000391d8     SetupBrowser:Expression.obj
 0002:000011f8       ??_C@_0BN@BOHIKNIF@HandleBuffer?5?$CB?$DN?5?$CI?$CIvoid?5?$CK?$CJ?50?$CJ@ 00000000000391f8     SetupBrowser:Expression.obj
 0002:00001220       ??_C@_0IB@KFHIDHPK@?$CIDevicePath?5?$CB?$DN?5?$CI?$CIvoid?5?$CK?$CJ?50?$CJ?5?$CG?$CG?5@ 0000000000039220     SetupBrowser:Expression.obj
 0002:000012a8       ??_C@_0BK@KLJHMMPJ@HiiHandle?5?$CB?$DN?5?$CI?$CIvoid?5?$CK?$CJ?50?$CJ@ 00000000000392a8     SetupBrowser:Expression.obj
 0002:000012c8       ??_C@_0BF@JNIBMNIB@Form?5?$CB?$DN?5?$CI?$CIvoid?5?$CK?$CJ?50?$CJ@ 00000000000392c8     SetupBrowser:Expression.obj
 0002:000012e0       ??_C@_19ELAAHEEL@?$AAT?$AAR?$AAU?$AAE@ 00000000000392e0     SetupBrowser:Expression.obj
 0002:000012f0       ??_C@_1M@HCOOECOK@?$AAF?$AAA?$AAL?$AAS?$AAE@ 00000000000392f0     SetupBrowser:Expression.obj
 0002:00001300       ??_C@_0BK@BAEJABNA@NameValue?5?$CB?$DN?5?$CI?$CIvoid?5?$CK?$CJ?50?$CJ@ 0000000000039300     SetupBrowser:Expression.obj
 0002:00001320       ??_C@_0EM@CLIHPKHD@ExpList?9?$DOSignature?5?$DN?$DN?5?$CI?$CI?$CI?8F?8?$CJ?5?$HM@ 0000000000039320     SetupBrowser:Expression.obj
 0002:00001370       ??_C@_0BF@CBLMFKOC@Node?5?$CB?$DN?5?$CI?$CIvoid?5?$CK?$CJ?50?$CJ@ 0000000000039370     UefiDevicePathLib:DevicePathUtilities.obj
 0002:00001390       ??_C@_0EN@MFEGGAD@f?3?2uefiworkspace?2edk2?2MdePkg?2Li@ 0000000000039390     UefiDevicePathLib:DevicePathUtilities.obj
 0002:000013e0       ??_C@_0CI@BGLNHBLM@?$CI?$CI?$CIUINTN?$CJ?5?$CIStartOfBuffer?$CJ?$CJ?5?$CG?50x@ 00000000000393e0     BasePrintLib:PrintLib.obj
 0002:00001408       ??_C@_0DN@IKICKOBE@f?3?2uefiworkspace?2edk2?2MdePkg?2Li@ 0000000000039408     BasePrintLib:PrintLib.obj
 0002:00001448       ??_C@_0CH@KJLBGOBB@?$CI?$CI?$CIUINTN?$CJ?5?$CIFormatString?$CJ?$CJ?5?$CG?50x0@ 0000000000039448     BasePrintLib:PrintLib.obj
 0002:00001470       ??_C@_0CB@LDBAOPMG@?$CI?$CI?$CIUINTN?$CJ?5?$CIBuffer?$CJ?$CJ?5?$CG?50x01?$CJ?5?$DN?$DN?5@ 0000000000039470     BasePrintLib:PrintLib.obj
 0002:000014a0       ??_C@_0EF@BOLGFEOP@f?3?2uefiworkspace?2edk2?2MdePkg?2Li@ 00000000000394a0     BasePrintLib:PrintLibInternal.obj
 0002:000014e8       ??_C@_0BJ@CNKJJNE@?$CIBuffer?5?$CB?$DN?5?$CI?$CIvoid?5?$CK?$CJ?50?$CJ?$CJ@ 00000000000394e8     BasePrintLib:PrintLibInternal.obj
 0002:00001510       ??_C@_0EB@HDGIDCIO@?$CIBufferSize?5?$DM?$DN?5?$CI_gPcd_FixedAtBu@ 0000000000039510     BasePrintLib:PrintLibInternal.obj
 0002:00001560       ??_C@_0FJ@HAEMOBLP@?$CIBufferSize?5?$DM?$DN?5?$CI_gPcd_FixedAtBu@ 0000000000039560     BasePrintLib:PrintLibInternal.obj
 0002:000015c0       ??_C@_0CO@OJNGHNJG@?$CI?$CIFlags?5?$CG?5?$HO?$CI0x01?5?$HM?50x08?5?$HM?50x20?5@ 00000000000395c0     BasePrintLib:PrintLibInternal.obj
 0002:000015f0       ??_C@_0DB@HIDPIAGP@?$CI?$CI?$CIFlags?5?$CG?50x08?$CJ?5?$DN?$DN?50?$CJ?5?$HM?$HM?5?$CI?$CIFla@ 00000000000395f0     BasePrintLib:PrintLibInternal.obj
 0002:00001628       ??_C@_0N@PNKFBKME@?$CIWidth?5?$DM?538?$CJ@ 0000000000039628     BasePrintLib:PrintLibInternal.obj
 0002:00001638       ??_C@_0CI@HPJOGFNE@?$CIBufferSize?5?$DO?$DN?5?$CIWidth?5?$CL?51?$CJ?5?$CK?5In@ 0000000000039638     BasePrintLib:PrintLibInternal.obj
 0002:00001660       ??_C@_0BJ@PPAKKDJG@?$CIFormat?5?$CB?$DN?5?$CI?$CIvoid?5?$CK?$CJ?50?$CJ?$CJ@ 0000000000039660     BasePrintLib:PrintLibInternal.obj
 0002:00001680       ??_C@_0ED@LPDDCECB@?$CIBufferSize?5?$DM?$DN?5?$CI_gPcd_FixedAtBu@ 0000000000039680     BasePrintLib:PrintLibInternal.obj
 0002:000016d0       ??_C@_0IM@BFJJFLGB@?$CIStrnLenS?5?$CI?$CICHAR16?5?$CK?$CJFormat?0?5?$CI_@ 00000000000396d0     BasePrintLib:PrintLibInternal.obj
 0002:00001760       ??_C@_0ID@PLGJGION@?$CIAsciiStrnLenS?5?$CIFormat?0?5?$CI_gPcd_@ 0000000000039760     BasePrintLib:PrintLibInternal.obj
 0002:000017e8       ??_C@_0O@MLOLIMFM@?$DMnull?5string?$DO@ 00000000000397e8     BasePrintLib:PrintLibInternal.obj
 0002:000017f8       ??_C@_0M@BJJDNPHK@?$DMnull?5guid?$DO@ 00000000000397f8     BasePrintLib:PrintLibInternal.obj
 0002:00001808       ??_C@_0DB@PMLHLBMO@?$CF08x?9?$CF04x?9?$CF04x?9?$CF02x?$CF02x?9?$CF02x?$CF02@ 0000000000039808     BasePrintLib:PrintLibInternal.obj
 0002:00001840       ??_C@_0M@LHGBCIKM@?$DMnull?5time?$DO@ 0000000000039840     BasePrintLib:PrintLibInternal.obj
 0002:00001850       ??_C@_0BK@FCPKCIDD@?$CF02d?1?$CF02d?1?$CF04d?5?5?$CF02d?3?$CF02d@ 0000000000039850     BasePrintLib:PrintLibInternal.obj
 0002:0000186c       ??_C@_04JIMNDDED@?$CF08X@  000000000003986c     BasePrintLib:PrintLibInternal.obj
 0002:00001874       ??_C@_02PCIJFNDE@?$AN?6@   0000000000039874     BasePrintLib:PrintLibInternal.obj
 0002:00001878       ??_C@_01LIIJDEN@?$AN@      0000000000039878     BasePrintLib:PrintLibInternal.obj
 0002:00001880       mWarningString             0000000000039880     BasePrintLib:PrintLibInternal.obj
 0002:00001950       mErrorString               0000000000039950     BasePrintLib:PrintLibInternal.obj
 0002:00001c30       mHexStr                    0000000000039c30     BasePrintLib:PrintLibInternal.obj
 0002:00001c40       ??_C@_0BH@LKMBFCBF@Format?5?$CB?$DN?5?$CI?$CIvoid?5?$CK?$CJ?50?$CJ@ 0000000000039c40     PeiDxeDebugLibReportStatusCode:DebugLib.obj
 0002:00001c60       ??_C@_0FF@OJMNGPG@f?3?2uefiworkspace?2edk2?2MdeModule@ 0000000000039c60     PeiDxeDebugLibReportStatusCode:DebugLib.obj
 0002:00001cb8       ??_C@_0CP@EFCGCEBK@?$CICHAR8?5?$CK?$CJBaseListMarkerPointer?5@ 0000000000039cb8     PeiDxeDebugLibReportStatusCode:DebugLib.obj
 0002:00001ce8       ??_C@_01OHGJGJJP@?$FL@     0000000000039ce8     PeiDxeDebugLibReportStatusCode:DebugLib.obj
 0002:00001cec       ??_C@_02PBFOLPKM@?$FN?5@   0000000000039cec     PeiDxeDebugLibReportStatusCode:DebugLib.obj
 0002:00001cf0       ??_C@_0DG@EEENIGGL@Length?5?$DM?$DN?5?$CI0xFFFFFFFFFFFFFFFFUL@ 0000000000039cf0     BaseMemoryLib:MemLibGuid.obj
 0002:00001d30       ??_C@_0ED@MKGCMJG@?$CILength?5?9?51?$CJ?5?$DM?$DN?5?$CI0xFFFFFFFFFFFF@ 0000000000039d30     BaseMemoryLib:CopyMemWrapper.obj
 0002:00001d80       ??_C@_0EE@GOMGOBAA@f?3?2uefiworkspace?2edk2?2MdePkg?2Li@ 0000000000039d80     BaseMemoryLib:CopyMemWrapper.obj
 0002:00001dc8       ??_C@_0DO@MAOBOFEG@?$CILength?5?9?51?$CJ?5?$DM?$DN?5?$CI0xFFFFFFFFFFFF@ 0000000000039dc8     BaseMemoryLib:CopyMemWrapper.obj
 0002:00001e10       ??_C@_0EE@NKGEIAMH@f?3?2uefiworkspace?2edk2?2MdePkg?2Li@ 0000000000039e10     BaseMemoryLib:ZeroMemWrapper.obj
 0002:00001e58       ??_C@_0CC@JOEHDGKB@DestinationBuffer?5?$CB?$DN?5?$CI?$CIvoid?5?$CK?$CJ?5@ 0000000000039e58     BaseMemoryLib:CompareMemWrapper.obj
 0002:00001e80       ??_C@_0EH@LNGKEKLE@f?3?2uefiworkspace?2edk2?2MdePkg?2Li@ 0000000000039e80     BaseMemoryLib:CompareMemWrapper.obj
 0002:00001ec8       ??_C@_0BN@MDMCNBCC@SourceBuffer?5?$CB?$DN?5?$CI?$CIvoid?5?$CK?$CJ?50?$CJ@ 0000000000039ec8     BaseMemoryLib:CompareMemWrapper.obj
 0002:00001ee8       ??_C@_0CC@GFNLNIOC@?$CI?$CIUINTN?$CJString?5?$CG?50x00000001?$CJ?5?$DN?$DN@ 0000000000039ee8     BaseLib:SafeString.obj
 0002:00001f10       ??_C@_0DK@NEJELINC@f?3?2uefiworkspace?2edk2?2MdePkg?2Li@ 0000000000039f10     BaseLib:SafeString.obj
 0002:00001f50       ??_C@_0CH@LALFPBMC@?$CI?$CIUINTN?$CJDestination?5?$CG?50x0000000@ 0000000000039f50     BaseLib:SafeString.obj
 0002:00001f78       ??_C@_0CC@HEBCMBPF@?$CI?$CIUINTN?$CJSource?5?$CG?50x00000001?$CJ?5?$DN?$DN@ 0000000000039f78     BaseLib:SafeString.obj
 0002:00001fa0       ??_C@_0BO@ECNIOIHG@?$CIDestination?5?$CB?$DN?5?$CI?$CIvoid?5?$CK?$CJ?50?$CJ?$CJ@ 0000000000039fa0     BaseLib:SafeString.obj
 0002:00001fc0       ??_C@_07KBGDFDAM@StrCpyS@  0000000000039fc0     BaseLib:SafeString.obj
 0002:00001fd0       ??_C@_0EA@PDPDJJNN@?$CFa?$CI?$CFd?$CJ?5?$CFa?3?5SAFE_STRING_CONSTRAI@ 0000000000039fd0     BaseLib:SafeString.obj
 0002:00002010       ??_C@_0BJ@EAEEJIP@?$CISource?5?$CB?$DN?5?$CI?$CIvoid?5?$CK?$CJ?50?$CJ?$CJ@ 000000000003a010     BaseLib:SafeString.obj
 0002:00002030       ??_C@_0EA@BBALOHPI@?$CIDestMax?5?$DM?$DN?5?$CI_gPcd_FixedAtBuild@ 000000000003a030     BaseLib:SafeString.obj
 0002:00002070       ??_C@_0P@PMIMLIHM@?$CIDestMax?5?$CB?$DN?50?$CJ@ 000000000003a070     BaseLib:SafeString.obj
 0002:00002080       ??_C@_0BG@EEGIIOKH@?$CIDestMax?5?$DO?5SourceLen?$CJ@ 000000000003a080     BaseLib:SafeString.obj
 0002:000020a0       ??_C@_0FH@PPBLBDBJ@InternalSafeStringNoStrOverlap?5@ 000000000003a0a0     BaseLib:SafeString.obj
 0002:000020f8       ??_C@_08INOAHJON@StrnCpyS@ 000000000003a0f8     BaseLib:SafeString.obj
 0002:00002108       ??_C@_0DP@PBOJGJC@?$CILength?5?$DM?$DN?5?$CI_gPcd_FixedAtBuild_@ 000000000003a108     BaseLib:SafeString.obj
 0002:00002148       ??_C@_07EBBOPAKF@StrCatS@  000000000003a148     BaseLib:SafeString.obj
 0002:00002150       ??_C@_0P@BHOOOJPD@?$CICopyLen?5?$CB?$DN?50?$CJ@ 000000000003a150     BaseLib:SafeString.obj
 0002:00002160       ??_C@_0BG@BPGICNPK@?$CICopyLen?5?$DO?5SourceLen?$CJ@ 000000000003a160     BaseLib:SafeString.obj
 0002:00002178       ??_C@_0BJ@MBBOBCLN@?$CIString?5?$CB?$DN?5?$CI?$CIvoid?5?$CK?$CJ?50?$CJ?$CJ@ 000000000003a178     BaseLib:SafeString.obj
 0002:00002198       ??_C@_0BH@JPMEDPAI@?$CIData?5?$CB?$DN?5?$CI?$CIvoid?5?$CK?$CJ?50?$CJ?$CJ@ 000000000003a198     BaseLib:SafeString.obj
 0002:000021b0       ??_C@_0IC@CFBPEAPC@?$CIStrnLenS?5?$CIString?0?5?$CI_gPcd_Fixed@ 000000000003a1b0     BaseLib:SafeString.obj
 0002:00002238       ??_C@_0BE@CAKPCCF@StrDecimalToUint64S@ 000000000003a238     BaseLib:SafeString.obj
 0002:00002250       ??_C@_0BA@PLPLKCD@StrHexToUint64S@ 000000000003a250     BaseLib:SafeString.obj
 0002:00002260       ??_C@_0DO@LJFOOPII@?$CIDestMax?5?$DM?$DN?5?$CI_gPcd_FixedAtBuild@ 000000000003a260     BaseLib:SafeString.obj
 0002:000022a0       ??_C@_0FL@CDANCHFO@InternalSafeStringNoAsciiStrOve@ 000000000003a2a0     BaseLib:SafeString.obj
 0002:00002300       ??_C@_0O@DIHNCLLG@AsciiStrnCpyS@ 000000000003a300     BaseLib:SafeString.obj
 0002:00002310       ??_C@_0DN@DLAADCJE@?$CILength?5?$DM?$DN?5?$CI_gPcd_FixedAtBuild_@ 000000000003a310     BaseLib:SafeString.obj
 0002:00002350       ??_C@_0DG@ODLLMBNP@f?3?2uefiworkspace?2edk2?2MdePkg?2Li@ 000000000003a350     BaseLib:String.obj
 0002:00002388       ??_C@_0DK@EOJCOAME@Length?5?$DM?5_gPcd_FixedAtBuild_Pcd@ 000000000003a388     BaseLib:String.obj
 0002:000023c8       ??_C@_0BL@JAAMOCAJ@StrSize?5?$CIFirstString?$CJ?5?$CB?$DN?50@ 000000000003a3c8     BaseLib:String.obj
 0002:000023e8       ??_C@_0BM@DALBOILC@StrSize?5?$CISecondString?$CJ?5?$CB?$DN?50@ 000000000003a3e8     BaseLib:String.obj
 0002:00002408       ??_C@_0BG@KBNOLIGE@StrSize?5?$CIString?$CJ?5?$CB?$DN?50@ 000000000003a408     BaseLib:String.obj
 0002:00002420       ??_C@_0BM@NNBLOHJD@StrSize?5?$CISearchString?$CJ?5?$CB?$DN?50@ 000000000003a420     BaseLib:String.obj
 0002:00002440       ??_C@_0DI@MDIKFADO@Length?5?$DM?5_gPcd_FixedAtBuild_Pcd@ 000000000003a440     BaseLib:String.obj
 0002:00002478       ??_C@_0BL@IKFBNFIL@AsciiStrSize?5?$CIFirstString?$CJ@ 000000000003a478     BaseLib:String.obj
 0002:00002498       ??_C@_0BM@EDNOKLLE@AsciiStrSize?5?$CISecondString?$CJ@ 000000000003a498     BaseLib:String.obj
 0002:000024b8       ??_C@_0DJ@JJHGIFMP@Length?5?$DM?$DN?5_gPcd_FixedAtBuild_Pc@ 000000000003a4b8     BaseLib:String.obj
 0002:000024f8       ??_C@_0BF@NJNGJMPC@List?5?$CB?$DN?5?$CI?$CIvoid?5?$CK?$CJ?50?$CJ@ 000000000003a4f8     BaseLib:LinkedList.obj
 0002:00002510       ??_C@_0DK@OGPFJBAL@f?3?2uefiworkspace?2edk2?2MdePkg?2Li@ 000000000003a510     BaseLib:LinkedList.obj
 0002:00002550       ??_C@_0CC@KDLPLAED@List?9?$DOForwardLink?5?$CB?$DN?5?$CI?$CIvoid?5?$CK?$CJ?5@ 000000000003a550     BaseLib:LinkedList.obj
 0002:00002578       ??_C@_0BP@IJJCCMAK@List?9?$DOBackLink?5?$CB?$DN?5?$CI?$CIvoid?5?$CK?$CJ?50?$CJ@ 000000000003a578     BaseLib:LinkedList.obj
 0002:00002598       ??_C@_0CI@BMHOPIIO@InternalBaseLibIsListValid?5?$CIFir@ 000000000003a598     BaseLib:LinkedList.obj
 0002:000025c0       ??_C@_0BM@BAIHHOEP@SecondEntry?5?$CB?$DN?5?$CI?$CIvoid?5?$CK?$CJ?50?$CJ@ 000000000003a5c0     BaseLib:LinkedList.obj
 0002:000025e0       ??_C@_0BJ@NJABNCDK@ListHead?5?$CB?$DN?5?$CI?$CIvoid?5?$CK?$CJ?50?$CJ@ 000000000003a5e0     BaseLib:LinkedList.obj
 0002:00002600       ??_C@_0DI@HOMAKAJD@?$CI?$CIBOOLEAN?$CJ?$CI0?$DN?$DN1?$CJ?$CJ?5?$DN?$DN?5IsNodeInLi@ 000000000003a600     BaseLib:LinkedList.obj
 0002:00002638       ??_C@_0CG@LGIALJFK@InternalBaseLibIsListValid?5?$CILis@ 000000000003a638     BaseLib:LinkedList.obj
 0002:00002660       ??_C@_0CC@JLDICICM@InternalBaseLibIsListValid?5?$CILis@ 000000000003a660     BaseLib:LinkedList.obj
 0002:00002688       ??_C@_0DD@OAAIDOJD@?$CI?$CIBOOLEAN?$CJ?$CI1?$DN?$DN1?$CJ?$CJ?5?$DN?$DN?5IsNodeInLi@ 000000000003a688     BaseLib:LinkedList.obj
 0002:000026c0       ??_C@_0BF@NMBJJECB@?$CBIsListEmpty?5?$CIEntry?$CJ@ 000000000003a6c0     BaseLib:LinkedList.obj
 0002:000026e0       ??_C@_0EJ@KBPJPBK@?$CIOrData?5?$DO?$DO?5?$CIEndBit?5?9?5StartBit?$CJ?$CJ@ 000000000003a6e0     BaseLib:BitField.obj
 0002:00002730       ??_C@_0DI@EPCPCPPF@f?3?2uefiworkspace?2edk2?2MdePkg?2Li@ 000000000003a730     BaseLib:BitField.obj
 0002:00002770       ??_C@_0EL@FAHAFDHP@?$CIAndData?5?$DO?$DO?5?$CIEndBit?5?9?5StartBit?$CJ@ 000000000003a770     BaseLib:BitField.obj
 0002:000027c0       ??_C@_0BD@JDBPFJOM@StartBit?5?$DM?$DN?5EndBit@ 000000000003a7c0     BaseLib:BitField.obj
 0002:000027d8       ??_C@_0M@NJLBHEFK@EndBit?5?$DM?532@ 000000000003a7d8     BaseLib:BitField.obj
 0002:000027e8       ??_C@_0N@KGHEHMDL@Divisor?5?$CB?$DN?50@ 000000000003a7e8     BaseLib:DivU64x32.obj
 0002:000027f8       ??_C@_0DJ@IEJALMDK@f?3?2uefiworkspace?2edk2?2MdePkg?2Li@ 000000000003a7f8     BaseLib:DivU64x32.obj
 0002:00002840       ??_C@_0EC@JNPELHIH@f?3?2uefiworkspace?2edk2?2MdePkg?2Li@ 000000000003a840     BaseLib:DivU64x32Remainder.obj
 0002:00002888       ??_C@_0L@MEMPDLHB@Count?5?$DM?564@ 000000000003a888     BaseLib:LShiftU64.obj
 0002:00002898       ??_C@_0DJ@POKPBLDK@f?3?2uefiworkspace?2edk2?2MdePkg?2Li@ 000000000003a898     BaseLib:LShiftU64.obj
 0002:000028d8       ??_C@_0DJ@BLIGCFNI@f?3?2uefiworkspace?2edk2?2MdePkg?2Li@ 000000000003a8d8     BaseLib:RShiftU64.obj
 0002:00002918       ??_C@_0DJ@GPHHHNOB@f?3?2uefiworkspace?2edk2?2MdePkg?2Li@ 000000000003a918     BaseLib:Unaligned.obj
 0002:00002960       ??_C@_0FD@NABGIAAK@f?3?2uefiworkspace?2edk2?2MdePkg?2Li@ 000000000003a960     UefiMemoryAllocationLib:MemoryAllocationLib.obj
 0002:000029b8       ??_C@_0DO@GEEICOOO@AllocationSize?5?$DM?$DN?5?$CI0xFFFFFFFFFF@ 000000000003a9b8     UefiMemoryAllocationLib:MemoryAllocationLib.obj
 0002:000029f8       ??_C@_0BN@COECPDCC@gImageHandle?5?$CB?$DN?5?$CI?$CIvoid?5?$CK?$CJ?50?$CJ@ 000000000003a9f8     UefiBootServicesTableLib:UefiBootServicesTableLib.obj
 0002:00002a20       ??_C@_0FJ@LLOKMAMB@f?3?2uefiworkspace?2edk2?2MdePkg?2Li@ 000000000003aa20     UefiBootServicesTableLib:UefiBootServicesTableLib.obj
 0002:00002a80       ??_C@_0BE@DGNHAHIL@gST?5?$CB?$DN?5?$CI?$CIvoid?5?$CK?$CJ?50?$CJ@ 000000000003aa80     UefiBootServicesTableLib:UefiBootServicesTableLib.obj
 0002:00002a98       ??_C@_0BE@BDFJLGLN@gBS?5?$CB?$DN?5?$CI?$CIvoid?5?$CK?$CJ?50?$CJ@ 000000000003aa98     UefiBootServicesTableLib:UefiBootServicesTableLib.obj
 0002:00002ab0       ??_C@_0BE@OBDFIHND@gRT?5?$CB?$DN?5?$CI?$CIvoid?5?$CK?$CJ?50?$CJ@ 000000000003aab0     UefiRuntimeServicesTableLib:UefiRuntimeServicesTableLib.obj
 0002:00002ad0       ??_C@_0FP@KMDGPEO@f?3?2uefiworkspace?2edk2?2MdePkg?2Li@ 000000000003aad0     UefiRuntimeServicesTableLib:UefiRuntimeServicesTableLib.obj
 0002:00002b30       ??_C@_0FD@LJGJNJML@f?3?2uefiworkspace?2edk2?2MdeModule@ 000000000003ab30     UefiHiiServicesLib:UefiHiiServicesLib.obj
 0002:00002b88       ??_C@_0DH@CPNBINNB@f?3?2uefiworkspace?2edk2?2MdePkg?2Li@ 000000000003ab88     UefiLib:UefiLib.obj
 0002:00002bc0       ??_C@_0BN@HHGHCLME@ProtocolGuid?5?$CB?$DN?5?$CI?$CIvoid?5?$CK?$CJ?50?$CJ@ 000000000003abc0     UefiLib:UefiLib.obj
 0002:00002be0       ??_C@_0BP@DEIEJICI@NotifyFunction?5?$CB?$DN?5?$CI?$CIvoid?5?$CK?$CJ?50?$CJ@ 000000000003abe0     UefiLib:UefiLib.obj
 0002:00002c00       ??_C@_0BN@OMCJCPAI@Registration?5?$CB?$DN?5?$CI?$CIvoid?5?$CK?$CJ?50?$CJ@ 000000000003ac00     UefiLib:UefiLib.obj
 0002:00002c20       ??_C@_0EG@GOBFPEEP@Name?5?$CB?$DN?5?$CI?$CIvoid?5?$CK?$CJ?50?$CJ?5?$CG?$CG?5Guid?5?$CB?$DN@ 000000000003ac20     UefiLib:UefiLib.obj
 0002:00002c68       ??_C@_0BH@FMEOEIBC@?$CKValue?5?$CB?$DN?5?$CI?$CIvoid?5?$CK?$CJ?50?$CJ@ 000000000003ac68     UefiLib:UefiLib.obj
 0002:00002c80       ??_C@_0CD@OLFKAJF@SupportedLanguages?5?$CB?$DN?5?$CI?$CIvoid?5?$CK?$CJ@ 000000000003ac80     UefiLib:UefiLib.obj
 0002:00002cb0       ??_C@_0EC@OGIFGNIJ@f?3?2uefiworkspace?2edk2?2MdeModule@ 000000000003acb0     UefiHiiLib:HiiString.obj
 0002:00002cf4       ??_C@_06PLDEFKP@x?9UEFI@   000000000003acf4     UefiHiiLib:HiiString.obj
 0002:00002d00       ??_C@_0DA@MAJHLAPK@?$CB?$CI?$CBTryBestLanguage?5?$CG?$CG?5Language?5@ 000000000003ad00     UefiHiiLib:HiiString.obj
 0002:00002d30       ??_C@_1BK@GGGENMOA@?$AAP?$AAl?$AAa?$AAt?$AAf?$AAo?$AAr?$AAm?$AAL?$AAa?$AAn?$AAg@ 000000000003ad30     UefiHiiLib:HiiString.obj
 0002:00002d4a       ??_C@_00CNPNBAHC@@         000000000003ad4a     UefiHiiLib:HiiString.obj
 0002:00002d50       ??_C@_0BF@PEDOPNMP@Guid?5?$CB?$DN?5?$CI?$CIvoid?5?$CK?$CJ?50?$CJ@ 000000000003ad50     UefiHiiLib:HiiLib.obj
 0002:00002d68       ??_C@_0DP@JFOILPIM@f?3?2uefiworkspace?2edk2?2MdeModule@ 000000000003ad68     UefiHiiLib:HiiLib.obj
 0002:00002da8       ??_C@_0BH@OOIJJHNK@Handle?5?$CB?$DN?5?$CI?$CIvoid?5?$CK?$CJ?50?$CJ@ 000000000003ada8     UefiHiiLib:HiiLib.obj
 0002:00002dc0       ??_C@_0DK@MCEDFOEJ@Status?5?$CB?$DN?5?$CI?$CIRETURN_STATUS?$CJ?$CI0x80@ 000000000003adc0     UefiHiiLib:HiiLib.obj
 0002:00002e00       ??_C@_1M@DPLGJLCD@?$AAG?$AAU?$AAI?$AAD?$AA?$DN@ 000000000003ae00     UefiHiiLib:HiiLib.obj
 0002:00002e10       ??_C@_1O@FMIENBLJ@?$AA?$CG?$AAN?$AAA?$AAM?$AAE?$AA?$DN@ 000000000003ae10     UefiHiiLib:HiiLib.obj
 0002:00002e20       ??_C@_1O@GGMHNGIF@?$AA?$CG?$AAP?$AAA?$AAT?$AAH?$AA?$DN@ 000000000003ae20     UefiHiiLib:HiiLib.obj
 0002:00002e30       ??_C@_0EE@MFLOBMNH@f?3?2uefiworkspace?2edk2?2MdeModule@ 000000000003ae30     UefiHiiLib:HiiLanguage.obj
 0002:00002e80       ??_C@_0FI@PJEDBJM@f?3?2uefiworkspace?2edk2?2MdeModule@ 000000000003ae80     DxeReportStatusCodeLib:ReportStatusCodeLib.obj
 0002:00002ed8       ??_C@_0DN@HHIHPHHB@?$CB?$CI?$CIExtendedData?5?$DN?$DN?5?$CI?$CIvoid?5?$CK?$CJ?50?$CJ@ 000000000003aed8     DxeReportStatusCodeLib:ReportStatusCodeLib.obj
 0002:00002f18       ??_C@_0DN@BBBIFINB@?$CB?$CI?$CIExtendedData?5?$CB?$DN?5?$CI?$CIvoid?5?$CK?$CJ?50?$CJ@ 000000000003af18     DxeReportStatusCodeLib:ReportStatusCodeLib.obj
 0002:00002fac       __volatile_metadata        000000000003afac     <linker-defined>
 0003:00000000       gEfiLoadedImageProtocolGuid 000000000003c000     SetupBrowser:AutoGen.obj
 0003:00000010       gEfiStatusCodeSpecificDataGuid 000000000003c010     SetupBrowser:AutoGen.obj
 0003:00000020       gEfiGlobalVariableGuid     000000000003c020     SetupBrowser:AutoGen.obj
 0003:00000030       gEfiStatusCodeRuntimeProtocolGuid 000000000003c030     SetupBrowser:AutoGen.obj
 0003:00000040       gEfiUnicodeCollation2ProtocolGuid 000000000003c040     SetupBrowser:AutoGen.obj
 0003:00000050       gEfiRegularExpressionProtocolGuid 000000000003c050     SetupBrowser:AutoGen.obj
 0003:00000060       gEfiHiiPlatformSetupFormsetGuid 000000000003c060     SetupBrowser:AutoGen.obj
 0003:00000070       gEfiDevicePathProtocolGuid 000000000003c070     SetupBrowser:AutoGen.obj
 0003:00000080       gEfiCallerBaseName         000000000003c080     SetupBrowser:AutoGen.obj
 0003:00000088       gEfiHiiConfigRoutingProtocolGuid 000000000003c088     SetupBrowser:AutoGen.obj
 0003:00000098       gEdkiiFormDisplayEngineProtocolGuid 000000000003c098     SetupBrowser:AutoGen.obj
 0003:000000a8       gEfiStatusCodeDataTypeDebugGuid 000000000003c0a8     SetupBrowser:AutoGen.obj
 0003:000000b8       gEfiHiiImageProtocolGuid   000000000003c0b8     SetupBrowser:AutoGen.obj
 0003:000000c8       gEfiHiiStandardFormGuid    000000000003c0c8     SetupBrowser:AutoGen.obj
 0003:000000d8       gEfiDevicePathFromTextProtocolGuid 000000000003c0d8     SetupBrowser:AutoGen.obj
 0003:000000e8       gEfiHiiDatabaseProtocolGuid 000000000003c0e8     SetupBrowser:AutoGen.obj
 0003:000000f8       gEfiHiiStringProtocolGuid  000000000003c0f8     SetupBrowser:AutoGen.obj
 0003:00000108       gEfiHiiConfigAccessProtocolGuid 000000000003c108     SetupBrowser:AutoGen.obj
 0003:00000118       gEfiUserManagerProtocolGuid 000000000003c118     SetupBrowser:AutoGen.obj
 0003:00000128       gEfiFormBrowser2ProtocolGuid 000000000003c128     SetupBrowser:AutoGen.obj
 0003:00000138       gEdkiiIfrBitVarstoreGuid   000000000003c138     SetupBrowser:AutoGen.obj
 0003:00000148       gEdkiiFormBrowserExProtocolGuid 000000000003c148     SetupBrowser:AutoGen.obj
 0003:00000158       gEdkiiFormBrowserEx2ProtocolGuid 000000000003c158     SetupBrowser:AutoGen.obj
 0003:00000168       gEfiCallerIdGuid           000000000003c168     SetupBrowser:AutoGen.obj
 0003:00000178       gEfiHiiFontProtocolGuid    000000000003c178     SetupBrowser:AutoGen.obj
 0003:00000188       mBrowserScopeFirstSet      000000000003c188     SetupBrowser:Setup.obj
 0003:0000018c       gBrowserSettingScope       000000000003c18c     SetupBrowser:Setup.obj
 0003:00000190       mUnknownString             000000000003c190     SetupBrowser:Setup.obj
 0003:00000198       gBrowserStorageList        000000000003c198     SetupBrowser:Setup.obj
 0003:000001a8       gBrowserHotKeyList         000000000003c1a8     SetupBrowser:Setup.obj
 0003:000001b8       gBrowserFormSetList        000000000003c1b8     SetupBrowser:Setup.obj
 0003:000001c8       gBrowserContextList        000000000003c1c8     SetupBrowser:Setup.obj
 0003:000001e0       mPrivateData               000000000003c1e0     SetupBrowser:Setup.obj
 0003:00000278       gBrowserSaveFailFormSetList 000000000003c278     SetupBrowser:Setup.obj
 0003:00000288       mRefreshEventList          000000000003c288     SetupBrowser:Presentation.obj
 0003:000002a0       gZeroGuid                  000000000003c2a0     SetupBrowser:AutoGen.obj
 0003:000002b0       mSystemSubmit              000000000003c2b0     SetupBrowser:Setup.obj
 0003:000002b1       gResetRequiredSystemLevel  000000000003c2b1     SetupBrowser:Setup.obj
 0003:000002b8       ExitHandlerFunction        000000000003c2b8     SetupBrowser:Setup.obj
 0003:000002c0       gBrowserContextCount       000000000003c2c0     SetupBrowser:Setup.obj
 0003:000002c8       mCurrentFormId             000000000003c2c8     SetupBrowser:Presentation.obj
 0003:000002d0       mCurrentHiiHandle          000000000003c2d0     SetupBrowser:Presentation.obj
 0003:000002d8       mCurrentFormSetGuid        000000000003c2d8     SetupBrowser:Presentation.obj
 0003:000002e8       mFinishRetrieveCall        000000000003c2e8     SetupBrowser:Presentation.obj
 0003:000002f0       mValueChangedEvent         000000000003c2f0     SetupBrowser:Presentation.obj
 0003:000002f8       mOpCodeScopeStackPointer   000000000003c2f8     SetupBrowser:Expression.obj
 0003:00000300       mUnicodeCollation          000000000003c300     SetupBrowser:Expression.obj
 0003:00000308       mCurrentExpressionPointer  000000000003c308     SetupBrowser:Expression.obj
 0003:00000310       mOptionExpressionPointer   000000000003c310     SetupBrowser:Expression.obj
 0003:00000318       mExpressionEvaluationStackOffset 000000000003c318     SetupBrowser:Expression.obj
 0003:00000320       mMapExpressionListStack    000000000003c320     SetupBrowser:Expression.obj
 0003:00000328       mCurrentExpressionStack    000000000003c328     SetupBrowser:Expression.obj
 0003:00000330       mCurrentExpressionEnd      000000000003c330     SetupBrowser:Expression.obj
 0003:00000338       mOpCodeScopeStack          000000000003c338     SetupBrowser:Expression.obj
 0003:00000340       mUserManager               000000000003c340     SetupBrowser:Expression.obj
 0003:00000348       mStatementExpressionEnd    000000000003c348     SetupBrowser:Expression.obj
 0003:00000350       mOptionExpressionStack     000000000003c350     SetupBrowser:Expression.obj
 0003:00000358       mStatementExpressionPointer 000000000003c358     SetupBrowser:Expression.obj
 0003:00000360       mMapExpressionListEnd      000000000003c360     SetupBrowser:Expression.obj
 0003:00000368       mStatementExpressionStack  000000000003c368     SetupBrowser:Expression.obj
 0003:00000370       mExpressionEvaluationStack 000000000003c370     SetupBrowser:Expression.obj
 0003:00000378       mFormExpressionStack       000000000003c378     SetupBrowser:Expression.obj
 0003:00000380       mFormExpressionEnd         000000000003c380     SetupBrowser:Expression.obj
 0003:00000388       mMapExpressionListPointer  000000000003c388     SetupBrowser:Expression.obj
 0003:00000390       mOpCodeScopeStackEnd       000000000003c390     SetupBrowser:Expression.obj
 0003:00000398       mExpressionEvaluationStackEnd 000000000003c398     SetupBrowser:Expression.obj
 0003:000003a0       mFormExpressionPointer     000000000003c3a0     SetupBrowser:Expression.obj
 0003:000003a8       mOptionExpressionEnd       000000000003c3a8     SetupBrowser:Expression.obj
 0003:000003b0       mExpressionEvaluationStackPointer 000000000003c3b0     SetupBrowser:Expression.obj
 0003:000003b8       gST                        000000000003c3b8     UefiBootServicesTableLib:UefiBootServicesTableLib.obj
 0003:000003c0       gBS                        000000000003c3c0     UefiBootServicesTableLib:UefiBootServicesTableLib.obj
 0003:000003c8       gImageHandle               000000000003c3c8     UefiBootServicesTableLib:UefiBootServicesTableLib.obj
 0003:000003d0       gRT                        000000000003c3d0     UefiRuntimeServicesTableLib:UefiRuntimeServicesTableLib.obj
 0003:000003d8       gHiiString                 000000000003c3d8     UefiHiiServicesLib:UefiHiiServicesLib.obj
 0003:000003e0       gHiiFont                   000000000003c3e0     UefiHiiServicesLib:UefiHiiServicesLib.obj
 0003:000003e8       gHiiConfigRouting          000000000003c3e8     UefiHiiServicesLib:UefiHiiServicesLib.obj
 0003:000003f0       gHiiImage                  000000000003c3f0     UefiHiiServicesLib:UefiHiiServicesLib.obj
 0003:000003f8       gHiiDatabase               000000000003c3f8     UefiHiiServicesLib:UefiHiiServicesLib.obj
 0003:00000400       mReportStatusCodeLibStatusCodeProtocol 000000000003c400     DxeReportStatusCodeLib:ReportStatusCodeLib.obj
 0003:00000408       mExpressionOpCodeIndex     000000000003c408     <common>
 0003:00000410       mUsedQuestionId            000000000003c410     <common>
 0003:00000418       mStatementIndex            000000000003c418     <common>
 0003:00000420       mHiiPackageListUpdated     000000000003c420     <common>
 0003:00000422       mCurFakeQestId             000000000003c422     <common>
 0003:00000440       gDisplayFormData           000000000003c440     <common>
[...]
 0006:00000078       $unwind$BufferToValue      000000000003f078     SetupBrowser:Setup.obj
 0006:00000080       $unwind$GetQuestionValue   000000000003f080     SetupBrowser:Setup.obj
 0006:00000088       $unwind$SetQuestionValue   000000000003f088     SetupBrowser:Setup.obj
 0006:00000090       $unwind$GrowStack          000000000003f090     SetupBrowser:Expression.obj
 0006:00000090       $unwind$InitializeFormSet  000000000003f090     SetupBrowser:Setup.obj
 0006:00000090       $unwind$SubmitForm         000000000003f090     SetupBrowser:Setup.obj
 0006:00000090       $unwind$ValueChangedValidation 000000000003f090     SetupBrowser:Setup.obj
 0006:00000090       $unwind$BasePrintLibValueToString 000000000003f090     BasePrintLib:PrintLibInternal.obj
 0006:00000098       $unwind$CreateQuestion     000000000003f098     SetupBrowser:IfrParse.obj
 0006:00000098       $unwind$ProcessRetrieveForQuestion 000000000003f098     SetupBrowser:Presentation.obj
 0006:00000098       $unwind$ConfigRequestAdjust 000000000003f098     SetupBrowser:Setup.obj
 0006:00000098       $unwind$GetDefaultValueFromAltCfg 000000000003f098     SetupBrowser:Setup.obj
 0006:00000098       $unwind$NoSubmitCheck      000000000003f098     SetupBrowser:Setup.obj
 0006:00000098       $unwind$StrCatS            000000000003f098     BaseLib:SafeString.obj
 0006:000000a0       $unwind$HiiConstructConfigHdr 000000000003f0a0     UefiHiiLib:HiiLib.obj
 0006:000000a0       $unwind$ExtractAltCfgForFormSet 000000000003f0a0     SetupBrowser:Setup.obj
 0006:000000a0       $unwind$SynchronizeStorage 000000000003f0a0     SetupBrowser:Setup.obj
 0006:000000a8       $unwind$IfrToUint          000000000003f0a8     SetupBrowser:Expression.obj
 0006:000000a8       $unwind$DestroyForm        000000000003f0a8     SetupBrowser:IfrParse.obj
 0006:000000a8       $unwind$DevicePathToHiiHandle 000000000003f0a8     SetupBrowser:Presentation.obj
 0006:000000a8       $unwind$GetFormsetGuidFromHiiHandle 000000000003f0a8     SetupBrowser:Presentation.obj
 0006:000000a8       $unwind$SendDiscardInfoToDriver 000000000003f0a8     SetupBrowser:Setup.obj
 0006:000000a8       $unwind$SubmitCallbackForForm 000000000003f0a8     SetupBrowser:Setup.obj
 0006:000000b0       $unwind$HiiGetSupportedLanguages 000000000003f0b0     UefiHiiLib:HiiLanguage.obj
 0006:000000b0       $unwind$FormSetGuidToHiiHandle 000000000003f0b0     SetupBrowser:Presentation.obj
 0006:000000b0       $unwind$GetBrowserStatement 000000000003f0b0     SetupBrowser:Presentation.obj
 0006:000000b0       $unwind$GetDisplayStatement 000000000003f0b0     SetupBrowser:Presentation.obj
 0006:000000b0       $unwind$IsNvUpdateRequiredForForm 000000000003f0b0     SetupBrowser:Presentation.obj
 0006:000000b0       $unwind$IsNvUpdateRequiredForFormSet 000000000003f0b0     SetupBrowser:Presentation.obj
 0006:000000b0       $unwind$ProcessQuestionExtraAttr 000000000003f0b0     SetupBrowser:Presentation.obj
 0006:000000b0       $unwind$UpdateStatementStatusForFormSet 000000000003f0b0     SetupBrowser:Presentation.obj
 0006:000000b0       $unwind$CleanAltCfgForForm 000000000003f0b0     SetupBrowser:Setup.obj
 0006:000000b0       $unwind$CleanAltCfgForFormSet 000000000003f0b0     SetupBrowser:Setup.obj
 0006:000000b0       $unwind$CleanBrowserStorage 000000000003f0b0     SetupBrowser:Setup.obj
 0006:000000b0       $unwind$GetFormSetFromHiiHandle 000000000003f0b0     SetupBrowser:Setup.obj
 0006:000000b0       $unwind$GetHotKeyFromRegisterList 000000000003f0b0     SetupBrowser:Setup.obj
 0006:000000b0       $unwind$IsHiiHandleInBrowserContext 000000000003f0b0     SetupBrowser:Setup.obj
 0006:000000b0       $unwind$ValidateHiiHandle  000000000003f0b0     SetupBrowser:Setup.obj
 0006:000000b0       $unwind$InternalBaseLibIsListValid 000000000003f0b0     BaseLib:LinkedList.obj
 0006:000000b0       $unwind$IsZeroGuid         000000000003f0b0     BaseMemoryLib:MemLibGuid.obj
 0006:000000b8       $unwind$UpdateFlagForForm  000000000003f0b8     SetupBrowser:Setup.obj
 0006:000000b8       $unwind$ValueChangeResetFlagUpdate 000000000003f0b8     SetupBrowser:Setup.obj
 0006:000000c0       $unwind$DiscardForm        000000000003f0c0     SetupBrowser:Setup.obj
 0006:000000c0       $unwind$PasswordCheck      000000000003f0c0     SetupBrowser:Setup.obj
 0006:000000c0       $unwind$InternalMemCopyMem 000000000003f0c0     BaseMemoryLib:CopyMem.obj
 0006:000000c8       $unwind$LoadStorage        000000000003f0c8     SetupBrowser:Setup.obj
 0006:000000c8       $unwind$SubmitForForm      000000000003f0c8     SetupBrowser:Setup.obj
 0006:000000d0       $unwind$SubmitForFormSet   000000000003f0d0     SetupBrowser:Setup.obj
 0006:000000d8       $unwind$SubmitForSystem    000000000003f0d8     SetupBrowser:Setup.obj
 0006:000000e0       $unwind$IntializeBrowserStorage 000000000003f0e0     SetupBrowser:IfrParse.obj
 0006:000000e0       $unwind$GetArrayData       000000000003f0e0     SetupBrowser:Setup.obj
 0006:000000e0       $unwind$InternalAllocateCopyPool 000000000003f0e0     UefiMemoryAllocationLib:MemoryAllocationLib.obj
 0006:000000e8       $unwind$SetArrayData       000000000003f0e8     SetupBrowser:Setup.obj
 0006:000000e8       $unwind$BitFieldWrite32    000000000003f0e8     BaseLib:BitField.obj
 0006:000000f0       $unwind$GetQuestionDefault 000000000003f0f0     SetupBrowser:Setup.obj
 0006:000000f8       $unwind$ExtractAltCfgForForm 000000000003f0f8     SetupBrowser:Setup.obj
 0006:000000f8       $unwind$ExtractDefault     000000000003f0f8     SetupBrowser:Setup.obj
 0006:00000100       $unwind$IsQuestionValueChanged 000000000003f100     SetupBrowser:Setup.obj
 0006:00000100       $unwind$BasePrintLibConvertValueToStringS 000000000003f100     BasePrintLib:PrintLibInternal.obj
 0006:00000108       $unwind$CountOpCodes       000000000003f108     SetupBrowser:IfrParse.obj
 0006:00000108       $unwind$AppendConfigRequest 000000000003f108     SetupBrowser:Setup.obj
 0006:00000108       $unwind$StrCpyS            000000000003f108     BaseLib:SafeString.obj
 0006:00000108       $unwind$StrHexToUint64S    000000000003f108     BaseLib:SafeString.obj
 0006:00000108       $unwind$InternalMemSetMem  000000000003f108     BaseMemoryLib:SetMem.obj
 0006:00000110       $unwind$GetFstStgFromVarId 000000000003f110     SetupBrowser:IfrParse.obj
 0006:00000110       $unwind$InitializeDisplayStatement 000000000003f110     SetupBrowser:Presentation.obj
 0006:00000110       $unwind$ProcessGotoOpCode  000000000003f110     SetupBrowser:Presentation.obj
 0006:00000110       $unwind$SyncStatusForFormSet 000000000003f110     SetupBrowser:Setup.obj
 0006:00000110       $unwind$SyncStatusForQuestion 000000000003f110     SetupBrowser:Setup.obj
 0006:00000110       $unwind$CompareGuid        000000000003f110     BaseMemoryLib:MemLibGuid.obj
 0006:00000118       $unwind$GetFstStgFromBrsStg 000000000003f118     SetupBrowser:IfrParse.obj
 0006:00000118       $unwind$ProcessUserInput   000000000003f118     SetupBrowser:Presentation.obj
 0006:00000118       $unwind$InitializeCurrentSetting 000000000003f118     SetupBrowser:Setup.obj
 0006:00000120       $unwind$SaveBrowserContext 000000000003f120     SetupBrowser:Setup.obj
 0006:00000120       $unwind$SaveReminder       000000000003f120     SetupBrowser:Setup.obj
 0006:00000128       $unwind$SetScope           000000000003f128     SetupBrowser:Setup.obj
 0006:00000130       $unwind$DebugPrint         000000000003f130     PeiDxeDebugLibReportStatusCode:DebugLib.obj
 0006:00000130       $unwind$GrowConditionalStack 000000000003f130     SetupBrowser:Expression.obj
 0006:00000130       $unwind$PushConditionalStack 000000000003f130     SetupBrowser:Expression.obj
 0006:00000130       $unwind$PushStack          000000000003f130     SetupBrowser:Expression.obj
 0006:00000130       $unwind$RegisterHotKey     000000000003f130     SetupBrowser:Setup.obj
 0006:00000130       $unwind$InternalSafeStringNoAsciiStrOverlap 000000000003f130     BaseLib:SafeString.obj
 0006:00000130       $unwind$InternalSafeStringNoStrOverlap 000000000003f130     BaseLib:SafeString.obj
 0006:00000130       $unwind$UnicodeSPrint      000000000003f130     BasePrintLib:PrintLib.obj
 0006:00000130       $unwind$UnicodeVSPrint     000000000003f130     BasePrintLib:PrintLib.obj
 0006:00000130       $unwind$UnicodeValueToStringS 000000000003f130     BasePrintLib:PrintLib.obj
 0006:00000138       $unwind$FreeHotkeyList     000000000003f138     SetupBrowser:Presentation.obj
 0006:00000138       $unwind$InitializeDisplayFormData 000000000003f138     SetupBrowser:Presentation.obj
 0006:00000138       $unwind$UpdateDataChangedFlag 000000000003f138     SetupBrowser:Presentation.obj
 0006:00000138       $unwind$UpdateHotkeyList   000000000003f138     SetupBrowser:Presentation.obj
 0006:00000138       $unwind$IsBrowserDataModified 000000000003f138     SetupBrowser:Setup.obj
 0006:00000140       $unwind$ExecuteAction      000000000003f140     SetupBrowser:Setup.obj
 0006:00000148       $unwind$InternalGetReportStatusCode 000000000003f148     DxeReportStatusCodeLib:ReportStatusCodeLib.obj
 0006:00000148       $unwind$InitializeUnicodeCollationProtocol 000000000003f148     SetupBrowser:Expression.obj
 0006:00000148       $unwind$FreeRefreshEvent   000000000003f148     SetupBrowser:Presentation.obj
 0006:00000148       $unwind$UpdateDisplayFormData 000000000003f148     SetupBrowser:Presentation.obj
 0006:00000148       $unwind$CpuDeadLoop        000000000003f148     BaseLib:CpuDeadLoop.obj
 0006:00000150       $unwind$PopCurrentExpression 000000000003f150     SetupBrowser:Expression.obj
 0006:00000150       $unwind$PopMapExpressionList 000000000003f150     SetupBrowser:Expression.obj
 0006:00000150       $unwind$PopScope           000000000003f150     SetupBrowser:Expression.obj
 0006:00000150       $unwind$PushCurrentExpression 000000000003f150     SetupBrowser:Expression.obj
 0006:00000150       $unwind$PushMapExpressionList 000000000003f150     SetupBrowser:Expression.obj
 0006:00000150       $unwind$DestroyExpression  000000000003f150     SetupBrowser:IfrParse.obj
 0006:00000150       $unwind$CreateRefreshEventForForm 000000000003f150     SetupBrowser:Presentation.obj
 0006:00000150       $unwind$CreateRefreshEventForStatement 000000000003f150     SetupBrowser:Presentation.obj
 0006:00000150       $unwind$FreeStatementData  000000000003f150     SetupBrowser:Presentation.obj
 0006:00000158       $unwind$AddStatementToDisplayForm 000000000003f158     SetupBrowser:Presentation.obj
 0006:00000160       $unwind$FreeDisplayFormData 000000000003f160     SetupBrowser:Presentation.obj
 0006:00000168       $unwind$DisplayForm        000000000003f168     SetupBrowser:Presentation.obj
 0006:00000170       $unwind$ProcessCallBackFunction 000000000003f170     SetupBrowser:Presentation.obj
 0006:00000178       $unwind$HiiGetHiiHandles   000000000003f178     UefiHiiLib:HiiLib.obj
 0006:00000178       $unwind$DestroyFormSet     000000000003f178     SetupBrowser:IfrParse.obj
 0006:00000178       $unwind$SetupBrowser       000000000003f178     SetupBrowser:Presentation.obj
 0006:00000180       $unwind$FindStorageInList  000000000003f180     SetupBrowser:IfrParse.obj
 0006:00000188       $unwind$CreateStorage      000000000003f188     SetupBrowser:IfrParse.obj
 0006:00000190       $unwind$InitializeRequestElement 000000000003f190     SetupBrowser:IfrParse.obj
 0006:00000198       $unwind$PopExpression      000000000003f198     SetupBrowser:Expression.obj
 0006:00000198       $unwind$PushExpression     000000000003f198     SetupBrowser:Expression.obj
 0006:00000198       $unwind$DestroyStorage     000000000003f198     SetupBrowser:IfrParse.obj
 0006:00000198       $unwind$GetFirstNode       000000000003f198     BaseLib:LinkedList.obj
 0006:00000198       $unwind$InitializeListHead 000000000003f198     BaseLib:LinkedList.obj
 0006:00000198       $unwind$RemoveEntryList    000000000003f198     BaseLib:LinkedList.obj
 0006:00000198       $unwind$AsciiStrSize       000000000003f198     BaseLib:String.obj
 0006:00000198       $unwind$InternalHexCharToUintn 000000000003f198     BaseLib:String.obj
 0006:00000198       $unwind$StrSize            000000000003f198     BaseLib:String.obj
 0006:00000198       $unwind$ReadUnaligned16    000000000003f198     BaseLib:Unaligned.obj
 0006:00000198       $unwind$ReadUnaligned32    000000000003f198     BaseLib:Unaligned.obj
 0006:00000198       $unwind$ReadUnaligned64    000000000003f198     BaseLib:Unaligned.obj
 0006:00000198       $unwind$DevicePathNodeLength 000000000003f198     UefiDevicePathLib:DevicePathUtilities.obj
 0006:00000198       $unwind$DevicePathSubType  000000000003f198     UefiDevicePathLib:DevicePathUtilities.obj
 0006:00000198       $unwind$DevicePathType     000000000003f198     UefiDevicePathLib:DevicePathUtilities.obj
 0006:00000198       $unwind$NextDevicePathNode 000000000003f198     UefiDevicePathLib:DevicePathUtilities.obj
 0006:00000198       $unwind$GetDevicePathSize  000000000003f198     UefiDevicePathLib:UefiDevicePathLib.obj
 0006:00000198       $unwind$AllocatePool       000000000003f198     UefiMemoryAllocationLib:MemoryAllocationLib.obj
 0006:00000198       $unwind$AllocateZeroPool   000000000003f198     UefiMemoryAllocationLib:MemoryAllocationLib.obj
 0006:000001a0       $unwind$IsUnKnownOpCode    000000000003f1a0     SetupBrowser:IfrParse.obj
 0006:000001a8       $unwind$ParseOpCodes       000000000003f1a8     SetupBrowser:IfrParse.obj
 0006:000001b0       $unwind$DebugVPrint        000000000003f1b0     PeiDxeDebugLibReportStatusCode:DebugLib.obj
 0006:000001b0       $unwind$HiiGetString       000000000003f1b0     UefiHiiLib:HiiString.obj
 0006:000001b0       $unwind$PopConditionalStack 000000000003f1b0     SetupBrowser:Expression.obj
 0006:000001b0       $unwind$PopStack           000000000003f1b0     SetupBrowser:Expression.obj
 0006:000001b0       $unwind$AsciiStrnCmp       000000000003f1b0     BaseLib:String.obj
 0006:000001b0       $unwind$CompareMem         000000000003f1b0     BaseMemoryLib:CompareMemWrapper.obj
 0006:000001b0       $unwind$CopyMem            000000000003f1b0     BaseMemoryLib:CopyMemWrapper.obj
 0006:000001b0       $unwind$GetEfiGlobalVariable2 000000000003f1b0     UefiLib:UefiLib.obj
 0006:000001b8       $unwind$GetConditionalExpressionCount 000000000003f1b8     SetupBrowser:Expression.obj
 0006:000001b8       $unwind$GetConditionalExpressionList 000000000003f1b8     SetupBrowser:Expression.obj
 0006:000001b8       $unwind$PopConditionalExpression 000000000003f1b8     SetupBrowser:Expression.obj
 0006:000001c0       $unwind$PushConditionalExpression 000000000003f1c0     SetupBrowser:Expression.obj
 0006:000001c0       $unwind$MultU64x32         000000000003f1c0     BaseLib:MultU64x32.obj
 0006:000001c0       $unwind$InternalAllocatePool 000000000003f1c0     UefiMemoryAllocationLib:MemoryAllocationLib.obj
 0006:000001c0       $unwind$InternalAllocateZeroPool 000000000003f1c0     UefiMemoryAllocationLib:MemoryAllocationLib.obj
 0006:000001c8       $unwind$PushScope          000000000003f1c8     SetupBrowser:Expression.obj
 0006:000001d0       $unwind$ReportDebugCodeEnabled 000000000003f1d0     DxeReportStatusCodeLib:ReportStatusCodeLib.obj
 0006:000001d0       $unwind$ReportErrorCodeEnabled 000000000003f1d0     DxeReportStatusCodeLib:ReportStatusCodeLib.obj
 0006:000001d0       $unwind$ReportProgressCodeEnabled 000000000003f1d0     DxeReportStatusCodeLib:ReportStatusCodeLib.obj
 0006:000001d0       $unwind$DebugAssertEnabled 000000000003f1d0     PeiDxeDebugLibReportStatusCode:DebugLib.obj
 0006:000001d0       $unwind$DebugPrintEnabled  000000000003f1d0     PeiDxeDebugLibReportStatusCode:DebugLib.obj
 0006:000001d0       $unwind$SaveExpressionEvaluationStackOffset 000000000003f1d0     SetupBrowser:Expression.obj
 0006:000001d8       $unwind$IdToQuestion       000000000003f1d8     SetupBrowser:Expression.obj
 0006:000001e0       $unwind$DebugPrintLevelEnabled 000000000003f1e0     PeiDxeDebugLibReportStatusCode:DebugLib.obj
 0006:000001e0       $unwind$ExtendValueToU64   000000000003f1e0     SetupBrowser:Expression.obj
 0006:000001e0       $unwind$GetBufferForValue  000000000003f1e0     SetupBrowser:Expression.obj
 0006:000001e0       $unwind$GetLengthForValue  000000000003f1e0     SetupBrowser:Expression.obj
 0006:000001e0       $unwind$HiiValueToUINT64   000000000003f1e0     SetupBrowser:Expression.obj
 0006:000001e0       $unwind$IsTrue             000000000003f1e0     SetupBrowser:Expression.obj
 0006:000001e0       $unwind$IsTypeInBuffer     000000000003f1e0     SetupBrowser:Expression.obj
 0006:000001e0       $unwind$IsTypeInUINT64     000000000003f1e0     SetupBrowser:Expression.obj
 0006:000001e0       $unwind$InternalIsDecimalDigitCharacter 000000000003f1e0     BaseLib:String.obj
 0006:000001e8       $unwind$IfrFind            000000000003f1e8     SetupBrowser:Expression.obj
 0006:000001e8       $unwind$IfrSpan            000000000003f1e8     SetupBrowser:Expression.obj
 0006:000001e8       $unwind$IfrToString        000000000003f1e8     SetupBrowser:Expression.obj
 0006:000001f0       $unwind$IfrCatenate        000000000003f1f0     SetupBrowser:Expression.obj
 0006:000001f8       $unwind$IfrMatch           000000000003f1f8     SetupBrowser:Expression.obj
 0006:00000200       $unwind$IfrMatch2          000000000003f200     SetupBrowser:Expression.obj
 0006:00000208       $unwind$IfrMid             000000000003f208     SetupBrowser:Expression.obj
 0006:00000210       $unwind$IfrToken           000000000003f210     SetupBrowser:Expression.obj
 0006:00000218       $unwind$CheckUserPrivilege 000000000003f218     SetupBrowser:Expression.obj
 0006:00000220       $unwind$GetQuestionValueFromForm 000000000003f220     SetupBrowser:Expression.obj
 0006:00000228       $unwind$EvaluateExpression 000000000003f228     SetupBrowser:Expression.obj
 0006:00000230       $unwind$EvaluateExpressionList 000000000003f230     SetupBrowser:Expression.obj
 0006:00000238       $unwind$BasePrintLibFillBuffer 000000000003f238     BasePrintLib:PrintLibInternal.obj
 0006:00000240       $unwind$BasePrintLibSPrintMarker 000000000003f240     BasePrintLib:PrintLibInternal.obj
 0006:00000250       $unwind$DebugPrintMarker   000000000003f250     PeiDxeDebugLibReportStatusCode:DebugLib.obj
 0006:00000258       $unwind$DebugAssert        000000000003f258     PeiDxeDebugLibReportStatusCode:DebugLib.obj
 0006:00000260       $unwind$AsciiStrnCpyS      000000000003f260     BaseLib:SafeString.obj
 0006:00000260       $unwind$StrnCpyS           000000000003f260     BaseLib:SafeString.obj
 0006:00000268       $unwind$AsciiStrnLenS      000000000003f268     BaseLib:SafeString.obj
 0006:00000270       $unwind$InternalBaseLibBitFieldReadUint 000000000003f270     BaseLib:BitField.obj
 0006:00000278       $unwind$InternalBaseLibBitFieldAndUint 000000000003f278     BaseLib:BitField.obj
 0006:00000278       $unwind$InternalBaseLibBitFieldOrUint 000000000003f278     BaseLib:BitField.obj
 0006:00000280       $unwind$BitFieldRead32     000000000003f280     BaseLib:BitField.obj
 0006:00000280       $unwind$DivU64x32Remainder 000000000003f280     BaseLib:DivU64x32Remainder.obj
 0006:00000288       $unwind$BitFieldAnd32      000000000003f288     BaseLib:BitField.obj
 0006:00000288       $unwind$BitFieldAndThenOr32 000000000003f288     BaseLib:BitField.obj
 0006:00000288       $unwind$BitFieldOr32       000000000003f288     BaseLib:BitField.obj
 0006:00000290       $unwind$DivU64x32          000000000003f290     BaseLib:DivU64x32.obj
 0006:00000298       $unwind$InternalMathDivU64x32 000000000003f298     BaseLib:Math64.obj
 0006:000002a0       $unwind$InternalMathDivRemU64x32 000000000003f2a0     BaseLib:Math64.obj
 0006:000002a8       $unwind$InternalReportStatusCode 000000000003f2a8     DxeReportStatusCodeLib:ReportStatusCodeLib.obj
 0006:000002b0       $unwind$ReportStatusCodeEx 000000000003f2b0     DxeReportStatusCodeLib:ReportStatusCodeLib.obj
