 LogoDxe

 Timestamp is 64e9c7d9 (Sat Aug 26 17:37:29 2023)

 Preferred load address is 00010000

 Start         Length     Name                   Class
 0001:00000000 00001b16H .text$mn                CODE
 0002:00000000 00000778H .rdata                  DATA
 0002:00000778 00000058H .rdata$voltmd           DATA
 0002:000007d0 00000140H .rdata$zzzdbg           DATA
 0003:00000000 000000a8H .data                   DATA
 0003:000000a8 00000018H .bss                    DATA
 0004:00000000 0000004fH .edata                  DATA
 0005:00000000 00000060H .rsrc$01                DATA
 0005:00000060 00002ef0H .rsrc$02                DATA

  Address         Publics by Value              Rva+Base       Lib:Object

 0000:00000000       ___guard_longjmp_table     00000000     <absolute>
 0000:00000000       ___x64_code_ranges_to_entry_points_count 00000000     <absolute>
 0000:00000000       ___hybrid_auxiliary_iat_copy 00000000     <absolute>
 0000:00000000       ___guard_iat_count         00000000     <absolute>
 0000:00000000       ___guard_eh_cont_table     00000000     <absolute>
 0000:00000000       ___guard_fids_count        00000000     <absolute>
 0000:00000000       ___arm64x_native_entrypoint 00000000     <absolute>
 0000:00000000       ___guard_longjmp_count     00000000     <absolute>
 0000:00000000       ___guard_check_icall_a64n_fptr 00000000     <absolute>
 0000:00000000       ___arm64x_extra_rfe_table  00000000     <absolute>
 0000:00000000       ___arm64x_redirection_metadata_count 00000000     <absolute>
 0000:00000000       ___arm64x_redirection_metadata 00000000     <absolute>
 0000:00000000       ___guard_eh_cont_count     00000000     <absolute>
 0000:00000000       ___guard_iat_table         00000000     <absolute>
 0000:00000000       ___hybrid_code_map_count   00000000     <absolute>
 0000:00000000       ___x64_code_ranges_to_entry_points 00000000     <absolute>
 0000:00000000       ___hybrid_code_map         00000000     <absolute>
 0000:00000000       ___arm64x_extra_rfe_table_size 00000000     <absolute>
 0000:00000000       ___enclave_config          00000000     <absolute>
 0000:00000000       ___guard_fids_table        00000000     <absolute>
 0000:00000000       ___hybrid_auxiliary_iat    00000000     <absolute>
 0000:00000000       ___dynamic_value_reloc_table 00000000     <absolute>
 0000:00000000       ___AbsoluteZero            00000000     <absolute>
 0000:00000100       ___guard_flags             00000100     <absolute>
 0001:00000000       __DriverUnloadHandler      00011000 f   UefiDriverEntryPoint:DriverEntryPoint.obj
 0001:00000040       __ModuleEntryPoint         00011040 f   UefiDriverEntryPoint:DriverEntryPoint.obj
 0001:00000150       _ProcessLibraryConstructorList 00011150 f   LogoDxe:AutoGen.obj
 0001:000001e0       _ProcessLibraryDestructorList 000111e0 f   LogoDxe:AutoGen.obj
 0001:000001f0       _ProcessModuleEntryPointList 000111f0 f   LogoDxe:AutoGen.obj
 0001:00000210       _ProcessModuleUnloadList   00011210 f   LogoDxe:AutoGen.obj
 0001:00000220       _GetImage                  00011220 f   LogoDxe:Logo.obj
 0001:000002e0       _InitializeLogo            000112e0 f   LogoDxe:Logo.obj
 0001:000004c0       _DebugPrint                000114c0 f   PeiDxeDebugLibReportStatusCode:DebugLib.obj
 0001:000004f0       _DebugPrintMarker          000114f0 f   PeiDxeDebugLibReportStatusCode:DebugLib.obj
 0001:000009d0       _DebugVPrint               000119d0 f   PeiDxeDebugLibReportStatusCode:DebugLib.obj
 0001:000009f0       _DebugAssert               000119f0 f   PeiDxeDebugLibReportStatusCode:DebugLib.obj
 0001:00000c50       _DebugAssertEnabled        00011c50 f   PeiDxeDebugLibReportStatusCode:DebugLib.obj
 0001:00000c80       _DebugPrintEnabled         00011c80 f   PeiDxeDebugLibReportStatusCode:DebugLib.obj
 0001:00000cb0       _DebugPrintLevelEnabled    00011cb0 f   PeiDxeDebugLibReportStatusCode:DebugLib.obj
 0001:00000cd0       _UefiBootServicesTableLibConstructor 00011cd0 f   UefiBootServicesTableLib:UefiBootServicesTableLib.obj
 0001:00000d80       _GetDebugPrintErrorLevel   00011d80 f   BaseDebugPrintErrorLevelLib:BaseDebugPrintErrorLevelLib.obj
 0001:00000d90       _AsciiStrLen               00011d90 f   BaseLib:String.obj
 0001:00000e30       _AsciiStrSize              00011e30 f   BaseLib:String.obj
 0001:00000e50       _InternalSafeStringIsOverlap 00011e50 f   BaseLib:SafeString.obj
 0001:00000e90       _InternalSafeStringNoAsciiStrOverlap 00011e90 f   BaseLib:SafeString.obj
 0001:00000ed0       _AsciiStrnLenS             00011ed0 f   BaseLib:SafeString.obj
 0001:00000f20       _AsciiStrnCpyS             00011f20 f   BaseLib:SafeString.obj
 0001:000012b0       _CpuBreakpoint             000122b0 f   BaseLib:CpuBreakpoint.obj
 0001:000012c0       _CpuDeadLoop               000122c0 f   BaseLib:CpuDeadLoop.obj
 0001:000012e0       _CpuPause                  000122e0 f   BaseLib:CpuPause.obj
 0001:000012f0       _CopyMem                   000122f0 f   BaseMemoryLib:CopyMemWrapper.obj
 0001:00001390       _CopyGuid                  00012390 f   BaseMemoryLib:MemLibGuid.obj
 0001:000013e0       _InternalMemCopyMem        000123e0 f   BaseMemoryLib:CopyMem.obj
 0001:00001750       _InternalGetReportStatusCode 00012750 f   DxeReportStatusCodeLib:ReportStatusCodeLib.obj
 0001:000017b0       _InternalReportStatusCode  000127b0 f   DxeReportStatusCodeLib:ReportStatusCodeLib.obj
 0001:00001840       _ReportStatusCodeEx        00012840 f   DxeReportStatusCodeLib:ReportStatusCodeLib.obj
 0001:00001a00       _ReportProgressCodeEnabled 00012a00 f   DxeReportStatusCodeLib:ReportStatusCodeLib.obj
 0001:00001a30       _ReportErrorCodeEnabled    00012a30 f   DxeReportStatusCodeLib:ReportStatusCodeLib.obj
 0001:00001a60       _ReportDebugCodeEnabled    00012a60 f   DxeReportStatusCodeLib:ReportStatusCodeLib.obj
 0001:00001a90       _ReadUnaligned64           00012a90 f   BaseLib:Unaligned.obj
 0001:00001ad0       _WriteUnaligned64          00012ad0 f   BaseLib:Unaligned.obj
 0002:00000000       ??_C@_0CB@DMEJJJHA@?6ASSERT_EFI_ERROR?5?$CIStatus?5?$DN?5?$CFr?$CJ@ 00013000     UefiDriverEntryPoint:DriverEntryPoint.obj
 0002:00000024       ??_C@_0CH@BBNBJKHK@?$CB?$CI?$CI?$CIINTN?$CJ?$CIRETURN_STATUS?$CJ?$CIStatus@ 00013024     UefiDriverEntryPoint:DriverEntryPoint.obj
 0002:00000050       ??_C@_0EN@BMBDHEJO@f?3?2uefiworkspace?2edk2?2MdePkg?2Li@ 00013050     UefiDriverEntryPoint:DriverEntryPoint.obj
 0002:0000009d       __gDriverUnloadImageCount  0001309d     LogoDxe:AutoGen.obj
 0002:000000a0       __gUefiDriverRevision      000130a0     LogoDxe:AutoGen.obj
 0002:000000a4       ??_C@_07MBJMHNCG@LogoDxe@  000130a4     LogoDxe:AutoGen.obj
 0002:000000b0       ??_C@_0GA@MAAHLEGK@f?3?2uefiworkspace?2Build?2Emulator@ 000130b0     LogoDxe:AutoGen.obj
 0002:00000110       __gPcd_FixedAtBuild_PcdReportStatusCodePropertyMask 00013110     LogoDxe:AutoGen.obj
 0002:00000114       __gPcd_FixedAtBuild_PcdDebugPrintErrorLevel 00013114     LogoDxe:AutoGen.obj
 0002:00000118       __gPcd_FixedAtBuild_PcdFixedDebugPrintErrorLevel 00013118     LogoDxe:AutoGen.obj
 0002:0000011c       __gPcd_FixedAtBuild_PcdMaximumAsciiStringLength 0001311c     LogoDxe:AutoGen.obj
 0002:00000120       __gPcd_FixedAtBuild_PcdDebugPropertyMask 00013120     LogoDxe:AutoGen.obj
 0002:00000124       ??_C@_0CP@HPOKCKOI@f?3?2uefiworkspace?2edk2?2MdeModule@ 00013124     LogoDxe:Logo.obj
 0002:00000158       ??_C@_0ED@EIEOFIPN@HII?5Image?5Package?5with?5logo?5not@ 00013158     LogoDxe:Logo.obj
 0002:0000019c       ??_C@_0BH@LKMBFCBF@Format?5?$CB?$DN?5?$CI?$CIvoid?5?$CK?$CJ?50?$CJ@ 0001319c     PeiDxeDebugLibReportStatusCode:DebugLib.obj
 0002:000001b8       ??_C@_0FF@OJMNGPG@f?3?2uefiworkspace?2edk2?2MdeModule@ 000131b8     PeiDxeDebugLibReportStatusCode:DebugLib.obj
 0002:00000210       ??_C@_0CP@EFCGCEBK@?$CICHAR8?5?$CK?$CJBaseListMarkerPointer?5@ 00013210     PeiDxeDebugLibReportStatusCode:DebugLib.obj
 0002:00000240       ??_C@_01OHGJGJJP@?$FL@     00013240     PeiDxeDebugLibReportStatusCode:DebugLib.obj
 0002:00000244       ??_C@_02PBFOLPKM@?$FN?5@   00013244     PeiDxeDebugLibReportStatusCode:DebugLib.obj
 0002:00000248       ??_C@_0BH@IACGKAP@Buffer?5?$CB?$DN?5?$CI?$CIvoid?5?$CK?$CJ?50?$CJ@ 00013248     PeiDxeDebugLibReportStatusCode:DebugLib.obj
 0002:00000260       ??_C@_0BN@COECPDCC@gImageHandle?5?$CB?$DN?5?$CI?$CIvoid?5?$CK?$CJ?50?$CJ@ 00013260     UefiBootServicesTableLib:UefiBootServicesTableLib.obj
 0002:00000280       ??_C@_0FJ@LLOKMAMB@f?3?2uefiworkspace?2edk2?2MdePkg?2Li@ 00013280     UefiBootServicesTableLib:UefiBootServicesTableLib.obj
 0002:000002dc       ??_C@_0BE@DGNHAHIL@gST?5?$CB?$DN?5?$CI?$CIvoid?5?$CK?$CJ?50?$CJ@ 000132dc     UefiBootServicesTableLib:UefiBootServicesTableLib.obj
 0002:000002f0       ??_C@_0BE@BDFJLGLN@gBS?5?$CB?$DN?5?$CI?$CIvoid?5?$CK?$CJ?50?$CJ@ 000132f0     UefiBootServicesTableLib:UefiBootServicesTableLib.obj
 0002:00000304       ??_C@_0BH@MAAHKCPC@String?5?$CB?$DN?5?$CI?$CIvoid?5?$CK?$CJ?50?$CJ@ 00013304     BaseLib:String.obj
 0002:0000031c       ??_C@_0DG@ODLLMBNP@f?3?2uefiworkspace?2edk2?2MdePkg?2Li@ 0001331c     BaseLib:String.obj
 0002:00000354       ??_C@_0DI@MDIKFADO@Length?5?$DM?5_gPcd_FixedAtBuild_Pcd@ 00013354     BaseLib:String.obj
 0002:0000038c       ??_C@_0DK@NEJELINC@f?3?2uefiworkspace?2edk2?2MdePkg?2Li@ 0001338c     BaseLib:SafeString.obj
 0002:000003c8       ??_C@_0BO@ECNIOIHG@?$CIDestination?5?$CB?$DN?5?$CI?$CIvoid?5?$CK?$CJ?50?$CJ?$CJ@ 000133c8     BaseLib:SafeString.obj
 0002:000003e8       ??_C@_0EA@PDPDJJNN@?$CFa?$CI?$CFd?$CJ?5?$CFa?3?5SAFE_STRING_CONSTRAI@ 000133e8     BaseLib:SafeString.obj
 0002:00000428       ??_C@_0BJ@EAEEJIP@?$CISource?5?$CB?$DN?5?$CI?$CIvoid?5?$CK?$CJ?50?$CJ?$CJ@ 00013428     BaseLib:SafeString.obj
 0002:00000444       ??_C@_0P@PMIMLIHM@?$CIDestMax?5?$CB?$DN?50?$CJ@ 00013444     BaseLib:SafeString.obj
 0002:00000454       ??_C@_0BG@EEGIIOKH@?$CIDestMax?5?$DO?5SourceLen?$CJ@ 00013454     BaseLib:SafeString.obj
 0002:0000046c       ??_C@_0DO@LJFOOPII@?$CIDestMax?5?$DM?$DN?5?$CI_gPcd_FixedAtBuild@ 0001346c     BaseLib:SafeString.obj
 0002:000004b0       ??_C@_0FL@CDANCHFO@InternalSafeStringNoAsciiStrOve@ 000134b0     BaseLib:SafeString.obj
 0002:0000050c       ??_C@_0O@DIHNCLLG@AsciiStrnCpyS@ 0001350c     BaseLib:SafeString.obj
 0002:0000051c       ??_C@_0DN@DLAADCJE@?$CILength?5?$DM?$DN?5?$CI_gPcd_FixedAtBuild_@ 0001351c     BaseLib:SafeString.obj
 0002:0000055c       ??_C@_0DI@PHOMHDKH@?$CILength?5?9?51?$CJ?5?$DM?$DN?5?$CI0xFFFFFFFF?5?9?5?$CI@ 0001355c     BaseMemoryLib:CopyMemWrapper.obj
 0002:00000598       ??_C@_0EE@GOMGOBAA@f?3?2uefiworkspace?2edk2?2MdePkg?2Li@ 00013598     BaseMemoryLib:CopyMemWrapper.obj
 0002:000005dc       ??_C@_0DD@DCDOHCDJ@?$CILength?5?9?51?$CJ?5?$DM?$DN?5?$CI0xFFFFFFFF?5?9?5?$CI@ 000135dc     BaseMemoryLib:CopyMemWrapper.obj
 0002:00000610       ??_C@_0FI@PJEDBJM@f?3?2uefiworkspace?2edk2?2MdeModule@ 00013610     DxeReportStatusCodeLib:ReportStatusCodeLib.obj
 0002:00000668       ??_C@_0DN@HHIHPHHB@?$CB?$CI?$CIExtendedData?5?$DN?$DN?5?$CI?$CIvoid?5?$CK?$CJ?50?$CJ@ 00013668     DxeReportStatusCodeLib:ReportStatusCodeLib.obj
 0002:000006a8       ??_C@_0DN@BBBIFINB@?$CB?$CI?$CIExtendedData?5?$CB?$DN?5?$CI?$CIvoid?5?$CK?$CJ?50?$CJ@ 000136a8     DxeReportStatusCodeLib:ReportStatusCodeLib.obj
 0002:000006e8       ??_C@_0DJ@GPHHHNOB@f?3?2uefiworkspace?2edk2?2MdePkg?2Li@ 000136e8     BaseLib:Unaligned.obj
 0002:00000778       ___volatile_metadata       00013778     <linker-defined>
 0003:00000000       _gEfiLoadedImageProtocolGuid 00014000     LogoDxe:AutoGen.obj
 0003:00000010       _gEfiStatusCodeSpecificDataGuid 00014010     LogoDxe:AutoGen.obj
 0003:00000020       _gEdkiiPlatformLogoProtocolGuid 00014020     LogoDxe:AutoGen.obj
 0003:00000030       _gEfiStatusCodeRuntimeProtocolGuid 00014030     LogoDxe:AutoGen.obj
 0003:00000040       _gEfiHiiPackageListProtocolGuid 00014040     LogoDxe:AutoGen.obj
 0003:00000050       _gEfiHiiImageExProtocolGuid 00014050     LogoDxe:AutoGen.obj
 0003:00000060       _gEfiCallerBaseName        00014060     LogoDxe:AutoGen.obj
 0003:00000064       _gEfiStatusCodeDataTypeDebugGuid 00014064     LogoDxe:AutoGen.obj
 0003:00000074       _gEfiHiiDatabaseProtocolGuid 00014074     LogoDxe:AutoGen.obj
 0003:00000084       _gEfiCallerIdGuid          00014084     LogoDxe:AutoGen.obj
 0003:00000094       _mPlatformLogo             00014094     LogoDxe:Logo.obj
 0003:00000098       _mLogos                    00014098     LogoDxe:Logo.obj
 0003:000000a8       _gST                       000140a8     UefiBootServicesTableLib:UefiBootServicesTableLib.obj
 0003:000000ac       _gBS                       000140ac     UefiBootServicesTableLib:UefiBootServicesTableLib.obj
 0003:000000b0       _gImageHandle              000140b0     UefiBootServicesTableLib:UefiBootServicesTableLib.obj
 0003:000000b4       _mReportStatusCodeLibStatusCodeProtocol 000140b4     DxeReportStatusCodeLib:ReportStatusCodeLib.obj
 0003:000000b8       _mHiiImageEx               000140b8     <common>
 0003:000000bc       _mHiiHandle                000140bc     <common>

 entry point at        0001:00000040

 Static symbols

 0000:ffff6000       .debug$S                   00010000     LogoDxe.exp
 0004:00000000       .edata                     00015000     LogoDxe.exp
 0004:00000028       rgpv                       00015028     LogoDxe.exp
 0004:0000002c       rgszName                   0001502c     LogoDxe.exp
 0004:00000030       rgwOrd                     00015030     LogoDxe.exp
 0004:00000032       szName                     00015032     LogoDxe.exp
 0004:0000003e       $N00001                    0001503e     LogoDxe.exp
 0005:00000060       $R000000                   00016060     LogoDxehii.lib
