 Shell

 Timestamp is 64e9e85b (Sat Aug 26 19:56:11 2023)

 Preferred load address is 0000000000010000

 Start         Length     Name                   Class
 0001:00000000 00000004H .text                   CODE
 0001:00000004 000ae59eH .text$mn                CODE
 0002:00000000 0001efa4H .rdata                  DATA
 0002:0001efa4 0000007cH .rdata$voltmd           DATA
 0002:0001f020 0000014cH .rdata$zzzdbg           DATA
 0003:00000000 00060b20H .data                   DATA
 0003:00060b20 00002e08H .bss                    DATA
 0004:00000000 0000004dH .edata                  DATA
 0005:00000000 00003f60H .pdata                  DATA
 0006:00000000 00000500H .xdata                  DATA

  Address         Publics by Value              Rva+Base               Lib:Object

 0000:00000000       __guard_iat_table          0000000000000000     <absolute>
 0000:00000000       __guard_longjmp_table      0000000000000000     <absolute>
 0000:00000000       __guard_fids_count         0000000000000000     <absolute>
 0000:00000000       __arm64x_redirection_metadata_count 0000000000000000     <absolute>
 0000:00000000       __hybrid_auxiliary_iat_copy 0000000000000000     <absolute>
 0000:00000000       __enclave_config           0000000000000000     <absolute>
 0000:00000000       __hybrid_code_map          0000000000000000     <absolute>
 0000:00000000       __arm64x_extra_rfe_table_size 0000000000000000     <absolute>
 0000:00000000       __guard_fids_table         0000000000000000     <absolute>
 0000:00000000       __guard_eh_cont_table      0000000000000000     <absolute>
 0000:00000000       __AbsoluteZero             0000000000000000     <absolute>
 0000:00000000       __guard_iat_count          0000000000000000     <absolute>
 0000:00000000       __arm64x_native_entrypoint 0000000000000000     <absolute>
 0000:00000000       __arm64x_extra_rfe_table   0000000000000000     <absolute>
 0000:00000000       __arm64x_redirection_metadata 0000000000000000     <absolute>
 0000:00000000       __guard_longjmp_count      0000000000000000     <absolute>
 0000:00000000       __guard_eh_cont_count      0000000000000000     <absolute>
 0000:00000000       __guard_check_icall_a64n_fptr 0000000000000000     <absolute>
 0000:00000000       __hybrid_code_map_count    0000000000000000     <absolute>
 0000:00000000       __x64_code_ranges_to_entry_points_count 0000000000000000     <absolute>
 0000:00000000       __dynamic_value_reloc_table 0000000000000000     <absolute>
 0000:00000000       __x64_code_ranges_to_entry_points 0000000000000000     <absolute>
 0000:00000000       __hybrid_auxiliary_iat     0000000000000000     <absolute>
 0000:00000100       __guard_flags              0000000000000100     <absolute>
 0000:00000000       __ImageBase                0000000000010000     <linker-defined>
 0001:00000000       CpuPause                   0000000000011000     BaseLib:CpuPause.obj
 0001:00000004       _ModuleEntryPoint          0000000000011004 f   UefiApplicationEntryPoint:ApplicationEntryPoint.obj
 0001:00000074       ProcessLibraryConstructorList 0000000000011074 f   Shell:AutoGen.obj
 0001:000008d8       ProcessLibraryDestructorList 00000000000118d8 f   Shell:AutoGen.obj
 0001:00000e20       ProcessModuleEntryPointList 0000000000011e20 f   Shell:AutoGen.obj
 0001:00000e44       TrimSpaces                 0000000000011e44 f   Shell:Shell.obj
 0001:00000f90       FindNextInstance           0000000000011f90 f   Shell:Shell.obj
 0001:0000101c       IsValidEnvironmentVariableName 000000000001201c f   Shell:Shell.obj
 0001:000011b4       ContainsSplit              00000000000121b4 f   Shell:Shell.obj
 0001:00001350       InternalEfiShellStartCtrlSMonitor 0000000000012350 f   Shell:Shell.obj
 0001:000014c0       UefiMain                   00000000000124c0 f   Shell:Shell.obj
 0001:000025a0       SetBuiltInAlias            00000000000135a0 f   Shell:Shell.obj
 0001:00002694       IsCommand                  0000000000013694 f   Shell:Shell.obj
 0001:000026c4       IsScriptOnlyCommand        00000000000136c4 f   Shell:Shell.obj
 0001:00002768       GetDevicePathsForImageAndFile 0000000000013768 f   Shell:Shell.obj
 0001:000028e8       ProcessCommandLine         00000000000138e8 f   Shell:Shell.obj
 0001:0000307c       LocateStartupScript        000000000001407c f   Shell:Shell.obj
 0001:000031c4       DoStartupScript            00000000000141c4 f   Shell:Shell.obj
 0001:000035b8       DoShellPrompt              00000000000145b8 f   Shell:Shell.obj
 0001:000037a4       AddBufferToFreeList        00000000000147a4 f   Shell:Shell.obj
 0001:00003800       SaveBufferList             0000000000014800 f   Shell:Shell.obj
 0001:00003834       RestoreBufferList          0000000000014834 f   Shell:Shell.obj
 0001:00003868       AddLineToCommandHistory    0000000000014868 f   Shell:Shell.obj
 0001:000039c0       ShellConvertAlias          00000000000149c0 f   Shell:Shell.obj
 0001:00003a38       StripUnreplacedEnvironmentVariables 0000000000014a38 f   Shell:Shell.obj
 0001:00003bbc       ShellConvertVariables      0000000000014bbc f   Shell:Shell.obj
 0001:000041ac       RunSplitCommand            00000000000151ac f   Shell:Shell.obj
 0001:000046a8       ShellSubstituteVariables   00000000000156a8 f   Shell:Shell.obj
 0001:00004718       ShellSubstituteAliases     0000000000015718 f   Shell:Shell.obj
 0001:000049cc       GetOperationType           00000000000159cc f   Shell:Shell.obj
 0001:00004b40       IsValidSplit               0000000000015b40 f   Shell:Shell.obj
 0001:00004cf0       VerifySplit                0000000000015cf0 f   Shell:Shell.obj
 0001:00004d90       ProcessNewSplitCommandLine 0000000000015d90 f   Shell:Shell.obj
 0001:00004e68       ChangeMappedDrive          0000000000015e68 f   Shell:Shell.obj
 0001:00004f2c       DoHelpUpdate               0000000000015f2c f   Shell:Shell.obj
 0001:00005138       SetLastError               0000000000016138 f   Shell:Shell.obj
 0001:000051d0       ProcessCommandLineToFinal  00000000000161d0 f   Shell:Shell.obj
 0001:000052a4       RunInternalCommand         00000000000162a4 f   Shell:Shell.obj
 0001:000054d0       RunCommandOrFile           00000000000164d0 f   Shell:Shell.obj
 0001:000057f4       SetupAndRunCommandOrFile   00000000000167f4 f   Shell:Shell.obj
 0001:00005960       RunShellCommand            0000000000016960 f   Shell:Shell.obj
 0001:00005d30       RunCommand                 0000000000016d30 f   Shell:Shell.obj
 0001:00005d4c       RunScriptFileHandle        0000000000016d4c f   Shell:Shell.obj
 0001:0000717c       RunScriptFile              000000000001817c f   Shell:Shell.obj
 0001:00007264       FindFirstCharacter         0000000000018264 f   Shell:Shell.obj
 0001:0000734c       EfiShellClose              000000000001834c f   Shell:ShellProtocol.obj
 0001:00007378       InternalShellProtocolIsBlockIoPresent 0000000000018378 f   Shell:ShellProtocol.obj
 0001:000073d4       InternalShellProtocolIsSimpleFileSystemPresent 00000000000183d4 f   Shell:ShellProtocol.obj
 0001:00007430       EfiShellSetMap             0000000000018430 f   Shell:ShellProtocol.obj
 0001:00007650       EfiShellGetDevicePathFromMap 0000000000018650 f   Shell:ShellProtocol.obj
 0001:000076e8       EfiShellGetMapFromDevicePath 00000000000186e8 f   Shell:ShellProtocol.obj
 0001:00007878       EfiShellGetFilePathFromDevicePath 0000000000018878 f   Shell:ShellProtocol.obj
 0001:00007bd0       EfiShellGetDevicePathFromFilePath 0000000000018bd0 f   Shell:ShellProtocol.obj
 0001:00007f34       EfiShellGetDeviceName      0000000000018f34 f   Shell:ShellProtocol.obj
 0001:00008484       EfiShellOpenRootByHandle   0000000000019484 f   Shell:ShellProtocol.obj
 0001:00008580       EfiShellOpenRoot           0000000000019580 f   Shell:ShellProtocol.obj
 0001:000085f0       EfiShellBatchIsActive      00000000000195f0 f   Shell:ShellProtocol.obj
 0001:0000860c       InternalOpenFileDevicePath 000000000001960c f   Shell:ShellProtocol.obj
 0001:00008950       EfiShellCreateFile         0000000000019950 f   Shell:ShellProtocol.obj
 0001:00008a34       EfiShellRegisterGuidName   0000000000019a34 f   Shell:ShellProtocol.obj
 0001:00008a5c       EfiShellOpenFileByName     0000000000019a5c f   Shell:ShellProtocol.obj
 0001:00008cc0       EfiShellDeleteFileByName   0000000000019cc0 f   Shell:ShellProtocol.obj
 0001:00008d18       EfiShellDisablePageBreak   0000000000019d18 f   Shell:ShellProtocol.obj
 0001:00008d20       EfiShellEnablePageBreak    0000000000019d20 f   Shell:ShellProtocol.obj
 0001:00008d28       InternalShellExecuteDevicePath 0000000000019d28 f   Shell:ShellProtocol.obj
 0001:00009340       InternalShellExecute       000000000001a340 f   Shell:ShellProtocol.obj
 0001:000095ac       EfiShellExecute            000000000001a5ac f   Shell:ShellProtocol.obj
 0001:00009778       InternalFreeShellFileInfoNode 000000000001a778 f   Shell:ShellProtocol.obj
 0001:00009800       EfiShellFreeFileList       000000000001a800 f   Shell:ShellProtocol.obj
 0001:000098a4       EfiShellRemoveDupInFileList 000000000001a8a4 f   Shell:ShellProtocol.obj
 0001:00009a18       InternalDuplicateShellFileInfo 000000000001aa18 f   Shell:ShellProtocol.obj
 0001:00009c00       CreateAndPopulateShellFileInfo 000000000001ac00 f   Shell:ShellProtocol.obj
 0001:00009f00       EfiShellFindFilesInDir     000000000001af00 f   Shell:ShellProtocol.obj
 0001:0000a200       EfiShellGetGuidFromName    000000000001b200 f   Shell:ShellProtocol.obj
 0001:0000a264       EfiShellGetGuidName        000000000001b264 f   Shell:ShellProtocol.obj
 0001:0000a2fc       ShellSearchHandle          000000000001b2fc f   Shell:ShellProtocol.obj
 0001:0000a930       EfiShellFindFiles          000000000001b930 f   Shell:ShellProtocol.obj
 0001:0000abc4       EfiShellOpenFileList       000000000001bbc4 f   Shell:ShellProtocol.obj
 0001:0000ae94       EfiShellGetEnvEx           000000000001be94 f   Shell:ShellProtocol.obj
 0001:0000b190       EfiShellGetEnv             000000000001c190 f   Shell:ShellProtocol.obj
 0001:0000b1ac       InternalEfiShellSetEnv     000000000001c1ac f   Shell:ShellProtocol.obj
 0001:0000b340       EfiShellSetEnv             000000000001c340 f   Shell:ShellProtocol.obj
 0001:0000b44c       EfiShellGetCurDir          000000000001c44c f   Shell:ShellProtocol.obj
 0001:0000b550       EfiShellSetCurDir          000000000001c550 f   Shell:ShellProtocol.obj
 0001:0000bc88       EfiShellGetHelpText        000000000001cc88 f   Shell:ShellProtocol.obj
 0001:0000bec4       EfiShellGetPageBreak       000000000001cec4 f   Shell:ShellProtocol.obj
 0001:0000becc       EfiShellIsRootShell        000000000001cecc f   Shell:ShellProtocol.obj
 0001:0000bed4       InternalEfiShellGetListAlias 000000000001ced4 f   Shell:ShellProtocol.obj
 0001:0000c154       ToLower                    000000000001d154 f   Shell:ShellProtocol.obj
 0001:0000c1d4       EfiShellGetAlias           000000000001d1d4 f   Shell:ShellProtocol.obj
 0001:0000c35c       InternalSetAlias           000000000001d35c f   Shell:ShellProtocol.obj
 0001:0000c49c       EfiShellSetAlias           000000000001d49c f   Shell:ShellProtocol.obj
 0001:0000c564       CreatePopulateInstallShellProtocol 000000000001d564 f   Shell:ShellProtocol.obj
 0001:0000c888       CleanUpShellProtocol       000000000001d888 f   Shell:ShellProtocol.obj
 0001:0000c948       CleanUpShellEnvironment    000000000001d948 f   Shell:ShellProtocol.obj
 0001:0000caa8       NotificationFunction       000000000001daa8 f   Shell:ShellProtocol.obj
 0001:0000cb5c       InernalEfiShellStartMonitor 000000000001db5c f   Shell:ShellProtocol.obj
 0001:0000ccec       ConInWaitForKey            000000000001dcec f   Shell:ConsoleWrappers.obj
 0001:0000cd10       FileBasedSimpleTextOutReset 000000000001dd10 f   Shell:ConsoleWrappers.obj
 0001:0000cd10       FileBasedSimpleTextOutEnableCursor 000000000001dd10 f   Shell:ConsoleWrappers.obj
 0001:0000cd10       FileBasedSimpleTextInReset 000000000001dd10 f   Shell:ConsoleWrappers.obj
 0001:0000cd1c       FileBasedSimpleTextInReadKeyStroke 000000000001dd1c f   Shell:ConsoleWrappers.obj
 0001:0000cdfc       CreateSimpleTextInOnFile   000000000001ddfc f   Shell:ConsoleWrappers.obj
 0001:0000cf50       CloseSimpleTextInOnFile    000000000001df50 f   Shell:ConsoleWrappers.obj
 0001:0000cfd4       FileBasedSimpleTextOutSetAttribute 000000000001dfd4 f   Shell:ConsoleWrappers.obj
 0001:0000cfd4       UefiLibConstructor         000000000001dfd4 f   UefiLib:UefiLib.obj
 0001:0000cfd4       FileBasedSimpleTextOutTestString 000000000001dfd4 f   Shell:ConsoleWrappers.obj
 0001:0000cfe4       FileBasedSimpleTextOutQueryMode 000000000001dfe4 f   Shell:ConsoleWrappers.obj
 0001:0000d02c       FileInterfaceNopGetPosition 000000000001e02c f   Shell:FileHandleWrappers.obj
 0001:0000d02c       FileInterfaceNopSetPosition 000000000001e02c f   Shell:FileHandleWrappers.obj
 0001:0000d02c       FileBasedSimpleTextOutSetMode 000000000001e02c f   Shell:ConsoleWrappers.obj
 0001:0000d044       FileBasedSimpleTextOutClearScreen 000000000001e044 f   Shell:ConsoleWrappers.obj
 0001:0000d044       FileInterfaceNopGeneric    000000000001e044 f   Shell:FileHandleWrappers.obj
 0001:0000d04c       FileInterfaceNulWrite      000000000001e04c f   Shell:FileHandleWrappers.obj
 0001:0000d04c       FileBasedSimpleTextOutSetCursorPosition 000000000001e04c f   Shell:ConsoleWrappers.obj
 0001:0000d04c       DevPathSerialDefault       000000000001e04c f   UefiShellCommandLib:ConsistMapping.obj
 0001:0000d060       FileBasedSimpleTextOutOutputString 000000000001e060 f   Shell:ConsoleWrappers.obj
 0001:0000d0a8       CreateSimpleTextOutOnFile  000000000001e0a8 f   Shell:ConsoleWrappers.obj
 0001:0000d300       CloseSimpleTextOutOnFile   000000000001e300 f   Shell:ConsoleWrappers.obj
 0001:0000d36c       IsVolatileEnv              000000000001e36c f   Shell:ShellEnvVar.obj
 0001:0000d4d0       FreeEnvironmentVariableList 000000000001e4d0 f   Shell:ShellEnvVar.obj
 0001:0000d5d4       GetEnvironmentVariableList 000000000001e5d4 f   Shell:ShellEnvVar.obj
 0001:0000daa4       SetEnvironmentVariableList 000000000001eaa4 f   Shell:ShellEnvVar.obj
 0001:0000ddac       SetEnvironmentVariables    000000000001edac f   Shell:ShellEnvVar.obj
 0001:0000e114       ShellFindEnvVarInList      000000000001f114 f   Shell:ShellEnvVar.obj
 0001:0000e22c       ShellAddEnvVarToList       000000000001f22c f   Shell:ShellEnvVar.obj
 0001:0000e408       ShellRemvoeEnvVarFromList  000000000001f408 f   Shell:ShellEnvVar.obj
 0001:0000e540       ShellInitEnvVarList        000000000001f540 f   Shell:ShellEnvVar.obj
 0001:0000e56c       ShellFreeEnvVarList        000000000001f56c f   Shell:ShellEnvVar.obj
 0001:0000e590       FindEndOfParameter         000000000001f590 f   Shell:ShellParametersProtocol.obj
 0001:0000e624       GetNextParameter           000000000001f624 f   Shell:ShellParametersProtocol.obj
 0001:0000e8b8       ParseCommandLineToArgs     000000000001f8b8 f   Shell:ShellParametersProtocol.obj
 0001:0000ec1c       CreatePopulateInstallShellParametersProtocol 000000000001fc1c f   Shell:ShellParametersProtocol.obj
 0001:0000f0cc       CleanUpShellParametersProtocol 00000000000200cc f   Shell:ShellParametersProtocol.obj
 0001:0000f1cc       IsUnicodeFile              00000000000201cc f   Shell:ShellParametersProtocol.obj
 0001:0000f2b8       StripQuotes                00000000000202b8 f   Shell:ShellParametersProtocol.obj
 0001:0000f360       CalculateEfiHdrCrc         0000000000020360 f   Shell:ShellParametersProtocol.obj
 0001:0000f3b0       FixFileName                00000000000203b0 f   Shell:ShellParametersProtocol.obj
 0001:0000f4a8       FixVarName                 00000000000204a8 f   Shell:ShellParametersProtocol.obj
 0001:0000f524       WriteFileTag               0000000000020524 f   Shell:ShellParametersProtocol.obj
 0001:0000f5a8       UpdateStdInStdOutStdErr    00000000000205a8 f   Shell:ShellParametersProtocol.obj
 0001:00011588       RestoreStdInStdOutStdErr   0000000000022588 f   Shell:ShellParametersProtocol.obj
 0001:000117fc       UpdateArgcArgv             00000000000227fc f   Shell:ShellParametersProtocol.obj
 0001:000118b0       RestoreArgcArgv            00000000000228b0 f   Shell:ShellParametersProtocol.obj
 0001:000119f0       ConsoleLoggerInstall       00000000000229f0 f   Shell:ConsoleLogger.obj
 0001:00011e40       ConsoleLoggerUninstall     0000000000022e40 f   Shell:ConsoleLogger.obj
 0001:00012048       ConsoleLoggerDisplayHistory 0000000000023048 f   Shell:ConsoleLogger.obj
 0001:000121cc       ConsoleLoggerStopHistory   00000000000231cc f   Shell:ConsoleLogger.obj
 0001:00012264       UpdateDisplayFromHistory   0000000000023264 f   Shell:ConsoleLogger.obj
 0001:00012778       ConsoleLoggerReset         0000000000023778 f   Shell:ConsoleLogger.obj
 0001:00012840       AppendStringToHistory      0000000000023840 f   Shell:ConsoleLogger.obj
 0001:00012e14       ConsoleLoggerOutputStringSplit 0000000000023e14 f   Shell:ConsoleLogger.obj
 0001:00012e64       ConsoleLoggerDoPageBreak   0000000000023e64 f   Shell:ConsoleLogger.obj
 0001:00012fec       ConsoleLoggerPrintWithPageBreak 0000000000023fec f   Shell:ConsoleLogger.obj
 0001:000132d4       ConsoleLoggerOutputString  00000000000242d4 f   Shell:ConsoleLogger.obj
 0001:00013518       ConsoleLoggerTestString    0000000000024518 f   Shell:ConsoleLogger.obj
 0001:0001359c       ConsoleLoggerQueryMode     000000000002459c f   Shell:ConsoleLogger.obj
 0001:00013634       ConsoleLoggerSetMode       0000000000024634 f   Shell:ConsoleLogger.obj
 0001:00013720       ConsoleLoggerSetAttribute  0000000000024720 f   Shell:ConsoleLogger.obj
 0001:000137c8       ConsoleLoggerClearScreen   00000000000247c8 f   Shell:ConsoleLogger.obj
 0001:000139b4       ConsoleLoggerSetCursorPosition 00000000000249b4 f   Shell:ConsoleLogger.obj
 0001:00013aa0       ConsoleLoggerEnableCursor  0000000000024aa0 f   Shell:ConsoleLogger.obj
 0001:00013b44       ConsoleLoggerResetBuffers  0000000000024b44 f   Shell:ConsoleLogger.obj
 0001:00013d40       FileInterfaceOpenNotFound  0000000000024d40 f   Shell:FileHandleWrappers.obj
 0001:00013d60       FileInterfaceNopSetInfo    0000000000024d60 f   Shell:FileHandleWrappers.obj
 0001:00013d60       FileInterfaceNopGetInfo    0000000000024d60 f   Shell:FileHandleWrappers.obj
 0001:00013d80       FileInterfaceStdOutWrite   0000000000024d80 f   Shell:FileHandleWrappers.obj
 0001:00013e18       FileInterfaceStdErrRead    0000000000024e18 f   Shell:FileHandleWrappers.obj
 0001:00013e18       FileInterfaceStdInWrite    0000000000024e18 f   Shell:FileHandleWrappers.obj
 0001:00013e18       FileInterfaceStdOutRead    0000000000024e18 f   Shell:FileHandleWrappers.obj
 0001:00013e34       FileInterfaceStdErrWrite   0000000000024e34 f   Shell:FileHandleWrappers.obj
 0001:00013e6c       FileInterfaceNulRead       0000000000024e6c f   Shell:FileHandleWrappers.obj
 0001:00013e8c       CreateTabCompletionList    0000000000024e8c f   Shell:FileHandleWrappers.obj
 0001:00014370       FileInterfaceStdInRead     0000000000025370 f   Shell:FileHandleWrappers.obj
 0001:000154a0       FileInterfaceEnvClose      00000000000264a0 f   Shell:FileHandleWrappers.obj
 0001:00015748       FileInterfaceEnvDelete     0000000000026748 f   Shell:FileHandleWrappers.obj
 0001:0001578c       FileInterfaceEnvRead       000000000002678c f   Shell:FileHandleWrappers.obj
 0001:00015864       FileInterfaceEnvVolWrite   0000000000026864 f   Shell:FileHandleWrappers.obj
 0001:00015a84       FileInterfaceEnvNonVolWrite 0000000000026a84 f   Shell:FileHandleWrappers.obj
 0001:00015ca4       CreateFileInterfaceEnv     0000000000026ca4 f   Shell:FileHandleWrappers.obj
 0001:00015e00       MoveCursorBackward         0000000000026e00 f   Shell:FileHandleWrappers.obj
 0001:00015e60       MoveCursorForward          0000000000026e60 f   Shell:FileHandleWrappers.obj
 0001:00015ec8       PrintCommandHistory        0000000000026ec8 f   Shell:FileHandleWrappers.obj
 0001:00016004       FileInterfaceMemSetPosition 0000000000027004 f   Shell:FileHandleWrappers.obj
 0001:00016040       FileInterfaceMemGetPosition 0000000000027040 f   Shell:FileHandleWrappers.obj
 0001:00016060       FileInterfaceMemGetInfo    0000000000027060 f   Shell:FileHandleWrappers.obj
 0001:00016128       FileInterfaceMemWrite      0000000000027128 f   Shell:FileHandleWrappers.obj
 0001:000163ac       FileInterfaceMemRead       00000000000273ac f   Shell:FileHandleWrappers.obj
 0001:00016450       FileInterfaceMemClose      0000000000027450 f   Shell:FileHandleWrappers.obj
 0001:000164b0       CreateFileInterfaceMem     00000000000274b0 f   Shell:FileHandleWrappers.obj
 0001:0001669c       FileInterfaceFileSetPosition 000000000002769c f   Shell:FileHandleWrappers.obj
 0001:000166cc       FileInterfaceFileGetPosition 00000000000276cc f   Shell:FileHandleWrappers.obj
 0001:000166fc       FileInterfaceFileGetInfo   00000000000276fc f   Shell:FileHandleWrappers.obj
 0001:00016740       FileInterfaceFileSetInfo   0000000000027740 f   Shell:FileHandleWrappers.obj
 0001:00016784       FileInterfaceFileFlush     0000000000027784 f   Shell:FileHandleWrappers.obj
 0001:000167a8       FileInterfaceFileRead      00000000000277a8 f   Shell:FileHandleWrappers.obj
 0001:000169e0       FileInterfaceFileOpen      00000000000279e0 f   Shell:FileHandleWrappers.obj
 0001:00016a2c       FileInterfaceFileDelete    0000000000027a2c f   Shell:FileHandleWrappers.obj
 0001:00016a64       FileInterfaceFileClose     0000000000027a64 f   Shell:FileHandleWrappers.obj
 0001:00016a9c       FileInterfaceFileWrite     0000000000027a9c f   Shell:FileHandleWrappers.obj
 0001:00016b5c       CreateFileInterfaceFile    0000000000027b5c f   Shell:FileHandleWrappers.obj
 0001:00016c60       GetExecuatableFileName     0000000000027c60 f   Shell:ShellManParser.obj
 0001:00016f30       GetManFileName             0000000000027f30 f   Shell:ShellManParser.obj
 0001:00017038       SearchPathForFile          0000000000028038 f   Shell:ShellManParser.obj
 0001:000170c4       ManFileFindSections        00000000000280c4 f   Shell:ShellManParser.obj
 0001:000173a4       IsTitleHeader              00000000000283a4 f   Shell:ShellManParser.obj
 0001:00017658       ManFileFindTitleSection    0000000000028658 f   Shell:ShellManParser.obj
 0001:0001783c       ProcessManFile             000000000002883c f   Shell:ShellManParser.obj
 0001:00017ff0       UnicodeVSPrint             0000000000028ff0 f   BasePrintLib:PrintLib.obj
 0001:000180b0       UnicodeSPrint              00000000000290b0 f   BasePrintLib:PrintLib.obj
 0001:00018104       UnicodeValueToStringS      0000000000029104 f   BasePrintLib:PrintLib.obj
 0001:00018188       AsciiVSPrint               0000000000029188 f   BasePrintLib:PrintLib.obj
 0001:000181d0       AsciiSPrint                00000000000291d0 f   BasePrintLib:PrintLib.obj
 0001:00018224       SPrintLength               0000000000029224 f   BasePrintLib:PrintLib.obj
 0001:00018298       BasePrintLibFillBuffer     0000000000029298 f   BasePrintLib:PrintLibInternal.obj
 0001:00018324       BasePrintLibValueToString  0000000000029324 f   BasePrintLib:PrintLibInternal.obj
 0001:0001838c       BasePrintLibConvertValueToStringS 000000000002938c f   BasePrintLib:PrintLibInternal.obj
 0001:00018ac0       BasePrintLibSPrintMarker   0000000000029ac0 f   BasePrintLib:PrintLibInternal.obj
 0001:0001abb4       BasePrintLibSPrint         000000000002bbb4 f   BasePrintLib:PrintLibInternal.obj
 0001:0001ac1c       CopyMem                    000000000002bc1c f   BaseMemoryLib:CopyMemWrapper.obj
 0001:0001acf4       CopyGuid                   000000000002bcf4 f   BaseMemoryLib:MemLibGuid.obj
 0001:0001ad48       CompareGuid                000000000002bd48 f   BaseMemoryLib:MemLibGuid.obj
 0001:0001add0       ZeroMem                    000000000002bdd0 f   BaseMemoryLib:ZeroMemWrapper.obj
 0001:0001ae78       SetMem16                   000000000002be78 f   BaseMemoryLib:SetMem16Wrapper.obj
 0001:0001afac       SetMem                     000000000002bfac f   BaseMemoryLib:SetMemWrapper.obj
 0001:0001b02c       InternalMemCopyMem         000000000002c02c f   BaseMemoryLib:CopyMem.obj
 0001:0001b608       InternalMemSetMem16        000000000002c608 f   BaseMemoryLib:MemLibGeneric.obj
 0001:0001b64c       InternalMemZeroMem         000000000002c64c f   BaseMemoryLib:MemLibGeneric.obj
 0001:0001b674       InternalMemCompareMem      000000000002c674 f   BaseMemoryLib:MemLibGeneric.obj
 0001:0001b6dc       InternalMemSetMem          000000000002c6dc f   BaseMemoryLib:SetMem.obj
 0001:0001b870       GetDevicePathSize          000000000002c870 f   UefiDevicePathLib:UefiDevicePathLib.obj
 0001:0001b888       DuplicateDevicePath        000000000002c888 f   UefiDevicePathLib:UefiDevicePathLib.obj
 0001:0001b8a0       AppendDevicePath           000000000002c8a0 f   UefiDevicePathLib:UefiDevicePathLib.obj
 0001:0001b8c4       AppendDevicePathNode       000000000002c8c4 f   UefiDevicePathLib:UefiDevicePathLib.obj
 0001:0001b8e8       GetNextDevicePathInstance  000000000002c8e8 f   UefiDevicePathLib:UefiDevicePathLib.obj
 0001:0001b90c       CreateDeviceNode           000000000002c90c f   UefiDevicePathLib:UefiDevicePathLib.obj
 0001:0001b938       ConvertDevicePathToText    000000000002c938 f   UefiDevicePathLib:UefiDevicePathLib.obj
 0001:0001b964       ConvertTextToDevicePath    000000000002c964 f   UefiDevicePathLib:UefiDevicePathLib.obj
 0001:0001b97c       IsDevicePathValid          000000000002c97c f   UefiDevicePathLib:DevicePathUtilities.obj
 0001:0001bae8       DevicePathType             000000000002cae8 f   UefiDevicePathLib:DevicePathUtilities.obj
 0001:0001bb30       DevicePathSubType          000000000002cb30 f   UefiDevicePathLib:DevicePathUtilities.obj
 0001:0001bb78       DevicePathNodeLength       000000000002cb78 f   UefiDevicePathLib:DevicePathUtilities.obj
 0001:0001bbd8       NextDevicePathNode         000000000002cbd8 f   UefiDevicePathLib:DevicePathUtilities.obj
 0001:0001bc30       IsDevicePathEndType        000000000002cc30 f   UefiDevicePathLib:DevicePathUtilities.obj
 0001:0001bc94       IsDevicePathEnd            000000000002cc94 f   UefiDevicePathLib:DevicePathUtilities.obj
 0001:0001bd0c       SetDevicePathNodeLength    000000000002cd0c f   UefiDevicePathLib:DevicePathUtilities.obj
 0001:0001bdb0       SetDevicePathEndNode       000000000002cdb0 f   UefiDevicePathLib:DevicePathUtilities.obj
 0001:0001be08       UefiDevicePathLibGetDevicePathSize 000000000002ce08 f   UefiDevicePathLib:DevicePathUtilities.obj
 0001:0001be90       UefiDevicePathLibDuplicateDevicePath 000000000002ce90 f   UefiDevicePathLib:DevicePathUtilities.obj
 0001:0001bec8       UefiDevicePathLibAppendDevicePath 000000000002cec8 f   UefiDevicePathLib:DevicePathUtilities.obj
 0001:0001bfe8       UefiDevicePathLibAppendDevicePathNode 000000000002cfe8 f   UefiDevicePathLib:DevicePathUtilities.obj
 0001:0001c0b8       UefiDevicePathLibGetNextDevicePathInstance 000000000002d0b8 f   UefiDevicePathLib:DevicePathUtilities.obj
 0001:0001c1fc       UefiDevicePathLibCreateDeviceNode 000000000002d1fc f   UefiDevicePathLib:DevicePathUtilities.obj
 0001:0001c268       FileDevicePath             000000000002d268 f   UefiDevicePathLib:DevicePathUtilities.obj
 0001:0001c350       UefiDevicePathLibStrDuplicate 000000000002d350 f   UefiDevicePathLib:DevicePathFromText.obj
 0001:0001c378       GetParamByNodeName         000000000002d378 f   UefiDevicePathLib:DevicePathFromText.obj
 0001:0001c488       SplitStr                   000000000002d488 f   UefiDevicePathLib:DevicePathFromText.obj
 0001:0001c524       GetNextParamStr            000000000002d524 f   UefiDevicePathLib:DevicePathFromText.obj
 0001:0001c540       GetNextDeviceNodeStr       000000000002d540 f   UefiDevicePathLib:DevicePathFromText.obj
 0001:0001c6b0       IsHexStr                   000000000002d6b0 f   UefiDevicePathLib:DevicePathFromText.obj
 0001:0001c738       Strtoi                     000000000002d738 f   UefiDevicePathLib:DevicePathFromText.obj
 0001:0001c770       Strtoi64                   000000000002d770 f   UefiDevicePathLib:DevicePathFromText.obj
 0001:0001c7bc       StrToAscii                 000000000002d7bc f   UefiDevicePathLib:DevicePathFromText.obj
 0001:0001c828       DevPathFromTextGenericPath 000000000002d828 f   UefiDevicePathLib:DevicePathFromText.obj
 0001:0001c8e0       DevPathFromTextPath        000000000002d8e0 f   UefiDevicePathLib:DevicePathFromText.obj
 0001:0001c914       DevPathFromTextHardwarePath 000000000002d914 f   UefiDevicePathLib:DevicePathFromText.obj
 0001:0001c930       DevPathFromTextPci         000000000002d930 f   UefiDevicePathLib:DevicePathFromText.obj
 0001:0001c998       DevPathFromTextPcCard      000000000002d998 f   UefiDevicePathLib:DevicePathFromText.obj
 0001:0001c9e0       DevPathFromTextMemoryMapped 000000000002d9e0 f   UefiDevicePathLib:DevicePathFromText.obj
 0001:0001ca74       ConvertFromTextVendor      000000000002da74 f   UefiDevicePathLib:DevicePathFromText.obj
 0001:0001cb30       DevPathFromTextVenHw       000000000002db30 f   UefiDevicePathLib:DevicePathFromText.obj
 0001:0001cb50       DevPathFromTextCtrl        000000000002db50 f   UefiDevicePathLib:DevicePathFromText.obj
 0001:0001cb98       DevPathFromTextBmc         000000000002db98 f   UefiDevicePathLib:DevicePathFromText.obj
 0001:0001cc0c       DevPathFromTextAcpiPath    000000000002dc0c f   UefiDevicePathLib:DevicePathFromText.obj
 0001:0001cc28       EisaIdFromText             000000000002dc28 f   UefiDevicePathLib:DevicePathFromText.obj
 0001:0001ccb4       DevPathFromTextAcpi        000000000002dcb4 f   UefiDevicePathLib:DevicePathFromText.obj
 0001:0001cd1c       ConvertFromTextAcpi        000000000002dd1c f   UefiDevicePathLib:DevicePathFromText.obj
 0001:0001cd7c       DevPathFromTextPciRoot     000000000002dd7c f   UefiDevicePathLib:DevicePathFromText.obj
 0001:0001cd9c       DevPathFromTextPcieRoot    000000000002dd9c f   UefiDevicePathLib:DevicePathFromText.obj
 0001:0001cdbc       DevPathFromTextFloppy      000000000002ddbc f   UefiDevicePathLib:DevicePathFromText.obj
 0001:0001cddc       DevPathFromTextKeyboard    000000000002dddc f   UefiDevicePathLib:DevicePathFromText.obj
 0001:0001cdfc       DevPathFromTextSerial      000000000002ddfc f   UefiDevicePathLib:DevicePathFromText.obj
 0001:0001ce1c       DevPathFromTextParallelPort 000000000002de1c f   UefiDevicePathLib:DevicePathFromText.obj
 0001:0001ce3c       DevPathFromTextAcpiEx      000000000002de3c f   UefiDevicePathLib:DevicePathFromText.obj
 0001:0001cfa0       DevPathFromTextAcpiExp     000000000002dfa0 f   UefiDevicePathLib:DevicePathFromText.obj
 0001:0001d098       DevPathFromTextAcpiAdr     000000000002e098 f   UefiDevicePathLib:DevicePathFromText.obj
 0001:0001d1c4       DevPathFromTextMsg         000000000002e1c4 f   UefiDevicePathLib:DevicePathFromText.obj
 0001:0001d1e0       DevPathFromTextAta         000000000002e1e0 f   UefiDevicePathLib:DevicePathFromText.obj
 0001:0001d2f0       DevPathFromTextScsi        000000000002e2f0 f   UefiDevicePathLib:DevicePathFromText.obj
 0001:0001d35c       DevPathFromTextFibre       000000000002e35c f   UefiDevicePathLib:DevicePathFromText.obj
 0001:0001d3d8       DevPathFromTextFibreEx     000000000002e3d8 f   UefiDevicePathLib:DevicePathFromText.obj
 0001:0001d484       DevPathFromText1394        000000000002e484 f   UefiDevicePathLib:DevicePathFromText.obj
 0001:0001d4d8       DevPathFromTextUsb         000000000002e4d8 f   UefiDevicePathLib:DevicePathFromText.obj
 0001:0001d540       DevPathFromTextI2O         000000000002e540 f   UefiDevicePathLib:DevicePathFromText.obj
 0001:0001d588       DevPathFromTextInfiniband  000000000002e588 f   UefiDevicePathLib:DevicePathFromText.obj
 0001:0001d664       DevPathFromTextVenMsg      000000000002e664 f   UefiDevicePathLib:DevicePathFromText.obj
 0001:0001d684       DevPathFromTextVenPcAnsi   000000000002e684 f   UefiDevicePathLib:DevicePathFromText.obj
 0001:0001d6c4       DevPathFromTextVenVt100    000000000002e6c4 f   UefiDevicePathLib:DevicePathFromText.obj
 0001:0001d704       DevPathFromTextVenVt100Plus 000000000002e704 f   UefiDevicePathLib:DevicePathFromText.obj
 0001:0001d744       DevPathFromTextVenUtf8     000000000002e744 f   UefiDevicePathLib:DevicePathFromText.obj
 0001:0001d784       DevPathFromTextUartFlowCtrl 000000000002e784 f   UefiDevicePathLib:DevicePathFromText.obj
 0001:0001d828       DevPathFromTextSAS         000000000002e828 f   UefiDevicePathLib:DevicePathFromText.obj
 0001:0001daec       DevPathFromTextSasEx       000000000002eaec f   UefiDevicePathLib:DevicePathFromText.obj
 0001:0001dda0       DevPathFromTextNVMe        000000000002eda0 f   UefiDevicePathLib:DevicePathFromText.obj
 0001:0001de58       DevPathFromTextUfs         000000000002ee58 f   UefiDevicePathLib:DevicePathFromText.obj
 0001:0001dec0       DevPathFromTextSd          000000000002eec0 f   UefiDevicePathLib:DevicePathFromText.obj
 0001:0001df08       DevPathFromTextEmmc        000000000002ef08 f   UefiDevicePathLib:DevicePathFromText.obj
 0001:0001df50       DevPathFromTextDebugPort   000000000002ef50 f   UefiDevicePathLib:DevicePathFromText.obj
 0001:0001df90       DevPathFromTextMAC         000000000002ef90 f   UefiDevicePathLib:DevicePathFromText.obj
 0001:0001e03c       NetworkProtocolFromText    000000000002f03c f   UefiDevicePathLib:DevicePathFromText.obj
 0001:0001e090       DevPathFromTextIPv4        000000000002f090 f   UefiDevicePathLib:DevicePathFromText.obj
 0001:0001e218       DevPathFromTextIPv6        000000000002f218 f   UefiDevicePathLib:DevicePathFromText.obj
 0001:0001e3a8       DevPathFromTextUart        000000000002f3a8 f   UefiDevicePathLib:DevicePathFromText.obj
 0001:0001e5a4       ConvertFromTextUsbClass    000000000002f5a4 f   UefiDevicePathLib:DevicePathFromText.obj
 0001:0001e730       DevPathFromTextUsbClass    000000000002f730 f   UefiDevicePathLib:DevicePathFromText.obj
 0001:0001e758       DevPathFromTextUsbAudio    000000000002f758 f   UefiDevicePathLib:DevicePathFromText.obj
 0001:0001e784       DevPathFromTextUsbCDCControl 000000000002f784 f   UefiDevicePathLib:DevicePathFromText.obj
 0001:0001e7b0       DevPathFromTextUsbHID      000000000002f7b0 f   UefiDevicePathLib:DevicePathFromText.obj
 0001:0001e7dc       DevPathFromTextUsbImage    000000000002f7dc f   UefiDevicePathLib:DevicePathFromText.obj
 0001:0001e808       DevPathFromTextUsbPrinter  000000000002f808 f   UefiDevicePathLib:DevicePathFromText.obj
 0001:0001e834       DevPathFromTextUsbMassStorage 000000000002f834 f   UefiDevicePathLib:DevicePathFromText.obj
 0001:0001e860       DevPathFromTextUsbHub      000000000002f860 f   UefiDevicePathLib:DevicePathFromText.obj
 0001:0001e88c       DevPathFromTextUsbCDCData  000000000002f88c f   UefiDevicePathLib:DevicePathFromText.obj
 0001:0001e8b8       DevPathFromTextUsbSmartCard 000000000002f8b8 f   UefiDevicePathLib:DevicePathFromText.obj
 0001:0001e8e4       DevPathFromTextUsbVideo    000000000002f8e4 f   UefiDevicePathLib:DevicePathFromText.obj
 0001:0001e910       DevPathFromTextUsbDiagnostic 000000000002f910 f   UefiDevicePathLib:DevicePathFromText.obj
 0001:0001e93c       DevPathFromTextUsbWireless 000000000002f93c f   UefiDevicePathLib:DevicePathFromText.obj
 0001:0001e968       DevPathFromTextUsbDeviceFirmwareUpdate 000000000002f968 f   UefiDevicePathLib:DevicePathFromText.obj
 0001:0001e99c       DevPathFromTextUsbIrdaBridge 000000000002f99c f   UefiDevicePathLib:DevicePathFromText.obj
 0001:0001e9d0       DevPathFromTextUsbTestAndMeasurement 000000000002f9d0 f   UefiDevicePathLib:DevicePathFromText.obj
 0001:0001ea04       DevPathFromTextUsbWwid     000000000002fa04 f   UefiDevicePathLib:DevicePathFromText.obj
 0001:0001eb38       DevPathFromTextUnit        000000000002fb38 f   UefiDevicePathLib:DevicePathFromText.obj
 0001:0001eb80       DevPathFromTextiSCSI       000000000002fb80 f   UefiDevicePathLib:DevicePathFromText.obj
 0001:0001ed74       DevPathFromTextVlan        000000000002fd74 f   UefiDevicePathLib:DevicePathFromText.obj
 0001:0001edbc       DevPathFromTextBluetooth   000000000002fdbc f   UefiDevicePathLib:DevicePathFromText.obj
 0001:0001ee14       DevPathFromTextWiFi        000000000002fe14 f   UefiDevicePathLib:DevicePathFromText.obj
 0001:0001eec0       DevPathFromTextBluetoothLE 000000000002fec0 f   UefiDevicePathLib:DevicePathFromText.obj
 0001:0001ef38       DevPathFromTextDns         000000000002ff38 f   UefiDevicePathLib:DevicePathFromText.obj
 0001:0001f0d8       DevPathFromTextUri         00000000000300d8 f   UefiDevicePathLib:DevicePathFromText.obj
 0001:0001f16c       DevPathFromTextMediaPath   000000000003016c f   UefiDevicePathLib:DevicePathFromText.obj
 0001:0001f188       DevPathFromTextHD          0000000000030188 f   UefiDevicePathLib:DevicePathFromText.obj
 0001:0001f2fc       DevPathFromTextCDROM       00000000000302fc f   UefiDevicePathLib:DevicePathFromText.obj
 0001:0001f390       DevPathFromTextVenMedia    0000000000030390 f   UefiDevicePathLib:DevicePathFromText.obj
 0001:0001f3b0       DevPathFromTextFilePath    00000000000303b0 f   UefiDevicePathLib:DevicePathFromText.obj
 0001:0001f408       DevPathFromTextMedia       0000000000030408 f   UefiDevicePathLib:DevicePathFromText.obj
 0001:0001f454       DevPathFromTextFv          0000000000030454 f   UefiDevicePathLib:DevicePathFromText.obj
 0001:0001f4a0       DevPathFromTextFvFile      00000000000304a0 f   UefiDevicePathLib:DevicePathFromText.obj
 0001:0001f4ec       DevPathFromTextRelativeOffsetRange 00000000000304ec f   UefiDevicePathLib:DevicePathFromText.obj
 0001:0001f55c       DevPathFromTextRamDisk     000000000003055c f   UefiDevicePathLib:DevicePathFromText.obj
 0001:0001f648       DevPathFromTextVirtualDisk 0000000000030648 f   UefiDevicePathLib:DevicePathFromText.obj
 0001:0001f724       DevPathFromTextVirtualCd   0000000000030724 f   UefiDevicePathLib:DevicePathFromText.obj
 0001:0001f800       DevPathFromTextPersistentVirtualDisk 0000000000030800 f   UefiDevicePathLib:DevicePathFromText.obj
 0001:0001f8dc       DevPathFromTextPersistentVirtualCd 00000000000308dc f   UefiDevicePathLib:DevicePathFromText.obj
 0001:0001f9b8       DevPathFromTextBbsPath     00000000000309b8 f   UefiDevicePathLib:DevicePathFromText.obj
 0001:0001f9d4       DevPathFromTextBBS         00000000000309d4 f   UefiDevicePathLib:DevicePathFromText.obj
 0001:0001fb64       DevPathFromTextSata        0000000000030b64 f   UefiDevicePathLib:DevicePathFromText.obj
 0001:0001fc0c       UefiDevicePathLibConvertTextToDeviceNode 0000000000030c0c f   UefiDevicePathLib:DevicePathFromText.obj
 0001:0001fd44       UefiDevicePathLibConvertTextToDevicePath 0000000000030d44 f   UefiDevicePathLib:DevicePathFromText.obj
 0001:0001fedc       UefiDevicePathLibCatPrint  0000000000030edc f   UefiDevicePathLib:DevicePathToText.obj
 0001:0002003c       DevPathToTextPci           000000000003103c f   UefiDevicePathLib:DevicePathToText.obj
 0001:0002008c       DevPathToTextPccard        000000000003108c f   UefiDevicePathLib:DevicePathToText.obj
 0001:000200d0       DevPathToTextMemMap        00000000000310d0 f   UefiDevicePathLib:DevicePathToText.obj
 0001:00020128       DevPathToTextVendor        0000000000031128 f   UefiDevicePathLib:DevicePathToText.obj
 0001:00020648       DevPathToTextController    0000000000031648 f   UefiDevicePathLib:DevicePathToText.obj
 0001:0002068c       DevPathToTextBmc           000000000003168c f   UefiDevicePathLib:DevicePathToText.obj
 0001:000206e4       DevPathToTextAcpi          00000000000316e4 f   UefiDevicePathLib:DevicePathToText.obj
 0001:0002087c       DevPathToTextAcpiEx        000000000003187c f   UefiDevicePathLib:DevicePathToText.obj
 0001:00020c50       DevPathToTextAcpiAdr       0000000000031c50 f   UefiDevicePathLib:DevicePathToText.obj
 0001:00020d14       DevPathToTextAtapi         0000000000031d14 f   UefiDevicePathLib:DevicePathToText.obj
 0001:00020ddc       DevPathToTextScsi          0000000000031ddc f   UefiDevicePathLib:DevicePathToText.obj
 0001:00020e2c       DevPathToTextFibre         0000000000031e2c f   UefiDevicePathLib:DevicePathToText.obj
 0001:00020e78       DevPathToTextFibreEx       0000000000031e78 f   UefiDevicePathLib:DevicePathToText.obj
 0001:00020f68       DevPathToTextSasEx         0000000000031f68 f   UefiDevicePathLib:DevicePathToText.obj
 0001:000211e4       DevPathToTextNVMe          00000000000321e4 f   UefiDevicePathLib:DevicePathToText.obj
 0001:000212fc       DevPathToTextUfs           00000000000322fc f   UefiDevicePathLib:DevicePathToText.obj
 0001:0002134c       DevPathToTextSd            000000000003234c f   UefiDevicePathLib:DevicePathToText.obj
 0001:00021390       DevPathToTextEmmc          0000000000032390 f   UefiDevicePathLib:DevicePathToText.obj
 0001:000213d4       DevPathToText1394          00000000000323d4 f   UefiDevicePathLib:DevicePathToText.obj
 0001:00021418       DevPathToTextUsb           0000000000032418 f   UefiDevicePathLib:DevicePathToText.obj
 0001:00021468       DevPathToTextUsbWWID       0000000000032468 f   UefiDevicePathLib:DevicePathToText.obj
 0001:00021588       DevPathToTextLogicalUnit   0000000000032588 f   UefiDevicePathLib:DevicePathToText.obj
 0001:000215cc       DevPathToTextUsbClass      00000000000325cc f   UefiDevicePathLib:DevicePathToText.obj
 0001:00021934       DevPathToTextSata          0000000000032934 f   UefiDevicePathLib:DevicePathToText.obj
 0001:00021994       DevPathToTextI2O           0000000000032994 f   UefiDevicePathLib:DevicePathToText.obj
 0001:000219d8       DevPathToTextMacAddr       00000000000329d8 f   UefiDevicePathLib:DevicePathToText.obj
 0001:00021aa8       CatNetworkProtocol         0000000000032aa8 f   UefiDevicePathLib:DevicePathToText.obj
 0001:00021b10       CatIPv4Address             0000000000032b10 f   UefiDevicePathLib:DevicePathToText.obj
 0001:00021b8c       CatIPv6Address             0000000000032b8c f   UefiDevicePathLib:DevicePathToText.obj
 0001:00021da4       DevPathToTextIPv4          0000000000032da4 f   UefiDevicePathLib:DevicePathToText.obj
 0001:00021ef8       DevPathToTextIPv6          0000000000032ef8 f   UefiDevicePathLib:DevicePathToText.obj
 0001:00022048       DevPathToTextInfiniBand    0000000000033048 f   UefiDevicePathLib:DevicePathToText.obj
 0001:000220c0       DevPathToTextUart          00000000000330c0 f   UefiDevicePathLib:DevicePathToText.obj
 0001:00022264       DevPathToTextiSCSI         0000000000033264 f   UefiDevicePathLib:DevicePathToText.obj
 0001:00022430       DevPathToTextVlan          0000000000033430 f   UefiDevicePathLib:DevicePathToText.obj
 0001:00022474       DevPathToTextBluetooth     0000000000033474 f   UefiDevicePathLib:DevicePathToText.obj
 0001:0002253c       DevPathToTextWiFi          000000000003353c f   UefiDevicePathLib:DevicePathToText.obj
 0001:000225a4       DevPathToTextBluetoothLE   00000000000335a4 f   UefiDevicePathLib:DevicePathToText.obj
 0001:00022680       DevPathToTextDns           0000000000033680 f   UefiDevicePathLib:DevicePathToText.obj
 0001:00022774       DevPathToTextUri           0000000000033774 f   UefiDevicePathLib:DevicePathToText.obj
 0001:00022844       DevPathToTextHardDrive     0000000000033844 f   UefiDevicePathLib:DevicePathToText.obj
 0001:00022944       DevPathToTextCDROM         0000000000033944 f   UefiDevicePathLib:DevicePathToText.obj
 0001:000229c4       DevPathToTextFilePath      00000000000339c4 f   UefiDevicePathLib:DevicePathToText.obj
 0001:00022a08       DevPathToTextMediaProtocol 0000000000033a08 f   UefiDevicePathLib:DevicePathToText.obj
 0001:00022a4c       DevPathToTextFv            0000000000033a4c f   UefiDevicePathLib:DevicePathToText.obj
 0001:00022a90       DevPathToTextFvFile        0000000000033a90 f   UefiDevicePathLib:DevicePathToText.obj
 0001:00022ad4       DevPathRelativeOffsetRange 0000000000033ad4 f   UefiDevicePathLib:DevicePathToText.obj
 0001:00022b20       DevPathToTextRamDisk       0000000000033b20 f   UefiDevicePathLib:DevicePathToText.obj
 0001:00022f24       DevPathToTextBBS           0000000000033f24 f   UefiDevicePathLib:DevicePathToText.obj
 0001:00023070       DevPathToTextEndInstance   0000000000034070 f   UefiDevicePathLib:DevicePathToText.obj
 0001:000230a0       DevPathToTextNodeGeneric   00000000000340a0 f   UefiDevicePathLib:DevicePathToText.obj
 0001:00023224       UefiDevicePathLibConvertDevicePathToText 0000000000034224 f   UefiDevicePathLib:DevicePathToText.obj
 0001:000233c0       DevicePathFromHandle       00000000000343c0 f   UefiDevicePathLib:DevicePathUtilitiesDxeSmm.obj
 0001:00023408       InternalAllocatePool       0000000000034408 f   UefiMemoryAllocationLib:MemoryAllocationLib.obj
 0001:00023450       AllocatePool               0000000000034450 f   UefiMemoryAllocationLib:MemoryAllocationLib.obj
 0001:00023470       InternalAllocateZeroPool   0000000000034470 f   UefiMemoryAllocationLib:MemoryAllocationLib.obj
 0001:000234b8       AllocateZeroPool           00000000000344b8 f   UefiMemoryAllocationLib:MemoryAllocationLib.obj
 0001:000234d8       InternalAllocateCopyPool   00000000000344d8 f   UefiMemoryAllocationLib:MemoryAllocationLib.obj
 0001:0002359c       AllocateCopyPool           000000000003459c f   UefiMemoryAllocationLib:MemoryAllocationLib.obj
 0001:000235c4       InternalReallocatePool     00000000000345c4 f   UefiMemoryAllocationLib:MemoryAllocationLib.obj
 0001:00023648       ReallocatePool             0000000000034648 f   UefiMemoryAllocationLib:MemoryAllocationLib.obj
 0001:0002367c       FreePool                   000000000003467c f   UefiMemoryAllocationLib:MemoryAllocationLib.obj
 0001:00023710       DebugPrint                 0000000000034710 f   PeiDxeDebugLibReportStatusCode:DebugLib.obj
 0001:00023754       DebugPrintMarker           0000000000034754 f   PeiDxeDebugLibReportStatusCode:DebugLib.obj
 0001:00023ed8       DebugVPrint                0000000000034ed8 f   PeiDxeDebugLibReportStatusCode:DebugLib.obj
 0001:00023f08       DebugAssert                0000000000034f08 f   PeiDxeDebugLibReportStatusCode:DebugLib.obj
 0001:00024284       DebugAssertEnabled         0000000000035284 f   PeiDxeDebugLibReportStatusCode:DebugLib.obj
 0001:000242a8       DebugPrintEnabled          00000000000352a8 f   PeiDxeDebugLibReportStatusCode:DebugLib.obj
 0001:000242cc       DebugCodeEnabled           00000000000352cc f   PeiDxeDebugLibReportStatusCode:DebugLib.obj
 0001:000242f0       DebugPrintLevelEnabled     00000000000352f0 f   PeiDxeDebugLibReportStatusCode:DebugLib.obj
 0001:00024324       InternalSafeStringIsOverlap 0000000000035324 f   BaseLib:SafeString.obj
 0001:00024388       InternalSafeStringNoStrOverlap 0000000000035388 f   BaseLib:SafeString.obj
 0001:000243e8       InternalSafeStringNoAsciiStrOverlap 00000000000353e8 f   BaseLib:SafeString.obj
 0001:0002443c       StrnLenS                   000000000003543c f   BaseLib:SafeString.obj
 0001:000244e0       StrnSizeS                  00000000000354e0 f   BaseLib:SafeString.obj
 0001:00024514       StrCpyS                    0000000000035514 f   BaseLib:SafeString.obj
 0001:00024984       StrnCpyS                   0000000000035984 f   BaseLib:SafeString.obj
 0001:00024ee8       StrCatS                    0000000000035ee8 f   BaseLib:SafeString.obj
 0001:00025438       StrnCatS                   0000000000036438 f   BaseLib:SafeString.obj
 0001:00025a94       StrDecimalToUintnS         0000000000036a94 f   BaseLib:SafeString.obj
 0001:00025de0       StrDecimalToUint64S        0000000000036de0 f   BaseLib:SafeString.obj
 0001:00026138       StrHexToUintnS             0000000000037138 f   BaseLib:SafeString.obj
 0001:000264f8       StrHexToUint64S            00000000000374f8 f   BaseLib:SafeString.obj
 0001:000268c8       StrToIpv6Address           00000000000378c8 f   BaseLib:SafeString.obj
 0001:00026e04       StrToIpv4Address           0000000000037e04 f   BaseLib:SafeString.obj
 0001:00027110       StrToGuid                  0000000000038110 f   BaseLib:SafeString.obj
 0001:0002746c       StrHexToBytes              000000000003846c f   BaseLib:SafeString.obj
 0001:000278f0       AsciiStrnLenS              00000000000388f0 f   BaseLib:SafeString.obj
 0001:0002795c       AsciiStrnCpyS              000000000003895c f   BaseLib:SafeString.obj
 0001:00027e4c       UnicodeStrToAsciiStrS      0000000000038e4c f   BaseLib:SafeString.obj
 0001:0002835c       AsciiStrToUnicodeStrS      000000000003935c f   BaseLib:SafeString.obj
 0001:00028838       StrLen                     0000000000039838 f   BaseLib:String.obj
 0001:0002892c       StrSize                    000000000003992c f   BaseLib:String.obj
 0001:0002894c       StrCmp                     000000000003994c f   BaseLib:String.obj
 0001:00028a24       StrnCmp                    0000000000039a24 f   BaseLib:String.obj
 0001:00028b70       StrStr                     0000000000039b70 f   BaseLib:String.obj
 0001:00028ca8       ShellIsDecimalDigitCharacter 0000000000039ca8 f   UefiShellLib:UefiShellLib.obj
 0001:00028ca8       InternalIsDecimalDigitCharacter 0000000000039ca8 f   BaseLib:String.obj
 0001:00028cd8       CharToUpper                0000000000039cd8 f   BaseLib:String.obj
 0001:00028d04       InternalHexCharToUintn     0000000000039d04 f   BaseLib:String.obj
 0001:00028d04       InternalShellHexCharToUintn 0000000000039d04 f   UefiShellLib:UefiShellLib.obj
 0001:00028d44       InternalIsHexaDecimalDigitCharacter 0000000000039d44 f   BaseLib:String.obj
 0001:00028d9c       StrDecimalToUintn          0000000000039d9c f   BaseLib:String.obj
 0001:00028dd0       StrDecimalToUint64         0000000000039dd0 f   BaseLib:String.obj
 0001:00028e04       StrHexToUintn              0000000000039e04 f   BaseLib:String.obj
 0001:00028e38       StrHexToUint64             0000000000039e38 f   BaseLib:String.obj
 0001:00028e6c       AsciiStrLen                0000000000039e6c f   BaseLib:String.obj
 0001:00028f24       AsciiStrSize               0000000000039f24 f   BaseLib:String.obj
 0001:00028f40       AsciiStrnCmp               0000000000039f40 f   BaseLib:String.obj
 0001:0002908c       InternalBaseLibIsListValid 000000000003a08c f   BaseLib:LinkedList.obj
 0001:000291a8       IsNodeInList               000000000003a1a8 f   BaseLib:LinkedList.obj
 0001:000292a8       InitializeListHead         000000000003a2a8 f   BaseLib:LinkedList.obj
 0001:00029308       InsertHeadList             000000000003a308 f   BaseLib:LinkedList.obj
 0001:000293f0       InsertTailList             000000000003a3f0 f   BaseLib:LinkedList.obj
 0001:000294d8       GetFirstNode               000000000003a4d8 f   BaseLib:LinkedList.obj
 0001:0002952c       GetNextNode                000000000003a52c f   BaseLib:LinkedList.obj
 0001:000295dc       GetPreviousNode            000000000003a5dc f   BaseLib:LinkedList.obj
 0001:0002968c       IsListEmpty                000000000003a68c f   BaseLib:LinkedList.obj
 0001:000296f4       IsNull                     000000000003a6f4 f   BaseLib:LinkedList.obj
 0001:000297b8       IsNodeAtEnd                000000000003a7b8 f   BaseLib:LinkedList.obj
 0001:00029894       SwapListEntries            000000000003a894 f   BaseLib:LinkedList.obj
 0001:000299bc       RemoveEntryList            000000000003a9bc f   BaseLib:LinkedList.obj
 0001:00029a38       PathRemoveLastItem         000000000003aa38 f   BaseLib:FilePaths.obj
 0001:00029aec       PathCleanUpDirectories     000000000003aaec f   BaseLib:FilePaths.obj
 0001:00029ce8       ReadUnaligned16            000000000003ace8 f   BaseLib:Unaligned.obj
 0001:00029d30       WriteUnaligned16           000000000003ad30 f   BaseLib:Unaligned.obj
 0001:00029d88       ReadUnaligned32            000000000003ad88 f   BaseLib:Unaligned.obj
 0001:00029dd0       WriteUnaligned32           000000000003add0 f   BaseLib:Unaligned.obj
 0001:00029e24       ReadUnaligned64            000000000003ae24 f   BaseLib:Unaligned.obj
 0001:00029e6c       WriteUnaligned64           000000000003ae6c f   BaseLib:Unaligned.obj
 0001:00029ec4       DivU64x32Remainder         000000000003aec4 f   BaseLib:DivU64x32Remainder.obj
 0001:00029f20       LShiftU64                  000000000003af20 f   BaseLib:LShiftU64.obj
 0001:00029f74       SwapBytes64                000000000003af74 f   BaseLib:SwapBytes64.obj
 0001:00029f8c       CpuBreakpoint              000000000003af8c f   BaseLib:CpuBreakpoint.obj
 0001:00029f90       CpuDeadLoop                000000000003af90 f   BaseLib:CpuDeadLoop.obj
 0001:00029fb4       DivU64x32                  000000000003afb4 f   BaseLib:DivU64x32.obj
 0001:0002a008       SwapBytes16                000000000003b008 f   BaseLib:SwapBytes16.obj
 0001:0002a020       SwapBytes32                000000000003b020 f   BaseLib:SwapBytes32.obj
 0001:0002a060       MultU64x32                 000000000003b060 f   BaseLib:MultU64x32.obj
 0001:0002a08c       RShiftU64                  000000000003b08c f   BaseLib:RShiftU64.obj
 0001:0002a0e0       InternalMathLShiftU64      000000000003b0e0 f   BaseLib:Math64.obj
 0001:0002a0fc       InternalMathRShiftU64      000000000003b0fc f   BaseLib:Math64.obj
 0001:0002a118       InternalMathSwapBytes64    000000000003b118 f   BaseLib:Math64.obj
 0001:0002a15c       InternalMathMultU64x32     000000000003b15c f   BaseLib:Math64.obj
 0001:0002a178       InternalMathMultU64x64     000000000003b178 f   BaseLib:Math64.obj
 0001:0002a190       InternalMathDivU64x32      000000000003b190 f   BaseLib:Math64.obj
 0001:0002a1b8       InternalMathModU64x32      000000000003b1b8 f   BaseLib:Math64.obj
 0001:0002a1e4       InternalMathDivRemU64x32   000000000003b1e4 f   BaseLib:Math64.obj
 0001:0002a23c       InternalMathDivRemU64x64   000000000003b23c f   BaseLib:Math64.obj
 0001:0002a278       UefiBootServicesTableLibConstructor 000000000003b278 f   UefiBootServicesTableLib:UefiBootServicesTableLib.obj
 0001:0002a354       UefiRuntimeServicesTableLibConstructor 000000000003b354 f   UefiRuntimeServicesTableLib:UefiRuntimeServicesTableLib.obj
 0001:0002a3b0       EfiGetSystemConfigurationTable 000000000003b3b0 f   UefiLib:UefiLib.obj
 0001:0002a4bc       GetVariable2               000000000003b4bc f   UefiLib:UefiLib.obj
 0001:0002a654       GetEfiGlobalVariable2      000000000003b654 f   UefiLib:UefiLib.obj
 0001:0002a688       GetBestLanguage            000000000003b688 f   UefiLib:UefiLib.obj
 0001:0002a930       EfiOpenFileByDevicePath    000000000003b930 f   UefiLib:UefiLib.obj
 0001:0002ac14       UefiHiiServicesLibConstructor 000000000003bc14 f   UefiHiiServicesLib:UefiHiiServicesLib.obj
 0001:0002ae1c       GetHobList                 000000000003be1c f   DxeHobLib:HobLib.obj
 0001:0002aef8       HobLibConstructor          000000000003bef8 f   DxeHobLib:HobLib.obj
 0001:0002af14       PerformQuickSort           000000000003bf14 f   UefiSortLib:UefiSortLib.obj
 0001:0002b004       DevicePathCompare          000000000003c004 f   UefiSortLib:UefiSortLib.obj
 0001:0002b1b0       StringNoCaseCompare        000000000003c1b0 f   UefiSortLib:UefiSortLib.obj
 0001:0002b284       StringCompare              000000000003c284 f   UefiSortLib:UefiSortLib.obj
 0001:0002b2ac       HiiAddPackages             000000000003c2ac f   UefiHiiLib:HiiLib.obj
 0001:0002b49c       HiiRemovePackages          000000000003c49c f   UefiHiiLib:HiiLib.obj
 0001:0002b568       HiiSetString               000000000003c568 f   UefiHiiLib:HiiString.obj
 0001:0002b7a4       HiiGetString               000000000003c7a4 f   UefiHiiLib:HiiString.obj
 0001:0002b7d4       HiiGetStringEx             000000000003c7d4 f   UefiHiiLib:HiiString.obj
 0001:0002bab8       HiiGetSupportedLanguages   000000000003cab8 f   UefiHiiLib:HiiLanguage.obj
 0001:0002bb98       FileHandleGetInfo          000000000003cb98 f   UefiFileHandleLib:UefiFileHandleLib.obj
 0001:0002bc54       FileHandleSetInfo          000000000003cc54 f   UefiFileHandleLib:UefiFileHandleLib.obj
 0001:0002bca4       FileHandleRead             000000000003cca4 f   UefiFileHandleLib:UefiFileHandleLib.obj
 0001:0002bce8       FileHandleWrite            000000000003cce8 f   UefiFileHandleLib:UefiFileHandleLib.obj
 0001:0002bd2c       FileHandleClose            000000000003cd2c f   UefiFileHandleLib:UefiFileHandleLib.obj
 0001:0002bd68       FileHandleDelete           000000000003cd68 f   UefiFileHandleLib:UefiFileHandleLib.obj
 0001:0002bda4       FileHandleSetPosition      000000000003cda4 f   UefiFileHandleLib:UefiFileHandleLib.obj
 0001:0002bde0       FileHandleGetPosition      000000000003cde0 f   UefiFileHandleLib:UefiFileHandleLib.obj
 0001:0002be24       FileHandleFlush            000000000003ce24 f   UefiFileHandleLib:UefiFileHandleLib.obj
 0001:0002be54       FileHandleIsDirectory      000000000003ce54 f   UefiFileHandleLib:UefiFileHandleLib.obj
 0001:0002bed0       FileHandleFindFirstFile    000000000003ced0 f   UefiFileHandleLib:UefiFileHandleLib.obj
 0001:0002c034       FileHandleFindNextFile     000000000003d034 f   UefiFileHandleLib:UefiFileHandleLib.obj
 0001:0002c0fc       FileHandleGetSize          000000000003d0fc f   UefiFileHandleLib:UefiFileHandleLib.obj
 0001:0002c16c       FileHandleSetSize          000000000003d16c f   UefiFileHandleLib:UefiFileHandleLib.obj
 0001:0002c1e8       StrnCatGrowLeft            000000000003d1e8 f   UefiFileHandleLib:UefiFileHandleLib.obj
 0001:0002c3dc       FileHandleGetFileName      000000000003d3dc f   UefiFileHandleLib:UefiFileHandleLib.obj
 0001:0002c7d0       DxeServicesTableLibConstructor 000000000003d7d0 f   DxeServicesTableLib:DxeServicesTableLib.obj
 0001:0002c8a8       FullyQualifyPath           000000000003d8a8 f   UefiShellLib:UefiShellLib.obj
 0001:0002cb38       ShellIsHexaDecimalDigitCharacter 000000000003db38 f   UefiShellLib:UefiShellLib.obj
 0001:0002cb90       ShellFindSE2               000000000003db90 f   UefiShellLib:UefiShellLib.obj
 0001:0002cdac       ShellLibConstructorWorker  000000000003ddac f   UefiShellLib:UefiShellLib.obj
 0001:0002d0f8       ShellLibConstructor        000000000003e0f8 f   UefiShellLib:UefiShellLib.obj
 0001:0002d16c       ShellLibDestructor         000000000003e16c f   UefiShellLib:UefiShellLib.obj
 0001:0002d2bc       ShellInitialize            000000000003e2bc f   UefiShellLib:UefiShellLib.obj
 0001:0002d374       ShellGetFileInfo           000000000003e374 f   UefiShellLib:UefiShellLib.obj
 0001:0002d390       ShellSetFileInfo           000000000003e390 f   UefiShellLib:UefiShellLib.obj
 0001:0002d3b4       ShellOpenFileByDevicePath  000000000003e3b4 f   UefiShellLib:UefiShellLib.obj
 0001:0002d490       ShellOpenFileByName        000000000003e490 f   UefiShellLib:UefiShellLib.obj
 0001:0002d7f4       ShellCreateDirectory       000000000003e7f4 f   UefiShellLib:UefiShellLib.obj
 0001:0002d850       ShellReadFile              000000000003e850 f   UefiShellLib:UefiShellLib.obj
 0001:0002d880       ShellWriteFile             000000000003e880 f   UefiShellLib:UefiShellLib.obj
 0001:0002d8b0       ShellCloseFile             000000000003e8b0 f   UefiShellLib:UefiShellLib.obj
 0001:0002d8cc       ShellDeleteFile            000000000003e8cc f   UefiShellLib:UefiShellLib.obj
 0001:0002d8e8       ShellSetFilePosition       000000000003e8e8 f   UefiShellLib:UefiShellLib.obj
 0001:0002d90c       ShellGetFilePosition       000000000003e90c f   UefiShellLib:UefiShellLib.obj
 0001:0002d930       ShellGetFileSize           000000000003e930 f   UefiShellLib:UefiShellLib.obj
 0001:0002d954       ShellGetExecutionBreakFlag 000000000003e954 f   UefiShellLib:UefiShellLib.obj
 0001:0002d9a8       ShellGetEnvironmentVariable 000000000003e9a8 f   UefiShellLib:UefiShellLib.obj
 0001:0002d9f0       ShellSetEnvironmentVariable 000000000003e9f0 f   UefiShellLib:UefiShellLib.obj
 0001:0002da38       ShellGetCurrentDir         000000000003ea38 f   UefiShellLib:UefiShellLib.obj
 0001:0002da80       ShellSetPageBreakMode      000000000003ea80 f   UefiShellLib:UefiShellLib.obj
 0001:0002db04       InternalShellConvertFileListType 000000000003eb04 f   UefiShellLib:UefiShellLib.obj
 0001:0002deb8       ShellOpenFileMetaArg       000000000003eeb8 f   UefiShellLib:UefiShellLib.obj
 0001:0002e1c0       ShellCloseFileMetaArg      000000000003f1c0 f   UefiShellLib:UefiShellLib.obj
 0001:0002e310       ShellFindFilePath          000000000003f310 f   UefiShellLib:UefiShellLib.obj
 0001:0002e794       ShellFindFilePathEx        000000000003f794 f   UefiShellLib:UefiShellLib.obj
 0001:0002e970       InternalIsOnCheckList      000000000003f970 f   UefiShellLib:UefiShellLib.obj
 0001:0002eb7c       InternalIsFlag             000000000003fb7c f   UefiShellLib:UefiShellLib.obj
 0001:0002ec70       InternalCommandLineParse   000000000003fc70 f   UefiShellLib:UefiShellLib.obj
 0001:0002f42c       ShellCommandLineParseEx    000000000004042c f   UefiShellLib:UefiShellLib.obj
 0001:0002f570       ShellCommandLineFreeVarList 0000000000040570 f   UefiShellLib:UefiShellLib.obj
 0001:0002f610       ShellCommandLineGetFlag    0000000000040610 f   UefiShellLib:UefiShellLib.obj
 0001:0002f758       ShellCommandLineGetValue   0000000000040758 f   UefiShellLib:UefiShellLib.obj
 0001:0002f8d0       ShellCommandLineGetRawValue 00000000000408d0 f   UefiShellLib:UefiShellLib.obj
 0001:0002f94c       ShellCommandLineGetCount   000000000004094c f   UefiShellLib:UefiShellLib.obj
 0001:0002f9cc       ShellCommandLineCheckDuplicate 00000000000409cc f   UefiShellLib:UefiShellLib.obj
 0001:0002fb10       ShellCopySearchAndReplace  0000000000040b10 f   UefiShellLib:UefiShellLib.obj
 0001:0002fd84       InternalPrintTo            0000000000040d84 f   UefiShellLib:UefiShellLib.obj
 0001:0002fe74       InternalShellPrintWorker   0000000000040e74 f   UefiShellLib:UefiShellLib.obj
 0001:00030640       ShellPrintEx               0000000000041640 f   UefiShellLib:UefiShellLib.obj
 0001:000306a4       ShellPrintHiiEx            00000000000416a4 f   UefiShellLib:UefiShellLib.obj
 0001:00030748       ShellIsDirectory           0000000000041748 f   UefiShellLib:UefiShellLib.obj
 0001:000308e8       ShellIsFile                00000000000418e8 f   UefiShellLib:UefiShellLib.obj
 0001:00030990       ShellIsFileInPath          0000000000041990 f   UefiShellLib:UefiShellLib.obj
 0001:000309f4       ShellStrToUintn            00000000000419f4 f   UefiShellLib:UefiShellLib.obj
 0001:00030a54       StrnCatGrow                0000000000041a54 f   UefiShellLib:UefiShellLib.obj
 0001:00030c70       ShellPromptForResponse     0000000000041c70 f   UefiShellLib:UefiShellLib.obj
 0001:00031558       ShellPromptForResponseHii  0000000000042558 f   UefiShellLib:UefiShellLib.obj
 0001:000315b4       InternalShellIsHexOrDecimalNumber 00000000000425b4 f   UefiShellLib:UefiShellLib.obj
 0001:00031720       ShellFileExists            0000000000042720 f   UefiShellLib:UefiShellLib.obj
 0001:000317a0       InternalShellStrHexToUint64 00000000000427a0 f   UefiShellLib:UefiShellLib.obj
 0001:00031948       InternalShellStrDecimalToUint64 0000000000042948 f   UefiShellLib:UefiShellLib.obj
 0001:00031abc       ShellConvertStringToUint64 0000000000042abc f   UefiShellLib:UefiShellLib.obj
 0001:00031c74       ShellIsHexOrDecimalNumber  0000000000042c74 f   UefiShellLib:UefiShellLib.obj
 0001:00031cb8       ShellFileHandleReturnLine  0000000000042cb8 f   UefiShellLib:UefiShellLib.obj
 0001:00031dac       ShellFileHandleReadLine    0000000000042dac f   UefiShellLib:UefiShellLib.obj
 0001:00032120       ShellPrintHelp             0000000000043120 f   UefiShellLib:UefiShellLib.obj
 0001:00032268       ShellDeleteFileByName      0000000000043268 f   UefiShellLib:UefiShellLib.obj
 0001:000322cc       InternalShellStripQuotes   00000000000432cc f   UefiShellLib:UefiShellLib.obj
 0001:000322cc       ShellLevel2StripQuotes     00000000000432cc f   UefiShellLevel2CommandsLib:UefiShellLevel2CommandsLib.obj
 0001:000323a0       FindLoadedImageFileName    00000000000433a0 f   UefiHandleParsingLib:UefiHandleParsingLib.obj
 0001:00032480       ConvertMemoryType          0000000000043480 f   UefiHandleParsingLib:UefiHandleParsingLib.obj
 0001:00032714       ConvertPixelFormat         0000000000043714 f   UefiHandleParsingLib:UefiHandleParsingLib.obj
 0001:00032808       HandleParsingLibConstructor 0000000000043808 f   UefiHandleParsingLib:UefiHandleParsingLib.obj
 0001:0003282c       HandleParsingHiiInit       000000000004382c f   UefiHandleParsingLib:UefiHandleParsingLib.obj
 0001:00032898       HandleParsingLibDestructor 0000000000043898 f   UefiHandleParsingLib:UefiHandleParsingLib.obj
 0001:00032964       LoadedImageProtocolDumpInformation 0000000000043964 f   UefiHandleParsingLib:UefiHandleParsingLib.obj
 0001:00032d24       GraphicsOutputProtocolDumpInformation 0000000000043d24 f   UefiHandleParsingLib:UefiHandleParsingLib.obj
 0001:000332cc       EdidDiscoveredProtocolDumpInformation 00000000000442cc f   UefiHandleParsingLib:UefiHandleParsingLib.obj
 0001:00033474       EdidActiveProtocolDumpInformation 0000000000044474 f   UefiHandleParsingLib:UefiHandleParsingLib.obj
 0001:0003361c       PciRootBridgeIoDumpInformation 000000000004461c f   UefiHandleParsingLib:UefiHandleParsingLib.obj
 0001:00033ae0       TxtOutProtocolDumpInformation 0000000000044ae0 f   UefiHandleParsingLib:UefiHandleParsingLib.obj
 0001:00033e30       DriverEfiVersionProtocolDumpInformation 0000000000044e30 f   UefiHandleParsingLib:UefiHandleParsingLib.obj
 0001:00033f18       ConvertDevicePathToShortText 0000000000044f18 f   UefiHandleParsingLib:UefiHandleParsingLib.obj
 0001:00034150       DevicePathProtocolDumpInformation 0000000000045150 f   UefiHandleParsingLib:UefiHandleParsingLib.obj
 0001:00034178       LoadedImageDevicePathProtocolDumpInformation 0000000000045178 f   UefiHandleParsingLib:UefiHandleParsingLib.obj
 0001:000341a0       BusSpecificDriverOverrideProtocolDumpInformation 00000000000451a0 f   UefiHandleParsingLib:UefiHandleParsingLib.obj
 0001:0003436c       BlockIoProtocolDumpInformation 000000000004536c f   UefiHandleParsingLib:UefiHandleParsingLib.obj
 0001:000345f8       DebugSupportProtocolDumpInformation 00000000000455f8 f   UefiHandleParsingLib:UefiHandleParsingLib.obj
 0001:000347c4       PciIoProtocolDumpInformation 00000000000457c4 f   UefiHandleParsingLib:UefiHandleParsingLib.obj
 0001:00034a88       UsbIoProtocolDumpInformation 0000000000045a88 f   UefiHandleParsingLib:UefiHandleParsingLib.obj
 0001:00034b80       AdapterInformationDumpInformation 0000000000045b80 f   UefiHandleParsingLib:UefiHandleParsingLib.obj
 0001:00035674       FirmwareManagementDumpInformation 0000000000046674 f   UefiHandleParsingLib:UefiHandleParsingLib.obj
 0001:00036b04       PartitionInfoProtocolDumpInformation 0000000000047b04 f   UefiHandleParsingLib:UefiHandleParsingLib.obj
 0001:00036cd0       InternalShellGetNodeFromGuid 0000000000047cd0 f   UefiHandleParsingLib:UefiHandleParsingLib.obj
 0001:00036e34       InsertNewGuidNameMapping   0000000000047e34 f   UefiHandleParsingLib:UefiHandleParsingLib.obj
 0001:00036fa4       AddNewGuidNameMapping      0000000000047fa4 f   UefiHandleParsingLib:UefiHandleParsingLib.obj
 0001:0003703c       GetStringNameFromGuid      000000000004803c f   UefiHandleParsingLib:UefiHandleParsingLib.obj
 0001:00037088       GetProtocolInformationDump 0000000000048088 f   UefiHandleParsingLib:UefiHandleParsingLib.obj
 0001:00037150       GetGuidFromStringName      0000000000048150 f   UefiHandleParsingLib:UefiHandleParsingLib.obj
 0001:0003743c       GetBestLanguageForDriver   000000000004843c f   UefiHandleParsingLib:UefiHandleParsingLib.obj
 0001:00037520       GetStringNameFromHandle    0000000000048520 f   UefiHandleParsingLib:UefiHandleParsingLib.obj
 0001:00037680       InternalShellInitHandleList 0000000000048680 f   UefiHandleParsingLib:UefiHandleParsingLib.obj
 0001:000377ec       ConvertHandleToHandleIndex 00000000000487ec f   UefiHandleParsingLib:UefiHandleParsingLib.obj
 0001:00037960       ConvertHandleIndexToHandle 0000000000048960 f   UefiHandleParsingLib:UefiHandleParsingLib.obj
 0001:00037a44       ParseHandleDatabaseByRelationshipWithType 0000000000048a44 f   UefiHandleParsingLib:UefiHandleParsingLib.obj
 0001:000387c0       ParseHandleDatabaseByRelationship 00000000000497c0 f   UefiHandleParsingLib:UefiHandleParsingLib.obj
 0001:00038b48       ParseHandleDatabaseForChildControllers 0000000000049b48 f   UefiHandleParsingLib:UefiHandleParsingLib.obj
 0001:00038df4       BuffernCatGrow             0000000000049df4 f   UefiHandleParsingLib:UefiHandleParsingLib.obj
 0001:00038f3c       ParseHandleDatabaseForChildDevices 0000000000049f3c f   UefiHandleParsingLib:UefiHandleParsingLib.obj
 0001:000390d4       GetHandleListByProtocol    000000000004a0d4 f   UefiHandleParsingLib:UefiHandleParsingLib.obj
 0001:00039278       GetHandleListByProtocolList 000000000004a278 f   UefiHandleParsingLib:UefiHandleParsingLib.obj
 0001:00039524       GetAllMappingGuids         000000000004a524 f   UefiHandleParsingLib:UefiHandleParsingLib.obj
 0001:000396ec       CommandInit                000000000004a6ec f   UefiShellCommandLib:UefiShellCommandLib.obj
 0001:00039888       ShellCommandLibConstructor 000000000004a888 f   UefiShellCommandLib:UefiShellCommandLib.obj
 0001:00039924       FreeFileHandleList         000000000004a924 f   UefiShellCommandLib:UefiShellCommandLib.obj
 0001:00039a4c       ShellCommandLibDestructor  000000000004aa4c f   UefiShellCommandLib:UefiShellCommandLib.obj
 0001:00039d98       ShellCommandFindDynamicCommand 000000000004ad98 f   UefiShellCommandLib:UefiShellCommandLib.obj
 0001:00039e5c       ShellCommandDynamicCommandExists 000000000004ae5c f   UefiShellCommandLib:UefiShellCommandLib.obj
 0001:00039e8c       ShellCommandIsCommandOnInternalList 000000000004ae8c f   UefiShellCommandLib:UefiShellCommandLib.obj
 0001:00039f78       ShellCommandIsCommandOnList 000000000004af78 f   UefiShellCommandLib:UefiShellCommandLib.obj
 0001:00039fa8       ShellCommandGetDynamicCommandHelp 000000000004afa8 f   UefiShellCommandLib:UefiShellCommandLib.obj
 0001:00039fe8       ShellCommandGetInternalCommandHelp 000000000004afe8 f   UefiShellCommandLib:UefiShellCommandLib.obj
 0001:0003a0ec       ShellCommandGetCommandHelp 000000000004b0ec f   UefiShellCommandLib:UefiShellCommandLib.obj
 0001:0003a128       ShellCommandRegisterCommandName 000000000004b128 f   UefiShellCommandLib:UefiShellCommandLib.obj
 0001:0003a4c8       ShellCommandGetProfileList 000000000004b4c8 f   UefiShellCommandLib:UefiShellCommandLib.obj
 0001:0003a4d0       ShellCommandRunCommandHandler 000000000004b4d0 f   UefiShellCommandLib:UefiShellCommandLib.obj
 0001:0003a68c       ShellCommandGetManFileNameHandler 000000000004b68c f   UefiShellCommandLib:UefiShellCommandLib.obj
 0001:0003a780       ShellCommandGetCommandList 000000000004b780 f   UefiShellCommandLib:UefiShellCommandLib.obj
 0001:0003a78c       ShellCommandRegisterAlias  000000000004b78c f   UefiShellCommandLib:UefiShellCommandLib.obj
 0001:0003a988       ShellCommandGetInitAliasList 000000000004b988 f   UefiShellCommandLib:UefiShellCommandLib.obj
 0001:0003a990       ShellCommandIsOnAliasList  000000000004b990 f   UefiShellCommandLib:UefiShellCommandLib.obj
 0001:0003aadc       ShellCommandGetEchoState   000000000004badc f   UefiShellCommandLib:UefiShellCommandLib.obj
 0001:0003aae4       ShellCommandSetEchoState   000000000004bae4 f   UefiShellCommandLib:UefiShellCommandLib.obj
 0001:0003aaf4       ShellCommandRegisterExit   000000000004baf4 f   UefiShellCommandLib:UefiShellCommandLib.obj
 0001:0003ab50       ShellCommandGetExit        000000000004bb50 f   UefiShellCommandLib:UefiShellCommandLib.obj
 0001:0003ab58       ShellCommandGetExitCode    000000000004bb58 f   UefiShellCommandLib:UefiShellCommandLib.obj
 0001:0003ab60       ShellCommandGetScriptExit  000000000004bb60 f   UefiShellCommandLib:UefiShellCommandLib.obj
 0001:0003ab68       DeleteScriptFileStruct     000000000004bb68 f   UefiShellCommandLib:UefiShellCommandLib.obj
 0001:0003ad9c       ShellCommandGetCurrentScriptFile 000000000004bd9c f   UefiShellCommandLib:UefiShellCommandLib.obj
 0001:0003add8       ShellCommandSetNewScript   000000000004bdd8 f   UefiShellCommandLib:UefiShellCommandLib.obj
 0001:0003ae80       ShellCommandCreateNewMappingName 000000000004be80 f   UefiShellCommandLib:UefiShellCommandLib.obj
 0001:0003af68       ShellCommandAddMapItemAndUpdatePath 000000000004bf68 f   UefiShellCommandLib:UefiShellCommandLib.obj
 0001:0003b270       ShellCommandCreateInitialMappingsAndPaths 000000000004c270 f   UefiShellCommandLib:UefiShellCommandLib.obj
 0001:0003ba94       ShellCommandUpdateMapping  000000000004ca94 f   UefiShellCommandLib:UefiShellCommandLib.obj
 0001:0003bd10       ConvertShellHandleToEfiFileProtocol 000000000004cd10 f   UefiShellCommandLib:UefiShellCommandLib.obj
 0001:0003bd1c       ConvertEfiFileProtocolToShellHandle 000000000004cd1c f   UefiShellCommandLib:UefiShellCommandLib.obj
 0001:0003be44       ShellFileHandleGetPath     000000000004ce44 f   UefiShellCommandLib:UefiShellCommandLib.obj
 0001:0003becc       ShellFileHandleRemove      000000000004cecc f   UefiShellCommandLib:UefiShellCommandLib.obj
 0001:0003bfec       ShellFileHandleEof         000000000004cfec f   UefiShellCommandLib:UefiShellCommandLib.obj
 0001:0003c0a8       FreeBufferList             000000000004d0a8 f   UefiShellCommandLib:UefiShellCommandLib.obj
 0001:0003c130       DumpHex                    000000000004d130 f   UefiShellCommandLib:UefiShellCommandLib.obj
 0001:0003c330       CatSDumpHex                000000000004d330 f   UefiShellCommandLib:UefiShellCommandLib.obj
 0001:0003c5f4       ShellSortFileList          000000000004d5f4 f   UefiShellCommandLib:UefiShellCommandLib.obj
 0001:0003cafc       CatPrint                   000000000004dafc f   UefiShellCommandLib:ConsistMapping.obj
 0001:0003cc54       AppendCSDNum2              000000000004dc54 f   UefiShellCommandLib:ConsistMapping.obj
 0001:0003ccf8       AppendCSDNum               000000000004dcf8 f   UefiShellCommandLib:ConsistMapping.obj
 0001:0003cdbc       AppendCSDStr               000000000004ddbc f   UefiShellCommandLib:ConsistMapping.obj
 0001:0003d138       AppendCSDGuid              000000000004e138 f   UefiShellCommandLib:ConsistMapping.obj
 0001:0003d1c0       DevPathCompareAcpi         000000000004e1c0 f   UefiShellCommandLib:ConsistMapping.obj
 0001:0003d268       DevPathComparePci          000000000004e268 f   UefiShellCommandLib:ConsistMapping.obj
 0001:0003d374       DevPathCompareDefault      000000000004e374 f   UefiShellCommandLib:ConsistMapping.obj
 0001:0003d44c       DevPathSerialHardDrive     000000000004e44c f   UefiShellCommandLib:ConsistMapping.obj
 0001:0003d500       DevPathSerialAtapi         000000000004e500 f   UefiShellCommandLib:ConsistMapping.obj
 0001:0003d5ac       DevPathSerialCdRom         000000000004e5ac f   UefiShellCommandLib:ConsistMapping.obj
 0001:0003d654       DevPathSerialFibre         000000000004e654 f   UefiShellCommandLib:ConsistMapping.obj
 0001:0003d718       DevPathSerialUart          000000000004e718 f   UefiShellCommandLib:ConsistMapping.obj
 0001:0003d824       DevPathSerialUsb           000000000004e824 f   UefiShellCommandLib:ConsistMapping.obj
 0001:0003da5c       DevPathSerialVendor        000000000004ea5c f   UefiShellCommandLib:ConsistMapping.obj
 0001:0003dce0       DevPathSerialLun           000000000004ece0 f   UefiShellCommandLib:ConsistMapping.obj
 0001:0003dd7c       DevPathSerialSata          000000000004ed7c f   UefiShellCommandLib:ConsistMapping.obj
 0001:0003de68       DevPathSerialIScsi         000000000004ee68 f   UefiShellCommandLib:ConsistMapping.obj
 0001:0003e060       DevPathSerialI2O           000000000004f060 f   UefiShellCommandLib:ConsistMapping.obj
 0001:0003e0fc       DevPathSerialMacAddr       000000000004f0fc f   UefiShellCommandLib:ConsistMapping.obj
 0001:0003e238       DevPathSerialInfiniBand    000000000004f238 f   UefiShellCommandLib:ConsistMapping.obj
 0001:0003e3b8       DevPathSerialIPv4          000000000004f3b8 f   UefiShellCommandLib:ConsistMapping.obj
 0001:0003e5b8       DevPathSerialIPv6          000000000004f5b8 f   UefiShellCommandLib:ConsistMapping.obj
 0001:0003e79c       DevPathSerialScsi          000000000004f79c f   UefiShellCommandLib:ConsistMapping.obj
 0001:0003e864       DevPathSerial1394          000000000004f864 f   UefiShellCommandLib:ConsistMapping.obj
 0001:0003e918       DevPathSerialAcpi          000000000004f918 f   UefiShellCommandLib:ConsistMapping.obj
 0001:0003e9e8       IsHIDevicePathNode         000000000004f9e8 f   UefiShellCommandLib:ConsistMapping.obj
 0001:0003ea94       GetHIDevicePath            000000000004fa94 f   UefiShellCommandLib:ConsistMapping.obj
 0001:0003ebf8       GetDeviceConsistMappingInfo 000000000004fbf8 f   UefiShellCommandLib:ConsistMapping.obj
 0001:0003edb0       ShellCommandConsistMappingInitialize 000000000004fdb0 f   UefiShellCommandLib:ConsistMapping.obj
 0001:0003f064       ShellCommandConsistMappingUnInitialize 0000000000050064 f   UefiShellCommandLib:ConsistMapping.obj
 0001:0003f0f0       ShellCommandConsistMappingGenMappingName 00000000000500f0 f   UefiShellCommandLib:ConsistMapping.obj
 0001:0003f388       ShellCommandFindMapItem    0000000000050388 f   UefiShellCommandLib:ConsistMapping.obj
 0001:0003f40c       ShellCommandGetManFileNameLevel2 000000000005040c f   UefiShellLevel2CommandsLib:UefiShellLevel2CommandsLib.obj
 0001:0003f414       ShellLevel2CommandsLibConstructor 0000000000050414 f   UefiShellLevel2CommandsLib:UefiShellLevel2CommandsLib.obj
 0001:0003fa88       ShellLevel2CommandsLibDestructor 0000000000050a88 f   UefiShellLevel2CommandsLib:UefiShellLevel2CommandsLib.obj
 0001:0003fab4       GetFullyQualifiedPath      0000000000050ab4 f   UefiShellLevel2CommandsLib:UefiShellLevel2CommandsLib.obj
 0001:0003fbec       VerifyIntermediateDirectories 0000000000050bec f   UefiShellLevel2CommandsLib:UefiShellLevel2CommandsLib.obj
 0001:0003fd80       StrniCmp                   0000000000050d80 f   UefiShellLevel2CommandsLib:UefiShellLevel2CommandsLib.obj
 0001:0003feec       ShellCommandRunReset       0000000000050eec f   UefiShellLevel2CommandsLib:Reset.obj
 0001:000404a8       ConnectAllEfi              00000000000514a8 f   UefiShellLevel2CommandsLib:Load.obj
 0001:0004054c       LoadDriver                 000000000005154c f   UefiShellLevel2CommandsLib:Load.obj
 0001:000408e0       ShellCommandRunLoad        00000000000518e0 f   UefiShellLevel2CommandsLib:Load.obj
 0001:00040cc0       InternalIsTimeLikeString   0000000000051cc0 f   UefiShellLevel2CommandsLib:TimeDate.obj
 0001:00040da8       CheckAndSetDate            0000000000051da8 f   UefiShellLevel2CommandsLib:TimeDate.obj
 0001:00041080       ShellCommandRunDate        0000000000052080 f   UefiShellLevel2CommandsLib:TimeDate.obj
 0001:000414b4       CheckAndSetTime            00000000000524b4 f   UefiShellLevel2CommandsLib:TimeDate.obj
 0001:000417ec       ShellCommandRunTime        00000000000527ec f   UefiShellLevel2CommandsLib:TimeDate.obj
 0001:00042308       CheckAndSetTimeZone        0000000000053308 f   UefiShellLevel2CommandsLib:TimeDate.obj
 0001:00042658       ShellCommandRunTimeZone    0000000000053658 f   UefiShellLevel2CommandsLib:TimeDate.obj
 0001:00042e8c       IsStdInDataAvailable       0000000000053e8c f   UefiShellLevel2CommandsLib:Parse.obj
 0001:00042f4c       HandleStringWithEscapeCharForParse 0000000000053f4c f   UefiShellLevel2CommandsLib:Parse.obj
 0001:00043030       PerformParsing             0000000000054030 f   UefiShellLevel2CommandsLib:Parse.obj
 0001:0004355c       ShellCommandRunParse       000000000005455c f   UefiShellLevel2CommandsLib:Parse.obj
[...]
 0006:00000300       $unwind$ConfigFromFile     0000000000149300     UefiShellDriver1CommandsLib:DrvCfg.obj
 0006:00000300       $unwind$ShellCommandRunCp  0000000000149300     UefiShellLevel2CommandsLib:Cp.obj
 0006:00000300       $unwind$ShellCommandRunMap 0000000000149300     UefiShellLevel2CommandsLib:Map.obj
 0006:00000300       $unwind$ShellCommandRunTimeZone 0000000000149300     UefiShellLevel2CommandsLib:TimeDate.obj
 0006:00000300       $unwind$ShellCommandRunCls 0000000000149300     UefiShellLevel3CommandsLib:Cls.obj
 0006:00000300       $unwind$ShellCommandRunHelp 0000000000149300     UefiShellLevel3CommandsLib:Help.obj
 0006:00000300       $unwind$Ping6OnEchoReplyReceived 0000000000149300     UefiShellNetwork1CommandsLib:Ping.obj
 0006:00000300       $unwind$ShellCommandRunPing 0000000000149300     UefiShellNetwork1CommandsLib:Ping.obj
 0006:00000308       $unwind$DevPathSerialIPv6  0000000000149308     UefiShellCommandLib:ConsistMapping.obj
 0006:00000308       $unwind$DevPathSerialInfiniBand 0000000000149308     UefiShellCommandLib:ConsistMapping.obj
 0006:00000308       $unwind$DevPathSerialMacAddr 0000000000149308     UefiShellCommandLib:ConsistMapping.obj
 0006:00000310       $unwind$ShellCommandRunEfiDecompress 0000000000149310     UefiShellDebug1CommandsLib:EfiDecompress.obj
 0006:00000310       $unwind$ShellCommandRunSerMode 0000000000149310     UefiShellDebug1CommandsLib:SerMode.obj
 0006:00000310       $unwind$ShellCommandRunAttrib 0000000000149310     UefiShellLevel2CommandsLib:Attrib.obj
 0006:00000310       $unwind$ShellCommandRunTime 0000000000149310     UefiShellLevel2CommandsLib:TimeDate.obj
 0006:00000318       $unwind$ShellCommandRunEfiCompress 0000000000149318     UefiShellDebug1CommandsLib:EfiCompress.obj
 0006:00000318       $unwind$ShellCommandRunMm  0000000000149318     UefiShellDebug1CommandsLib:Mm.obj
 0006:00000318       $unwind$ShellCommandRunDisconnect 0000000000149318     UefiShellDriver1CommandsLib:Disconnect.obj
 0006:00000318       $unwind$ShellCommandRunCd  0000000000149318     UefiShellLevel2CommandsLib:Cd.obj
 0006:00000320       $unwind$PrintFileInformation 0000000000149320     UefiShellLevel2CommandsLib:Ls.obj
 0006:00000338       $unwind$ShellMmAccess      0000000000149338     UefiShellDebug1CommandsLib:Mm.obj
 0006:00000338       $unwind$PrintLsOutput      0000000000149338     UefiShellLevel2CommandsLib:Ls.obj
 0006:00000340       $unwind$ShellCommandRunDrvCfg 0000000000149340     UefiShellDriver1CommandsLib:DrvCfg.obj
 0006:00000340       $unwind$ShellCommandRunFor 0000000000149340     UefiShellLevel1CommandsLib:For.obj
 0006:00000340       $unwind$ShellCommandRunLs  0000000000149340     UefiShellLevel2CommandsLib:Ls.obj
 0006:00000348       $unwind$PerformSingleMappingDisplay 0000000000149348     UefiShellLevel2CommandsLib:Map.obj
 0006:00000350       $unwind$PerformMappingDisplay 0000000000149350     UefiShellLevel2CommandsLib:Map.obj
 0006:00000358       $unwind$PerformMappingDisplay2 0000000000149358     UefiShellLevel2CommandsLib:Map.obj
 0006:00000360       $unwind$HandleVol          0000000000149360     UefiShellLevel2CommandsLib:Vol.obj
 0006:00000368       $unwind$ValidateAndMoveFiles 0000000000149368     UefiShellLevel2CommandsLib:Mv.obj
 0006:00000370       $unwind$ShellCommandRunDmpStore 0000000000149370     UefiShellDebug1CommandsLib:DmpStore.obj
 0006:00000370       $unwind$ShellCommandRunMode 0000000000149370     UefiShellDebug1CommandsLib:Mode.obj
 0006:00000370       $unwind$ShellCommandRunSetVar 0000000000149370     UefiShellDebug1CommandsLib:SetVar.obj
 0006:00000370       $unwind$ShellCommandRunDevTree 0000000000149370     UefiShellDriver1CommandsLib:DevTree.obj
 0006:00000370       $unwind$ShellCommandRunDrvDiag 0000000000149370     UefiShellDriver1CommandsLib:DrvDiag.obj
 0006:00000370       $unwind$ShellCommandRunMv  0000000000149370     UefiShellLevel2CommandsLib:Mv.obj
 0006:00000370       $unwind$IfConfigSetInterfaceInfo 0000000000149370     UefiShellNetwork1CommandsLib:Ifconfig.obj
 0006:00000378       $unwind$ShellCommandRunDevices 0000000000149378     UefiShellDriver1CommandsLib:Devices.obj
 0006:00000380       $unwind$EfiBootManagerLoadOptionToVariable 0000000000149380     UefiBootManagerLib:BmLoadOption.obj
 0006:00000380       $unwind$TraverseHandleDatabase 0000000000149380     UefiShellDriver1CommandsLib:OpenInfo.obj
 0006:00000388       $unwind$ShellCommandRunDrivers 0000000000149388     UefiShellDriver1CommandsLib:Drivers.obj
 0006:00000390       $unwind$DoDiagnostics      0000000000149390     UefiShellDriver1CommandsLib:DrvDiag.obj
 0006:00000398       $unwind$BcfgAddOpt         0000000000149398     UefiShellBcfgCommandLib:UefiShellBcfgCommandLib.obj
 0006:00000398       $unwind$GetProtocolInfoString 0000000000149398     UefiShellDriver1CommandsLib:Dh.obj
 0006:000003a0       $unwind$DisplayDriverModelHandle 00000000001493a0     UefiShellDriver1CommandsLib:Dh.obj
 0006:000003a8       $unwind$StatusBarRefresh   00000000001493a8     UefiShellDebug1CommandsLib:EditStatusBar.obj
 0006:000003a8       $unwind$DoDhByProtocol     00000000001493a8     UefiShellDriver1CommandsLib:Dh.obj
 0006:000003a8       $unwind$DoDhByProtocolGuid 00000000001493a8     UefiShellDriver1CommandsLib:Dh.obj
 0006:000003b0       $unwind$PreHiiDrvCfg       00000000001493b0     UefiShellDriver1CommandsLib:DrvCfg.obj
 0006:000003b8       $unwind$PrintConfigInfoOnAll 00000000001493b8     UefiShellDriver1CommandsLib:DrvCfg.obj
 0006:000003c0       $unwind$EditorClearLine    00000000001493c0     UefiShellDebug1CommandsLib:UefiShellDebug1CommandsLib.obj
 0006:000003c8       $unwind$ShellCommandRunDmem 00000000001493c8     UefiShellDebug1CommandsLib:Dmem.obj
 0006:000003d0       $unwind$ShellCommandRunPci 00000000001493d0     UefiShellDebug1CommandsLib:Pci.obj
 0006:000003dc       $unwind$PciFindProtocolInterface 00000000001493dc     UefiShellDebug1CommandsLib:Pci.obj
 0006:000003e4       $unwind$GetDevicePathByHandle 00000000001493e4     UefiShellBcfgCommandLib:UefiShellBcfgCommandLib.obj
 0006:000003e4       $unwind$PciExplainStatus   00000000001493e4     UefiShellDebug1CommandsLib:Pci.obj
 0006:000003ec       $unwind$PrintInterpretedExtendedCompatibilityAer 00000000001493ec     UefiShellDebug1CommandsLib:Pci.obj
 0006:000003fc       $unwind$PciExplainPciExpress 00000000001493fc     UefiShellDebug1CommandsLib:Pci.obj
 0006:00000404       $unwind$ShellCommandRunMemMap 0000000000149404     UefiShellDebug1CommandsLib:MemMap.obj
 0006:0000040c       $unwind$DisplaySettings    000000000014940c     UefiShellDebug1CommandsLib:SerMode.obj
 0006:00000414       $unwind$ShellMmDecodePciAddress 0000000000149414     UefiShellDebug1CommandsLib:Mm.obj
 0006:0000041c       $unwind$ShellMmLocateIoProtocol 000000000014941c     UefiShellDebug1CommandsLib:Mm.obj
 0006:00000424       $unwind$ShellCommandRunComp 0000000000149424     UefiShellDebug1CommandsLib:Comp.obj
 0006:0000042c       $unwind$NetGetMaskLength   000000000014942c     DxeNetLib:DxeNetLib.obj
 0006:0000042c       $unwind$DownHeap           000000000014942c     UefiShellDebug1CommandsLib:Compress.obj
 0006:0000042c       $unwind$GetTextX           000000000014942c     UefiShellDebug1CommandsLib:MainTextEditor.obj
 0006:0000042c       $unwind$GetTextY           000000000014942c     UefiShellDebug1CommandsLib:MainTextEditor.obj
 0006:0000042c       $unwind$HGetTextX          000000000014942c     UefiShellDebug1CommandsLib:Misc.obj
 0006:0000042c       $unwind$HGetTextY          000000000014942c     UefiShellDebug1CommandsLib:Misc.obj
 0006:0000042c       $unwind$GetShowTypeString  000000000014942c     UefiShellDebug1CommandsLib:SmbiosView.obj
 0006:00000434       $unwind$LoadEfiDriversFromRomImage 0000000000149434     UefiShellDebug1CommandsLib:LoadPciRom.obj
 0006:0000043c       $unwind$HMainCommandSaveBuffer 000000000014943c     UefiShellDebug1CommandsLib:MainHexEditor.obj
 0006:00000444       $unwind$HMainCommandOpenFile 0000000000149444     UefiShellDebug1CommandsLib:MainHexEditor.obj
 0006:0000044c       $unwind$HMainCommandOpenDisk 000000000014944c     UefiShellDebug1CommandsLib:MainHexEditor.obj
 0006:0000044c       $unwind$HMainCommandOpenMemory 000000000014944c     UefiShellDebug1CommandsLib:MainHexEditor.obj
 0006:0000044c       $unwind$HMainEditorKeyInput 000000000014944c     UefiShellDebug1CommandsLib:MainHexEditor.obj
 0006:00000454       $unwind$EfiBootManagerVariableToLoadOptionEx 0000000000149454     UefiBootManagerLib:BmLoadOption.obj
 0006:00000454       $unwind$FileBufferReplaceAll 0000000000149454     UefiShellDebug1CommandsLib:FileBuffer.obj
 0006:00000454       $unwind$HBufferImageAddCharacterToBuffer 0000000000149454     UefiShellDebug1CommandsLib:BufferImage.obj
 0006:00000454       $unwind$HBufferImageDeleteCharacterFromBuffer 0000000000149454     UefiShellDebug1CommandsLib:BufferImage.obj
 0006:0000045c       $unwind$CompressOutput     000000000014945c     UefiShellDebug1CommandsLib:Compress.obj
 0006:0000045c       $unwind$HBufferImageAdjustMousePosition 000000000014945c     UefiShellDebug1CommandsLib:BufferImage.obj
 0006:00000464       $unwind$MakeChild          0000000000149464     UefiShellDebug1CommandsLib:Compress.obj
 0006:00000464       $unwind$UnicodeToAscii     0000000000149464     UefiShellDebug1CommandsLib:FileBuffer.obj
 0006:0000046c       $unwind$PutBits            000000000014946c     UefiShellDebug1CommandsLib:Compress.obj
 0006:00000474       $unwind$WritePTLen         0000000000149474     UefiShellDebug1CommandsLib:Compress.obj
 0006:0000047c       $unwind$SmbiosPrintStructure 000000000014947c     UefiShellDebug1CommandsLib:PrintInfo.obj
 0006:00000484       $unwind$NetIp4IsUnicast    0000000000149484     DxeNetLib:DxeNetLib.obj
 0006:00000484       $unwind$FileBufferAdjustMousePosition 0000000000149484     UefiShellDebug1CommandsLib:FileBuffer.obj
 0006:00000484       $unwind$DisplaySELLogHeaderLen 0000000000149484     UefiShellDebug1CommandsLib:EventLogInfo.obj
 0006:00000484       $unwind$DisplaySELLogStatus 0000000000149484     UefiShellDebug1CommandsLib:EventLogInfo.obj
 0006:00000484       $unwind$DisplaySysEventLogHeaderFormat 0000000000149484     UefiShellDebug1CommandsLib:EventLogInfo.obj
 0006:00000484       $unwind$DisplayBiosCharacteristicsExt1 0000000000149484     UefiShellDebug1CommandsLib:PrintInfo.obj
 0006:00000484       $unwind$DisplayBiosCharacteristicsExt2 0000000000149484     UefiShellDebug1CommandsLib:PrintInfo.obj
 0006:00000484       $unwind$DisplayOBRAConnections 0000000000149484     UefiShellDebug1CommandsLib:PrintInfo.obj
 0006:00000484       $unwind$DisplayProcessorVoltage 0000000000149484     UefiShellDebug1CommandsLib:PrintInfo.obj
 0006:00000484       $unwind$DisplaySystemBootStatus 0000000000149484     UefiShellDebug1CommandsLib:PrintInfo.obj
 0006:0000048c       $unwind$DisplaySELAccessMethod 000000000014948c     UefiShellDebug1CommandsLib:EventLogInfo.obj
 0006:0000048c       $unwind$DisplayMmMemorySize 000000000014948c     UefiShellDebug1CommandsLib:PrintInfo.obj
 0006:0000048c       $unwind$DisplayProcessorFamily 000000000014948c     UefiShellDebug1CommandsLib:PrintInfo.obj
 0006:0000048c       $unwind$DisplayProcessorStatus 000000000014948c     UefiShellDebug1CommandsLib:PrintInfo.obj
 0006:0000048c       $unwind$DisplayBaseBoardFeatureFlags 000000000014948c     UefiShellDebug1CommandsLib:QueryTable.obj
 0006:0000048c       $unwind$DisplayMcErrorCorrectCapability 000000000014948c     UefiShellDebug1CommandsLib:QueryTable.obj
 0006:0000048c       $unwind$DisplayMemoryModuleVoltage 000000000014948c     UefiShellDebug1CommandsLib:QueryTable.obj
 0006:0000048c       $unwind$DisplayMmErrorStatus 000000000014948c     UefiShellDebug1CommandsLib:QueryTable.obj
 0006:0000048c       $unwind$DisplayPostResultsBitmapDw1 000000000014948c     UefiShellDebug1CommandsLib:QueryTable.obj
 0006:0000048c       $unwind$DisplayPostResultsBitmapDw2 000000000014948c     UefiShellDebug1CommandsLib:QueryTable.obj
 0006:0000048c       $unwind$DisplaySlotCharacteristics1 000000000014948c     UefiShellDebug1CommandsLib:QueryTable.obj
 0006:0000048c       $unwind$DisplaySlotCharacteristics2 000000000014948c     UefiShellDebug1CommandsLib:QueryTable.obj
 0006:00000494       $unwind$DisplayMaxMemoryModuleSize 0000000000149494     UefiShellDebug1CommandsLib:PrintInfo.obj
 0006:0000049c       $unwind$DisplayMemoryModuleConfigHandles 000000000014949c     UefiShellDebug1CommandsLib:PrintInfo.obj
 0006:000004a4       $unwind$DisplayHardwareSecuritySettings 00000000001494a4     UefiShellDebug1CommandsLib:PrintInfo.obj
 0006:000004a4       $unwind$DisplayMmBankConnections 00000000001494a4     UefiShellDebug1CommandsLib:PrintInfo.obj
 0006:000004ac       $unwind$DisplaySystemResetCapabilities 00000000001494ac     UefiShellDebug1CommandsLib:PrintInfo.obj
 0006:000004b4       $unwind$FileBufferRead     00000000001494b4     UefiShellDebug1CommandsLib:FileBuffer.obj
 0006:000004bc       $unwind$FileBufferSave     00000000001494bc     UefiShellDebug1CommandsLib:FileBuffer.obj
 0006:000004c4       $unwind$DisplayBaseBoardBoardType 00000000001494c4     UefiShellDebug1CommandsLib:QueryTable.obj
 0006:000004c4       $unwind$DisplayCacheAssociativity 00000000001494c4     UefiShellDebug1CommandsLib:QueryTable.obj
 0006:000004c4       $unwind$DisplayCacheErrCorrectingType 00000000001494c4     UefiShellDebug1CommandsLib:QueryTable.obj
 0006:000004c4       $unwind$DisplayCacheSystemCacheType 00000000001494c4     UefiShellDebug1CommandsLib:QueryTable.obj
 0006:000004c4       $unwind$DisplayCoolingDeviceStatus 00000000001494c4     UefiShellDebug1CommandsLib:QueryTable.obj
 0006:000004c4       $unwind$DisplayCoolingDeviceType 00000000001494c4     UefiShellDebug1CommandsLib:QueryTable.obj
 0006:000004c4       $unwind$DisplayECPLoc      00000000001494c4     UefiShellDebug1CommandsLib:QueryTable.obj
 0006:000004c4       $unwind$DisplayECPStatus   00000000001494c4     UefiShellDebug1CommandsLib:QueryTable.obj
 0006:000004c4       $unwind$DisplayFirmwareState 00000000001494c4     UefiShellDebug1CommandsLib:QueryTable.obj
 0006:000004c4       $unwind$DisplayIPMIDIBMCInterfaceType 00000000001494c4     UefiShellDebug1CommandsLib:QueryTable.obj
 0006:000004c4       $unwind$DisplayMCHostInterfaceType 00000000001494c4     UefiShellDebug1CommandsLib:QueryTable.obj
 0006:000004c4       $unwind$DisplayMDAddressType 00000000001494c4     UefiShellDebug1CommandsLib:QueryTable.obj
 0006:000004c4       $unwind$DisplayMDType      00000000001494c4     UefiShellDebug1CommandsLib:QueryTable.obj
 0006:000004c4       $unwind$DisplayMcErrorDetectMethod 00000000001494c4     UefiShellDebug1CommandsLib:QueryTable.obj
 0006:000004c4       $unwind$DisplayMcInterleaveSupport 00000000001494c4     UefiShellDebug1CommandsLib:QueryTable.obj
 0006:000004c4       $unwind$DisplayMemoryChannelType 00000000001494c4     UefiShellDebug1CommandsLib:QueryTable.obj
 0006:000004c4       $unwind$DisplayMemoryDeviceFormFactor 00000000001494c4     UefiShellDebug1CommandsLib:QueryTable.obj
 0006:000004c4       $unwind$DisplayMemoryDeviceMemoryTechnology 00000000001494c4     UefiShellDebug1CommandsLib:QueryTable.obj
 0006:000004c4       $unwind$DisplayMemoryDeviceType 00000000001494c4     UefiShellDebug1CommandsLib:QueryTable.obj
 0006:000004c4       $unwind$DisplayMemoryErrorGranularity 00000000001494c4     UefiShellDebug1CommandsLib:QueryTable.obj
 0006:000004c4       $unwind$DisplayMemoryErrorOperation 00000000001494c4     UefiShellDebug1CommandsLib:QueryTable.obj
 0006:000004c4       $unwind$DisplayMemoryErrorType 00000000001494c4     UefiShellDebug1CommandsLib:QueryTable.obj
 0006:000004c4       $unwind$DisplayOnboardDeviceTypes 00000000001494c4     UefiShellDebug1CommandsLib:QueryTable.obj
 0006:000004c4       $unwind$DisplayPBDeviceChemistry 00000000001494c4     UefiShellDebug1CommandsLib:QueryTable.obj
 0006:000004c4       $unwind$DisplayPMAErrorCorrectionTypes 00000000001494c4     UefiShellDebug1CommandsLib:QueryTable.obj
 0006:000004c4       $unwind$DisplayPMALocation 00000000001494c4     UefiShellDebug1CommandsLib:QueryTable.obj
 0006:000004c4       $unwind$DisplayPMAUse      00000000001494c4     UefiShellDebug1CommandsLib:QueryTable.obj
 0006:000004c4       $unwind$DisplayPointingDeviceInterface 00000000001494c4     UefiShellDebug1CommandsLib:QueryTable.obj
 0006:000004c4       $unwind$DisplayPointingDeviceType 00000000001494c4     UefiShellDebug1CommandsLib:QueryTable.obj
 0006:000004c4       $unwind$DisplayPortConnectorType 00000000001494c4     UefiShellDebug1CommandsLib:QueryTable.obj
 0006:000004c4       $unwind$DisplayPortType    00000000001494c4     UefiShellDebug1CommandsLib:QueryTable.obj
 0006:000004c4       $unwind$DisplayProcessorArchitectureType 00000000001494c4     UefiShellDebug1CommandsLib:QueryTable.obj
 0006:000004c4       $unwind$DisplayProcessorType 00000000001494c4     UefiShellDebug1CommandsLib:QueryTable.obj
 0006:000004c4       $unwind$DisplayProcessorUpgrade 00000000001494c4     UefiShellDebug1CommandsLib:QueryTable.obj
 0006:000004c4       $unwind$DisplaySELSysManagementTypes 00000000001494c4     UefiShellDebug1CommandsLib:QueryTable.obj
 0006:000004c4       $unwind$DisplaySELTypes    00000000001494c4     UefiShellDebug1CommandsLib:QueryTable.obj
 0006:000004c4       $unwind$DisplaySELVarDataFormatType 00000000001494c4     UefiShellDebug1CommandsLib:QueryTable.obj
 0006:000004c4       $unwind$DisplaySESecurityStatus 00000000001494c4     UefiShellDebug1CommandsLib:QueryTable.obj
 0006:000004c4       $unwind$DisplayStructureTypeInfo 00000000001494c4     UefiShellDebug1CommandsLib:QueryTable.obj
 0006:000004c4       $unwind$DisplaySystemEnclosureStatus 00000000001494c4     UefiShellDebug1CommandsLib:QueryTable.obj
 0006:000004c4       $unwind$DisplaySystemEnclosureType 00000000001494c4     UefiShellDebug1CommandsLib:QueryTable.obj
 0006:000004c4       $unwind$DisplaySystemSlotCurrentUsage 00000000001494c4     UefiShellDebug1CommandsLib:QueryTable.obj
 0006:000004c4       $unwind$DisplaySystemSlotDataBusWidth 00000000001494c4     UefiShellDebug1CommandsLib:QueryTable.obj
 0006:000004c4       $unwind$DisplaySystemSlotHeight 00000000001494c4     UefiShellDebug1CommandsLib:QueryTable.obj
 0006:000004c4       $unwind$DisplaySystemSlotInformation 00000000001494c4     UefiShellDebug1CommandsLib:QueryTable.obj
 0006:000004c4       $unwind$DisplaySystemSlotLength 00000000001494c4     UefiShellDebug1CommandsLib:QueryTable.obj
 0006:000004c4       $unwind$DisplaySystemSlotPhysicalWidth 00000000001494c4     UefiShellDebug1CommandsLib:QueryTable.obj
 0006:000004c4       $unwind$DisplaySystemSlotType 00000000001494c4     UefiShellDebug1CommandsLib:QueryTable.obj
 0006:000004c4       $unwind$DisplaySystemWakeupType 00000000001494c4     UefiShellDebug1CommandsLib:QueryTable.obj
 0006:000004c4       $unwind$DisplayTemperatureProbeLoc 00000000001494c4     UefiShellDebug1CommandsLib:QueryTable.obj
 0006:000004c4       $unwind$DisplayTemperatureProbeStatus 00000000001494c4     UefiShellDebug1CommandsLib:QueryTable.obj
 0006:000004c4       $unwind$DisplayVPLocation  00000000001494c4     UefiShellDebug1CommandsLib:QueryTable.obj
 0006:000004c4       $unwind$DisplayVPStatus    00000000001494c4     UefiShellDebug1CommandsLib:QueryTable.obj
 0006:000004cc       $unwind$PingCreateIpInstance 00000000001494cc     UefiShellNetwork1CommandsLib:Ping.obj
 0006:000004d4       $unwind$ShellPing          00000000001494d4     UefiShellNetwork1CommandsLib:Ping.obj
 0006:000004dc       $unwind$IfConfigRetriveCheckListByName 00000000001494dc     UefiShellNetwork1CommandsLib:Ifconfig.obj
 0006:000004e8       $unwind$ReportStatusCodeEx 00000000001494e8     DxeReportStatusCodeLib:ReportStatusCodeLib.obj
 0006:000004f0       $unwind$BcfgMod            00000000001494f0     UefiShellBcfgCommandLib:UefiShellBcfgCommandLib.obj
 0006:000004f8       $unwind$BcfgAdd            00000000001494f8     UefiShellBcfgCommandLib:UefiShellBcfgCommandLib.obj
