 GetHostByAddr

 Timestamp is 64e9c915 (Sat Aug 26 17:42:45 2023)

 Preferred load address is 00000000

 Start         Length     Name                   Class
 0001:00000000 000001c0H .text                   CODE
 0001:000001c0 0001dad4H .text$mn                CODE
 0002:00000000 00004080H .rdata                  DATA
 0002:00004080 00000068H .rdata$voltmd           DATA
 0002:000040e8 00000134H .rdata$zzzdbg           DATA
 0003:00000000 000004c0H .data                   DATA
 0003:000004c0 000105c0H .bss                    DATA

  Address         Publics by Value              Rva+Base       Lib:Object

 0000:00000000       ___arm64x_native_entrypoint 00000000     <absolute>
 0000:00000000       ___arm64x_extra_rfe_table  00000000     <absolute>
 0000:00000000       ___arm64x_redirection_metadata 00000000     <absolute>
 0000:00000000       ___guard_fids_count        00000000     <absolute>
 0000:00000000       ___guard_eh_cont_count     00000000     <absolute>
 0000:00000000       ___guard_longjmp_count     00000000     <absolute>
 0000:00000000       ___guard_check_icall_a64n_fptr 00000000     <absolute>
 0000:00000000       ___arm64x_redirection_metadata_count 00000000     <absolute>
 0000:00000000       ___hybrid_code_map_count   00000000     <absolute>
 0000:00000000       ___x64_code_ranges_to_entry_points 00000000     <absolute>
 0000:00000000       ___guard_eh_cont_table     00000000     <absolute>
 0000:00000000       ___guard_iat_count         00000000     <absolute>
 0000:00000000       ___guard_longjmp_table     00000000     <absolute>
 0000:00000000       ___hybrid_auxiliary_iat_copy 00000000     <absolute>
 0000:00000000       ___hybrid_code_map         00000000     <absolute>
 0000:00000000       ___arm64x_extra_rfe_table_size 00000000     <absolute>
 0000:00000000       ___enclave_config          00000000     <absolute>
 0000:00000000       ___x64_code_ranges_to_entry_points_count 00000000     <absolute>
 0000:00000000       ___guard_fids_table        00000000     <absolute>
 0000:00000000       ___hybrid_auxiliary_iat    00000000     <absolute>
 0000:00000000       ___dynamic_value_reloc_table 00000000     <absolute>
 0000:00000000       ___guard_flags             00000000     <absolute>
 0000:00000000       ___AbsoluteZero            00000000     <absolute>
 0000:00000000       ___guard_iat_table         00000000     <absolute>
 0001:00000000       _SetJump                   00000260     BaseLib:SetJump.obj
 0001:00000050       _InternalLongJump          000002b0     BaseLib:LongJump.obj
 0001:00000090       __ftol2_sse                000002f0 f   LibC:ftol2.obj
 0001:00000099       __ftol2_pentium4           000002f9 f   LibC:ftol2.obj
 0001:000000ac       __ftol2_sse_excpt          0000030c f   LibC:ftol2.obj
 0001:000000c6       __ftol2                    00000326 f   LibC:ftol2.obj
 0001:00000140       _InternalMathDivRemU64x64  000003a0     BaseLib:DivU64x64Remainder.obj
 0001:000001c0       __ModuleEntryPoint         00000420 f   UefiApplicationEntryPoint:ApplicationEntryPoint.obj
 0001:000001ef       _UefiBootServicesTableLibConstructor 0000044f f   UefiBootServicesTableLib:UefiBootServicesTableLib.obj
 0001:00000210       _ProcessLibraryConstructorList 00000470 f   GetHostByAddr:AutoGen.obj
 0001:00000660       _ProcessLibraryDestructorList 000008c0 f   GetHostByAddr:AutoGen.obj
 0001:000008c0       _ProcessModuleEntryPointList 00000b20 f   GetHostByAddr:AutoGen.obj
 0001:000008d0       _ShellCEntryLib            00000b30 f   UefiShellCEntryLib:UefiShellCEntryLib.obj
 0001:0000094c       _DebugAssert               00000bac f   BaseDebugLibNull:DebugLib.obj
 0001:0000094c       _DebugPrint                00000bac f   BaseDebugLibNull:DebugLib.obj
 0001:0000094f       _DebugPrintLevelEnabled    00000baf f   BaseDebugLibNull:DebugLib.obj
 0001:0000094f       _DebugAssertEnabled        00000baf f   BaseDebugLibNull:DebugLib.obj
 0001:0000094f       _DebugPrintEnabled         00000baf f   BaseDebugLibNull:DebugLib.obj
 0001:0000094f       _DebugCodeEnabled          00000baf f   BaseDebugLibNull:DebugLib.obj
 0001:00000952       ___wchar_construct         00000bb2 f   LibWchar:ConsDecons.obj
 0001:0000098c       ___wchar_deconstruct       00000bec f   LibWchar:ConsDecons.obj
 0001:00000c90       _da_ConOpen                00000ef0 f   DevConsole:daConsole.obj
 0001:00000e54       ___Cons_construct          000010b4 f   DevConsole:daConsole.obj
 0001:00000f98       ___Cons_deconstruct        000011f8 f   DevConsole:daConsole.obj
 0001:00000fe4       _UefiRuntimeServicesTableLibConstructor 00001244 f   UefiRuntimeServicesTableLib:UefiRuntimeServicesTableLib.obj
 0001:00000fef       _fnullop_flush             0000124f f   DevUtility:DevGenisis.obj
 0001:00000fef       _UefiLibConstructor        0000124f f   UefiLib:UefiLib.obj
 0001:00000fef       _fnullop_fcntl             0000124f f   DevUtility:DevGenisis.obj
 0001:00000ff2       _EfiGetCurrentTpl          00001252 f   UefiLib:UefiLib.obj
 0001:0000100f       _EfiOpenFileByDevicePath   0000126f f   UefiLib:UefiLib.obj
 0001:00001168       _InternalPrint             000013c8 f   UefiLib:UefiLibPrint.obj
 0001:000011b2       _Print                     00001412 f   UefiLib:UefiLibPrint.obj
 0001:000011cb       _ShellFindSE2              0000142b f   UefiShellLib:UefiShellLib.obj
 0001:000012ef       _ShellLibConstructorWorker 0000154f f   UefiShellLib:UefiShellLib.obj
 0001:000014aa       _ShellLibConstructor       0000170a f   UefiShellLib:UefiShellLib.obj
 0001:000014cf       _ShellLibDestructor        0000172f f   UefiShellLib:UefiShellLib.obj
 0001:0000158b       _ShellOpenFileByDevicePath 000017eb f   UefiShellLib:UefiShellLib.obj
 0001:00001606       _ShellOpenFileByName       00001866 f   UefiShellLib:UefiShellLib.obj
 0001:000017a7       _ShellCreateDirectory      00001a07 f   UefiShellLib:UefiShellLib.obj
 0001:000017cf       _ShellGetEnvironmentVariable 00001a2f f   UefiShellLib:UefiShellLib.obj
 0001:000017e8       _ShellIsFile               00001a48 f   UefiShellLib:UefiShellLib.obj
 0001:00001887       _UefiHiiServicesLibConstructor 00001ae7 f   UefiHiiServicesLib:UefiHiiServicesLib.obj
 0001:00001dcb       _da_ShellOpen              0000202b f   DevShell:daShell.obj
 0001:00002270       ___ctor_DevShell           000024d0 f   DevShell:daShell.obj
 0001:00002311       ___dtor_DevShell           00002571 f   DevShell:daShell.obj
 0001:0000233d       _EslConstructor            0000259d f   EfiSocketLib:Init.obj
 0001:00002342       _EslDestructor             000025a2 f   EfiSocketLib:Init.obj
 0001:00002347       _EslServiceNetworkConnect  000025a7 f   EfiSocketLib:UseEfiSocketLib.obj
 0001:0000240e       _EslServiceNetworkDisconnect 0000266e f   EfiSocketLib:UseEfiSocketLib.obj
 0001:00002493       _EslServiceConnect         000026f3 f   EfiSocketLib:Service.obj
 0001:0000262c       _EslServiceDisconnect      0000288c f   EfiSocketLib:Service.obj
 0001:00002723       _EslSocket                 00002983 f   EfiSocketLib:Socket.obj
 0001:00002833       _EslSocketAccept           00002a93 f   EfiSocketLib:Socket.obj
 0001:0000296d       _EslSocketAllocate         00002bcd f   EfiSocketLib:Socket.obj
 0001:00002a79       _EslSocketBind             00002cd9 f   EfiSocketLib:Socket.obj
 0001:00002ba2       _EslSocketBindTest         00002e02 f   EfiSocketLib:Socket.obj
 0001:00002bf5       _EslSocketClosePoll        00002e55 f   EfiSocketLib:Socket.obj
 0001:00002c9f       _EslSocketCloseStart       00002eff f   EfiSocketLib:Socket.obj
 0001:00002d36       _EslSocketConnect          00002f96 f   EfiSocketLib:Socket.obj
 0001:00002fb7       _EslSocketCopyFragmentedBuffer 00003217 f   EfiSocketLib:Socket.obj
 0001:00003021       _EslSocketGetLocalAddress  00003281 f   EfiSocketLib:Socket.obj
 0001:00003144       _EslSocketGetPeerAddress   000033a4 f   EfiSocketLib:Socket.obj
 0001:00003270       _EslSocketIoFree           000034d0 f   EfiSocketLib:Socket.obj
 0001:000032ab       _EslSocketIoInit           0000350b f   EfiSocketLib:Socket.obj
 0001:00003317       _EslSocketIsConfigured     00003577 f   EfiSocketLib:Socket.obj
 0001:00003371       _EslSocketListen           000035d1 f   EfiSocketLib:Socket.obj
 0001:00003470       _EslSocketOptionGet        000036d0 f   EfiSocketLib:Socket.obj
 0001:000035c1       _EslSocketOptionSet        00003821 f   EfiSocketLib:Socket.obj
 0001:000036cf       _EslSocketPacketAllocate   0000392f f   EfiSocketLib:Socket.obj
 0001:00003720       _EslSocketPoll             00003980 f   EfiSocketLib:Socket.obj
 0001:00003835       _EslSocketPortAllocate     00003a95 f   EfiSocketLib:Socket.obj
 0001:00003a0b       _EslSocketPortClose        00003c6b f   EfiSocketLib:Socket.obj
 0001:00003b85       _EslSocketPortCloseComplete 00003de5 f   EfiSocketLib:Socket.obj
 0001:00003bd7       _EslSocketPortCloseRxDone  00003e37 f   EfiSocketLib:Socket.obj
 0001:00003c04       _EslSocketPortCloseStart   00003e64 f   EfiSocketLib:Socket.obj
 0001:00003c98       _EslSocketPortCloseTxDone  00003ef8 f   EfiSocketLib:Socket.obj
 0001:00003d03       _EslSocketReceive          00003f63 f   EfiSocketLib:Socket.obj
 0001:0000405b       _EslSocketRxComplete       000042bb f   EfiSocketLib:Socket.obj
 0001:00004167       _EslSocketRxPoll           000043c7 f   EfiSocketLib:Socket.obj
 0001:00004180       _EslSocketRxStart          000043e0 f   EfiSocketLib:Socket.obj
 0001:0000424f       _EslSocketShutdown         000044af f   EfiSocketLib:Socket.obj
 0001:00004320       _EslSocketTransmit         00004580 f   EfiSocketLib:Socket.obj
 0001:0000440f       _EslSocketTxComplete       0000466f f   EfiSocketLib:Socket.obj
 0001:000044c8       _EslSocketTxStart          00004728 f   EfiSocketLib:Socket.obj
 0001:00004556       _EslTcp6Accept             000047b6 f   EfiSocketLib:Tcp6.obj
 0001:000045be       _EslTcp6ConnectComplete    0000481e f   EfiSocketLib:Tcp6.obj
 0001:0000462f       _EslTcp4ConnectPoll        0000488f f   EfiSocketLib:Tcp4.obj
 0001:0000462f       _EslTcp6ConnectPoll        0000488f f   EfiSocketLib:Tcp6.obj
 0001:00004738       _EslTcp6ConnectStart       00004998 f   EfiSocketLib:Tcp6.obj
 0001:000047f8       _EslTcp6Listen             00004a58 f   EfiSocketLib:Tcp6.obj
 0001:0000495b       _EslTcp6ListenComplete     00004bbb f   EfiSocketLib:Tcp6.obj
 0001:00004aa7       _EslTcp6LocalAddressGet    00004d07 f   EfiSocketLib:Tcp6.obj
 0001:00004ad8       _EslTcp6LocalAddressSet    00004d38 f   EfiSocketLib:Tcp6.obj
 0001:00004b33       _EslTcp6PacketFree         00004d93 f   EfiSocketLib:Tcp6.obj
 0001:00004b33       _EslTcp4PacketFree         00004d93 f   EfiSocketLib:Tcp4.obj
 0001:00004b41       _EslTcp6PortAllocate       00004da1 f   EfiSocketLib:Tcp6.obj
 0001:00004be6       _EslTcp6PortClose          00004e46 f   EfiSocketLib:Tcp6.obj
 0001:00004c2b       _EslTcp6PortCloseOp        00004e8b f   EfiSocketLib:Tcp6.obj
 0001:00004c49       _EslTcp6Receive            00004ea9 f   EfiSocketLib:Tcp6.obj
 0001:00004cd7       _EslTcp6RemoteAddressGet   00004f37 f   EfiSocketLib:Tcp6.obj
 0001:00004d0b       _EslTcp6RemoteAddressSet   00004f6b f   EfiSocketLib:Tcp6.obj
 0001:00004d3d       _EslTcp4RxComplete         00004f9d f   EfiSocketLib:Tcp4.obj
 0001:00004d3d       _EslTcp6RxComplete         00004f9d f   EfiSocketLib:Tcp6.obj
 0001:00004d65       _EslTcp6RxStart            00004fc5 f   EfiSocketLib:Tcp6.obj
 0001:00004d65       _EslTcp4RxStart            00004fc5 f   EfiSocketLib:Tcp4.obj
 0001:00004d8b       _EslTcp6SocketIsConfigured 00004feb f   EfiSocketLib:Tcp6.obj
 0001:00004d8b       _EslTcp4SocketIsConfigured 00004feb f   EfiSocketLib:Tcp4.obj
 0001:00004d9e       _EslTcp4TxBuffer           00004ffe f   EfiSocketLib:Tcp4.obj
 0001:00004d9e       _EslTcp6TxBuffer           00004ffe f   EfiSocketLib:Tcp6.obj
 0001:00004f4d       _EslTcp6TxComplete         000051ad f   EfiSocketLib:Tcp6.obj
 0001:00004f4d       _EslTcp4TxComplete         000051ad f   EfiSocketLib:Tcp4.obj
 0001:00004f88       _EslTcp6TxOobComplete      000051e8 f   EfiSocketLib:Tcp6.obj
 0001:00004f88       _EslTcp4TxOobComplete      000051e8 f   EfiSocketLib:Tcp4.obj
 0001:00004fc3       _EslTcp6VerifyLocalIpAddress 00005223 f   EfiSocketLib:Tcp6.obj
 0001:00005200       _EslIp4LocalAddressGet     00005460 f   EfiSocketLib:Ip4.obj
 0001:0000521f       _EslIp4LocalAddressSet     0000547f f   EfiSocketLib:Ip4.obj
 0001:00005296       _EslIp4OptionGet           000054f6 f   EfiSocketLib:Ip4.obj
 0001:000052c7       _EslIp4OptionSet           00005527 f   EfiSocketLib:Ip4.obj
 0001:000052e4       _EslIp4PacketFree          00005544 f   EfiSocketLib:Ip4.obj
 0001:0000530a       _EslIp4PortAllocate        0000556a f   EfiSocketLib:Ip4.obj
 0001:0000537c       _EslIp4Receive             000055dc f   EfiSocketLib:Ip4.obj
 0001:00005407       _EslIp4RemoteAddressGet    00005667 f   EfiSocketLib:Ip4.obj
 0001:00005428       _EslIp4RemoteAddressSet    00005688 f   EfiSocketLib:Ip4.obj
 0001:00005461       _EslIp4RxComplete          000056c1 f   EfiSocketLib:Ip4.obj
 0001:00005486       _EslIp4SocketIsConfigured  000056e6 f   EfiSocketLib:Ip4.obj
 0001:0000568e       _EslIp4TxBuffer            000058ee f   EfiSocketLib:Ip4.obj
 0001:00005848       _EslIp4TxComplete          00005aa8 f   EfiSocketLib:Ip4.obj
 0001:0000588c       _EslIp4VerifyLocalIpAddress 00005aec f   EfiSocketLib:Ip4.obj
 0001:00005976       _EslTcp4Accept             00005bd6 f   EfiSocketLib:Tcp4.obj
 0001:000059ee       _EslTcp4ConnectComplete    00005c4e f   EfiSocketLib:Tcp4.obj
 0001:00005a5f       _EslTcp4ConnectStart       00005cbf f   EfiSocketLib:Tcp4.obj
 0001:00005b1e       _EslTcp4Listen             00005d7e f   EfiSocketLib:Tcp4.obj
 0001:00005c81       _EslTcp4ListenComplete     00005ee1 f   EfiSocketLib:Tcp4.obj
 0001:00005dc4       _EslTcp4LocalAddressGet    00006024 f   EfiSocketLib:Tcp4.obj
 0001:00005df5       _EslTcp4LocalAddressSet    00006055 f   EfiSocketLib:Tcp4.obj
 0001:00005ec0       _EslTcp4PortAllocate       00006120 f   EfiSocketLib:Tcp4.obj
 0001:00005f60       _EslTcp4PortClose          000061c0 f   EfiSocketLib:Tcp4.obj
 0001:00005fa5       _EslTcp4PortCloseOp        00006205 f   EfiSocketLib:Tcp4.obj
 0001:00005fc3       _EslTcp4Receive            00006223 f   EfiSocketLib:Tcp4.obj
 0001:0000604e       _EslTcp4RemoteAddressGet   000062ae f   EfiSocketLib:Tcp4.obj
 0001:0000607f       _EslTcp4RemoteAddressSet   000062df f   EfiSocketLib:Tcp4.obj
 0001:000060cd       _EslTcp4VerifyLocalIpAddress 0000632d f   EfiSocketLib:Tcp4.obj
 0001:000061b7       _EslUdp4LocalAddressGet    00006417 f   EfiSocketLib:Udp4.obj
 0001:000061e8       _EslUdp4LocalAddressSet    00006448 f   EfiSocketLib:Udp4.obj
 0001:000062ac       _EslUdp4PacketFree         0000650c f   EfiSocketLib:Udp4.obj
 0001:000062cf       _EslUdp4PortAllocate       0000652f f   EfiSocketLib:Udp4.obj
 0001:00006329       _EslUdp4Receive            00006589 f   EfiSocketLib:Udp4.obj
 0001:00006397       _EslUdp4RemoteAddressGet   000065f7 f   EfiSocketLib:Udp4.obj
 0001:000063cb       _EslUdp4RemoteAddressSet   0000662b f   EfiSocketLib:Udp4.obj
 0001:0000640c       _EslUdp4RxComplete         0000666c f   EfiSocketLib:Udp4.obj
 0001:0000642e       _EslUdp4SocketIsConfigured 0000668e f   EfiSocketLib:Udp4.obj
 0001:00006626       _EslUdp4TxBuffer           00006886 f   EfiSocketLib:Udp4.obj
 0001:000067ce       _EslUdp4TxComplete         00006a2e f   EfiSocketLib:Udp4.obj
 0001:00006812       _EslUdp4VerifyLocalIpAddress 00006a72 f   EfiSocketLib:Udp4.obj
 0001:000068fc       _EslUdp6LocalAddressGet    00006b5c f   EfiSocketLib:Udp6.obj
 0001:00006930       _EslUdp6LocalAddressSet    00006b90 f   EfiSocketLib:Udp6.obj
 0001:0000698f       _EslUdp6PacketFree         00006bef f   EfiSocketLib:Udp6.obj
 0001:000069b2       _EslUdp6PortAllocate       00006c12 f   EfiSocketLib:Udp6.obj
 0001:00006a08       _EslUdp6Receive            00006c68 f   EfiSocketLib:Udp6.obj
 0001:00006a76       _EslUdp6RemoteAddressGet   00006cd6 f   EfiSocketLib:Udp6.obj
 0001:00006aad       _EslUdp6RemoteAddressSet   00006d0d f   EfiSocketLib:Udp6.obj
 0001:00006ae2       _EslUdp6RxComplete         00006d42 f   EfiSocketLib:Udp6.obj
 0001:00006b04       _EslUdp6SocketIsConfigured 00006d64 f   EfiSocketLib:Udp6.obj
 0001:00006d01       _EslUdp6TxBuffer           00006f61 f   EfiSocketLib:Udp6.obj
 0001:00006e87       _EslUdp6TxComplete         000070e7 f   EfiSocketLib:Udp6.obj
 0001:00006ecb       _EslUdp6VerifyLocalIpAddress 0000712b f   EfiSocketLib:Udp6.obj
 0001:00007110       _main                      00007370 f   GetHostByAddr:GetHostByAddr.obj
 0001:000073df       _fbadop_rename             0000763f f   DevUtility:DevGenisis.obj
 0001:000073df       _fbadop_mkdir              0000763f f   DevUtility:DevGenisis.obj
 0001:000073df       _fbadop_ioctl              0000763f f   DevUtility:DevGenisis.obj
 0001:000073df       _fbadop_rmdir              0000763f f   DevUtility:DevGenisis.obj
 0001:000073df       _fbadop_delete             0000763f f   DevUtility:DevGenisis.obj
 0001:000073df       _fbadop_stat               0000763f f   DevUtility:DevGenisis.obj
 0001:000073ed       ___DevRegister             0000764d f   DevUtility:DevGenisis.obj
 0001:0000747d       _ClassifyPath              000076dd f   DevUtility:Path.obj
 0001:000074d6       _NormalizePath             00007736 f   DevUtility:Path.obj
 0001:0000756b       _ParsePath                 000077cb f   DevUtility:Path.obj
 0001:000077bc       ___DevSearch               00007a1c f   DevUtility:DevSearch.obj
 0001:00007830       _ValidateFD                00007a90 f   LibUefi:SysCalls.obj
 0001:00007856       _FindFreeFD                00007ab6 f   LibUefi:SysCalls.obj
 0001:00007889       _isatty                    00007ae9 f   LibUefi:SysCalls.obj
 0001:00007991       _close                     00007bf1 f   LibUefi:SysCalls.obj
 0001:0000799a       _unlink                    00007bfa f   LibUefi:SysCalls.obj
 0001:000079dd       _lseek                     00007c3d f   LibUefi:SysCalls.obj
 0001:00007a58       _open                      00007cb8 f   LibUefi:SysCalls.obj
 0001:00007b8e       _poll                      00007dee f   LibUefi:SysCalls.obj
 0001:00007cac       _fstat                     00007f0c f   LibUefi:SysCalls.obj
 0001:00007ce9       _read                      00007f49 f   LibUefi:SysCalls.obj
 0001:00007d57       _write                     00007fb7 f   LibUefi:SysCalls.obj
 0001:00007dc7       _EFI2errno                 00008027 f   LibUefi:Xform.obj
 0001:00008637       _time                      00008897 f   LibTime:Time.obj
 0001:00008693       _gmtsub                    000088f3 f   LibTime:Time.obj
 0001:000086e7       _gmtime                    00008947 f   LibTime:Time.obj
 0001:000087b5       _Efi2Tm                    00008a15 f   LibTime:TimeEfi.obj
 0001:000087fc       _Efi2Time                  00008a5c f   LibTime:TimeEfi.obj
 0001:00008822       _Time2Efi                  00008a82 f   LibTime:TimeEfi.obj
 0001:00008f37       _tzset                     00009197 f   LibTime:ZoneProc.obj
 0001:00009234       _DecodeOneStateful         00009494 f   LibLocale:multibyte_Utf8.obj
 0001:000092a6       _OneWcToMcLen              00009506 f   LibLocale:multibyte_Utf8.obj
 0001:000092df       _EstimateWtoM              0000953f f   LibLocale:multibyte_Utf8.obj
 0001:00009314       _EncodeUtf8                00009574 f   LibLocale:multibyte_Utf8.obj
 0001:000093aa       _wcrtomb                   0000960a f   LibLocale:multibyte_Utf8.obj
 0001:000093d0       _wcsrtombs                 00009630 f   LibLocale:multibyte_Utf8.obj
 0001:0000945f       _wcstombs                  000096bf f   LibLocale:multibyte_Utf8.obj
 0001:00009603       _wcstol                    00009863 f   LibLocale:wcstol.obj
 0001:000096cb       _sscanf                    0000992b f   LibStdio:sscanf.obj
 0001:00009729       _snprintf                  00009989 f   LibStdio:snprintf.obj
 0001:000097cf       ___svfscanf_unlocked       00009a2f f   LibStdio:vfscanf.obj
 0001:0000acb4       ___vfprintf_unlocked       0000af14 f   LibStdio:vfprintf.obj
 0001:0000dc07       ___srefill                 0000de67 f   LibStdio:refill.obj
 0001:0000ddb7       _ungetc                    0000e017 f   LibStdio:ungetc.obj
 0001:0000deb6       _fread                     0000e116 f   LibStdio:fread.obj
 0001:0000df38       ___swsetup                 0000e198 f   LibStdio:wsetup.obj
 0001:0000dfe1       _fflush                    0000e241 f   LibStdio:fflush.obj
 0001:0000e00b       ___sflush                  0000e26b f   LibStdio:fflush.obj
 0001:0000e097       ___sfvwrite                0000e2f7 f   LibStdio:fvwrite.obj
 0001:0000e36e       ___smakebuf                0000e5ce f   LibStdio:makebuf.obj
 0001:0000e409       ___swhatbuf                0000e669 f   LibStdio:makebuf.obj
 0001:0000e483       ___sfp                     0000e6e3 f   LibStdio:findfp.obj
 0001:0000e563       __cleanup                  0000e7c3 f   LibStdio:findfp.obj
 0001:0000e577       ___sinit                   0000e7d7 f   LibStdio:findfp.obj
 0001:0000e5aa       __fwalk                    0000e80a f   LibStdio:fwalk.obj
 0001:0000e5fd       ___sread                   0000e85d f   LibStdio:stdio.obj
 0001:0000e643       ___swrite                  0000e8a3 f   LibStdio:stdio.obj
 0001:0000e69e       ___sseek                   0000e8fe f   LibStdio:stdio.obj
 0001:0000e6fd       ___sclose                  0000e95d f   LibStdio:stdio.obj
 0001:0000e71c       _abort                     0000e97c f   LibStdLib:Environs.obj
 0001:0000e786       _exit                      0000e9e6 f   LibStdLib:Environs.obj
 0001:0000e799       __Exit                     0000e9f9 f   LibStdLib:Environs.obj
 0001:0000e7b4       _getenv                    0000ea14 f   LibStdLib:Environs.obj
 0001:0000e810       _malloc                    0000ea70 f   LibStdLib:Malloc.obj
 0001:0000e8a5       _calloc                    0000eb05 f   LibStdLib:Malloc.obj
 0001:0000e8cb       _free                      0000eb2b f   LibStdLib:Malloc.obj
 0001:0000e91f       _realloc                   0000eb7f f   LibStdLib:Malloc.obj
 0001:0000e9b9       __strtoimax                0000ec19 f   LibStdLib:strtoimax.obj
 0001:0000ebbc       __strtoumax                0000ee1c f   LibStdLib:strtoumax.obj
 0001:0000ed2d       _InternalAllocatePool      0000ef8d f   UefiMemoryAllocationLib:MemoryAllocationLib.obj
 0001:0000ed50       _InternalAllocateZeroPool  0000efb0 f   UefiMemoryAllocationLib:MemoryAllocationLib.obj
 0001:0000ed67       _AllocateZeroPool          0000efc7 f   UefiMemoryAllocationLib:MemoryAllocationLib.obj
 0001:0000ed70       _InternalAllocateCopyPool  0000efd0 f   UefiMemoryAllocationLib:MemoryAllocationLib.obj
 0001:0000ed8c       _FreePool                  0000efec f   UefiMemoryAllocationLib:MemoryAllocationLib.obj
 0001:0000ed94       _UnicodeVSPrint            0000eff4 f   BasePrintLib:PrintLib.obj
 0001:0000edb1       _AsciiSPrint               0000f011 f   BasePrintLib:PrintLib.obj
 0001:0000edcf       _BasePrintLibFillBuffer    0000f02f f   BasePrintLib:PrintLibInternal.obj
 0001:0000ee03       _BasePrintLibValueToString 0000f063 f   BasePrintLib:PrintLibInternal.obj
 0001:0000ee3c       _BasePrintLibSPrintMarker  0000f09c f   BasePrintLib:PrintLibInternal.obj
 0001:0000f9e7       _BasePrintLibSPrint        0000fc47 f   BasePrintLib:PrintLibInternal.obj
 0001:0000fe01       _New_cIIO                  00010061 f   LibIIO:IIO.obj
 0001:0000feb5       _IIO_GetDeviceProto        00010115 f   LibIIO:IIOutilities.obj
 0001:0000fee2       _IIO_GetCursorPosition     00010142 f   LibIIO:IIOutilities.obj
 0001:0000ff33       _IIO_SetCursorPosition     00010193 f   LibIIO:IIOutilities.obj
 0001:0000ff83       _IIO_GetOutputSize         000101e3 f   LibIIO:IIOutilities.obj
 0001:0000fffe       _IIO_WriteOne              0001025e f   LibIIO:IIOwrite.obj
 0001:000101fe       _IIO_NonCanonRead          0001045e f   LibIIO:NonCanonRead.obj
 0001:00010247       _IIO_EchoOne               000104a7 f   LibIIO:IIOecho.obj
 0001:000103f8       _IIO_CanonRead             00010658 f   LibIIO:CanonRead.obj
 0001:00010680       _wcscspn                   000108e0 f   LibWchar:Searching.obj
 0001:000106d1       _DevicePathNodeLength      00010931 f   UefiDevicePathLib:DevicePathUtilities.obj
 0001:000106df       _IsDevicePathEnd           0001093f f   UefiDevicePathLib:DevicePathUtilities.obj
 0001:000106f0       _FileHandleGetInfo         00010950 f   UefiFileHandleLib:UefiFileHandleLib.obj
 0001:00010752       _FileHandleSetInfo         000109b2 f   UefiFileHandleLib:UefiFileHandleLib.obj
 0001:00010778       _FileHandleRead            000109d8 f   UefiFileHandleLib:UefiFileHandleLib.obj
 0001:00010796       _FileHandleWrite           000109f6 f   UefiFileHandleLib:UefiFileHandleLib.obj
 0001:000107b4       _FileHandleClose           00010a14 f   UefiFileHandleLib:UefiFileHandleLib.obj
 0001:000107c8       _FileHandleDelete          00010a28 f   UefiFileHandleLib:UefiFileHandleLib.obj
 0001:000107dc       _FileHandleSetPosition     00010a3c f   UefiFileHandleLib:UefiFileHandleLib.obj
 0001:000107fa       _FileHandleGetPosition     00010a5a f   UefiFileHandleLib:UefiFileHandleLib.obj
 0001:0001081a       _FileHandleFlush           00010a7a f   UefiFileHandleLib:UefiFileHandleLib.obj
 0001:0001082e       _FileHandleIsDirectory     00010a8e f   UefiFileHandleLib:UefiFileHandleLib.obj
 0001:00010864       _FileHandleFindFirstFile   00010ac4 f   UefiFileHandleLib:UefiFileHandleLib.obj
 0001:0001090b       _FileHandleGetSize         00010b6b f   UefiFileHandleLib:UefiFileHandleLib.obj
 0001:00010a83       _gethostbyaddr             00010ce3 f   BsdSocketLib:gethostnamadr.obj
 0001:00010b47       _sethostent                00010da7 f   BsdSocketLib:gethostnamadr.obj
 0001:00010b8f       _endhostent                00010def f   BsdSocketLib:gethostnamadr.obj
 0001:00010bc0       _gethostent                00010e20 f   BsdSocketLib:gethostbyht.obj
 0001:000110c2       __gethostbydnsaddr         00011322 f   BsdSocketLib:gethostbydns.obj
 0001:000112a4       ___res_init                00011504 f   BsdSocketLib:res_init.obj
 0001:00011c60       __map_v4v6_address         00011ec0 f   BsdSocketLib:map_v4v6.obj
 0001:00011c9a       __map_v4v6_hostent         00011efa f   BsdSocketLib:map_v4v6.obj
 0001:00011d0a       ___res_query               00011f6a f   BsdSocketLib:res_query.obj
 0001:00011e71       ___dn_expand               000120d1 f   BsdSocketLib:res_comp.obj
 0001:00011ec6       ___dn_comp                 00012126 f   BsdSocketLib:res_comp.obj
 0001:00011f06       ___res_hnok                00012166 f   BsdSocketLib:res_comp.obj
 0001:00011f7d       ___res_dnok                000121dd f   BsdSocketLib:res_comp.obj
 0001:00012026       ___res_nameinquery         00012286 f   BsdSocketLib:res_send.obj
 0001:000120dc       ___res_queriesmatch        0001233c f   BsdSocketLib:res_send.obj
 0001:000121e6       ___res_send                00012446 f   BsdSocketLib:res_send.obj
 0001:00012d07       ___res_close               00012f67 f   BsdSocketLib:res_send.obj
 0001:00012d2c       ___res_mkquery             00012f8c f   BsdSocketLib:res_mkquery.obj
 0001:00012e19       ___ns_get32                00013079 f   BsdSocketLib:ns_netint.obj
 0001:00012e38       ___ns_name_ntop            00013098 f   BsdSocketLib:ns_name.obj
 0001:00012f94       ___ns_name_pton            000131f4 f   BsdSocketLib:ns_name.obj
 0001:000130fd       ___ns_name_unpack          0001335d f   BsdSocketLib:ns_name.obj
 0001:000131f2       ___ns_name_pack            00013452 f   BsdSocketLib:ns_name.obj
 0001:00013431       _sendto                    00013691 f   BsdSocketLib:sendto.obj
 0001:000134bb       _recvfrom                  0001371b f   BsdSocketLib:recvfrom.obj
 0001:000136a6       _connect                   00013906 f   BsdSocketLib:connect.obj
 0001:00013702       _BslFdToSocketProtocol     00013962 f   BsdSocketLib:socket.obj
 0001:00013740       _BslSocketProtocolToFd     000139a0 f   BsdSocketLib:socket.obj
 0001:00013796       _socket                    000139f6 f   BsdSocketLib:socket.obj
 0001:000137f6       _BslValidateSocketFd       00013a56 f   BsdSocketLib:socket.obj
 0001:00013a04       ___fp_nquery               00013c64 f   BsdSocketLib:res_debug.obj
 0001:00013dde       ___sym_ntos                0001403e f   BsdSocketLib:res_debug.obj
 0001:00013e0b       ___p_section               0001406b f   BsdSocketLib:res_debug.obj
 0001:00013e6d       ___loc_ntoa                000140cd f   BsdSocketLib:res_debug.obj
 0001:00014093       ___p_secstodate            000142f3 f   BsdSocketLib:res_debug.obj
 0001:000140d5       _BslSocketCloseWork        00014335 f   BsdSocketLib:close.obj
 0001:0001418f       _BslSocketClose            000143ef f   BsdSocketLib:close.obj
 0001:000141ad       _BslSocketPoll             0001440d f   BsdSocketLib:poll.obj
 0001:000141da       _BslSocketRead             0001443a f   BsdSocketLib:read.obj
 0001:000141f8       _BslSocketWrite            00014458 f   BsdSocketLib:write.obj
 0001:000142a1       ___ns_initparse            00014501 f   BsdSocketLib:ns_parse.obj
 0001:000143b7       ___ns_parserr              00014617 f   BsdSocketLib:ns_parse.obj
 0001:00014559       ___ns_format_ttl           000147b9 f   BsdSocketLib:ns_ttl.obj
 0001:000146df       ___ns_sprintrr             0001493f f   BsdSocketLib:ns_print.obj
 0001:0001472c       ___ns_sprintrrf            0001498c f   BsdSocketLib:ns_print.obj
 0001:00015c34       _inet_nsap_ntoa            00015e94 f   BsdSocketLib:nsap_addr.obj
 0001:00015c9f       ___b64_ntop                00015eff f   BsdSocketLib:base64.obj
 0001:00015f0e       _select                    0001616e f   LibUefi:select.obj
 0001:0001606c       _writev                    000162cc f   LibUefi:writev.obj
 0001:000160e2       _localeconv                00016342 f   LibLocale:localeconv.obj
 0001:00016193       _strtod                    000163f3 f   LibGdtoa:strtod.obj
 0001:00016eff       __strtof                   0001715f f   LibGdtoa:strtof.obj
 0001:00016f9c       ___dtoa                    000171fc f   LibGdtoa:dtoa.obj
 0001:00017ce6       ___rv_alloc_D2A            00017f46 f   LibGdtoa:dmisc.obj
 0001:00017d14       ___nrv_alloc_D2A           00017f74 f   LibGdtoa:dmisc.obj
 0001:00017d4f       ___freedtoa                00017faf f   LibGdtoa:dmisc.obj
 0001:00017d79       ___quorem_D2A              00017fd9 f   LibGdtoa:dmisc.obj
 0001:00017ed0       ___strtopx_D2A             00018130 f   LibGdtoa:strtopx.obj
 0001:00017f94       ___Balloc_D2A              000181f4 f   LibGdtoa:misc.obj
 0001:0001800b       ___Bfree_D2A               0001826b f   LibGdtoa:misc.obj
 0001:00018023       ___lo0bits_D2A             00018283 f   LibGdtoa:misc.obj
 0001:0001808b       ___multadd_D2A             000182eb f   LibGdtoa:misc.obj
 0001:00018152       ___hi0bits_D2A             000183b2 f   LibGdtoa:misc.obj
 0001:000181a3       ___i2b_D2A                 00018403 f   LibGdtoa:misc.obj
 0001:000181c0       ___mult_D2A                00018420 f   LibGdtoa:misc.obj
 0001:000182eb       ___pow5mult_D2A            0001854b f   LibGdtoa:misc.obj
 0001:00018374       ___lshift_D2A              000185d4 f   LibGdtoa:misc.obj
 0001:00018443       ___cmp_D2A                 000186a3 f   LibGdtoa:misc.obj
 0001:00018487       ___diff_D2A                000186e7 f   LibGdtoa:misc.obj
 0001:00018581       ___b2d_D2A                 000187e1 f   LibGdtoa:misc.obj
 0001:00018659       ___d2b_D2A                 000188b9 f   LibGdtoa:misc.obj
 0001:00018753       ___ulp_D2A                 000189b3 f   LibGdtoa:ulp.obj
 0001:000187a6       ___s2b_D2A                 00018a06 f   LibGdtoa:smisc.obj
 0001:0001884e       ___ratio_D2A               00018aae f   LibGdtoa:smisc.obj
 0001:000188a4       ___match_D2A               00018b04 f   LibGdtoa:smisc.obj
 0001:000188df       ___copybits_D2A            00018b3f f   LibGdtoa:smisc.obj
 0001:0001891c       ___any_on_D2A              00018b7c f   LibGdtoa:smisc.obj
 0001:00018960       ___increment_D2A           00018bc0 f   LibGdtoa:strtodg.obj
 0001:000189d1       ___set_ones_D2A            00018c31 f   LibGdtoa:strtodg.obj
 0001:00018c92       ___strtodg_D2A             00018ef2 f   LibGdtoa:strtodg.obj
 0001:0001a08f       ___rshift_D2A              0001a2ef f   LibGdtoa:gmisc.obj
 0001:0001a135       ___sum_D2A                 0001a395 f   LibGdtoa:sum.obj
 0001:0001a28f       _printf                    0001a4ef f   LibStdio:printf.obj
 0001:0001a2a4       _fopen                     0001a504 f   LibStdio:fopen.obj
 0001:0001a304       _fclose                    0001a564 f   LibStdio:fclose.obj
 0001:0001a3b7       _fgets                     0001a617 f   LibStdio:fgets.obj
 0001:0001a482       _fprintf                   0001a6e2 f   LibStdio:fprintf.obj
 0001:0001a4ab       _sprintf                   0001a70b f   LibStdio:sprintf.obj
 0001:0001a502       ___swbuf                   0001a762 f   LibStdio:wbuf.obj
 0001:0001a59c       _fputc                     0001a7fc f   LibStdio:fputc.obj
 0001:0001a5f0       _fputs                     0001a850 f   LibStdio:fputs.obj
 0001:0001a651       _fseeko                    0001a8b1 f   LibStdio:fseeko.obj
 0001:0001acec       _New_cFIFO                 0001af4c f   LibContainer:Fifo.obj
 0001:0001ad8b       _inet_aton                 0001afeb f   LibNetUtil:inet_addr.obj
 0001:0001af8f       _inet_ntoa                 0001b1ef f   LibNetUtil:inet_ntoa.obj
 0001:0001afb9       _inet_ntop                 0001b219 f   LibNetUtil:inet_ntop.obj
 0001:0001b421       _ShellAppMain              0001b681 f   LibC:Main.obj
 0001:0001b5cc       _exitCleanup               0001b82c f   LibC:Main.obj
 0001:0001b61b       _isascii                   0001b87b f   LibCtype:CClass.obj
 0001:0001b626       _memset                    0001b886 f   LibString:Misc.obj
 0001:0001b63b       _strerror                  0001b89b f   LibString:Misc.obj
 0001:0001b660       _strerror_r                0001b8c0 f   LibString:Misc.obj
 0001:0001b6b4       _strlen                    0001b914 f   LibString:Misc.obj
 0001:0001b6b9       _memcpy                    0001b919 f   LibString:Copying.obj
 0001:0001b6be       _strcpy                    0001b91e f   LibString:Copying.obj
 0001:0001b6df       _strdup                    0001b93f f   LibString:Copying.obj
 0001:0001b70e       _strncpy                   0001b96e f   LibString:Copying.obj
 0001:0001b72a       _strncpyX                  0001b98a f   LibString:Copying.obj
 0001:0001b761       _memcmp                    0001b9c1 f   LibString:Comparison.obj
 0001:0001b766       _strcasecmp                0001b9c6 f   LibString:Comparison.obj
 0001:0001b76b       _strcoll                   0001b9cb f   LibString:Comparison.obj
 0001:0001b76b       _strcmp                    0001b9cb f   LibString:Comparison.obj
 0001:0001b770       _strncmp                   0001b9d0 f   LibString:Comparison.obj
 0001:0001b775       _AsciiCharToUpper          0001b9d5 f   BaseLib:String.obj
 0001:0001b788       _AsciiStrCmp               0001b9e8 f   BaseLib:String.obj
 0001:0001b80e       _AsciiStrDecimalToUintn    0001ba6e f   BaseLib:String.obj
 0001:0001b831       _AsciiStrLen               0001ba91 f   BaseLib:String.obj
 0001:0001b89b       _AsciiStriCmp              0001bafb f   BaseLib:String.obj
 0001:0001b95d       _AsciiStrnCmp              0001bbbd f   BaseLib:String.obj
 0001:0001ba1e       _InternalAsciiIsDecimalDigitCharacter 0001bc7e f   BaseLib:String.obj
 0001:0001ba2d       _StrCmp                    0001bc8d f   BaseLib:String.obj
 0001:0001bab3       _StrLen                    0001bd13 f   BaseLib:String.obj
 0001:0001bb3a       _StrSize                   0001bd9a f   BaseLib:String.obj
 0001:0001bb4c       _StrStr                    0001bdac f   BaseLib:String.obj
 0001:0001bc0b       _StrnCmp                   0001be6b f   BaseLib:String.obj
 0001:0001bcd3       _ReadUnaligned16           0001bf33 f   BaseLib:Unaligned.obj
 0001:0001bcfe       _ReadUnaligned32           0001bf5e f   BaseLib:Unaligned.obj
 0001:0001bd2b       _ReadUnaligned64           0001bf8b f   BaseLib:Unaligned.obj
 0001:0001bd5b       _DivU64x32                 0001bfbb f   BaseLib:DivU64x32.obj
 0001:0001bd94       _AsciiStrCpyS              0001bff4 f   BaseLib:SafeString.obj
 0001:0001bf48       _AsciiStrDecimalToUintnS   0001c1a8 f   BaseLib:SafeString.obj
 0001:0001c091       _AsciiStrToUnicodeStrS     0001c2f1 f   BaseLib:SafeString.obj
 0001:0001c2b9       _AsciiStrnCpyS             0001c519 f   BaseLib:SafeString.obj
 0001:0001c4c2       _AsciiStrnLenS             0001c722 f   BaseLib:SafeString.obj
 0001:0001c4f1       _InternalSafeStringIsOverlap 0001c751 f   BaseLib:SafeString.obj
 0001:0001c51b       _InternalSafeStringNoAsciiStrOverlap 0001c77b f   BaseLib:SafeString.obj
 0001:0001c53a       _InternalSafeStringNoStrOverlap 0001c79a f   BaseLib:SafeString.obj
 0001:0001c55f       _StrnCatS                  0001c7bf f   BaseLib:SafeString.obj
 0001:0001c82e       _StrnCpyS                  0001ca8e f   BaseLib:SafeString.obj
 0001:0001caa0       _StrnLenS                  0001cd00 f   BaseLib:SafeString.obj
 0001:0001caf6       _UnicodeStrToAsciiStrS     0001cd56 f   BaseLib:SafeString.obj
 0001:0001cd43       _GetFirstNode              0001cfa3 f   BaseLib:LinkedList.obj
 0001:0001cd77       _GetNextNode               0001cfd7 f   BaseLib:LinkedList.obj
 0001:0001cdd7       _InsertTailList            0001d037 f   BaseLib:LinkedList.obj
 0001:0001ce44       _InternalBaseLibIsListValid 0001d0a4 f   BaseLib:LinkedList.obj
 0001:0001cecd       _IsListEmpty               0001d12d f   BaseLib:LinkedList.obj
 0001:0001cf04       _IsNodeInList              0001d164 f   BaseLib:LinkedList.obj
 0001:0001cf89       _RemoveEntryList           0001d1e9 f   BaseLib:LinkedList.obj
 0001:0001cfcc       _PathCleanUpDirectories    0001d22c f   BaseLib:FilePaths.obj
 0001:0001d109       _PathRemoveLastItem        0001d369 f   BaseLib:FilePaths.obj
 0001:0001d161       _LShiftU64                 0001d3c1 f   BaseLib:LShiftU64.obj
 0001:0001d19a       _SwapBytes16               0001d3fa f   BaseLib:SwapBytes16.obj
 0001:0001d1aa       _ModU64x32                 0001d40a f   BaseLib:ModU64x32.obj
 0001:0001d1e3       _InternalAssertJumpBuffer  0001d443 f   BaseLib:SetJump.obj
 0001:0001d22b       _InternalMathDivU64x32     0001d48b f   BaseLib:DivU64x32.obj
 0001:0001d240       _SwapBytes32               0001d4a0 f   BaseLib:SwapBytes32.obj
 0001:0001d265       _InternalMathLShiftU64     0001d4c5 f   BaseLib:LShiftU64.obj
 0001:0001d281       _InternalMathModU64x32     0001d4e1 f   BaseLib:ModU64x32.obj
 0001:0001d296       ___assert                  0001d4f6 f   LibC:assert.obj
 0001:0001d2d3       ___isnand                  0001d533 f   LibC:isnand_ieee754.obj
 0001:0001d302       ___isinfd                  0001d562 f   LibC:isinfd_ieee754.obj
 0001:0001d331       _longjmp                   0001d591 f   LibC:longjmp.obj
 0001:0001d347       _CopyMem                   0001d5a7 f   BaseMemoryLib:CopyMemWrapper.obj
 0001:0001d3c0       _ZeroMem                   0001d620 f   BaseMemoryLib:ZeroMemWrapper.obj
 0001:0001d41d       _CompareGuid               0001d67d f   BaseMemoryLib:MemLibGuid.obj
 0001:0001d481       _SetMem                    0001d6e1 f   BaseMemoryLib:SetMemWrapper.obj
 0001:0001d4cc       _CompareMem                0001d72c f   BaseMemoryLib:CompareMemWrapper.obj
 0001:0001d587       _InternalMemCopyMem        0001d7e7 f   BaseMemoryLib:CopyMem.obj
 0001:0001d6d5       _InternalMemCompareMem     0001d935 f   BaseMemoryLib:MemLibGeneric.obj
 0001:0001d6fc       _InternalMemScanMem8       0001d95c f   BaseMemoryLib:MemLibGeneric.obj
 0001:0001d715       _InternalMemSetMem16       0001d975 f   BaseMemoryLib:MemLibGeneric.obj
 0001:0001d73a       _InternalMemZeroMem        0001d99a f   BaseMemoryLib:MemLibGeneric.obj
 0001:0001d74d       _InternalMemSetMem         0001d9ad f   BaseMemoryLib:SetMem.obj
 0001:0001d848       _memchr                    0001daa8 f   LibString:Searching.obj
 0001:0001d85d       _strchr                    0001dabd f   LibString:Searching.obj
 0001:0001d873       _strpbrk                   0001dad3 f   LibString:Searching.obj
 0001:0001d8b6       _strsep                    0001db16 f   LibString:strsep.obj
 0001:0001d8f4       _DivU64x32Remainder        0001db54 f   BaseLib:DivU64x32Remainder.obj
 0001:0001d930       _LongJump                  0001db90 f   BaseLib:LongJump.obj
 0001:0001d963       _InternalMathDivRemU64x32  0001dbc3 f   BaseLib:DivU64x32Remainder.obj
 0001:0001d980       _bswap16                   0001dbe0 f   LibC:ByteSwap.obj
 0001:0001d985       _bswap32                   0001dbe5 f   LibC:ByteSwap.obj
 0001:0001d98a       ___flt_rounds              0001dbea f   LibC:x86flt_rounds.obj
 0001:0001d9a0       _internal_FPU_rmode        0001dc00 f   LibC:fpu_rmode.obj
 0001:0001d9b3       _SetMem16                  0001dc13 f   BaseMemoryLib:SetMem16Wrapper.obj
 0001:0001da62       _ScanMem8                  0001dcc2 f   BaseMemoryLib:ScanMem8Wrapper.obj
 0001:0001dace       __alldvrm                  0001dd2e f   LibC:lldvrm.obj
 0001:0001daf9       __allmul                   0001dd59 f   LibC:llmul.obj
 0001:0001db18       __aulldvrm                 0001dd78 f   LibC:ulldvrm.obj
 0001:0001db43       _DivS64x64Remainder        0001dda3 f   BaseLib:DivS64x64Remainder.obj
 0001:0001db84       _MultS64x64                0001dde4 f   BaseLib:MultS64x64.obj
 0001:0001db9d       _DivU64x64Remainder        0001ddfd f   BaseLib:DivU64x64Remainder.obj
 0001:0001dbde       _InternalMathDivRemS64x64  0001de3e f   BaseLib:DivS64x64Remainder.obj
 0001:0001dc5c       _MultU64x64                0001debc f   BaseLib:MultU64x64.obj
 0001:0001dc75       _InternalMathMultU64x64    0001ded5 f   BaseLib:MultU64x64.obj
 0002:00000000       ??_C@_0CH@NDMEOAO@ArgvConvert?5called?5with?5?$CFd?5argu@ 0001df00     LibC:Main.obj
 0002:00000028       ??_C@_0BG@IMAKDLED@Argument?$FL?$CFd?$FN?5?$DN?5?$CC?$CFs?$CC?4?6@ 0001df28     LibC:Main.obj
 0002:00000040       ??_C@_0DJ@GMBIJAHN@ABORTING?3?5Argv?$FL?$CFd?$FN?5contains?5an?5@ 0001df40     LibC:Main.obj
 0002:0000007c       ??_C@_0CA@MIGDAMB@ABORTING?3?5Insufficient?5memory?4?6@ 0001df7c     LibC:Main.obj
 0002:0000009c       ??_C@_0BK@DAKDMNGN@Cvt?$FL?$CFd?$FN?5?$CFd?5?$CC?$CFs?$CC?5?9?9?$DO?5?$CC?$CFa?$CC?6@ 0001df9c     LibC:Main.obj
 0002:000000b8       ??_C@_0CP@PDFPAOBP@ABORTING?3?5Internal?5Argv?$FL?$CFd?$FN?5con@ 0001dfb8     LibC:Main.obj
 0002:000000e8       ??_C@_0BL@OBLILIPL@StdLib?3?5Open?5Standard?5IO?4?6@ 0001dfe8     LibC:Main.obj
 0002:00000104       ??_C@_06GCNMPELH@stdin?3@  0001e004     LibC:Main.obj
 0002:0000010c       ??_C@_07CJCKBFG@stdout?3@  0001e00c     LibC:Main.obj
 0002:00000114       ??_C@_07NBHIPNPM@stderr?3@ 0001e014     LibC:Main.obj
 0002:00000120       ??_C@_1FI@OEFNJEF@?$AAE?$AAR?$AAR?$AAO?$AAR?$AA?5?$AAI?$AAn?$AAi?$AAt?$AAi?$AAa?$AAl?$AAi?$AAz@ 0001e020     LibC:Main.obj
 0002:00000178       __C_CharClassTable         0001e078     LibCtype:iCtype.obj
 0002:00000278       __C_ToLowerTable           0001e178     LibCtype:iCtype.obj
 0002:000002f8       ??_C@_0BD@FPJCFKFJ@Unknown?5Error?3?5?$CFd?4@ 0001e1f8     LibString:Misc.obj
 0002:00000310       _sys_errlist               0001e210     LibString:ErrorList.obj
 0002:000004a0       ??_C@_0BC@CMDFCGIM@No?5Error?5Detected@ 0001e3a0     LibString:ErrorList.obj
 0002:000004b4       ??_C@_0BI@BJFCGOHL@Operation?5not?5permitted@ 0001e3b4     LibString:ErrorList.obj
 0002:000004cc       ??_C@_0BK@FMDHKPNF@No?5such?5file?5or?5directory@ 0001e3cc     LibString:ErrorList.obj
 0002:000004e8       ??_C@_0BA@FKIAIBGA@No?5such?5process@ 0001e3e8     LibString:ErrorList.obj
 0002:000004f8       ??_C@_0BI@EAGLFFDI@Interrupted?5system?5call@ 0001e3f8     LibString:ErrorList.obj
 0002:00000510       ??_C@_0BD@KKNFOBBD@Input?1output?5error@ 0001e410     LibString:ErrorList.obj
 0002:00000524       ??_C@_0BG@IEPFGEGM@Device?5not?5configured@ 0001e424     LibString:ErrorList.obj
 0002:0000053c       ??_C@_0BH@CCELHCFA@Argument?5list?5too?5long@ 0001e43c     LibString:ErrorList.obj
 0002:00000554       ??_C@_0BC@HKPNECK@Exec?5format?5error@ 0001e454     LibString:ErrorList.obj
 0002:00000568       ??_C@_0BE@NFGDDCEF@Bad?5file?5descriptor@ 0001e468     LibString:ErrorList.obj
 0002:0000057c       ??_C@_0BD@LOHELEP@No?5child?5processes@ 0001e47c     LibString:ErrorList.obj
 0002:00000590       ??_C@_0BK@JAEBMJJM@Resource?5deadlock?5avoided@ 0001e490     LibString:ErrorList.obj
 0002:000005ac       ??_C@_0BH@DBCLIABC@Cannot?5allocate?5memory@ 0001e4ac     LibString:ErrorList.obj
 0002:000005c4       ??_C@_0BC@HFNFNKAI@Permission?5denied@ 0001e4c4     LibString:ErrorList.obj
 0002:000005d8       ??_C@_0M@LOEHLCJD@Bad?5address@ 0001e4d8     LibString:ErrorList.obj
 0002:000005e4       ??_C@_0BG@DDDDJJIM@Block?5device?5required@ 0001e4e4     LibString:ErrorList.obj
 0002:000005fc       ??_C@_0M@KEEOMFM@Device?5busy@ 0001e4fc     LibString:ErrorList.obj
 0002:00000608       ??_C@_0M@NAAJNNGH@File?5exists@ 0001e508     LibString:ErrorList.obj
 0002:00000614       ??_C@_0BC@OFBLDMPL@Cross?9device?5link@ 0001e514     LibString:ErrorList.obj
 0002:00000628       ??_C@_0CC@BGJGOOF@Operation?5not?5supported?5by?5devi@ 0001e528     LibString:ErrorList.obj
 0002:0000064c       ??_C@_0BA@CJBACOOL@Not?5a?5directory@ 0001e54c     LibString:ErrorList.obj
 0002:0000065c       ??_C@_0P@NDHGCGKE@Is?5a?5directory@ 0001e55c     LibString:ErrorList.obj
 0002:0000066c       ??_C@_0BB@HMGGCEBG@Invalid?5argument@ 0001e56c     LibString:ErrorList.obj
 0002:00000680       ??_C@_0BO@IIFBODJE@Too?5many?5open?5files?5in?5system@ 0001e580     LibString:ErrorList.obj
 0002:000006a0       ??_C@_0BE@INBJMKGG@Too?5many?5open?5files@ 0001e5a0     LibString:ErrorList.obj
 0002:000006b4       ??_C@_0BP@NAOGGPDI@Inappropriate?5ioctl?5for?5device@ 0001e5b4     LibString:ErrorList.obj
 0002:000006d4       ??_C@_0P@HJGPGMF@Text?5file?5busy@ 0001e5d4     LibString:ErrorList.obj
 0002:000006e4       ??_C@_0P@LFMMIPAE@File?5too?5large@ 0001e5e4     LibString:ErrorList.obj
 0002:000006f4       ??_C@_0BI@FEALHKLD@No?5space?5left?5on?5device@ 0001e5f4     LibString:ErrorList.obj
 0002:0000070c       ??_C@_0N@JPKNIBBK@Illegal?5seek@ 0001e60c     LibString:ErrorList.obj
 0002:0000071c       ??_C@_0BF@JEDIFMJD@Read?9only?5filesystem@ 0001e61c     LibString:ErrorList.obj
 0002:00000734       ??_C@_0P@PKCJJLLM@Too?5many?5links@ 0001e634     LibString:ErrorList.obj
 0002:00000744       ??_C@_0M@LHEPIIOM@Broken?5pipe@ 0001e644     LibString:ErrorList.obj
 0002:00000750       ??_C@_0CB@BNEAGFJG@Numerical?5argument?5out?5of?5domai@ 0001e650     LibString:ErrorList.obj
 0002:00000774       ??_C@_0BB@FCBJFCAJ@Result?5too?5large@ 0001e674     LibString:ErrorList.obj
 0002:00000788       ??_C@_0CB@EPFKGNAK@Resource?5temporarily?5unavailabl@ 0001e688     LibString:ErrorList.obj
 0002:000007ac       ??_C@_0BK@LBMNDGCG@Operation?5now?5in?5progress@ 0001e6ac     LibString:ErrorList.obj
 0002:000007c8       ??_C@_0BO@BMABNIPB@Operation?5already?5in?5progress@ 0001e6c8     LibString:ErrorList.obj
 0002:000007e8       ??_C@_0BP@MCCLAMPH@Socket?5operation?5on?5non?9socket@ 0001e6e8     LibString:ErrorList.obj
 0002:00000808       ??_C@_0BN@HFCIEIME@Destination?5address?5required@ 0001e708     LibString:ErrorList.obj
 0002:00000828       ??_C@_0BB@NDAKHOCP@Message?5too?5long@ 0001e728     LibString:ErrorList.obj
 0002:0000083c       ??_C@_0BP@PDKJLOAE@Protocol?5wrong?5type?5for?5socket@ 0001e73c     LibString:ErrorList.obj
 0002:0000085c       ??_C@_0BH@HPHKDMA@Protocol?5not?5available@ 0001e75c     LibString:ErrorList.obj
 0002:00000874       ??_C@_0BH@JNBKLLAJ@Protocol?5not?5supported@ 0001e774     LibString:ErrorList.obj
 0002:0000088c       ??_C@_0BK@LMAIHBL@Socket?5type?5not?5supported@ 0001e78c     LibString:ErrorList.obj
 0002:000008a8       ??_C@_0BI@EDJAHLMH@Operation?5not?5supported@ 0001e7a8     LibString:ErrorList.obj
 0002:000008c0       ??_C@_0BO@EBCCBLCJ@Protocol?5family?5not?5supported@ 0001e7c0     LibString:ErrorList.obj
 0002:000008e0       ??_C@_0DA@KDGLCJJO@Address?5family?5not?5supported?5by@ 0001e7e0     LibString:ErrorList.obj
 0002:00000910       ??_C@_0BH@LOKACPE@Address?5already?5in?5use@ 0001e810     LibString:ErrorList.obj
 0002:00000928       ??_C@_0BP@OKMOKAIP@Can?8t?5assign?5requested?5address@ 0001e828     LibString:ErrorList.obj
 0002:00000948       ??_C@_0BA@LPIEBGEK@Network?5is?5down@ 0001e848     LibString:ErrorList.obj
 0002:00000958       ??_C@_0BH@CIEOBPFM@Network?5is?5unreachable@ 0001e858     LibString:ErrorList.obj
 0002:00000970       ??_C@_0CE@JHDCOCF@Network?5dropped?5connection?5on?5r@ 0001e870     LibString:ErrorList.obj
 0002:00000994       ??_C@_0CB@DJAOADN@Software?5caused?5connection?5abor@ 0001e894     LibString:ErrorList.obj
 0002:000009b8       ??_C@_0BJ@FJAMCHKE@Connection?5reset?5by?5peer@ 0001e8b8     LibString:ErrorList.obj
 0002:000009d4       ??_C@_0BK@OCAHGMEA@No?5buffer?5space?5available@ 0001e8d4     LibString:ErrorList.obj
 0002:000009f0       ??_C@_0BM@CCONNCKE@Socket?5is?5already?5connected@ 0001e8f0     LibString:ErrorList.obj
 0002:00000a0c       ??_C@_0BI@ILAOGBJJ@Socket?5is?5not?5connected@ 0001e90c     LibString:ErrorList.obj
 0002:00000a24       ??_C@_0CB@IOOOMFJJ@Can?8t?5send?5after?5socket?5shutdow@ 0001e924     LibString:ErrorList.obj
 0002:00000a48       ??_C@_0CC@HOLLLFLE@Too?5many?5references?3?5can?8t?5spli@ 0001e948     LibString:ErrorList.obj
 0002:00000a6c       ??_C@_0BE@JAEOFJAL@Operation?5timed?5out@ 0001e96c     LibString:ErrorList.obj
 0002:00000a80       ??_C@_0BD@NPDMPPFP@Connection?5refused@ 0001e980     LibString:ErrorList.obj
 0002:00000a94       ??_C@_0CC@CPDHMANB@Too?5many?5levels?5of?5symbolic?5lin@ 0001e994     LibString:ErrorList.obj
 0002:00000ab8       ??_C@_0BD@CGPKCNP@File?5name?5too?5long@ 0001e9b8     LibString:ErrorList.obj
 0002:00000acc       ??_C@_0N@OHOPOBEF@Host?5is?5down@ 0001e9cc     LibString:ErrorList.obj
 0002:00000adc       ??_C@_0BB@PFBILCPA@No?5route?5to?5host@ 0001e9dc     LibString:ErrorList.obj
 0002:00000af0       ??_C@_0BE@ICMCHPHH@Directory?5not?5empty@ 0001e9f0     LibString:ErrorList.obj
 0002:00000b04       ??_C@_0BD@LPHIGPM@Too?5many?5processes@ 0001ea04     LibString:ErrorList.obj
 0002:00000b18       ??_C@_0P@DAFGFIDC@Too?5many?5users@ 0001ea18     LibString:ErrorList.obj
 0002:00000b28       ??_C@_0BE@KMAIMPL@Disc?5quota?5exceeded@ 0001ea28     LibString:ErrorList.obj
 0002:00000b3c       ??_C@_0BG@KNCBNNDC@Stale?5NFS?5file?5handle@ 0001ea3c     LibString:ErrorList.obj
 0002:00000b54       ??_C@_0CC@DBGGHIAG@Too?5many?5levels?5of?5remote?5in?5pa@ 0001ea54     LibString:ErrorList.obj
 0002:00000b78       ??_C@_0BC@ICCGLAJN@RPC?5struct?5is?5bad@ 0001ea78     LibString:ErrorList.obj
 0002:00000b8c       ??_C@_0BC@FIMLNFGC@RPC?5version?5wrong@ 0001ea8c     LibString:ErrorList.obj
 0002:00000ba0       ??_C@_0BE@HDGMLIGJ@RPC?5prog?4?5not?5avail@ 0001eaa0     LibString:ErrorList.obj
 0002:00000bb4       ??_C@_0BG@JOMPHNJI@Program?5version?5wrong@ 0001eab4     LibString:ErrorList.obj
 0002:00000bcc       ??_C@_0BK@LKNMDCLJ@Bad?5procedure?5for?5program@ 0001eacc     LibString:ErrorList.obj
 0002:00000be8       ??_C@_0BD@CLHBCGPB@No?5locks?5available@ 0001eae8     LibString:ErrorList.obj
 0002:00000bfc       ??_C@_0BJ@IHEHINLI@Function?5not?5implemented@ 0001eafc     LibString:ErrorList.obj
 0002:00000c18       ??_C@_0CC@GLJPLFOJ@Inappropriate?5file?5type?5or?5form@ 0001eb18     LibString:ErrorList.obj
 0002:00000c3c       ??_C@_0BF@MOMJDFNI@Authentication?5error@ 0001eb3c     LibString:ErrorList.obj
 0002:00000c54       ??_C@_0BD@GDKJMNEO@Need?5authenticator@ 0001eb54     LibString:ErrorList.obj
 0002:00000c68       ??_C@_0BD@LJPFLIMC@Identifier?5removed@ 0001eb68     LibString:ErrorList.obj
 0002:00000c7c       ??_C@_0BL@LAELPFGP@No?5message?5of?5desired?5type@ 0001eb7c     LibString:ErrorList.obj
 0002:00000c98       ??_C@_0CK@NDEHDADK@Value?5too?5large?5to?5be?5stored?5in@ 0001eb98     LibString:ErrorList.obj
 0002:00000cc4       ??_C@_0BG@KLEAJEFJ@Illegal?5byte?5sequence@ 0001ebc4     LibString:ErrorList.obj
 0002:00000cdc       ??_C@_0N@JIEBMMEB@Bad?5errno?586@ 0001ebdc     LibString:ErrorList.obj
 0002:00000cec       ??_C@_0BD@OIDFIKFE@Operation?5canceled@ 0001ebec     LibString:ErrorList.obj
 0002:00000d00       ??_C@_0M@OEPJJONH@Bad?5message@ 0001ec00     LibString:ErrorList.obj
 0002:00000d0c       ??_C@_0BF@GGKONPHM@No?5message?5available@ 0001ec0c     LibString:ErrorList.obj
 0002:00000d24       ??_C@_0BE@HNNMKAI@No?5STREAM?5resources@ 0001ec24     LibString:ErrorList.obj
 0002:00000d38       ??_C@_0N@BFKFJNP@Not?5a?5STREAM@ 0001ec38     LibString:ErrorList.obj
 0002:00000d48       ??_C@_0BF@BKBOOGBB@STREAM?5ioctl?5timeout@ 0001ec48     LibString:ErrorList.obj
 0002:00000d60       ??_C@_0BE@BOJAKOGO@Attribute?5not?5found@ 0001ec60     LibString:ErrorList.obj
 0002:00000d74       ??_C@_0BC@MPFABHFK@Programming?5error@ 0001ec74     LibString:ErrorList.obj
 0002:00000d88       ??_C@_0BD@BLOHNAGF@Multihop?5attempted@ 0001ec88     LibString:ErrorList.obj
 0002:00000d9c       ??_C@_0BG@JIGCCAHA@Link?5has?5been?5severed@ 0001ec9c     LibString:ErrorList.obj
 0002:00000db4       ??_C@_0P@NFDLBHIK@Protocol?5error@ 0001ecb4     LibString:ErrorList.obj
 0002:00000dc4       ??_C@_0CA@JBGHAFDD@Buffer?5too?5small?5to?5hold?5result@ 0001ecc4     LibString:ErrorList.obj
 0002:00000de4       ??_C@_0CO@BCOPOIDC@System?5Error?5list?5and?5errno?4h?5a@ 0001ece4     LibString:ErrorList.obj
 0002:00000e14       ??_C@_0DG@ODLLMBNP@f?3?2uefiworkspace?2edk2?2MdePkg?2Li@ 0001ed14     BaseLib:String.obj
 0002:00000e4c       ??_C@_0CC@GFNLNIOC@?$CI?$CIUINTN?$CJString?5?$CG?50x00000001?$CJ?5?$DN?$DN@ 0001ed4c     BaseLib:String.obj
 0002:00000e70       ??_C@_0DK@EOJCOAME@Length?5?$DM?5_gPcd_FixedAtBuild_Pcd@ 0001ed70     BaseLib:String.obj
 0002:00000eac       ??_C@_0BL@JAAMOCAJ@StrSize?5?$CIFirstString?$CJ?5?$CB?$DN?50@ 0001edac     BaseLib:String.obj
 0002:00000ec8       ??_C@_0BM@DALBOILC@StrSize?5?$CISecondString?$CJ?5?$CB?$DN?50@ 0001edc8     BaseLib:String.obj
 0002:00000ee4       ??_C@_0DL@LFIMEMJP@Length?5?$DM?$DN?5_gPcd_FixedAtBuild_Pc@ 0001ede4     BaseLib:String.obj
 0002:00000f20       ??_C@_0BG@KBNOLIGE@StrSize?5?$CIString?$CJ?5?$CB?$DN?50@ 0001ee20     BaseLib:String.obj
 0002:00000f38       ??_C@_0BM@NNBLOHJD@StrSize?5?$CISearchString?$CJ?5?$CB?$DN?50@ 0001ee38     BaseLib:String.obj
 0002:00000f54       ??_C@_0DI@MDIKFADO@Length?5?$DM?5_gPcd_FixedAtBuild_Pcd@ 0001ee54     BaseLib:String.obj
 0002:00000f8c       ??_C@_0BL@IKFBNFIL@AsciiStrSize?5?$CIFirstString?$CJ@ 0001ee8c     BaseLib:String.obj
 0002:00000fa8       ??_C@_0BM@EDNOKLLE@AsciiStrSize?5?$CISecondString?$CJ@ 0001eea8     BaseLib:String.obj
 0002:00000fc4       ??_C@_0DJ@JJHGIFMP@Length?5?$DM?$DN?5_gPcd_FixedAtBuild_Pc@ 0001eec4     BaseLib:String.obj
 0002:00001000       ??_C@_0DJ@GPHHHNOB@f?3?2uefiworkspace?2edk2?2MdePkg?2Li@ 0001ef00     BaseLib:Unaligned.obj
 0002:0000103c       ??_C@_0N@KGHEHMDL@Divisor?5?$CB?$DN?50@ 0001ef3c     BaseLib:DivU64x32.obj
 0002:0000104c       ??_C@_0DJ@IEJALMDK@f?3?2uefiworkspace?2edk2?2MdePkg?2Li@ 0001ef4c     BaseLib:DivU64x32.obj
 0002:00001088       ??_C@_0DK@NEJELINC@f?3?2uefiworkspace?2edk2?2MdePkg?2Li@ 0001ef88     BaseLib:SafeString.obj
 0002:000010c4       ??_C@_0CH@LALFPBMC@?$CI?$CIUINTN?$CJDestination?5?$CG?50x0000000@ 0001efc4     BaseLib:SafeString.obj
 0002:000010ec       ??_C@_0CC@HEBCMBPF@?$CI?$CIUINTN?$CJSource?5?$CG?50x00000001?$CJ?5?$DN?$DN@ 0001efec     BaseLib:SafeString.obj
 0002:00001110       ??_C@_0BO@ECNIOIHG@?$CIDestination?5?$CB?$DN?5?$CI?$CIvoid?5?$CK?$CJ?50?$CJ?$CJ@ 0001f010     BaseLib:SafeString.obj
 0002:00001130       ??_C@_0EA@PDPDJJNN@?$CFa?$CI?$CFd?$CJ?5?$CFa?3?5SAFE_STRING_CONSTRAI@ 0001f030     BaseLib:SafeString.obj
 0002:00001170       ??_C@_0BJ@EAEEJIP@?$CISource?5?$CB?$DN?5?$CI?$CIvoid?5?$CK?$CJ?50?$CJ?$CJ@ 0001f070     BaseLib:SafeString.obj
 0002:00001190       ??_C@_0EA@BBALOHPI@?$CIDestMax?5?$DM?$DN?5?$CI_gPcd_FixedAtBuild@ 0001f090     BaseLib:SafeString.obj
 0002:000011d0       ??_C@_0P@PMIMLIHM@?$CIDestMax?5?$CB?$DN?50?$CJ@ 0001f0d0     BaseLib:SafeString.obj
 0002:000011e0       ??_C@_0BG@EEGIIOKH@?$CIDestMax?5?$DO?5SourceLen?$CJ@ 0001f0e0     BaseLib:SafeString.obj
 0002:000011f8       ??_C@_0FH@PPBLBDBJ@InternalSafeStringNoStrOverlap?5@ 0001f0f8     BaseLib:SafeString.obj
 0002:00001250       ??_C@_08INOAHJON@StrnCpyS@ 0001f150     BaseLib:SafeString.obj
 0002:0000125c       ??_C@_0DP@PBOJGJC@?$CILength?5?$DM?$DN?5?$CI_gPcd_FixedAtBuild_@ 0001f15c     BaseLib:SafeString.obj
 0002:0000129c       ??_C@_0P@BHOOOJPD@?$CICopyLen?5?$CB?$DN?50?$CJ@ 0001f19c     BaseLib:SafeString.obj
 0002:000012ac       ??_C@_0BG@BPGICNPK@?$CICopyLen?5?$DO?5SourceLen?$CJ@ 0001f1ac     BaseLib:SafeString.obj
 0002:000012c4       ??_C@_08GNJNNKEE@StrnCatS@ 0001f1c4     BaseLib:SafeString.obj
 0002:000012d0       ??_C@_0BJ@MBBOBCLN@?$CIString?5?$CB?$DN?5?$CI?$CIvoid?5?$CK?$CJ?50?$CJ?$CJ@ 0001f1d0     BaseLib:SafeString.obj
 0002:000012ec       ??_C@_0BH@JPMEDPAI@?$CIData?5?$CB?$DN?5?$CI?$CIvoid?5?$CK?$CJ?50?$CJ?$CJ@ 0001f1ec     BaseLib:SafeString.obj
 0002:00001304       ??_C@_0N@OMPODJLB@AsciiStrCpyS@ 0001f204     BaseLib:SafeString.obj
 0002:00001314       ??_C@_0DO@LJFOOPII@?$CIDestMax?5?$DM?$DN?5?$CI_gPcd_FixedAtBuild@ 0001f214     BaseLib:SafeString.obj
 0002:00001358       ??_C@_0FL@CDANCHFO@InternalSafeStringNoAsciiStrOve@ 0001f258     BaseLib:SafeString.obj
 0002:000013b4       ??_C@_0O@DIHNCLLG@AsciiStrnCpyS@ 0001f2b4     BaseLib:SafeString.obj
 0002:000013c4       ??_C@_0DN@DLAADCJE@?$CILength?5?$DM?$DN?5?$CI_gPcd_FixedAtBuild_@ 0001f2c4     BaseLib:SafeString.obj
 0002:00001404       ??_C@_0BI@GIIHIIN@AsciiStrDecimalToUintnS@ 0001f304     BaseLib:SafeString.obj
 0002:00001420       ??_C@_0ID@JMCCGBLD@?$CIAsciiStrnLenS?5?$CIString?0?5?$CI_gPcd_@ 0001f320     BaseLib:SafeString.obj
 0002:000014a4       ??_C@_0BG@ECBHNCII@UnicodeStrToAsciiStrS@ 0001f3a4     BaseLib:SafeString.obj
 0002:000014c0       ??_C@_0GH@OGMKEJDK@?$CBInternalSafeStringIsOverlap?5?$CID@ 0001f3c0     BaseLib:SafeString.obj
 0002:00001528       ??_C@_0BA@MFHLDCJH@?$CKSource?5?$DM?50x100@ 0001f428     BaseLib:SafeString.obj
 0002:00001538       ??_C@_0BG@MFINJFHO@AsciiStrToUnicodeStrS@ 0001f438     BaseLib:SafeString.obj
 0002:00001550       ??_C@_0GF@GCLJAOAI@?$CBInternalSafeStringIsOverlap?5?$CID@ 0001f450     BaseLib:SafeString.obj
 0002:000015b8       ??_C@_0BF@NJNGJMPC@List?5?$CB?$DN?5?$CI?$CIvoid?5?$CK?$CJ?50?$CJ@ 0001f4b8     BaseLib:LinkedList.obj
 0002:000015d0       ??_C@_0DK@OGPFJBAL@f?3?2uefiworkspace?2edk2?2MdePkg?2Li@ 0001f4d0     BaseLib:LinkedList.obj
 0002:0000160c       ??_C@_0CC@KDLPLAED@List?9?$DOForwardLink?5?$CB?$DN?5?$CI?$CIvoid?5?$CK?$CJ?5@ 0001f50c     BaseLib:LinkedList.obj
 0002:00001630       ??_C@_0BP@IJJCCMAK@List?9?$DOBackLink?5?$CB?$DN?5?$CI?$CIvoid?5?$CK?$CJ?50?$CJ@ 0001f530     BaseLib:LinkedList.obj
 0002:00001650       ??_C@_0CI@BMHOPIIO@InternalBaseLibIsListValid?5?$CIFir@ 0001f550     BaseLib:LinkedList.obj
 0002:00001678       ??_C@_0BM@BAIHHOEP@SecondEntry?5?$CB?$DN?5?$CI?$CIvoid?5?$CK?$CJ?50?$CJ@ 0001f578     BaseLib:LinkedList.obj
 0002:00001694       ??_C@_0DI@HOMAKAJD@?$CI?$CIBOOLEAN?$CJ?$CI0?$DN?$DN1?$CJ?$CJ?5?$DN?$DN?5IsNodeInLi@ 0001f594     BaseLib:LinkedList.obj
 0002:000016cc       ??_C@_0CG@LGIALJFK@InternalBaseLibIsListValid?5?$CILis@ 0001f5cc     BaseLib:LinkedList.obj
 0002:000016f4       ??_C@_0CC@JLDICICM@InternalBaseLibIsListValid?5?$CILis@ 0001f5f4     BaseLib:LinkedList.obj
 0002:00001718       ??_C@_0DD@OAAIDOJD@?$CI?$CIBOOLEAN?$CJ?$CI1?$DN?$DN1?$CJ?$CJ?5?$DN?$DN?5IsNodeInLi@ 0001f618     BaseLib:LinkedList.obj
 0002:0000174c       ??_C@_0BF@NMBJJECB@?$CBIsListEmpty?5?$CIEntry?$CJ@ 0001f64c     BaseLib:LinkedList.obj
 0002:00001764       ??_C@_15LEKKCGMK@?$AA?2?$AA?2@ 0001f664     BaseLib:FilePaths.obj
 0002:0000176c       ??_C@_17CECJBCED@?$AA?2?$AA?4?$AA?2@ 0001f66c     BaseLib:FilePaths.obj
 0002:00001774       ??_C@_15HFJMEONN@?$AA?2?$AA?4@ 0001f674     BaseLib:FilePaths.obj
 0002:0000177c       ??_C@_17OFBPHKFE@?$AA?2?$AA?4?$AA?4@ 0001f67c     BaseLib:FilePaths.obj
 0002:00001784       ??_C@_0L@MEMPDLHB@Count?5?$DM?564@ 0001f684     BaseLib:LShiftU64.obj
 0002:00001790       ??_C@_0DJ@POKPBLDK@f?3?2uefiworkspace?2edk2?2MdePkg?2Li@ 0001f690     BaseLib:LShiftU64.obj
 0002:000017cc       ??_C@_0DJ@NCNHBNDN@f?3?2uefiworkspace?2edk2?2MdePkg?2Li@ 0001f6cc     BaseLib:ModU64x32.obj
 0002:00001808       ??_C@_0BL@CPGKAMND@JumpBuffer?5?$CB?$DN?5?$CI?$CIvoid?5?$CK?$CJ?50?$CJ@ 0001f708     BaseLib:SetJump.obj
 0002:00001824       ??_C@_0DH@KLOPLMKP@f?3?2uefiworkspace?2edk2?2MdePkg?2Li@ 0001f724     BaseLib:SetJump.obj
 0002:0000185c       ??_C@_0CD@HOMHJBIN@?$CI?$CIUINTN?$CJJumpBuffer?5?$CG?5?$CI4?5?9?51?$CJ?$CJ?5?$DN@ 0001f75c     BaseLib:SetJump.obj
 0002:00001880       ??_C@_0CL@CALHJIEG@Assertion?5failed?3?5?$CI?$CFs?$CJ?0?5file?5?$CFs@ 0001f780     LibC:assert.obj
 0002:000018ac       ??_C@_0DI@IOHIAJDA@Assertion?5failed?3?5?$CI?$CFs?$CJ?0?5file?5?$CFs@ 0001f7ac     LibC:assert.obj
 0002:000018e4       ??_C@_0DI@PHOMHDKH@?$CILength?5?9?51?$CJ?5?$DM?$DN?5?$CI0xFFFFFFFF?5?9?5?$CI@ 0001f7e4     BaseMemoryLib:CopyMemWrapper.obj
 0002:00001920       ??_C@_0EE@GOMGOBAA@f?3?2uefiworkspace?2edk2?2MdePkg?2Li@ 0001f820     BaseMemoryLib:CopyMemWrapper.obj
 0002:00001964       ??_C@_0DD@DCDOHCDJ@?$CILength?5?9?51?$CJ?5?$DM?$DN?5?$CI0xFFFFFFFF?5?9?5?$CI@ 0001f864     BaseMemoryLib:CopyMemWrapper.obj
 0002:00001998       ??_C@_0EE@NKGEIAMH@f?3?2uefiworkspace?2edk2?2MdePkg?2Li@ 0001f898     BaseMemoryLib:ZeroMemWrapper.obj
 0002:000019dc       ??_C@_0CL@OBMFBPED@Length?5?$DM?$DN?5?$CI0xFFFFFFFF?5?9?5?$CIUINTN?$CJ@ 0001f8dc     BaseMemoryLib:ZeroMemWrapper.obj
 0002:00001a08       ??_C@_0CN@BPIPMCPJ@?$CILength?5?9?51?$CJ?5?$DM?$DN?5?$CI0xFFFFFFFF?5?9?5?$CI@ 0001f908     BaseMemoryLib:SetMemWrapper.obj
 0002:00001a38       ??_C@_0ED@EDHDDFPL@f?3?2uefiworkspace?2edk2?2MdePkg?2Li@ 0001f938     BaseMemoryLib:SetMemWrapper.obj
 0002:00001a7c       ??_C@_0CC@JOEHDGKB@DestinationBuffer?5?$CB?$DN?5?$CI?$CIvoid?5?$CK?$CJ?5@ 0001f97c     BaseMemoryLib:CompareMemWrapper.obj
 0002:00001aa0       ??_C@_0EH@LNGKEKLE@f?3?2uefiworkspace?2edk2?2MdePkg?2Li@ 0001f9a0     BaseMemoryLib:CompareMemWrapper.obj
 0002:00001ae8       ??_C@_0BN@MDMCNBCC@SourceBuffer?5?$CB?$DN?5?$CI?$CIvoid?5?$CK?$CJ?50?$CJ@ 0001f9e8     BaseMemoryLib:CompareMemWrapper.obj
 0002:00001b08       ??_C@_0CO@LECKNDNC@?$CI?$CI?$CIUINTN?$CJBuffer?$CJ?5?$CG?5?$CIsizeof?5?$CIVal@ 0001fa08     BaseMemoryLib:SetMem32Wrapper.obj
 0002:00001b38       ??_C@_0CF@LEICOABD@?$CILength?5?$CG?5?$CIsizeof?5?$CIValue?$CJ?5?9?51?$CJ?$CJ@ 0001fa38     BaseMemoryLib:SetMem32Wrapper.obj
 0002:00001b60       ??_C@_0EC@JNPELHIH@f?3?2uefiworkspace?2edk2?2MdePkg?2Li@ 0001fa60     BaseLib:DivU64x32Remainder.obj
 0002:00001ba4       ??_C@_0L@KDHIOLNB@Value?5?$CB?$DN?50@ 0001faa4     BaseLib:LongJump.obj
 0002:00001bb0       ??_C@_0DI@DONBGHB@f?3?2uefiworkspace?2edk2?2MdePkg?2Li@ 0001fab0     BaseLib:LongJump.obj
 0002:00001be8       ___infinityf               0001fae8     LibC:infinityf_ieee754.obj
 0002:00001bf0       ??_C@_0EF@DIKEOPKB@f?3?2uefiworkspace?2edk2?2MdePkg?2Li@ 0001faf0     BaseMemoryLib:SetMem16Wrapper.obj
 0002:00001c38       ??_C@_0EF@FFGPGGMO@f?3?2uefiworkspace?2edk2?2MdePkg?2Li@ 0001fb38     BaseMemoryLib:ScanMem8Wrapper.obj
 0002:00001c80       ??_C@_0CB@DMEJJJHA@?6ASSERT_EFI_ERROR?5?$CIStatus?5?$DN?5?$CFr?$CJ@ 0001fb80     GetHostByAddr:AutoGen.obj
 0002:00001ca4       ??_C@_0CH@BBNBJKHK@?$CB?$CI?$CI?$CIINTN?$CJ?$CIRETURN_STATUS?$CJ?$CIStatus@ 0001fba4     GetHostByAddr:AutoGen.obj
 0002:00001cd0       ??_C@_0HI@FFKMBAAB@f?3?2uefiworkspace?2Build?2AppPkg?2D@ 0001fbd0     GetHostByAddr:AutoGen.obj
 0002:00001d48       ??_C@_0CE@IBFOBMLB@?6ASSERT_RETURN_ERROR?5?$CIStatus?5?$DN?5@ 0001fc48     GetHostByAddr:AutoGen.obj
 0002:00001d6c       __gPcd_FixedAtBuild_PcdMaximumLinkedListLength 0001fc6c     GetHostByAddr:AutoGen.obj
 0002:00001d70       __gPcd_FixedAtBuild_PcdMaximumUnicodeStringLength 0001fc70     GetHostByAddr:AutoGen.obj
 0002:00001d74       __gPcd_FixedAtBuild_PcdMaximumAsciiStringLength 0001fc74     GetHostByAddr:AutoGen.obj
 0002:00001d78       __gPcd_FixedAtBuild_PcdControlFlowEnforcementPropertyMask 0001fc78     GetHostByAddr:AutoGen.obj
 0002:00001d7c       __gPcd_FixedAtBuild_PcdVerifyNodeInList 0001fc7c     GetHostByAddr:AutoGen.obj
 0002:00001d80       ??_C@_1O@CFMGMDFI@?$AAs?$AAt?$AAd?$AAi?$AAn?$AA?3@ 0001fc80     DevConsole:daConsole.obj
 0002:00001d90       ??_C@_1BA@PGAEEPHD@?$AAs?$AAt?$AAd?$AAo?$AAu?$AAt?$AA?3@ 0001fc90     DevConsole:daConsole.obj
 0002:00001da0       ??_C@_1BA@DNLKDFLO@?$AAs?$AAt?$AAd?$AAe?$AAr?$AAr?$AA?3@ 0001fca0     DevConsole:daConsole.obj
 0002:00001dc8       ??_C@_0BH@IACGKAP@Buffer?5?$CB?$DN?5?$CI?$CIvoid?5?$CK?$CJ?50?$CJ@ 0001fcc8     UefiLib:UefiLibPrint.obj
 0002:00001de0       ??_C@_17CLELIOII@?$AAN?$AAU?$AAL@ 0001fce0     UefiShellLib:UefiShellLib.obj
 0002:00001de8       ??_C@_19CIJIHAKK@?$AAN?$AAU?$AAL?$AAL@ 0001fce8     UefiShellLib:UefiShellLib.obj
 0002:00001df4       ??_C@_15JNBOKNOG@?$AA?$AN?$AA?6@ 0001fcf4     UefiShellLib:UefiShellLib.obj
 0002:00001dfc       _mEslUdp4ServiceGuid       0001fcfc     EfiSocketLib:UseEfiSocketLib.obj
 0002:00001e0c       _mEfiServiceBinding        0001fd0c     EfiSocketLib:UseEfiSocketLib.obj
 0002:00001e14       _mEslUdp6ServiceGuid       0001fd14     EfiSocketLib:UseEfiSocketLib.obj
 0002:00001e24       _mEslTcp4ServiceGuid       0001fd24     EfiSocketLib:UseEfiSocketLib.obj
 0002:00001e34       _mEslTcp6ServiceGuid       0001fd34     EfiSocketLib:UseEfiSocketLib.obj
 0002:00001e44       _mEslIp4ServiceGuid        0001fd44     EfiSocketLib:UseEfiSocketLib.obj
 0002:00001e60       _cEslSocketBinding         0001fd60     EfiSocketLib:Socket.obj
 0002:00001f00       ??_C@_17NIGEJLGH@?$AAI?$AAp?$AA4@ 0001fe00     EfiSocketLib:Socket.obj
 0002:00001f08       ??_C@_19IGIFHENE@?$AAT?$AAc?$AAp?$AA4@ 0001fe08     EfiSocketLib:Socket.obj
 0002:00001f14       ??_C@_19CMIMLMFP@?$AAT?$AAc?$AAp?$AA6@ 0001fe14     EfiSocketLib:Socket.obj
 0002:00001f20       ??_C@_19GDICBGPD@?$AAU?$AAd?$AAp?$AA4@ 0001fe20     EfiSocketLib:Socket.obj
 0002:00001f2c       ??_C@_19MJILNOHI@?$AAU?$AAd?$AAp?$AA6@ 0001fe2c     EfiSocketLib:Socket.obj
 0002:00001f38       _cEslTcp6Api               0001fe38     EfiSocketLib:Tcp6.obj
 0002:00001fc4       ??_C@_05NEBMLMBB@TCPv6@    0001fec4     EfiSocketLib:Tcp6.obj
 0002:00001fd0       _cEslIp4Api                0001fed0     EfiSocketLib:Ip4.obj
 0002:0000205c       ??_C@_04EMGFNKGN@IPv4@     0001ff5c     EfiSocketLib:Ip4.obj
 0002:00002068       _cEslTcp4Api               0001ff68     EfiSocketLib:Tcp4.obj
 0002:000020f4       ??_C@_05OGCKNOJD@TCPv4@    0001fff4     EfiSocketLib:Tcp4.obj
 0002:00002100       _cEslUdp4Api               00020000     EfiSocketLib:Udp4.obj
 0002:0000218c       ??_C@_05JPFGNBCG@UDPv4@    0002008c     EfiSocketLib:Udp4.obj
 0002:00002198       _cEslUdp6Api               00020098     EfiSocketLib:Udp6.obj
 0002:00002224       ??_C@_05KNGALDKE@UDPv6@    00020124     EfiSocketLib:Udp6.obj
 0002:0000222c       ??_C@_0M@PCENNPGA@?$CFd?4?$CFd?4?$CFd?4?$CFd@ 0002012c     GetHostByAddr:GetHostByAddr.obj
 0002:00002238       ??_C@_1CK@JBJINICA@?$AA?$CF?$AAa?$AA?5?$AA?5?$AA?$DM?$AAI?$AAP?$AAv?$AA4?$AA?5?$AAA?$AAd?$AAd?$AAr?$AAe@ 00020138     GetHostByAddr:GetHostByAddr.obj
 0002:00002268       ??_C@_1EM@GKLPNJIC@?$AAE?$AAR?$AAR?$AAO?$AAR?$AA?5?$AA?9?$AA?5?$AAh?$AAo?$AAs?$AAt?$AA?5?$AAn?$AAo@ 00020168     GetHostByAddr:GetHostByAddr.obj
 0002:000022b4       ??_C@_1CE@KMDLCGMF@?$AA?$CF?$AAd?$AA?4?$AA?$CF?$AAd?$AA?4?$AA?$CF?$AAd?$AA?4?$AA?$CF?$AAd?$AA?0?$AA?5?$AA?$CF?$AAa@ 000201b4     GetHostByAddr:GetHostByAddr.obj
 0002:000022d8       ??_C@_1BM@HCFKBMCJ@?$AA?$CF?$AAd?$AA?4?$AA?$CF?$AAd?$AA?4?$AA?$CF?$AAd?$AA?4?$AA?$CF?$AAd?$AA?$AN?$AA?6@ 000201d8     GetHostByAddr:GetHostByAddr.obj
 0002:000022f4       ??_C@_1BK@JMOBCFNI@?$AAN?$AAo?$AA?5?$AAa?$AAl?$AAi?$AAa?$AAs?$AAe?$AAs?$AA?$AN?$AA?6@ 000201f4     GetHostByAddr:GetHostByAddr.obj
 0002:00002310       ??_C@_1BE@ONHJCCMI@?$AAA?$AAl?$AAi?$AAa?$AAs?$AAe?$AAs?$AA?3?$AA?5@ 00020210     GetHostByAddr:GetHostByAddr.obj
 0002:00002324       ??_C@_15JKMGFKLP@?$AA?$CF?$AAa@ 00020224     GetHostByAddr:GetHostByAddr.obj
 0002:0000232c       ??_C@_15JOGBDECP@?$AA?0?$AA?5@ 0002022c     GetHostByAddr:GetHostByAddr.obj
 0002:00002334       ??_C@_15KKOHIOBF@?$AA?2?$AA?3@ 00020234     DevUtility:Path.obj
 0002:00002340       _mon_lengths               00020240     LibTime:Time.obj
 0002:000023a0       ??_C@_0BA@NFHJAOCJ@?0M4?41?40?0M10?45?40@ 000202a0     LibTime:ZoneProc.obj
 0002:000023b0       ??_C@_02CLFPBFFP@TZ@       000202b0     LibTime:ZoneProc.obj
 0002:000023b4       _wildabbr                  000202b4     LibTime:ZoneProc.obj
 0002:000023c0       _gmt                       000202c0     LibTime:ZoneProc.obj
 0002:000023c4       ??_C@_0CI@BKHCEFMF@?$CILength?5?$DO?50x007F?$CJ?5?$CG?$CG?5?$CILength?5?$DM?$DN@ 000202c4     LibLocale:multibyte_Utf8.obj
 0002:000023ec       ??_C@_0P@CCFDOHOB@ProcessOneByte@ 000202ec     LibLocale:multibyte_Utf8.obj
 0002:000023fc       ??_C@_0DP@JIIFFNMM@f?3?2uefiworkspace?2edk2?9libc?2StdL@ 000202fc     LibLocale:multibyte_Utf8.obj
 0002:0000243c       ??_C@_0CI@NHCOAOJN@?$CILength?5?$DO?50x07FF?$CJ?5?$CG?$CG?5?$CILength?5?$DM?$DN@ 0002033c     LibLocale:multibyte_Utf8.obj
 0002:00002464       ??_C@_0CK@ECFFLHAE@?$CILength?5?$DO?50xFFFF?$CJ?5?$CG?$CG?5?$CILength?5?$DM?$DN@ 00020364     LibLocale:multibyte_Utf8.obj
 0002:00002590       ??_C@_07FFAIMGME@nfinity@  00020490     LibStdio:vfscanf.obj
 0002:00002598       ??_C@_07KIFFHKEA@NFINITY@  00020498     LibStdio:vfscanf.obj
 0002:000025e4       ??_C@_03OEIAHPBN@INF@      000204e4     LibStdio:vfprintf.obj
 0002:000025e8       ??_C@_03OJHLLCGB@inf@      000204e8     LibStdio:vfprintf.obj
 0002:000025ec       ??_C@_03LKNCIKJB@NAN@      000204ec     LibStdio:vfprintf.obj
 0002:000025f0       ??_C@_03LHCJEHON@nan@      000204f0     LibStdio:vfprintf.obj
 0002:000025f4       ??_C@_06OJHGLDPL@?$CInull?$CJ@ 000204f4     LibStdio:vfprintf.obj
 0002:00002624       ??_C@_0N@KJMLEBIL@Head?5?$CB?$DN?5NULL@ 00020524     LibStdLib:Malloc.obj
 0002:00002634       ??_C@_06GLDDLHNF@malloc@   00020534     LibStdLib:Malloc.obj
 0002:0000263c       ??_C@_0DH@FLEMMNLG@f?3?2uefiworkspace?2edk2?9libc?2StdL@ 0002053c     LibStdLib:Malloc.obj
 0002:00002674       ??_C@_04LIAPHEDB@free@     00020574     LibStdLib:Malloc.obj
 0002:0000267c       ??_C@_07EOOHGPEI@realloc@  0002057c     LibStdLib:Malloc.obj
 0002:00002684       ??_C@_0O@MLOLIMFM@?$DMnull?5string?$DO@ 00020584     BasePrintLib:PrintLibInternal.obj
 0002:00002694       ??_C@_0M@BJJDNPHK@?$DMnull?5guid?$DO@ 00020594     BasePrintLib:PrintLibInternal.obj
 0002:000026a0       ??_C@_0DB@PMLHLBMO@?$CF08x?9?$CF04x?9?$CF04x?9?$CF02x?$CF02x?9?$CF02x?$CF02@ 000205a0     BasePrintLib:PrintLibInternal.obj
 0002:000026d4       ??_C@_0M@LHGBCIKM@?$DMnull?5time?$DO@ 000205d4     BasePrintLib:PrintLibInternal.obj
 0002:000026e0       ??_C@_0BK@FCPKCIDD@?$CF02d?1?$CF02d?1?$CF04d?5?5?$CF02d?3?$CF02d@ 000205e0     BasePrintLib:PrintLibInternal.obj
 0002:000026fc       ??_C@_04JIMNDDED@?$CF08X@  000205fc     BasePrintLib:PrintLibInternal.obj
 0002:00002704       ??_C@_02PCIJFNDE@?$AN?6@   00020604     BasePrintLib:PrintLibInternal.obj
 0002:00002708       ??_C@_01LIIJDEN@?$AN@      00020608     BasePrintLib:PrintLibInternal.obj
 0002:00002710       _mWarningString            00020610     BasePrintLib:PrintLibInternal.obj
 0002:000027d8       _mErrorString              000206d8     BasePrintLib:PrintLibInternal.obj
 0002:00002ac0       _mHexStr                   000209c0     BasePrintLib:PrintLibInternal.obj
 0002:00002ad0       ??_C@_0O@IDFELCHE@RowDelta?5?$DO?$DN?50@ 000209d0     LibIIO:IIOutilities.obj
 0002:00002ae0       ??_C@_0BA@HPMMKBFI@IIO_CursorDelta@ 000209e0     LibIIO:IIOutilities.obj
 0002:00002af0       ??_C@_0EJ@FGINFIIC@f?3?2uefiworkspace?2edk2?9libc?2StdL@ 000209f0     LibIIO:IIOutilities.obj
 0002:00002b44       ??_C@_0BH@MAAHKCPC@String?5?$CB?$DN?5?$CI?$CIvoid?5?$CK?$CJ?50?$CJ@ 00020a44     UefiHiiLib:HiiString.obj
 0002:00002b5b       ??_C@_00CNPNBAHC@@         00020a5b     UefiHiiLib:HiiString.obj
 0002:00002b5c       ??_C@_05JPJINGDM@hosts@    00020a5c     BsdSocketLib:gethostnamadr.obj
 0002:00002b64       ??_C@_0BG@KMKAEGG@?1Efi?1StdLib?1etc?1hosts@ 00020a64     BsdSocketLib:gethostnamadr.obj
 0002:00002b7c       ??_C@_09JLOOHMDH@hosttable@ 00020a7c     BsdSocketLib:gethostnamadr.obj
 0002:00002b88       ??_C@_06CGEDKBAH@htable@   00020a88     BsdSocketLib:gethostnamadr.obj
 0002:00002b90       ??_C@_04NPNJNMMP@bind@     00020a90     BsdSocketLib:gethostnamadr.obj
 0002:00002b98       ??_C@_03CMKEIMKI@dns@      00020a98     BsdSocketLib:gethostnamadr.obj
 0002:00002b9c       ??_C@_06LKIIGAOE@domain@   00020a9c     BsdSocketLib:gethostnamadr.obj
 0002:00002ba4       ??_C@_02HEKBAMME@yp@       00020aa4     BsdSocketLib:gethostnamadr.obj
 0002:00002ba8       ??_C@_0M@OENMNAL@yellowpages@ 00020aa8     BsdSocketLib:gethostnamadr.obj
 0002:00002bb4       ??_C@_03EGFGHKEJ@nis@      00020ab4     BsdSocketLib:gethostnamadr.obj
 0002:00002bb8       ??_C@_0BK@LEKNANDD@?1Efi?1StdLib?1etc?1host?4conf@ 00020ab8     BsdSocketLib:gethostnamadr.obj
 0002:00002bd4       ??_C@_06DDPFIHHA@?6?5?7?0?3?$DL@ 00020ad4     BsdSocketLib:gethostnamadr.obj
 0002:00002bdc       ??_C@_02MAFKDGNO@?$CD?6@   00020adc     BsdSocketLib:gethostbyht.obj
 0002:00002be0       ??_C@_02OJDBNLEE@?5?7@     00020ae0     BsdSocketLib:gethostbyht.obj
 0002:00002be4       ??_C@_03MEPGMKBP@?5?7?$AN@ 00020ae4     BsdSocketLib:gethostbyht.obj
 0002:00002be8       ??_C@_0BJ@FMHNGNCO@?$CFu?4?$CFu?4?$CFu?4?$CFu?4in?9addr?4arpa@ 00020ae8     BsdSocketLib:gethostbydns.obj
 0002:00002c04       ??_C@_06KAJPEHLL@?$CFx?4?$CFx?4@ 00020b04     BsdSocketLib:gethostbydns.obj
 0002:00002c0c       ??_C@_07FKPHNMKJ@ip6?4int@ 00020b0c     BsdSocketLib:gethostbydns.obj
 0002:00002c2c       ??_C@_0M@OKJFMMDK@LOCALDOMAIN@ 00020b2c     BsdSocketLib:res_init.obj
 0002:00002c38       ??_C@_0BM@MOODCCJF@?1Efi?1StdLib?1etc?1resolv?4conf@ 00020b38     BsdSocketLib:res_init.obj
 0002:00002c54       ??_C@_03ILLHFMNI@?5?7?6@   00020b54     BsdSocketLib:res_init.obj
 0002:00002c58       ??_C@_06GFPLNGOC@search@   00020b58     BsdSocketLib:res_init.obj
 0002:00002c60       ??_C@_0L@IGDCFOEA@nameserver@ 00020b60     BsdSocketLib:res_init.obj
 0002:00002c6c       ??_C@_08DFFPGALN@sortlist@ 00020b6c     BsdSocketLib:res_init.obj
 0002:00002c78       ??_C@_07FOPBDDAL@options@  00020b78     BsdSocketLib:res_init.obj
 0002:00002c80       ??_C@_04PFOEMICB@conf@     00020b80     BsdSocketLib:res_init.obj
 0002:00002c88       ??_C@_0CC@NOIFGLPA@?$DL?$DL?5res_setoptions?$CI?$CC?$CFs?$CC?0?5?$CC?$CFs?$CC?$CJ?4?4@ 00020b88     BsdSocketLib:res_init.obj
 0002:00002cac       ??_C@_06KGFOIFFC@ndots?3@  00020bac     BsdSocketLib:res_init.obj
 0002:00002cb4       ??_C@_0N@CHFKDCBI@?$DL?$DL?7ndots?$DN?$CFd?6@ 00020bb4     BsdSocketLib:res_init.obj
 0002:00002cc4       ??_C@_05GFCDIDHO@debug@    00020bc4     BsdSocketLib:res_init.obj
 0002:00002ccc       ??_C@_0CB@CPMIDNFF@?$DL?$DL?5res_setoptions?$CI?$CC?$CFs?$CC?0?5?$CC?$CFs?$CC?$CJ?4?4@ 00020bcc     BsdSocketLib:res_init.obj
 0002:00002cf0       ??_C@_09BAOJBMNB@?$DL?$DL?7debug?6@ 00020bf0     BsdSocketLib:res_init.obj
 0002:00002cfc       ??_C@_05JBNIJPCK@inet6@    00020bfc     BsdSocketLib:res_init.obj
 0002:00002d04       ??_C@_0N@CFOLBNCO@no_tld_query@ 00020c04     BsdSocketLib:res_init.obj
 0002:00002d4c       ??_C@_0BK@MLBMNABB@?$DL?$DL?5res_query?$CI?$CFs?0?5?$CFd?0?5?$CFd?$CJ?6@ 00020c4c     BsdSocketLib:res_query.obj
 0002:00002d68       ??_C@_0BO@JELEDMGM@?$DL?$DL?5res_query?3?5mkquery?5failed?6@ 00020c68     BsdSocketLib:res_query.obj
 0002:00002d88       ??_C@_0BK@LFKJJMDE@?$DL?$DL?5res_query?3?5send?5error?6@ 00020c88     BsdSocketLib:res_query.obj
 0002:00002da4       ??_C@_0BL@FEHNIFI@?$DL?$DL?5rcode?5?$DN?5?$CFd?0?5ancount?$DN?$CFd?6@ 00020ca4     BsdSocketLib:res_query.obj
 0002:00002dc0       ??_C@_0BM@KPHOALJL@res_send?3?5?$CFs?5?$CI?$FL?$CFs?$FN?4?$CFu?$CJ?3?5?$CFs?6@ 00020cc0     BsdSocketLib:res_send.obj
 0002:00002ddc       ??_C@_0BC@JFLCKNFG@res_send?3?5?$CFs?3?5?$CFs?6@ 00020cdc     BsdSocketLib:res_send.obj
 0002:00002df0       ??_C@_0P@DJGAACBE@?$DL?$DL?5res_send?$CI?$CJ?6@ 00020cf0     BsdSocketLib:res_send.obj
 0002:00002e00       ??_C@_0CI@EFFJKMPN@?$DL?$DL?5Querying?5server?5?$CI?$CD?5?$CFd?$CJ?5addre@ 00020d00     BsdSocketLib:res_send.obj
 0002:00002e28       ??_C@_0L@MDDEHJBC@socket?$CIvc?$CJ@ 00020d28     BsdSocketLib:res_send.obj
 0002:00002e34       ??_C@_0L@JBCDMCDP@connect?1vc@ 00020d34     BsdSocketLib:res_send.obj
 0002:00002e40       ??_C@_0N@EFFFKIOH@write?5failed@ 00020d40     BsdSocketLib:res_send.obj
 0002:00002e50       ??_C@_0M@CKJFJOPO@read?5failed@ 00020d50     BsdSocketLib:res_send.obj
 0002:00002e5c       ??_C@_0BH@FDCFHDAN@?$DL?$DL?5response?5truncated?6@ 00020d5c     BsdSocketLib:res_send.obj
 0002:00002e74       ??_C@_0BD@NAEJELAM@?$DL?$DL?5undersized?3?5?$CFd?6@ 00020d74     BsdSocketLib:res_send.obj
 0002:00002e88       ??_C@_08FADONFNH@read?$CIvc?$CJ@ 00020d88     BsdSocketLib:res_send.obj
 0002:00002e94       ??_C@_0BN@DOENLAPH@?$DL?$DL?5old?5answer?5?$CIunexpected?$CJ?3?6@ 00020d94     BsdSocketLib:res_send.obj
 0002:00002eb4       ??_C@_0L@DOCNEONK@socket?$CIdg?$CJ@ 00020db4     BsdSocketLib:res_send.obj
 0002:00002ec0       ??_C@_0M@LNIIHKMM@connect?$CIdg?$CJ@ 00020dc0     BsdSocketLib:res_send.obj
 0002:00002ecc       ??_C@_04MIIPNNEF@send@     00020dcc     BsdSocketLib:res_send.obj
 0002:00002ed4       ??_C@_06MEPBGKEC@sendto@   00020dd4     BsdSocketLib:res_send.obj
 0002:00002edc       ??_C@_0BA@FDJDJHJN@s?5out?9of?9bounds@ 00020ddc     BsdSocketLib:res_send.obj
 0002:00002eec       ??_C@_06LGNCCACI@select@   00020dec     BsdSocketLib:res_send.obj
 0002:00002ef4       ??_C@_0M@JLKAGGKD@?$DL?$DL?5timeout?6@ 00020df4     BsdSocketLib:res_send.obj
 0002:00002f00       ??_C@_08HMBBGFHE@recvfrom@ 00020e00     BsdSocketLib:res_send.obj
 0002:00002f0c       ??_C@_0BA@MKBCKFMM@?$DL?$DL?5old?5answer?3?6@ 00020e0c     BsdSocketLib:res_send.obj
 0002:00002f1c       ??_C@_0BE@PGBMJPIO@?$DL?$DL?5not?5our?5server?3?6@ 00020e1c     BsdSocketLib:res_send.obj
 0002:00002f30       ??_C@_0BG@CDKAPFLD@?$DL?$DL?5wrong?5query?5name?3?6@ 00020e30     BsdSocketLib:res_send.obj
 0002:00002f48       ??_C@_0BI@IAAECIJL@server?5rejected?5query?3?6@ 00020e48     BsdSocketLib:res_send.obj
 0002:00002f60       ??_C@_0BF@HFMIDGCN@?$DL?$DL?5truncated?5answer?6@ 00020e60     BsdSocketLib:res_send.obj
 0002:00002f78       ??_C@_0BA@EJHJGAJK@?$DL?$DL?5got?5answer?3?6@ 00020e78     BsdSocketLib:res_send.obj
 0002:00002f88       ??_C@_08DIAEFPGH@HOSTNAME@ 00020e88     BsdSocketLib:gethostname.obj
 0002:00002f94       ??_C@_0CA@NAPJONBI@?$DL?$DL?5res_mkquery?$CI?$CFd?0?5?$CFs?0?5?$CFd?0?5?$CFd?$CJ?6@ 00020e94     BsdSocketLib:res_mkquery.obj
 0002:00002fb4       _SocketOperations          00020eb4     BsdSocketLib:socket.obj
 0002:00002fe8       ??_C@_03EEBNCBOD@?5?$CFs@  00020ee8     BsdSocketLib:res_debug.obj
 0002:00002fec       ??_C@_0BD@LPLIBIC@?$DL?$DL?5ns_parserr?3?5?$CFs?6@ 00020eec     BsdSocketLib:res_debug.obj
 0002:00003000       ??_C@_0BA@PACLMBGB@?$DL?$DL?5?$CFs?5SECTION?3?6@ 00020f00     BsdSocketLib:res_debug.obj
 0002:00003010       ??_C@_01LFCBOECM@?4@       00020f10     BsdSocketLib:res_debug.obj
[...]
 0003:000001b0       _gEfiTcp4ProtocolGuid      000222d0     GetHostByAddr:AutoGen.obj
 0003:000001c0       _gEfiHiiFontProtocolGuid   000222e0     GetHostByAddr:AutoGen.obj
 0003:000001d0       _cEslAfInet6Api            000222f0     EfiSocketLib:Socket.obj
 0003:000001f0       _cEslAfInetApi             00022310     EfiSocketLib:Socket.obj
 0003:00000208       _daDeviceList              00022328     DevUtility:DevGenisis.obj
 0003:00000210       _tzname                    00022330     LibTime:ZoneProc.obj
 0003:00000240       ___sF                      00022360     LibStdio:findfp.obj
 0003:00000384       ___sglue                   000224a4     LibStdio:findfp.obj
 0003:00000428       __ns_flagdata              00022548     BsdSocketLib:ns_parse.obj
 0003:000004a8       ___nlocale_changed         000225c8     LibLocale:localeconv.obj
 0003:000004ac       ___mlocale_changed         000225cc     LibLocale:localeconv.obj
 0003:000004c0       _errno                     000225e0     LibC:errno.obj
 0003:000004c4       _EFIerrno                  000225e4     LibC:errno.obj
 0003:000004c8       ___sse2_available          000225e8     LibC:errno.obj
 0003:000005d0       _gST                       000226f0     UefiBootServicesTableLib:UefiBootServicesTableLib.obj
 0003:000005d4       _gImageHandle              000226f4     UefiBootServicesTableLib:UefiBootServicesTableLib.obj
 0003:000005d8       _gBS                       000226f8     UefiBootServicesTableLib:UefiBootServicesTableLib.obj
 0003:000005dc       ___wchar_bitmap            000226fc     LibWchar:ConsDecons.obj
 0003:000005e0       _gRT                       00022700     UefiRuntimeServicesTableLib:UefiRuntimeServicesTableLib.obj
 0003:000005e4       _gHiiString                00022704     UefiHiiServicesLib:UefiHiiServicesLib.obj
 0003:000005e8       _gHiiFont                  00022708     UefiHiiServicesLib:UefiHiiServicesLib.obj
 0003:000005ec       _gHiiConfigRouting         0002270c     UefiHiiServicesLib:UefiHiiServicesLib.obj
 0003:000005f0       _gHiiImage                 00022710     UefiHiiServicesLib:UefiHiiServicesLib.obj
 0003:000005f4       _gHiiDatabase              00022714     UefiHiiServicesLib:UefiHiiServicesLib.obj
 0003:000005f8       _daDefaultDevice           00022718     DevUtility:DevGenisis.obj
 0003:000005fc       _lclptr                    0002271c     LibTime:ZoneProc.obj
 0003:00000600       _gmtptr                    00022720     LibTime:ZoneProc.obj
 0003:00000620       ___scanfdebug              00022740     LibStdio:vfscanf.obj
 0003:00010710       __res                      00032830     BsdSocketLib:res_init.obj
 0003:00010924       _gMD                       00032a44     <common>
 0003:00010928       ___dtoa_result_D2A         00032a48     <common>
 0003:0001092c       _h_errno                   00032a4c     <common>
 0003:00010940       ___sFext                   00032a60     <common>
 0003:000109f4       ___sdidinit                00032b14     <common>
 0003:00010a00       _mEslLayer                 00032b20     <common>
 0003:00010a24       _gEfiShellParametersProtocol 00032b44     <common>
 0003:00010a40       _FileFunctionMap           00032b60     <common>
 0003:00010a68       _mEfiShellEnvironment2     00032b88     <common>
 0003:00010a6c       _mEfiShellInterface        00032b8c     <common>
 0003:00010a70       _gEfiShellProtocol         00032b90     <common>
 0003:00010a74       _mUnicodeCollationProtocol 00032b94     <common>
 0003:00010a78       _mEfiShellEnvironment2Handle 00032b98     <common>
 0003:00010a7c       ___wchar_bitmap_size       00032b9c     <common>

 entry point at        0001:000001c0

 Static symbols

 0001:00000035       CetDone                    00000295     BaseLib:SetJump.obj
 0001:00000078       CetDone                    000002d8     BaseLib:LongJump.obj
 0001:00000090       $$000000                   000002f0     LibC:ftol2.obj
 0001:00000156       _InternalMathDivRemU64x64.0 000003b6     BaseLib:DivU64x64Remainder.obj
 0001:0000015b       _@DivRemU64x64             000003bb     BaseLib:DivU64x64Remainder.obj
 0001:0000016e       _@DivRemU64x64.1           000003ce     BaseLib:DivU64x64Remainder.obj
 0001:0000019b       @TooLarge                  000003fb     BaseLib:DivU64x64Remainder.obj
 0001:000001a6       @Correct                   00000406     BaseLib:DivU64x64Remainder.obj
 0001:000001b1       @Return                    00000411     BaseLib:DivU64x64Remainder.obj
 0001:000009a8       _da_ConSeek                00000c08 f   DevConsole:daConsole.obj
 0001:00000a17       _da_ConWrite               00000c77 f   DevConsole:daConsole.obj
 0001:00000a91       _da_ConRawRead             00000cf1 f   DevConsole:daConsole.obj
 0001:00000b0f       _da_ConRead                00000d6f f   DevConsole:daConsole.obj
 0001:00000bc8       _da_ConStat                00000e28 f   DevConsole:daConsole.obj
 0001:00000c82       _da_ConIoctl               00000ee2 f   DevConsole:daConsole.obj
 0001:00000cfb       _da_ConFlush               00000f5b f   DevConsole:daConsole.obj
 0001:00000d7e       _da_ConClose               00000fde f   DevConsole:daConsole.obj
 0001:00000dc9       _da_ConPoll                00001029 f   DevConsole:daConsole.obj
 0001:00000fef       _eofread                   0000124f f   LibStdio:sscanf.obj
 0001:000018ff       _da_ShellClose             00001b5f f   DevShell:daShell.obj
 0001:0000191d       _da_ShellDelete            00001b7d f   DevShell:daShell.obj
 0001:0000194a       _da_ShellSeek              00001baa f   DevShell:daShell.obj
 0001:00001a17       _da_ShellMkdir             00001c77 f   DevShell:daShell.obj
 0001:00001aee       _da_ShellRead              00001d4e f   DevShell:daShell.obj
 0001:00001b6b       _da_ShellWrite             00001dcb f   DevShell:daShell.obj
 0001:00001c10       _da_ShellStat              00001e70 f   DevShell:daShell.obj
 0001:00001ceb       _da_ShellIoctl             00001f4b f   DevShell:daShell.obj
 0001:00001fb0       _da_ShellPoll              00002210 f   DevShell:daShell.obj
 0001:00001fe2       _da_ShellRename            00002242 f   DevShell:daShell.obj
 0001:00002118       _da_ShellRmdir             00002378 f   DevShell:daShell.obj
 0001:000078b9       _IsDupFd                   00007b19 f   LibUefi:SysCalls.obj
 0001:00007923       __closeX                   00007b83 f   LibUefi:SysCalls.obj
 0001:00007e7b       $LN29                      000080db     LibUefi:Xform.obj
 0001:00007ea3       _timesub                   00008103 f   LibTime:Time.obj
 0001:000080a7       _normalize_overflow        00008307 f   LibTime:Time.obj
 0001:000080ee       _tmcomp                    0000834e f   LibTime:Time.obj
 0001:0000811b       _time2sub                  0000837b f   LibTime:Time.obj
 0001:000084a8       _time1                     00008708 f   LibTime:Time.obj
 0001:00008705       _localsub                  00008965 f   LibTime:Time.obj
 0001:0000888e       _settzname                 00008aee f   LibTime:ZoneProc.obj
 0001:00008917       _getzname                  00008b77 f   LibTime:ZoneProc.obj
 0001:0000893d       _getnum                    00008b9d f   LibTime:ZoneProc.obj
 0001:0000897d       _getsecs                   00008bdd f   LibTime:ZoneProc.obj
 0001:000089f2       _getrule                   00008c52 f   LibTime:ZoneProc.obj
 0001:00008a90       _transtime                 00008cf0 f   LibTime:ZoneProc.obj
 0001:00008bef       _tzparse                   00008e4f f   LibTime:ZoneProc.obj
 0001:00008ef3       _tzsetwall                 00009153 f   LibTime:ZoneProc.obj
 0001:00009021       _ProcessOneByte            00009281 f   LibLocale:multibyte_Utf8.obj
 0001:00009474       ___wctoint                 000096d4 f   LibLocale:wcstol.obj
 0001:00009524       $LN69                      00009784     LibLocale:wcstol.obj
 0001:000095b8       $LN68                      00009818     LibLocale:wcstol.obj
 0001:000097b1       ___collate_range_cmp       00009a11 f   LibStdio:vfscanf.obj
 0001:0000a4e7       $LN429                     0000a747     LibStdio:vfscanf.obj
 0001:0000a4fb       $LN428                     0000a75b     LibStdio:vfscanf.obj
 0001:0000a50a       ___sccl                    0000a76a f   LibStdio:vfscanf.obj
 0001:0000a5e0       _parsefloat                0000a840 f   LibStdio:vfscanf.obj
 0001:0000a880       $LN118                     0000aae0     LibStdio:vfscanf.obj
 0001:0000a8a4       ___sbprintf                0000ab04 f   LibStdio:vfprintf.obj
 0001:0000a93e       ___sprint                  0000ab9e f   LibStdio:vfprintf.obj
 0001:0000a96d       ___ultoa                   0000abcd f   LibStdio:vfprintf.obj
 0001:0000aa4b       ___ujtoa                   0000acab f   LibStdio:vfprintf.obj
 0001:0000aba1       ___wcsconv                 0000ae01 f   LibStdio:vfprintf.obj
 0001:0000cc87       ___find_arguments          0000cee7 f   LibStdio:vfprintf.obj
 0001:0000d98b       $LN542                     0000dbeb     LibStdio:vfprintf.obj
 0001:0000d9ef       ___grow_type_table         0000dc4f f   LibStdio:vfprintf.obj
 0001:0000da72       _cvt                       0000dcd2 f   LibStdio:vfprintf.obj
 0001:0000db4b       _exponent                  0000ddab f   LibStdio:vfprintf.obj
 0001:0000dbdd       _lflush                    0000de3d f   LibStdio:refill.obj
 0001:0000dd1a       ___submore                 0000df7a f   LibStdio:ungetc.obj
 0001:0000fa06       _IIO_Read                  0000fc66 f   LibIIO:IIO.obj
 0001:0000faa7       _IIO_Write                 0000fd07 f   LibIIO:IIO.obj
 0001:0000fc4c       _IIO_Echo                  0000feac f   LibIIO:IIO.obj
 0001:0000fdb6       _IIO_Delete                00010016 f   LibIIO:IIO.obj
 0001:00010630       _BuildBitmap               00010890 f   LibWchar:Searching.obj
 0001:00010952       _init_services             00010bb2 f   BsdSocketLib:gethostnamadr.obj
 0001:00010d3c       _gethostanswer             00010f9c f   BsdSocketLib:gethostbydns.obj
 0001:00011878       _res_setoptions            00011ad8 f   BsdSocketLib:res_init.obj
 0001:000119f9       _net_mask                  00011c59 f   BsdSocketLib:res_init.obj
 0001:00011a2d       _inet_pton4                00011c8d f   BsdSocketLib:inet_pton.obj
 0001:00011acf       _inet_pton6                00011d2f f   BsdSocketLib:inet_pton.obj
 0001:00011f98       _Aerror                    000121f8 f   BsdSocketLib:res_send.obj
 0001:00011fea       _Perror                    0001224a f   BsdSocketLib:res_send.obj
 0001:0001333e       _dn_find                   0001359e f   BsdSocketLib:ns_name.obj
 0001:00013819       _do_section                00013a79 f   BsdSocketLib:res_debug.obj
 0001:00013e28       _precsize_ntoa             00014088 f   BsdSocketLib:res_debug.obj
 0001:00014216       _skiprr                    00014476 f   BsdSocketLib:ns_parse.obj
 0001:00014694       _fmt1                      000148f4 f   BsdSocketLib:ns_ttl.obj
 0001:00015920       $LN571                     00015b80     BsdSocketLib:ns_print.obj
 0001:0001596c       $LN570                     00015bcc     BsdSocketLib:ns_print.obj
 0001:0001598f       _prune_origin              00015bef f   BsdSocketLib:ns_print.obj
 0001:000159be       _charstr                   00015c1e f   BsdSocketLib:ns_print.obj
 0001:00015a92       _addname                   00015cf2 f   BsdSocketLib:ns_print.obj
 0001:00015b41       _addlen                    00015da1 f   BsdSocketLib:ns_print.obj
 0001:00015b74       _addstr                    00015dd4 f   BsdSocketLib:ns_print.obj
 0001:00015bb5       _addtab                    00015e15 f   BsdSocketLib:ns_print.obj
 0001:00015dee       _selscan                   0001604e f   LibUefi:select.obj
 0001:00018a3f       _rvOK                      00018c9f f   LibGdtoa:strtodg.obj
 0001:0001a893       _FIFO_NumInQueue           0001aaf3 f   LibContainer:Fifo.obj
 0001:0001a8b7       _FIFO_FreeSpace            0001ab17 f   LibContainer:Fifo.obj
 0001:0001a8e2       _FIFO_Reduce               0001ab42 f   LibContainer:Fifo.obj
 0001:0001a94a       _FIFO_IsEmpty              0001abaa f   LibContainer:Fifo.obj
 0001:0001a97a       _FIFO_IsFull               0001abda f   LibContainer:Fifo.obj
 0001:0001a9bc       _FIFO_Enqueue              0001ac1c f   LibContainer:Fifo.obj
 0001:0001aa9a       _FIFO_Dequeue              0001acfa f   LibContainer:Fifo.obj
 0001:0001ab86       _FIFO_Read                 0001ade6 f   LibContainer:Fifo.obj
 0001:0001ab9c       _FIFO_Copy                 0001adfc f   LibContainer:Fifo.obj
 0001:0001abb2       _FIFO_GetRDex              0001ae12 f   LibContainer:Fifo.obj
 0001:0001abdc       _FIFO_GetWDex              0001ae3c f   LibContainer:Fifo.obj
 0001:0001ac06       _FIFO_Delete               0001ae66 f   LibContainer:Fifo.obj
 0001:0001ac4d       _FIFO_Flush                0001aead f   LibContainer:Fifo.obj
 0001:0001ac9c       _FIFO_Truncate             0001aefc f   LibContainer:Fifo.obj
 0001:0001aff8       _inet_ntop4                0001b258 f   LibNetUtil:inet_ntop.obj
 0001:0001b053       _inet_ntop6                0001b2b3 f   LibNetUtil:inet_ntop.obj
 0001:0001b213       _ArgvConvert               0001b473 f   LibC:Main.obj
 0001:0001d7f2       _BuildBitmap               0001da52 f   LibString:Searching.obj
 0001:0001d9a0       $$000000                   0001dc00     LibC:fpu_rmode.obj
 0002:00001db0       _stdioFlags                0001fcb0     DevConsole:daConsole.obj
 0002:00001dbc       _stdioNames                0001fcbc     DevConsole:daConsole.obj
 0002:00002490       _utf8_code_length          00020390     LibLocale:multibyte_Utf8.obj
 0002:000025a0       ?initial@?1??__svfscanf_unlocked@@9@9 000204a0     LibStdio:vfscanf.obj
 0002:000025c0       ?basefix@?1??__svfscanf_unlocked@@9@9 000204c0     LibStdio:vfscanf.obj
 0002:000025fc       ?xdigs_lower@?1??__vfprintf_unlocked@@9@9 000204fc     LibStdio:vfprintf.obj
 0002:00002610       ?xdigs_upper@?1??__vfprintf_unlocked@@9@9 00020510     LibStdio:vfprintf.obj
 0002:00002b3c       _BitMask                   00020a3c     LibWchar:Searching.obj
 0002:00002c14       ?tunnelled@?1??_gethostbydnsaddr@@9@9 00020b14     BsdSocketLib:gethostbydns.obj
 0002:00002c20       ?mapped@?1??_gethostbydnsaddr@@9@9 00020b20     BsdSocketLib:gethostbydns.obj
 0002:00002d14       _sort_mask                 00020c14     BsdSocketLib:res_init.obj
 0002:00002d18       ?xdigits_u@?1??inet_pton6@@9@9 00020c18     BsdSocketLib:inet_pton.obj
 0002:00002d2c       ?xdigits_l@?1??inet_pton6@@9@9 00020c2c     BsdSocketLib:inet_pton.obj
 0002:00002d40       ?digits@?1??inet_pton4@@9@9 00020c40     BsdSocketLib:inet_pton.obj
 0002:00003874       _poweroften                00021774     BsdSocketLib:res_debug.obj
 0002:00003b50       _Base64                    00021a50     BsdSocketLib:base64.obj
 0002:00003bbc       ?flag@?1??selscan@@9@9     00021abc     LibUefi:select.obj
 0002:00003c10       _tinytens                  00021b10     LibGdtoa:strtod.obj
 0002:00003c38       ?fpi@?1??_strtof@@9@9      00021b38     LibGdtoa:strtof.obj
 0002:00003c60       ?fpi@?1??__strtopx_D2A@@9@9 00021b60     LibGdtoa:strtopx.obj
 0002:00003d88       ?p05@?1??__pow5mult_D2A@@9@9 00021c88     LibGdtoa:misc.obj
 0002:00003d98       _fivesbits                 00021c98     LibGdtoa:strtodg.obj
 0003:0000000c       _BitMask                   0002212c     LibString:Searching.obj
 0003:00000014       _rmode                     00022134     LibC:x86flt_rounds.obj
 0003:00000218       ?zeroes@?1??__vfprintf_unlocked@@9@9 00022338     LibStdio:vfprintf.obj
 0003:00000228       ?blanks@?1??__vfprintf_unlocked@@9@9 00022348     LibStdio:vfprintf.obj
 0003:00000378       _uglue                     00022498     LibStdio:findfp.obj
 0003:00000390       _MemPoolHead               000224b0     LibStdLib:Malloc.obj
 0003:00000398       _Spaces                    000224b8     LibIIO:IIOwrite.obj
 0003:000003c0       _service_names             000224e0     BsdSocketLib:gethostnamadr.obj
 0003:00000418       _s                         00022538     BsdSocketLib:res_send.obj
 0003:0000041c       _digits                    0002253c     BsdSocketLib:ns_name.obj
 0003:000004b0       _pmem_next                 000225d0     LibGdtoa:misc.obj
 0003:000004d0       ?errorbuf@?1??strerror@@9@9 000225f0     LibString:Misc.obj
 0003:00000604       _lcl_is_set                00022724     LibTime:ZoneProc.obj
 0003:00000608       _LocalConvState            00022728     LibLocale:multibyte_Utf8.obj
 0003:0000061c       ?s2@?1??__collate_range_cmp@@9@9 0002273c     LibStdio:vfscanf.obj
 0003:00000624       ?s1@?1??__collate_range_cmp@@9@9 00022744     LibStdio:vfscanf.obj
 0003:00000630       _usual                     00022750     LibStdio:findfp.obj
 0003:00006c90       _private_mem               00028db0     LibGdtoa:misc.obj
 0003:00007590       _ConInstanceList           000296b0     DevConsole:daConsole.obj
 0003:00007594       _IIO                       000296b4     DevConsole:daConsole.obj
 0003:00007598       _ConNode                   000296b8     DevConsole:daConsole.obj
 0003:000075a4       _gmt_is_set                000296c4     LibTime:Time.obj
 0003:000075a8       _lcl_TZname                000296c8     LibTime:ZoneProc.obj
 0003:000076a8       ?empty@?1??moreglue@@9@9   000297c8     LibStdio:findfp.obj
 0003:00007710       _usualext                  00029830     LibStdio:findfp.obj
 0003:0000b220       ?BufCnt@?1??IIO_GetInChar@@9@9 0002d340     LibIIO:IIOutilities.obj
 0003:0000b224       _h_addr_ptrs               0002d344     BsdSocketLib:gethostbyht.obj
 0003:0000b22c       _host                      0002d34c     BsdSocketLib:gethostbydns.obj
 0003:0000b240       _service_order             0002d360     BsdSocketLib:gethostnamadr.obj
 0003:0000b250       _host_addr                 0002d370     BsdSocketLib:gethostbyht.obj
 0003:0000b260       _host                      0002d380     BsdSocketLib:gethostbyht.obj
 0003:0000b274       ?unname@?1??__sym_ntos@@9@9 0002d394     BsdSocketLib:res_debug.obj
 0003:0000b288       _p5s                       0002d3a8     LibGdtoa:misc.obj
 0003:0000b28c       ?ret@?1??inet_ntoa@@9@9    0002d3ac     LibNetUtil:inet_ntoa.obj
 0003:0000b2a0       _hostbuf                   0002d3c0     BsdSocketLib:gethostbyht.obj
 0003:0000b6a8       _host_aliases              0002d7c8     BsdSocketLib:gethostbyht.obj
 0003:0000b734       _host_addr                 0002d854     BsdSocketLib:gethostbydns.obj
 0003:0000b748       _hostbuf                   0002d868     BsdSocketLib:gethostbydns.obj
 0003:0000d750       _host_aliases              0002f870     BsdSocketLib:gethostbydns.obj
 0003:0000d7e0       _h_addr_ptrs               0002f900     BsdSocketLib:gethostbydns.obj
 0003:0000d870       ?retbuf@?1??precsize_ntoa@@9@9 0002f990     BsdSocketLib:res_debug.obj
 0003:0000d87c       ?output@?1??__p_secstodate@@9@9 0002f99c     BsdSocketLib:res_debug.obj
 0003:0000d890       ?t@?1??__ns_sprintrrf@@9@9 0002f9b0     BsdSocketLib:ns_print.obj
 0003:0000db90       ?base64_key@?1??__ns_sprintrrf@@9@9 0002fcb0     BsdSocketLib:ns_print.obj
 0003:00010640       ?ret@?1??localeconv@@9@9   00032760     LibLocale:localeconv.obj
 0003:00010678       _freelist                  00032798     LibGdtoa:misc.obj
 0003:000106fc       _service_done              0003281c     BsdSocketLib:gethostnamadr.obj
 0003:00010700       _stayopen                  00032820     BsdSocketLib:gethostbyht.obj
 0003:00010704       _hostf                     00032824     BsdSocketLib:gethostbyht.obj
 0003:00010914       _Rhook                     00032a34     BsdSocketLib:res_send.obj
 0003:00010918       _connected                 00032a38     BsdSocketLib:res_send.obj
 0003:0001091c       _Qhook                     00032a3c     BsdSocketLib:res_send.obj
 0003:00010920       _vc                        00032a40     BsdSocketLib:res_send.obj
