 HiiDatabase

 Timestamp is 64e9e851 (Sat Aug 26 19:56:01 2023)

 Preferred load address is 0000000000010000

 Start         Length     Name                   Class
 0001:00000000 00000004H .text                   CODE
 0001:00000004 0002fe9cH .text$mn                CODE
 0002:00000000 00003f2cH .rdata                  DATA
 0002:00003f2c 0000005cH .rdata$voltmd           DATA
 0002:00003f88 00000164H .rdata$zzzdbg           DATA
 0003:00000000 000003d0H .data                   DATA
 0003:000003d0 00000078H .bss                    DATA
 0004:00000000 00000053H .edata                  DATA
 0005:00000000 00000df8H .pdata                  DATA
 0006:00000000 00000278H .xdata                  DATA

  Address         Publics by Value              Rva+Base               Lib:Object

 0000:00000000       __guard_iat_table          0000000000000000     <absolute>
 0000:00000000       __guard_iat_count          0000000000000000     <absolute>
 0000:00000000       __guard_longjmp_count      0000000000000000     <absolute>
 0000:00000000       __dynamic_value_reloc_table 0000000000000000     <absolute>
 0000:00000000       __x64_code_ranges_to_entry_points_count 0000000000000000     <absolute>
 0000:00000000       __hybrid_auxiliary_iat     0000000000000000     <absolute>
 0000:00000000       __hybrid_auxiliary_iat_copy 0000000000000000     <absolute>
 0000:00000000       __AbsoluteZero             0000000000000000     <absolute>
 0000:00000000       __guard_longjmp_table      0000000000000000     <absolute>
 0000:00000000       __arm64x_redirection_metadata 0000000000000000     <absolute>
 0000:00000000       __x64_code_ranges_to_entry_points 0000000000000000     <absolute>
 0000:00000000       __guard_check_icall_a64n_fptr 0000000000000000     <absolute>
 0000:00000000       __guard_fids_count         0000000000000000     <absolute>
 0000:00000000       __arm64x_extra_rfe_table   0000000000000000     <absolute>
 0000:00000000       __guard_fids_table         0000000000000000     <absolute>
 0000:00000000       __hybrid_code_map          0000000000000000     <absolute>
 0000:00000000       __arm64x_extra_rfe_table_size 0000000000000000     <absolute>
 0000:00000000       __arm64x_redirection_metadata_count 0000000000000000     <absolute>
 0000:00000000       __enclave_config           0000000000000000     <absolute>
 0000:00000000       __guard_eh_cont_table      0000000000000000     <absolute>
 0000:00000000       __guard_eh_cont_count      0000000000000000     <absolute>
 0000:00000000       __arm64x_native_entrypoint 0000000000000000     <absolute>
 0000:00000000       __hybrid_code_map_count    0000000000000000     <absolute>
 0000:00000100       __guard_flags              0000000000000100     <absolute>
 0001:00000000       CpuPause                   0000000000011000     BaseLib:CpuPause.obj
 0001:00000004       _DriverUnloadHandler       0000000000011004 f   UefiDriverEntryPoint:DriverEntryPoint.obj
 0001:00000040       _ModuleEntryPoint          0000000000011040 f   UefiDriverEntryPoint:DriverEntryPoint.obj
 0001:00000170       ProcessLibraryConstructorList 0000000000011170 f   HiiDatabase:AutoGen.obj
 0001:00000314       KeyboardLayoutChangeNullEvent 0000000000011314 f   HiiDatabase:HiiDatabaseEntry.obj
 0001:00000314       ProcessLibraryDestructorList 0000000000011314 f   HiiDatabase:AutoGen.obj
 0001:00000314       EfiEventEmptyFunction      0000000000011314 f   UefiLib:UefiLib.obj
 0001:00000320       ProcessModuleEntryPointList 0000000000011320 f   HiiDatabase:AutoGen.obj
 0001:00000344       ProcessModuleUnloadList    0000000000011344 f   HiiDatabase:AutoGen.obj
 0001:0000034c       OnReadyToBoot              000000000001134c f   HiiDatabase:HiiDatabaseEntry.obj
 0001:00000390       InitializeHiiDatabase      0000000000011390 f   HiiDatabase:HiiDatabaseEntry.obj
 0001:00000a28       CalculateConfigStringLen   0000000000011a28 f   HiiDatabase:ConfigRouting.obj
 0001:00000af4       GetDevicePath              0000000000011af4 f   HiiDatabase:ConfigRouting.obj
 0001:00000db0       HiiToLower                 0000000000011db0 f   HiiDatabase:ConfigRouting.obj
 0001:00000e7c       GenerateSubStr             0000000000011e7c f   HiiDatabase:ConfigRouting.obj
 0001:00001318       OutputConfigBody           0000000000012318 f   HiiDatabase:ConfigRouting.obj
 0001:0000145c       AppendToMultiString        000000000001245c f   HiiDatabase:ConfigRouting.obj
 0001:00001584       GetValueOfNumber           0000000000012584 f   HiiDatabase:ConfigRouting.obj
 0001:0000182c       FindSameBlockElement       000000000001282c f   HiiDatabase:ConfigRouting.obj
 0001:0000196c       CompareBlockElementDefault 000000000001296c f   HiiDatabase:ConfigRouting.obj
 0001:00001d88       CompareNameElementDefault  0000000000012d88 f   HiiDatabase:ConfigRouting.obj
 0001:00002220       CompareAndMergeDefaultString 0000000000013220 f   HiiDatabase:ConfigRouting.obj
 0001:0000258c       MergeDefaultString         000000000001358c f   HiiDatabase:ConfigRouting.obj
 0001:000029e8       InsertDefaultValue         00000000000139e8 f   HiiDatabase:ConfigRouting.obj
 0001:00002b34       InsertBlockData            0000000000013b34 f   HiiDatabase:ConfigRouting.obj
 0001:00002ca4       GetSupportedLanguages      0000000000013ca4 f   HiiDatabase:ConfigRouting.obj
 0001:00002d7c       InternalGetString          0000000000013d7c f   HiiDatabase:ConfigRouting.obj
 0001:00002fdc       BlockArrayCheck            0000000000013fdc f   HiiDatabase:ConfigRouting.obj
 0001:00003114       GetFormPackageData         0000000000014114 f   HiiDatabase:ConfigRouting.obj
 0001:00003278       GetVarStoreType            0000000000014278 f   HiiDatabase:ConfigRouting.obj
 0001:000036a0       GetElementsFromRequest     00000000000146a0 f   HiiDatabase:ConfigRouting.obj
 0001:00003728       IsThisVarstore             0000000000014728 f   HiiDatabase:ConfigRouting.obj
 0001:000038e0       IsThisPackageList          00000000000148e0 f   HiiDatabase:ConfigRouting.obj
 0001:00003c04       IsThisOpcodeRequired       0000000000014c04 f   HiiDatabase:ConfigRouting.obj
 0001:00003ef0       ParseIfrData               0000000000014ef0 f   HiiDatabase:ConfigRouting.obj
 0001:000059b0       GetBlockElement            00000000000169b0 f   HiiDatabase:ConfigRouting.obj
 0001:00005e54       GetNameElement             0000000000016e54 f   HiiDatabase:ConfigRouting.obj
 0001:0000604c       GenerateConfigRequest      000000000001704c f   HiiDatabase:ConfigRouting.obj
 0001:00006288       GenerateHdr                0000000000017288 f   HiiDatabase:ConfigRouting.obj
 0001:00006500       UpdateDefaultValue         0000000000017500 f   HiiDatabase:ConfigRouting.obj
 0001:000065fc       MergeBlockDefaultValue     00000000000175fc f   HiiDatabase:ConfigRouting.obj
 0001:0000687c       UpdateBlockDataArray       000000000001787c f   HiiDatabase:ConfigRouting.obj
 0001:00006978       GenerateAltConfigResp      0000000000017978 f   HiiDatabase:ConfigRouting.obj
 0001:00006fe0       GetFullStringFromHiiFormPackages 0000000000017fe0 f   HiiDatabase:ConfigRouting.obj
 0001:00007714       GetConfigRespFromEfiVarStore 0000000000018714 f   HiiDatabase:ConfigRouting.obj
 0001:000078f4       RouteConfigRespForEfiVarStore 00000000000188f4 f   HiiDatabase:ConfigRouting.obj
 0001:00007b6c       OffsetWidthValidate        0000000000018b6c f   HiiDatabase:ConfigRouting.obj
 0001:00007c8c       NameValueValidate          0000000000018c8c f   HiiDatabase:ConfigRouting.obj
 0001:00007cfc       ConfigRequestValidate      0000000000018cfc f   HiiDatabase:ConfigRouting.obj
 0001:00007eb0       HiiConfigRoutingExtractConfig 0000000000018eb0 f   HiiDatabase:ConfigRouting.obj
 0001:00008ab4       HiiConfigRoutingExportConfig 0000000000019ab4 f   HiiDatabase:ConfigRouting.obj
 0001:00009198       HiiConfigRoutingRouteConfig 000000000001a198 f   HiiDatabase:ConfigRouting.obj
 0001:00009728       HiiBlockToConfig           000000000001a728 f   HiiDatabase:ConfigRouting.obj
 0001:0000a130       HiiConfigToBlock           000000000001b130 f   HiiDatabase:ConfigRouting.obj
 0001:0000a810       HiiGetAltCfg               000000000001b810 f   HiiDatabase:ConfigRouting.obj
 0001:0000ae10       ReferFontInfoLocally       000000000001be10 f   HiiDatabase:String.obj
 0001:0000afd0       ConvertToUnicodeText       000000000001bfd0 f   HiiDatabase:String.obj
 0001:0000b0c4       GetUnicodeStringTextOrSize 000000000001c0c4 f   HiiDatabase:String.obj
 0001:0000b1ac       GetStringFontInfo          000000000001c1ac f   HiiDatabase:String.obj
 0001:0000b360       FindStringBlock            000000000001c360 f   HiiDatabase:String.obj
 0001:0000c1f4       GetStringWorker            000000000001d1f4 f   HiiDatabase:String.obj
 0001:0000c440       InsertLackStringBlock      000000000001d440 f   HiiDatabase:String.obj
 0001:0000c808       SetStringWorker            000000000001d808 f   HiiDatabase:String.obj
 0001:0000d1e4       HiiNewString               000000000001e1e4 f   HiiDatabase:String.obj
 0001:0000e248       HiiGetString               000000000001f248 f   HiiDatabase:String.obj
 0001:0000e610       HiiSetString               000000000001f610 f   HiiDatabase:String.obj
 0001:0000e950       HiiGetLanguages            000000000001f950 f   HiiDatabase:String.obj
 0001:0000ec98       HiiGetSecondaryLanguages   000000000001fc98 f   HiiDatabase:String.obj
 0001:0000efe4       AsciiHiiToLower            000000000001ffe4 f   HiiDatabase:String.obj
 0001:0000f070       HiiCompareLanguage         0000000000020070 f   HiiDatabase:String.obj
 0001:0000f228       NewCell                    0000000000020228 f   HiiDatabase:Font.obj
 0001:0000f30c       GetCell                    000000000002030c f   HiiDatabase:Font.obj
 0001:0000f424       GetGlyphBuffer             0000000000020424 f   HiiDatabase:Font.obj
 0001:0000f930       NarrowGlyphToBlt           0000000000020930 f   HiiDatabase:Font.obj
 0001:0000fac8       GlyphToBlt                 0000000000020ac8 f   HiiDatabase:Font.obj
 0001:0000ff04       GlyphToImage               0000000000020f04 f   HiiDatabase:Font.obj
 0001:000101fc       WriteOutputParam           00000000000211fc f   HiiDatabase:Font.obj
 0001:000102bc       FindGlyphBlock             00000000000212bc f   HiiDatabase:Font.obj
 0001:00010c64       SaveFontName               0000000000021c64 f   HiiDatabase:Font.obj
 0001:00010d24       GetSystemFont              0000000000021d24 f   HiiDatabase:Font.obj
 0001:00010eb4       IsSystemFontInfo           0000000000021eb4 f   HiiDatabase:Font.obj
 0001:0001114c       IsFontInfoExisted          000000000002214c f   HiiDatabase:Font.obj
 0001:00011c04       IsLineBreak                0000000000022c04 f   HiiDatabase:Font.obj
 0001:00011da4       HiiStringToImage           0000000000022da4 f   HiiDatabase:Font.obj
 0001:00013b84       HiiStringIdToImage         0000000000024b84 f   HiiDatabase:Font.obj
 0001:000141c0       HiiGetGlyph                00000000000251c0 f   HiiDatabase:Font.obj
 0001:00014784       HiiGetFontInfo             0000000000025784 f   HiiDatabase:Font.obj
 0001:00014d00       HiiNewImageEx              0000000000025d00 f   HiiDatabase:ImageEx.obj
 0001:00014d94       HiiGetImageEx              0000000000025d94 f   HiiDatabase:ImageEx.obj
 0001:00014e30       HiiSetImageEx              0000000000025e30 f   HiiDatabase:ImageEx.obj
 0001:00014ec8       HiiDrawImageEx             0000000000025ec8 f   HiiDatabase:ImageEx.obj
 0001:00014f70       HiiDrawImageIdEx           0000000000025f70 f   HiiDatabase:ImageEx.obj
 0001:0001502c       LocateHiiImageDecoder      000000000002602c f   HiiDatabase:ImageEx.obj
 0001:000151cc       HiiGetImageInfo            00000000000261cc f   HiiDatabase:ImageEx.obj
 0001:00015590       GetImageIdOrAddress        0000000000026590 f   HiiDatabase:Image.obj
 0001:00015a94       CopyGopToRgbPixel          0000000000026a94 f   HiiDatabase:Image.obj
 0001:00015b3c       CopyRgbToGopPixel          0000000000026b3c f   HiiDatabase:Image.obj
 0001:00015be4       Output1bitPixel            0000000000026be4 f   HiiDatabase:Image.obj
 0001:00015fec       Output4bitPixel            0000000000026fec f   HiiDatabase:Image.obj
 0001:000162f4       Output8bitPixel            00000000000272f4 f   HiiDatabase:Image.obj
 0001:0001652c       Output24bitPixel           000000000002752c f   HiiDatabase:Image.obj
 0001:0001660c       ImageToBlt                 000000000002760c f   HiiDatabase:Image.obj
 0001:000167f4       LocatePackageList          00000000000277f4 f   HiiDatabase:Image.obj
 0001:000168bc       HiiNewImage                00000000000278bc f   HiiDatabase:Image.obj
 0001:00016d78       IGetImage                  0000000000027d78 f   HiiDatabase:Image.obj
 0001:00017364       HiiGetImage                0000000000028364 f   HiiDatabase:Image.obj
 0001:00017400       HiiSetImage                0000000000028400 f   HiiDatabase:Image.obj
 0001:00017a20       HiiDrawImage               0000000000028a20 f   HiiDatabase:Image.obj
 0001:000181e0       HiiDrawImageId             00000000000291e0 f   HiiDatabase:Image.obj
 0001:0001829c       ExtractDevicePath          000000000002929c f   HiiDatabase:ConfigKeywordHandler.obj
 0001:000185f0       ExtractNameSpace           00000000000295f0 f   HiiDatabase:ConfigKeywordHandler.obj
 0001:00018790       ExtractKeyword             0000000000029790 f   HiiDatabase:ConfigKeywordHandler.obj
 0001:0001890c       ExtractValue               000000000002990c f   HiiDatabase:ConfigKeywordHandler.obj
 0001:00018a60       ExtractFilter              0000000000029a60 f   HiiDatabase:ConfigKeywordHandler.obj
 0001:00018e60       ExtractReadOnlyFromOpCode  0000000000029e60 f   HiiDatabase:ConfigKeywordHandler.obj
 0001:00018ed4       ValidateFilter             0000000000029ed4 f   HiiDatabase:ConfigKeywordHandler.obj
 0001:000191f4       GetRecordFromDevicePath    000000000002a1f4 f   HiiDatabase:ConfigKeywordHandler.obj
 0001:0001931c       GetUnicodeStringTextAndSize 000000000002a31c f   HiiDatabase:ConfigKeywordHandler.obj
 0001:00019408       GetStringIdFromString      000000000002a408 f   HiiDatabase:ConfigKeywordHandler.obj
 0001:00019e88       GetNextStringId            000000000002ae88 f   HiiDatabase:ConfigKeywordHandler.obj
 0001:0001a904       GetStringIdFromRecord      000000000002b904 f   HiiDatabase:ConfigKeywordHandler.obj
 0001:0001aaf0       IsStatementOpCode          000000000002baf0 f   HiiDatabase:ConfigKeywordHandler.obj
 0001:0001ab8c       IsStorageOpCode            000000000002bb8c f   HiiDatabase:ConfigKeywordHandler.obj
 0001:0001abb8       FindQuestionFromStringId   000000000002bbb8 f   HiiDatabase:ConfigKeywordHandler.obj
 0001:0001ac98       FindStorageFromVarId       000000000002bc98 f   HiiDatabase:ConfigKeywordHandler.obj
 0001:0001adcc       GetWidth                   000000000002bdcc f   HiiDatabase:ConfigKeywordHandler.obj
 0001:0001b064       InternalLowerConfigString  000000000002c064 f   HiiDatabase:ConfigKeywordHandler.obj
 0001:0001b134       ConstructConfigHdr         000000000002c134 f   HiiDatabase:ConfigKeywordHandler.obj
 0001:0001b6a4       ConstructRequestElement    000000000002c6a4 f   HiiDatabase:ConfigKeywordHandler.obj
 0001:0001b788       GetNameFromId              000000000002c788 f   HiiDatabase:ConfigKeywordHandler.obj
 0001:0001b9ac       ExtractConfigRequest       000000000002c9ac f   HiiDatabase:ConfigKeywordHandler.obj
 0001:0001bd80       ExtractConfigResp          000000000002cd80 f   HiiDatabase:ConfigKeywordHandler.obj
 0001:0001c1e8       ExtractValueFromDriver     000000000002d1e8 f   HiiDatabase:ConfigKeywordHandler.obj
 0001:0001c338       GetStringIdFromDatabase    000000000002d338 f   HiiDatabase:ConfigKeywordHandler.obj
 0001:0001c680       GenerateKeywordResp        000000000002d680 f   HiiDatabase:ConfigKeywordHandler.obj
 0001:0001c928       MergeToMultiKeywordResp    000000000002d928 f   HiiDatabase:ConfigKeywordHandler.obj
 0001:0001ca30       EnumerateAllKeywords       000000000002da30 f   HiiDatabase:ConfigKeywordHandler.obj
 0001:0001cf24       EfiConfigKeywordHandlerSetData 000000000002df24 f   HiiDatabase:ConfigKeywordHandler.obj
 0001:0001d578       EfiConfigKeywordHandlerGetData 000000000002e578 f   HiiDatabase:ConfigKeywordHandler.obj
 0001:0001db18       GenerateHiiDatabaseRecord  000000000002eb18 f   HiiDatabase:Database.obj
 0001:0001dd14       IsHiiHandleValid           000000000002ed14 f   HiiDatabase:Database.obj
 0001:0001dd4c       InvokeRegisteredFunction   000000000002ed4c f   HiiDatabase:Database.obj
 0001:0001e3d0       InsertGuidPackage          000000000002f3d0 f   HiiDatabase:Database.obj
 0001:0001e4fc       ExportGuidPackages         000000000002f4fc f   HiiDatabase:Database.obj
 0001:0001e764       RemoveGuidPackages         000000000002f764 f   HiiDatabase:Database.obj
 0001:0001e8a4       IsEfiVarStoreQuestion      000000000002f8a4 f   HiiDatabase:Database.obj
 0001:0001e908       FindVariableData           000000000002f908 f   HiiDatabase:Database.obj
 0001:0001e9f8       FindQuestionDefaultSetting 000000000002f9f8 f   HiiDatabase:Database.obj
 0001:0001f000       UpdateDefaultSettingInFormPackage 0000000000030000 f   HiiDatabase:Database.obj
 0001:0001fc08       InsertFormPackage          0000000000030c08 f   HiiDatabase:Database.obj
 0001:0001fd70       ExportFormPackages         0000000000030d70 f   HiiDatabase:Database.obj
 0001:00020018       RemoveFormPackages         0000000000031018 f   HiiDatabase:Database.obj
 0001:0002014c       InsertStringPackage        000000000003114c f   HiiDatabase:Database.obj
 0001:0002054c       AdjustStringPackage        000000000003154c f   HiiDatabase:Database.obj
 0001:00020810       ExportStringPackages       0000000000031810 f   HiiDatabase:Database.obj
 0001:00020adc       RemoveStringPackages       0000000000031adc f   HiiDatabase:Database.obj
 0001:00020cbc       InsertFontPackage          0000000000031cbc f   HiiDatabase:Database.obj
 0001:000210b4       ExportFontPackages         00000000000320b4 f   HiiDatabase:Database.obj
 0001:00021380       RemoveFontPackages         0000000000032380 f   HiiDatabase:Database.obj
 0001:00021648       InsertImagePackage         0000000000032648 f   HiiDatabase:Database.obj
 0001:0002191c       ExportImagePackages        000000000003291c f   HiiDatabase:Database.obj
 0001:00021bac       RemoveImagePackages        0000000000032bac f   HiiDatabase:Database.obj
 0001:00021c78       InsertSimpleFontPackage    0000000000032c78 f   HiiDatabase:Database.obj
 0001:00021dd8       ExportSimpleFontPackages   0000000000032dd8 f   HiiDatabase:Database.obj
 0001:00022044       RemoveSimpleFontPackages   0000000000033044 f   HiiDatabase:Database.obj
 0001:00022168       InsertDevicePathPackage    0000000000033168 f   HiiDatabase:Database.obj
 0001:0002228c       ExportDevicePathPackage    000000000003328c f   HiiDatabase:Database.obj
 0001:00022430       RemoveDevicePathPackage    0000000000033430 f   HiiDatabase:Database.obj
 0001:000224ec       AddDevicePathPackage       00000000000334ec f   HiiDatabase:Database.obj
 0001:000225d8       InsertKeyboardLayoutPackage 00000000000335d8 f   HiiDatabase:Database.obj
 0001:00022738       ExportKeyboardLayoutPackages 0000000000033738 f   HiiDatabase:Database.obj
 0001:000229a8       RemoveKeyboardLayoutPackages 00000000000339a8 f   HiiDatabase:Database.obj
 0001:00022ae8       AddPackages                0000000000033ae8 f   HiiDatabase:Database.obj
 0001:000230d4       ExportPackageList          00000000000340d4 f   HiiDatabase:Database.obj
 0001:000235e0       HiiGetConfigRespInfo       00000000000345e0 f   HiiDatabase:Database.obj
 0001:000237e8       HiiGetDatabaseInfo         00000000000347e8 f   HiiDatabase:Database.obj
 0001:00023a18       HiiNewPackageList          0000000000034a18 f   HiiDatabase:Database.obj
 0001:00023d5c       HiiRemovePackageList       0000000000034d5c f   HiiDatabase:Database.obj
 0001:000241b0       HiiUpdatePackageList       00000000000351b0 f   HiiDatabase:Database.obj
 0001:000245bc       HiiListPackageLists        00000000000355bc f   HiiDatabase:Database.obj
 0001:00024a24       HiiExportPackageLists      0000000000035a24 f   HiiDatabase:Database.obj
 0001:00024de4       HiiRegisterPackageNotify   0000000000035de4 f   HiiDatabase:Database.obj
 0001:00024fe0       HiiUnregisterPackageNotify 0000000000035fe0 f   HiiDatabase:Database.obj
 0001:0002522c       HiiFindKeyboardLayouts     000000000003622c f   HiiDatabase:Database.obj
 0001:00025584       HiiGetKeyboardLayout       0000000000036584 f   HiiDatabase:Database.obj
 0001:0002592c       HiiSetKeyboardLayout       000000000003692c f   HiiDatabase:Database.obj
 0001:00025bd4       HiiGetPackageListHandle    0000000000036bd4 f   HiiDatabase:Database.obj
 0001:00025d44       UnicodeVSPrint             0000000000036d44 f   BasePrintLib:PrintLib.obj
 0001:00025e04       UnicodeSPrint              0000000000036e04 f   BasePrintLib:PrintLib.obj
 0001:00025e58       UnicodeValueToStringS      0000000000036e58 f   BasePrintLib:PrintLib.obj
 0001:00025edc       BasePrintLibFillBuffer     0000000000036edc f   BasePrintLib:PrintLibInternal.obj
 0001:00025f68       BasePrintLibValueToString  0000000000036f68 f   BasePrintLib:PrintLibInternal.obj
 0001:00025fd0       BasePrintLibConvertValueToStringS 0000000000036fd0 f   BasePrintLib:PrintLibInternal.obj
 0001:00026704       BasePrintLibSPrintMarker   0000000000037704 f   BasePrintLib:PrintLibInternal.obj
 0001:000287f8       BasePrintLibSPrint         00000000000397f8 f   BasePrintLib:PrintLibInternal.obj
 0001:00028860       GetPiPcdProtocol           0000000000039860 f   DxePcdLib:DxePcdLib.obj
 0001:00028948       GetPiPcdInfoProtocolPointer 0000000000039948 f   DxePcdLib:DxePcdLib.obj
 0001:00028a30       LibPcdGetExPtr             0000000000039a30 f   DxePcdLib:DxePcdLib.obj
 0001:00028a88       LibPcdGetExSize            0000000000039a88 f   DxePcdLib:DxePcdLib.obj
 0001:00028ae0       LibPcdGetSku               0000000000039ae0 f   DxePcdLib:DxePcdLib.obj
 0001:00028af4       DebugPrint                 0000000000039af4 f   PeiDxeDebugLibReportStatusCode:DebugLib.obj
 0001:00028b38       DebugPrintMarker           0000000000039b38 f   PeiDxeDebugLibReportStatusCode:DebugLib.obj
 0001:000292bc       DebugVPrint                000000000003a2bc f   PeiDxeDebugLibReportStatusCode:DebugLib.obj
 0001:000292ec       DebugAssert                000000000003a2ec f   PeiDxeDebugLibReportStatusCode:DebugLib.obj
 0001:00029668       DebugAssertEnabled         000000000003a668 f   PeiDxeDebugLibReportStatusCode:DebugLib.obj
 0001:0002968c       DebugPrintEnabled          000000000003a68c f   PeiDxeDebugLibReportStatusCode:DebugLib.obj
 0001:000296b0       DebugPrintLevelEnabled     000000000003a6b0 f   PeiDxeDebugLibReportStatusCode:DebugLib.obj
 0001:000296e4       CopyGuid                   000000000003a6e4 f   BaseMemoryLib:MemLibGuid.obj
 0001:00029738       CompareGuid                000000000003a738 f   BaseMemoryLib:MemLibGuid.obj
 0001:000297c0       CopyMem                    000000000003a7c0 f   BaseMemoryLib:CopyMemWrapper.obj
 0001:00029898       ZeroMem                    000000000003a898 f   BaseMemoryLib:ZeroMemWrapper.obj
 0001:00029940       CompareMem                 000000000003a940 f   BaseMemoryLib:CompareMemWrapper.obj
 0001:00029a74       SetMem32                   000000000003aa74 f   BaseMemoryLib:SetMem32Wrapper.obj
 0001:00029ba4       InternalMemCopyMem         000000000003aba4 f   BaseMemoryLib:CopyMem.obj
 0001:0002a180       InternalMemSetMem32        000000000003b180 f   BaseMemoryLib:MemLibGeneric.obj
 0001:0002a1c0       InternalMemZeroMem         000000000003b1c0 f   BaseMemoryLib:MemLibGeneric.obj
 0001:0002a1e8       InternalMemCompareMem      000000000003b1e8 f   BaseMemoryLib:MemLibGeneric.obj
 0001:0002a250       InternalMemSetMem          000000000003b250 f   BaseMemoryLib:SetMem.obj
 0001:0002a3e4       InternalBaseLibIsListValid 000000000003b3e4 f   BaseLib:LinkedList.obj
 0001:0002a500       IsNodeInList               000000000003b500 f   BaseLib:LinkedList.obj
 0001:0002a600       InitializeListHead         000000000003b600 f   BaseLib:LinkedList.obj
 0001:0002a660       InsertTailList             000000000003b660 f   BaseLib:LinkedList.obj
 0001:0002a748       GetFirstNode               000000000003b748 f   BaseLib:LinkedList.obj
 0001:0002a79c       GetNextNode                000000000003b79c f   BaseLib:LinkedList.obj
 0001:0002a84c       IsListEmpty                000000000003b84c f   BaseLib:LinkedList.obj
 0001:0002a8b4       IsNull                     000000000003b8b4 f   BaseLib:LinkedList.obj
 0001:0002a978       RemoveEntryList            000000000003b978 f   BaseLib:LinkedList.obj
 0001:0002a9f4       InternalSafeStringIsOverlap 000000000003b9f4 f   BaseLib:SafeString.obj
 0001:0002aa58       InternalSafeStringNoStrOverlap 000000000003ba58 f   BaseLib:SafeString.obj
 0001:0002aab8       InternalSafeStringNoAsciiStrOverlap 000000000003bab8 f   BaseLib:SafeString.obj
 0001:0002ab0c       StrnLenS                   000000000003bb0c f   BaseLib:SafeString.obj
 0001:0002abb0       StrCpyS                    000000000003bbb0 f   BaseLib:SafeString.obj
 0001:0002b020       StrnCpyS                   000000000003c020 f   BaseLib:SafeString.obj
 0001:0002b584       StrCatS                    000000000003c584 f   BaseLib:SafeString.obj
 0001:0002bad4       StrnCatS                   000000000003cad4 f   BaseLib:SafeString.obj
 0001:0002c130       StrHexToUint64S            000000000003d130 f   BaseLib:SafeString.obj
 0001:0002c500       AsciiStrnLenS              000000000003d500 f   BaseLib:SafeString.obj
 0001:0002c56c       AsciiStrCpyS               000000000003d56c f   BaseLib:SafeString.obj
 0001:0002c964       AsciiStrnCpyS              000000000003d964 f   BaseLib:SafeString.obj
 0001:0002ce54       UnicodeStrToAsciiStrS      000000000003de54 f   BaseLib:SafeString.obj
 0001:0002d364       AsciiStrToUnicodeStrS      000000000003e364 f   BaseLib:SafeString.obj
 0001:0002d840       StrLen                     000000000003e840 f   BaseLib:String.obj
 0001:0002d934       StrSize                    000000000003e934 f   BaseLib:String.obj
 0001:0002d954       StrCmp                     000000000003e954 f   BaseLib:String.obj
 0001:0002da2c       StrnCmp                    000000000003ea2c f   BaseLib:String.obj
 0001:0002db78       StrStr                     000000000003eb78 f   BaseLib:String.obj
 0001:0002dcb0       InternalIsDecimalDigitCharacter 000000000003ecb0 f   BaseLib:String.obj
 0001:0002dce0       CharToUpper                000000000003ece0 f   BaseLib:String.obj
 0001:0002dd0c       InternalHexCharToUintn     000000000003ed0c f   BaseLib:String.obj
 0001:0002dd4c       InternalIsHexaDecimalDigitCharacter 000000000003ed4c f   BaseLib:String.obj
 0001:0002dda4       StrHexToUint64             000000000003eda4 f   BaseLib:String.obj
 0001:0002ddd8       AsciiStrLen                000000000003edd8 f   BaseLib:String.obj
 0001:0002de90       AsciiStrSize               000000000003ee90 f   BaseLib:String.obj
 0001:0002deac       AsciiStrCmp                000000000003eeac f   BaseLib:String.obj
 0001:0002df84       AsciiStrnCmp               000000000003ef84 f   BaseLib:String.obj
 0001:0002e0d0       AsciiStrStr                000000000003f0d0 f   BaseLib:String.obj
 0001:0002e204       InternalBaseLibBitFieldReadUint 000000000003f204 f   BaseLib:BitField.obj
 0001:0002e24c       InternalBaseLibBitFieldOrUint 000000000003f24c f   BaseLib:BitField.obj
 0001:0002e304       InternalBaseLibBitFieldAndUint 000000000003f304 f   BaseLib:BitField.obj
 0001:0002e3c0       BitFieldRead32             000000000003f3c0 f   BaseLib:BitField.obj
 0001:0002e454       BitFieldWrite32            000000000003f454 f   BaseLib:BitField.obj
 0001:0002e4f8       BitFieldOr32               000000000003f4f8 f   BaseLib:BitField.obj
 0001:0002e598       BitFieldAnd32              000000000003f598 f   BaseLib:BitField.obj
 0001:0002e638       BitFieldAndThenOr32        000000000003f638 f   BaseLib:BitField.obj
 0001:0002e6ec       BitFieldRead64             000000000003f6ec f   BaseLib:BitField.obj
 0001:0002e798       LShiftU64                  000000000003f798 f   BaseLib:LShiftU64.obj
 0001:0002e7ec       ReadUnaligned16            000000000003f7ec f   BaseLib:Unaligned.obj
 0001:0002e834       WriteUnaligned16           000000000003f834 f   BaseLib:Unaligned.obj
 0001:0002e88c       ReadUnaligned32            000000000003f88c f   BaseLib:Unaligned.obj
 0001:0002e8d4       ReadUnaligned64            000000000003f8d4 f   BaseLib:Unaligned.obj
 0001:0002e91c       WriteUnaligned64           000000000003f91c f   BaseLib:Unaligned.obj
 0001:0002e974       DivU64x32Remainder         000000000003f974 f   BaseLib:DivU64x32Remainder.obj
 0001:0002e9d0       CpuBreakpoint              000000000003f9d0 f   BaseLib:CpuBreakpoint.obj
 0001:0002e9d4       CpuDeadLoop                000000000003f9d4 f   BaseLib:CpuDeadLoop.obj
 0001:0002e9f8       RShiftU64                  000000000003f9f8 f   BaseLib:RShiftU64.obj
 0001:0002ea4c       InternalMathLShiftU64      000000000003fa4c f   BaseLib:Math64.obj
 0001:0002ea68       InternalMathRShiftU64      000000000003fa68 f   BaseLib:Math64.obj
 0001:0002ea84       InternalMathDivRemU64x32   000000000003fa84 f   BaseLib:Math64.obj
 0001:0002eadc       IsDevicePathValid          000000000003fadc f   UefiDevicePathLib:DevicePathUtilities.obj
 0001:0002ec48       DevicePathType             000000000003fc48 f   UefiDevicePathLib:DevicePathUtilities.obj
 0001:0002ec90       DevicePathSubType          000000000003fc90 f   UefiDevicePathLib:DevicePathUtilities.obj
 0001:0002ecd8       DevicePathNodeLength       000000000003fcd8 f   UefiDevicePathLib:DevicePathUtilities.obj
 0001:0002ed38       NextDevicePathNode         000000000003fd38 f   UefiDevicePathLib:DevicePathUtilities.obj
 0001:0002ed90       IsDevicePathEndType        000000000003fd90 f   UefiDevicePathLib:DevicePathUtilities.obj
 0001:0002edf4       IsDevicePathEnd            000000000003fdf4 f   UefiDevicePathLib:DevicePathUtilities.obj
 0001:0002ee6c       UefiDevicePathLibGetDevicePathSize 000000000003fe6c f   UefiDevicePathLib:DevicePathUtilities.obj
 0001:0002eef4       DevicePathFromHandle       000000000003fef4 f   UefiDevicePathLib:DevicePathUtilitiesDxeSmm.obj
 0001:0002ef3c       GetDevicePathSize          000000000003ff3c f   UefiDevicePathLib:UefiDevicePathLib.obj
 0001:0002ef54       InternalAllocatePool       000000000003ff54 f   UefiMemoryAllocationLib:MemoryAllocationLib.obj
 0001:0002ef9c       AllocatePool               000000000003ff9c f   UefiMemoryAllocationLib:MemoryAllocationLib.obj
 0001:0002efbc       InternalAllocateZeroPool   000000000003ffbc f   UefiMemoryAllocationLib:MemoryAllocationLib.obj
 0001:0002f004       AllocateZeroPool           0000000000040004 f   UefiMemoryAllocationLib:MemoryAllocationLib.obj
 0001:0002f024       AllocateRuntimeZeroPool    0000000000040024 f   UefiMemoryAllocationLib:MemoryAllocationLib.obj
 0001:0002f044       InternalAllocateCopyPool   0000000000040044 f   UefiMemoryAllocationLib:MemoryAllocationLib.obj
 0001:0002f108       AllocateCopyPool           0000000000040108 f   UefiMemoryAllocationLib:MemoryAllocationLib.obj
 0001:0002f130       InternalReallocatePool     0000000000040130 f   UefiMemoryAllocationLib:MemoryAllocationLib.obj
 0001:0002f1b4       ReallocatePool             00000000000401b4 f   UefiMemoryAllocationLib:MemoryAllocationLib.obj
 0001:0002f1e8       FreePool                   00000000000401e8 f   UefiMemoryAllocationLib:MemoryAllocationLib.obj
 0001:0002f27c       UefiBootServicesTableLibConstructor 000000000004027c f   UefiBootServicesTableLib:UefiBootServicesTableLib.obj
 0001:0002f358       UefiRuntimeServicesTableLibConstructor 0000000000040358 f   UefiRuntimeServicesTableLib:UefiRuntimeServicesTableLib.obj
 0001:0002f3b4       UefiLibConstructor         00000000000403b4 f   UefiLib:UefiLib.obj
 0001:0002f3c4       EfiAcquireLock             00000000000403c4 f   UefiLib:UefiLib.obj
 0001:0002f460       EfiReleaseLock             0000000000040460 f   UefiLib:UefiLib.obj
 0001:0002f500       GetVariable2               0000000000040500 f   UefiLib:UefiLib.obj
 0001:0002f698       GetEfiGlobalVariable2      0000000000040698 f   UefiLib:UefiLib.obj
 0001:0002f6cc       GetBestLanguage            00000000000406cc f   UefiLib:UefiLib.obj
 0001:0002f974       EfiCreateEventReadyToBootEx 0000000000040974 f   UefiLib:UefiNotTiano.obj
 0001:0002fab0       GetDebugPrintErrorLevel    0000000000040ab0 f   BaseDebugPrintErrorLevelLib:BaseDebugPrintErrorLevelLib.obj
 0001:0002fab8       InternalGetReportStatusCode 0000000000040ab8 f   DxeReportStatusCodeLib:ReportStatusCodeLib.obj
 0001:0002fb20       InternalReportStatusCode   0000000000040b20 f   DxeReportStatusCodeLib:ReportStatusCodeLib.obj
 0001:0002fbd8       ReportStatusCodeEx         0000000000040bd8 f   DxeReportStatusCodeLib:ReportStatusCodeLib.obj
 0001:0002fe34       ReportProgressCodeEnabled  0000000000040e34 f   DxeReportStatusCodeLib:ReportStatusCodeLib.obj
 0001:0002fe58       ReportErrorCodeEnabled     0000000000040e58 f   DxeReportStatusCodeLib:ReportStatusCodeLib.obj
 0001:0002fe7c       ReportDebugCodeEnabled     0000000000040e7c f   DxeReportStatusCodeLib:ReportStatusCodeLib.obj
 0002:00000000       ??_C@_0CB@DMEJJJHA@?6ASSERT_EFI_ERROR?5?$CIStatus?5?$DN?5?$CFr?$CJ@ 0000000000041000     UefiDriverEntryPoint:DriverEntryPoint.obj
 0002:00000028       ??_C@_0CH@BBNBJKHK@?$CB?$CI?$CI?$CIINTN?$CJ?$CIRETURN_STATUS?$CJ?$CIStatus@ 0000000000041028     UefiDriverEntryPoint:DriverEntryPoint.obj
 0002:00000050       ??_C@_0EN@BMBDHEJO@f?3?2uefiworkspace?2edk2?2MdePkg?2Li@ 0000000000041050     UefiDriverEntryPoint:DriverEntryPoint.obj
 0002:0000009d       _gPcd_FixedAtBuild_PcdVerifyNodeInList 000000000004109d     HiiDatabase:AutoGen.obj
 0002:0000009d       _gDriverUnloadImageCount   000000000004109d     HiiDatabase:AutoGen.obj
 0002:000000a0       _gPcd_FixedAtBuild_PcdMaximumDevicePathNodeCount 00000000000410a0     HiiDatabase:AutoGen.obj
 0002:000000a0       _gUefiDriverRevision       00000000000410a0     HiiDatabase:AutoGen.obj
 0002:000000a8       ??_C@_0M@NOMLFINA@HiiDatabase@ 00000000000410a8     HiiDatabase:AutoGen.obj
 0002:000000c0       ??_C@_0HJ@GEJHDODM@f?3?2uefiworkspace?2Build?2Emulator@ 00000000000410c0     HiiDatabase:AutoGen.obj
 0002:0000013c       _gPcd_FixedAtBuild_PcdMaximumAsciiStringLength 000000000004113c     HiiDatabase:AutoGen.obj
 0002:0000013c       _gPcd_FixedAtBuild_PcdMaximumUnicodeStringLength 000000000004113c     HiiDatabase:AutoGen.obj
 0002:0000013c       _gPcd_FixedAtBuild_PcdMaximumLinkedListLength 000000000004113c     HiiDatabase:AutoGen.obj
 0002:00000140       _gPcd_FixedAtBuild_PcdReportStatusCodePropertyMask 0000000000041140     HiiDatabase:AutoGen.obj
 0002:00000144       _gPcd_FixedAtBuild_PcdUefiVariableDefaultPlatformLang 0000000000041144     HiiDatabase:AutoGen.obj
 0002:0000014a       _gPcd_FixedAtBuild_PcdHiiOsRuntimeSupport 000000000004114a     HiiDatabase:AutoGen.obj
 0002:0000014a       _gPcd_FixedAtBuild_PcdSupportHiiImageProtocol 000000000004114a     HiiDatabase:AutoGen.obj
 0002:0000014c       _gPcd_FixedAtBuild_PcdDebugPrintErrorLevel 000000000004114c     HiiDatabase:AutoGen.obj
 0002:00000150       _gPcd_FixedAtBuild_PcdFixedDebugPrintErrorLevel 0000000000041150     HiiDatabase:AutoGen.obj
 0002:00000154       _gPcd_FixedAtBuild_PcdDebugPropertyMask 0000000000041154     HiiDatabase:AutoGen.obj
 0002:00000158       ??_C@_0CN@IMIMGIOF@?$CGgEfiHiiDatabaseProtocolGuid?5?$CB?$DN@ 0000000000041158     HiiDatabase:HiiDatabaseEntry.obj
 0002:00000190       ??_C@_0EP@CNEOLLJ@f?3?2uefiworkspace?2edk2?2MdeModule@ 0000000000041190     HiiDatabase:HiiDatabaseEntry.obj
 0002:000001e0       ??_C@_0DL@LBEMLKGK@?$CGgEfiHiiDatabaseProtocolGuid?5al@ 00000000000411e0     HiiDatabase:HiiDatabaseEntry.obj
 0002:00000220       ??_C@_0DP@MJHJOJAP@?$CGgEfiHiiDatabaseProtocolGuid?5al@ 0000000000041220     HiiDatabase:HiiDatabaseEntry.obj
 0002:00000260       ??_C@_0CJ@EEOJNBOH@?$CGgEfiHiiFontProtocolGuid?5?$CB?$DN?5?$CI?$CIv@ 0000000000041260     HiiDatabase:HiiDatabaseEntry.obj
 0002:00000290       ??_C@_0DH@NLDPGKDK@?$CGgEfiHiiFontProtocolGuid?5alread@ 0000000000041290     HiiDatabase:HiiDatabaseEntry.obj
 0002:000002c8       ??_C@_0DL@CGIIHBOO@?$CGgEfiHiiFontProtocolGuid?5alread@ 00000000000412c8     HiiDatabase:HiiDatabaseEntry.obj
 0002:00000308       ??_C@_0CK@CBEHEFIN@?$CGgEfiHiiImageProtocolGuid?5?$CB?$DN?5?$CI?$CI@ 0000000000041308     HiiDatabase:HiiDatabaseEntry.obj
 0002:00000338       ??_C@_0DI@OBEFILKP@?$CGgEfiHiiImageProtocolGuid?5alrea@ 0000000000041338     HiiDatabase:HiiDatabaseEntry.obj
 0002:00000370       ??_C@_0DM@BHOKJCCB@?$CGgEfiHiiImageProtocolGuid?5alrea@ 0000000000041370     HiiDatabase:HiiDatabaseEntry.obj
 0002:000003b0       ??_C@_0CL@EMGPMLLE@?$CGgEfiHiiStringProtocolGuid?5?$CB?$DN?5?$CI@ 00000000000413b0     HiiDatabase:HiiDatabaseEntry.obj
 0002:000003e0       ??_C@_0DJ@DLDEGPMF@?$CGgEfiHiiStringProtocolGuid?5alre@ 00000000000413e0     HiiDatabase:HiiDatabaseEntry.obj
 0002:00000420       ??_C@_0DN@LNLIIOEH@?$CGgEfiHiiStringProtocolGuid?5alre@ 0000000000041420     HiiDatabase:HiiDatabaseEntry.obj
 0002:00000460       ??_C@_0DC@DDHDOHGG@?$CGgEfiHiiConfigRoutingProtocolGu@ 0000000000041460     HiiDatabase:HiiDatabaseEntry.obj
 0002:000004a0       ??_C@_0EA@DDCOHLFB@?$CGgEfiHiiConfigRoutingProtocolGu@ 00000000000414a0     HiiDatabase:HiiDatabaseEntry.obj
 0002:000004e0       ??_C@_0EE@CKEDIBPB@?$CGgEfiHiiConfigRoutingProtocolGu@ 00000000000414e0     HiiDatabase:HiiDatabaseEntry.obj
 0002:00000528       ??_C@_0DG@PMHMCJLB@?$CGgEfiConfigKeywordHandlerProtoc@ 0000000000041528     HiiDatabase:HiiDatabaseEntry.obj
 0002:00000560       ??_C@_0EE@FFFPAKCF@?$CGgEfiConfigKeywordHandlerProtoc@ 0000000000041560     HiiDatabase:HiiDatabaseEntry.obj
 0002:000005b0       ??_C@_0EI@JNIDIIH@?$CGgEfiConfigKeywordHandlerProtoc@ 00000000000415b0     HiiDatabase:HiiDatabaseEntry.obj
 0002:000005f8       ??_C@_0BH@MAAHKCPC@String?5?$CB?$DN?5?$CI?$CIvoid?5?$CK?$CJ?50?$CJ@ 00000000000415f8     HiiDatabase:ConfigRouting.obj
 0002:00000610       ??_C@_0EM@HBMDANIA@f?3?2uefiworkspace?2edk2?2MdeModule@ 0000000000041610     HiiDatabase:ConfigRouting.obj
 0002:00000660       ??_C@_1M@DPLGJLCD@?$AAG?$AAU?$AAI?$AAD?$AA?$DN@ 0000000000041660     HiiDatabase:ConfigRouting.obj
 0002:00000670       ??_C@_0DD@LHLPKNIP@StrnCmp?5?$CIString?0?5L?$CCGUID?$DN?$CC?0?5StrL@ 0000000000041670     HiiDatabase:ConfigRouting.obj
 0002:000006a8       ??_C@_1O@KAHOBHOF@?$AA?$CG?$AAG?$AAU?$AAI?$AAD?$AA?$DN@ 00000000000416a8     HiiDatabase:ConfigRouting.obj
 0002:000006b8       ??_C@_1M@PJAPFKED@?$AAP?$AAA?$AAT?$AAH?$AA?$DN@ 00000000000416b8     HiiDatabase:ConfigRouting.obj
 0002:000006c8       ??_C@_0BN@EHPNHAIF@ConfigString?5?$CB?$DN?5?$CI?$CIvoid?5?$CK?$CJ?50?$CJ@ 00000000000416c8     HiiDatabase:ConfigRouting.obj
 0002:000006e8       ??_C@_0DB@CFICOEMJ@String?5?$CB?$DN?5?$CI?$CIvoid?5?$CK?$CJ?50?$CJ?5?$CG?$CG?5SubSt@ 00000000000416e8     HiiDatabase:ConfigRouting.obj
 0002:00000720       ??_C@_0BI@LBGLHCOA@?$CKSubStr?5?$CB?$DN?5?$CI?$CIvoid?5?$CK?$CJ?50?$CJ@ 0000000000041720     HiiDatabase:ConfigRouting.obj
 0002:00000738       ??_C@_0BE@LNIAOOBG@Str?5?$CB?$DN?5?$CI?$CIvoid?5?$CK?$CJ?50?$CJ@ 0000000000041738     HiiDatabase:ConfigRouting.obj
 0002:00000750       ??_C@_0DC@PCMLEOGG@?$CIBufferLen?5?$CK?52?5?$CL?51?$CJ?5?$DO?$DN?5?$CIStrLen?5@ 0000000000041750     HiiDatabase:ConfigRouting.obj
 0002:00000784       ??_C@_13FLOCNAAB@?$AA?$CG@ 0000000000041784     HiiDatabase:ConfigRouting.obj
 0002:00000788       ??_C@_1BC@JFJKDJKC@?$AA?$CG?$AAA?$AAL?$AAT?$AAC?$AAF?$AAG?$AA?$DN@ 0000000000041788     HiiDatabase:ConfigRouting.obj
 0002:000007a0       ??_C@_0BN@DILICBAI@?$CKMultiString?5?$CB?$DN?5?$CI?$CIvoid?5?$CK?$CJ?50?$CJ@ 00000000000417a0     HiiDatabase:ConfigRouting.obj
 0002:000007c0       ??_C@_0BL@KFJHHHLD@TempBuffer?5?$CB?$DN?5?$CI?$CIvoid?5?$CK?$CJ?50?$CJ@ 00000000000417c0     HiiDatabase:ConfigRouting.obj
 0002:000007e0       ??_C@_0CA@JFAPBMEN@AltConfigHdrPtr?5?$CB?$DN?5?$CI?$CIvoid?5?$CK?$CJ?50?$CJ@ 00000000000417e0     HiiDatabase:ConfigRouting.obj
 0002:00000800       ??_C@_1BC@KLGPJAMP@?$AA?$CG?$AAO?$AAF?$AAF?$AAS?$AAE?$AAT?$AA?$DN@ 0000000000041800     HiiDatabase:ConfigRouting.obj
 0002:00000818       ??_C@_0BK@OHHEMHCC@StringPtr?5?$CB?$DN?5?$CI?$CIvoid?5?$CK?$CJ?50?$CJ@ 0000000000041818     HiiDatabase:ConfigRouting.obj
 0002:00000838       ??_C@_0BM@GNPJMFNE@NvConfigPtr?5?$CB?$DN?5?$CI?$CIvoid?5?$CK?$CJ?50?$CJ@ 0000000000041838     HiiDatabase:ConfigRouting.obj
 0002:00000854       ??_C@_13NMPKAAJP@?$AA?$DN@ 0000000000041854     HiiDatabase:ConfigRouting.obj
 0002:00000858       ??_C@_0CB@GHIBCAIE@NvConfigValuePtr?5?$CB?$DN?5?$CI?$CIvoid?5?$CK?$CJ?50@ 0000000000041858     HiiDatabase:ConfigRouting.obj
 0002:00000880       ??_C@_1M@COKHDCDN@?$AA?$CG?$AAG?$AAU?$AAI?$AAD@ 0000000000041880     HiiDatabase:ConfigRouting.obj
 0002:00000890       ??_C@_1O@FMIENBLJ@?$AA?$CG?$AAN?$AAA?$AAM?$AAE?$AA?$DN@ 0000000000041890     HiiDatabase:ConfigRouting.obj
 0002:000008a0       ??_C@_1O@GGMHNGIF@?$AA?$CG?$AAP?$AAA?$AAT?$AAH?$AA?$DN@ 00000000000418a0     HiiDatabase:ConfigRouting.obj
 0002:000008b0       ??_C@_0CC@KFDCKDOA@DefaultValueArray?5?$CB?$DN?5?$CI?$CIvoid?5?$CK?$CJ?5@ 00000000000418b0     HiiDatabase:ConfigRouting.obj
 0002:000008d8       ??_C@_0BK@KLJHMMPJ@HiiHandle?5?$CB?$DN?5?$CI?$CIvoid?5?$CK?$CJ?50?$CJ@ 00000000000418d8     HiiDatabase:ConfigRouting.obj
 0002:000008f8       ??_C@_0O@EMMLPDMJ@StringId?5?$CB?$DN?50@ 00000000000418f8     HiiDatabase:ConfigRouting.obj
 0002:00000906       ??_C@_00CNPNBAHC@@         0000000000041906     HiiDatabase:ConfigRouting.obj
 0002:00000908       ??_C@_1BK@GGGENMOA@?$AAP?$AAl?$AAa?$AAt?$AAf?$AAo?$AAr?$AAm?$AAL?$AAa?$AAn?$AAg@ 0000000000041908     HiiDatabase:ConfigRouting.obj
 0002:00000928       ??_C@_0BF@OGAHIMFI@Name?5?$CB?$DN?5?$CI?$CIvoid?5?$CK?$CJ?50?$CJ@ 0000000000041928     HiiDatabase:ConfigRouting.obj
 0002:00000940       ??_C@_1M@MDEMFNHP@?$AAN?$AAA?$AAM?$AAE?$AA?$DN@ 0000000000041940     HiiDatabase:ConfigRouting.obj
 0002:00000950       ??_C@_0BL@MKDFFADJ@TmpRequest?5?$CB?$DN?5?$CI?$CIvoid?5?$CK?$CJ?50?$CJ@ 0000000000041950     HiiDatabase:ConfigRouting.obj
 0002:00000970       ??_C@_1O@DICEHLNO@?$AAN?$AAA?$AAM?$AAE?$AA?$DN?$AA?$CG@ 0000000000041970     HiiDatabase:ConfigRouting.obj
 0002:00000980       ??_C@_0BK@IKGKLHMJ@BlockData?5?$CB?$DN?5?$CI?$CIvoid?5?$CK?$CJ?50?$CJ@ 0000000000041980     HiiDatabase:ConfigRouting.obj
 0002:000009a0       ??_C@_1BA@BPJBLIJE@?$AA?$CG?$AAW?$AAI?$AAD?$AAT?$AAH?$AA?$DN@ 00000000000419a0     HiiDatabase:ConfigRouting.obj
 0002:000009b0       ??_C@_1BA@OHHBHMKI@?$AA?$CG?$AAV?$AAA?$AAL?$AAU?$AAE?$AA?$DN@ 00000000000419b0     HiiDatabase:ConfigRouting.obj
 0002:000009c0       ??_C@_17ILCPNALA@?$AA?$CG?$AA?$CF?$AAs@ 00000000000419c0     HiiDatabase:ConfigRouting.obj
 0002:000009c8       ??_C@_1DA@JIFMPMJE@?$AA?$CG?$AAO?$AAF?$AAF?$AAS?$AAE?$AAT?$AA?$DN?$AA?$CF?$AA0?$AA4?$AAX?$AA?$CG?$AAW?$AAI@ 00000000000419c8     HiiDatabase:ConfigRouting.obj
 0002:000009f8       ??_C@_1CA@GGACGAGD@?$AA?$CG?$AA?$CF?$AAs?$AA?$CG?$AAA?$AAL?$AAT?$AAC?$AAF?$AAG?$AA?$DN?$AA?$CF?$AA0?$AA4?$AAX@ 00000000000419f8     HiiDatabase:ConfigRouting.obj
 0002:00000a18       ??_C@_19GAFHNHDP@?$AA?$CG?$AA?$CF?$AAs?$AA?$DN@ 0000000000041a18     HiiDatabase:ConfigRouting.obj
 0002:00000a28       ??_C@_1DO@NCNJHDGD@?$AA?$CG?$AAO?$AAF?$AAF?$AAS?$AAE?$AAT?$AA?$DN?$AA?$CF?$AA0?$AA4?$AAX?$AA?$CG?$AAW?$AAI@ 0000000000041a28     HiiDatabase:ConfigRouting.obj
 0002:00000a68       ??_C@_0BK@EPANLNGJ@TmpBuffer?5?$CB?$DN?5?$CI?$CIvoid?5?$CK?$CJ?50?$CJ@ 0000000000041a68     HiiDatabase:ConfigRouting.obj
 0002:00000a88       ??_C@_0BJ@HKDHKLNC@VarStore?5?$CB?$DN?5?$CI?$CIvoid?5?$CK?$CJ?50?$CJ@ 0000000000041a88     HiiDatabase:ConfigRouting.obj
 0002:00000aa8       ??_C@_0BN@NEAOLGCP@The?5variable?5does?5not?5exist?$CB@ 0000000000041aa8     HiiDatabase:ConfigRouting.obj
 0002:00000ac8       ??_C@_0BF@NDBIKIKC@CR?5has?5Bad?5Signature@ 0000000000041ac8     HiiDatabase:ConfigRouting.obj
 0002:00000ae0       ??_C@_0BP@CHLHGMI@AccessProgress?5?$CB?$DN?5?$CI?$CIvoid?5?$CK?$CJ?50?$CJ@ 0000000000041ae0     HiiDatabase:ConfigRouting.obj
 0002:00000b00       ??_C@_0BF@GFADBPJJ@?$CKAccessProgress?5?$DN?$DN?50@ 0000000000041b00     HiiDatabase:ConfigRouting.obj
 0002:00000b18       ??_C@_0BI@GONLCNCH@Private?5?$CB?$DN?5?$CI?$CIvoid?5?$CK?$CJ?50?$CJ@ 0000000000041b18     HiiDatabase:ConfigRouting.obj
 0002:00000b30       ??_C@_1BA@HDPFBAGC@?$AAO?$AAF?$AAF?$AAS?$AAE?$AAT?$AA?$DN@ 0000000000041b30     HiiDatabase:ConfigRouting.obj
 0002:00000b40       ??_C@_1O@JONPFMKD@?$AAV?$AAA?$AAL?$AAU?$AAE?$AA?$DN@ 0000000000041b40     HiiDatabase:ConfigRouting.obj
 0002:00000b50       ??_C@_1BA@ENAALJAP@?$AAA?$AAL?$AAT?$AAC?$AAF?$AAG?$AA?$DN@ 0000000000041b50     HiiDatabase:ConfigRouting.obj
 0002:00000b60       ??_C@_0HM@JBFKAAEF@Private?5?$CB?$DN?5?$CI?$CIvoid?5?$CK?$CJ?50?$CJ?5?$CG?$CG?5Stri@ 0000000000041b60     HiiDatabase:String.obj
 0002:00000be0       ??_C@_0EF@FABFJJNH@f?3?2uefiworkspace?2edk2?2MdeModule@ 0000000000041be0     HiiDatabase:String.obj
 0002:00000c28       ??_C@_0BK@LPAGOJEE@LocalFont?5?$CB?$DN?5?$CI?$CIvoid?5?$CK?$CJ?50?$CJ@ 0000000000041c28     HiiDatabase:String.obj
 0002:00000c48       ??_C@_0DI@BFKAJOKH@StringSrc?5?$CB?$DN?5?$CI?$CIvoid?5?$CK?$CJ?50?$CJ?5?$CG?$CG?5Bu@ 0000000000041c48     HiiDatabase:String.obj
 0002:00000c80       ??_C@_0EA@MHHLLLEI@StringFontInfo?5?$CB?$DN?5?$CI?$CIvoid?5?$CK?$CJ?50?$CJ?5@ 0000000000041c80     HiiDatabase:String.obj
 0002:00000cc0       ??_C@_0BO@DGNLHLCI@StringPackage?5?$CB?$DN?5?$CI?$CIvoid?5?$CK?$CJ?50?$CJ@ 0000000000041cc0     HiiDatabase:String.obj
 0002:00000ce0       ??_C@_0FC@FJMCODKF@StringPackage?9?$DOSignature?5?$DN?$DN?5?$CI?$CI?$CI@ 0000000000041ce0     HiiDatabase:String.obj
 0002:00000d40       ??_C@_0GB@GDNHNHKN@BlockType?5?$CB?$DN?5?$CI?$CIvoid?5?$CK?$CJ?50?$CJ?5?$CG?$CG?5St@ 0000000000041d40     HiiDatabase:String.obj
 0002:00000db0       ??_C@_0GH@GJCDMCGP@Private?5?$CB?$DN?5?$CI?$CIvoid?5?$CK?$CJ?50?$CJ?5?$CG?$CG?5Priv@ 0000000000041db0     HiiDatabase:String.obj
 0002:00000e18       ??_C@_0BM@KAGBBICE@StringId?5?$CB?$DN?5CurrentStringId@ 0000000000041e18     HiiDatabase:String.obj
 0002:00000e38       ??_C@_0CJ@IFNGKCKJ@?$CKBlockType?5?$DN?$DN?50x22?5?$HM?$HM?5?$CKBlockTyp@ 0000000000041e38     HiiDatabase:String.obj
 0002:00000e70       ??_C@_0FD@NPKBDFKJ@Private?5?$CB?$DN?5?$CI?$CIvoid?5?$CK?$CJ?50?$CJ?5?$CG?$CG?5Stri@ 0000000000041e70     HiiDatabase:String.obj
 0002:00000ed0       ??_C@_0EM@GDEIOGJC@Private?9?$DOSignature?5?$DN?$DN?5?$CI?$CI?$CI?8H?8?$CJ?5?$HM@ 0000000000041ed0     HiiDatabase:String.obj
 0002:00000f20       ??_C@_0BC@FEDIJHFF@?$CI?$CIBOOLEAN?$CJ?$CI0?$DN?$DN1?$CJ?$CJ@ 0000000000041f20     HiiDatabase:String.obj
 0002:00000f34       ??_C@_01ICJEACDI@?$DL@     0000000000041f34     HiiDatabase:String.obj
 0002:00000f38       ??_C@_0BF@DOBDPAPC@Lan1?5?$CB?$DN?5?$CI?$CIvoid?5?$CK?$CJ?50?$CJ@ 0000000000041f38     HiiDatabase:String.obj
 0002:00000f50       ??_C@_0BF@NEJFCNJA@Lan2?5?$CB?$DN?5?$CI?$CIvoid?5?$CK?$CJ?50?$CJ@ 0000000000041f50     HiiDatabase:String.obj
 0002:00000f68       ??_C@_0DG@IHDLCIDM@Cell?5?$CB?$DN?5?$CI?$CIvoid?5?$CK?$CJ?50?$CJ?5?$CG?$CG?5GlyphIn@ 0000000000041f68     HiiDatabase:Font.obj
 0002:00000fa0       ??_C@_0ED@KBCFNLAC@f?3?2uefiworkspace?2edk2?2MdeModule@ 0000000000041fa0     HiiDatabase:Font.obj
 0002:00000ff0       ??_C@_0FB@NKDAFHPL@GlyphBuffer?5?$CB?$DN?5?$CI?$CIvoid?5?$CK?$CJ?50?$CJ?5?$CG?$CG?5@ 0000000000041ff0     HiiDatabase:Font.obj
 0002:00001050       ??_C@_0EK@IJHDKPAG@Origin?5?$CB?$DN?5?$CI?$CIvoid?5?$CK?$CJ?50?$CJ?5?$CG?$CG?5?$CKOrig@ 0000000000042050     HiiDatabase:Font.obj
 0002:000010a0       ??_C@_0BM@BBEAFKJB@FontPackage?5?$CB?$DN?5?$CI?$CIvoid?5?$CK?$CJ?50?$CJ@ 00000000000420a0     HiiDatabase:Font.obj
 0002:000010c0       ??_C@_0FA@GBHOFNKI@FontPackage?9?$DOSignature?5?$DN?$DN?5?$CI?$CI?$CI?8h@ 00000000000420c0     HiiDatabase:Font.obj
 0002:00001110       ??_C@_0DF@LOENGHAO@FontName?5?$CB?$DN?5?$CI?$CIvoid?5?$CK?$CJ?50?$CJ?5?$CG?$CG?5Fon@ 0000000000042110     HiiDatabase:Font.obj
 0002:00001148       ??_C@_1BG@PCIHAGAA@?$AAs?$AAy?$AAs?$AAd?$AAe?$AAf?$AAa?$AAu?$AAl?$AAt@ 0000000000042148     HiiDatabase:Font.obj
 0002:00001160       ??_C@_0BO@KOIHLCNC@?$CIPrivate?9?$DOAttribute?5?$DO?$DO?54?$CJ?5?$DM?58@ 0000000000042160     HiiDatabase:Font.obj
 0002:00001180       ??_C@_0DF@FEDHOBLL@?$CISystemDefault?5?$CB?$DN?5?$CI?$CIvoid?5?$CK?$CJ?50?$CJ?$CJ@ 0000000000042180     HiiDatabase:Font.obj
 0002:000011b8       ??_C@_0BJ@FFPEFLGO@FontInfo?5?$CB?$DN?5?$CI?$CIvoid?5?$CK?$CJ?50?$CJ@ 00000000000421b8     HiiDatabase:Font.obj
 0002:000011d8       ??_C@_0BJ@KMEIBEC@GlyphBuf?5?$CB?$DN?5?$CI?$CIvoid?5?$CK?$CJ?50?$CJ@ 00000000000421d8     HiiDatabase:Font.obj
 0002:000011f8       ??_C@_0BF@CPNKHBOH@Cell?5?$CB?$DN?5?$CI?$CIvoid?5?$CK?$CJ?50?$CJ@ 00000000000421f8     HiiDatabase:Font.obj
 0002:00001210       ??_C@_0BL@PMPKEABA@Attributes?5?$CB?$DN?5?$CI?$CIvoid?5?$CK?$CJ?50?$CJ@ 0000000000042210     HiiDatabase:Font.obj
 0002:00001230       ??_C@_0BO@HMFAAOIE@SystemDefault?5?$CB?$DN?5?$CI?$CIvoid?5?$CK?$CJ?50?$CJ@ 0000000000042230     HiiDatabase:Font.obj
 0002:00001250       ??_C@_0BL@BBPNKGPN@StringInfo?5?$CB?$DN?5?$CI?$CIvoid?5?$CK?$CJ?50?$CJ@ 0000000000042250     HiiDatabase:Font.obj
 0002:00001270       ??_C@_0BO@JAOLLJBB@StringInfoOut?5?$CB?$DN?5?$CI?$CIvoid?5?$CK?$CJ?50?$CJ@ 0000000000042270     HiiDatabase:Font.obj
 0002:00001290       ??_C@_0BN@PACIKCEF@StringInfoIn?5?$CB?$DN?5?$CI?$CIvoid?5?$CK?$CJ?50?$CJ@ 0000000000042290     HiiDatabase:Font.obj
 0002:000012b0       ??_C@_0EG@IDDBAAFO@f?3?2uefiworkspace?2edk2?2MdeModule@ 00000000000422b0     HiiDatabase:ImageEx.obj
 0002:00001300       ??_C@_0GG@PJLGEFDC@?$CI?$CIUINTN?$CJ?5?$CG?$CI?$CI?$CIEFI_HII_IIBT_JPEG_@ 0000000000042300     HiiDatabase:ImageEx.obj
 0002:00001370       ??_C@_0HO@ELDLAIMJ@sizeof?5?$CI?$CI?$CIEFI_HII_IIBT_JPEG_BLO@ 0000000000042370     HiiDatabase:ImageEx.obj
 0002:000013f0       ??_C@_0GG@LLHJFEJF@?$CI?$CIUINTN?$CJ?5?$CG?$CI?$CI?$CIEFI_HII_IIBT_JPEG_@ 00000000000423f0     HiiDatabase:ImageEx.obj
 0002:00001460       ??_C@_0HO@BNMBGIPK@sizeof?5?$CI?$CI?$CIEFI_HII_IIBT_JPEG_BLO@ 0000000000042460     HiiDatabase:ImageEx.obj
 0002:000014e0       ??_C@_0DH@NFJDOGLB@ImageBlocks?5?$CB?$DN?5?$CI?$CIvoid?5?$CK?$CJ?50?$CJ?5?$CG?$CG?5@ 00000000000424e0     HiiDatabase:Image.obj
 0002:00001520       ??_C@_0EE@MIBOBDO@f?3?2uefiworkspace?2edk2?2MdeModule@ 0000000000042520     HiiDatabase:Image.obj
 0002:00001568       ??_C@_0BL@HMPOLNFB@?$CKImageId?5?$CB?$DN?5ImageIdCurrent@ 0000000000042568     HiiDatabase:Image.obj
 0002:00001588       ??_C@_0O@FOALKCBJ@?$CKImageId?5?$CB?$DN?50@ 0000000000042588     HiiDatabase:Image.obj
 0002:00001598       ??_C@_0DG@CMCHKEMN@BitMapOut?5?$CB?$DN?5?$CI?$CIvoid?5?$CK?$CJ?50?$CJ?5?$CG?$CG?5Bi@ 0000000000042598     HiiDatabase:Image.obj
 0002:000015d0       ??_C@_0EN@ELLNHLCC@Image?5?$CB?$DN?5?$CI?$CIvoid?5?$CK?$CJ?50?$CJ?5?$CG?$CG?5Data?5?$CB@ 00000000000425d0     HiiDatabase:Image.obj
 0002:00001620       ??_C@_0BI@KJHDIOKD@Palette?5?$CB?$DN?5?$CI?$CIvoid?5?$CK?$CJ?50?$CJ@ 0000000000042620     HiiDatabase:Image.obj
 0002:00001638       ??_C@_0CO@MJKHFAPP@Image?5?$CB?$DN?5?$CI?$CIvoid?5?$CK?$CJ?50?$CJ?5?$CG?$CG?5Data?5?$CB@ 0000000000042638     HiiDatabase:Image.obj
 0002:00001668       ??_C@_0CG@IBCJOBGA@PaletteIndex?5?$DN?$DN?5Iibt1bit?4Palett@ 0000000000042668     HiiDatabase:Image.obj
 0002:00001690       ??_C@_0DN@PNNBIPEP@NextString?5?$CB?$DN?5?$CI?$CIvoid?5?$CK?$CJ?50?$CJ?5?$CG?$CG?5D@ 0000000000042690     HiiDatabase:ConfigKeywordHandler.obj
 0002:000016d0       ??_C@_0FD@BJCNBEIH@f?3?2uefiworkspace?2edk2?2MdeModule@ 00000000000426d0     HiiDatabase:ConfigKeywordHandler.obj
 0002:00001728       ??_C@_1BC@KEBNFPJO@?$AAK?$AAE?$AAY?$AAW?$AAO?$AAR?$AAD?$AA?$DN@ 0000000000042728     HiiDatabase:ConfigKeywordHandler.obj
 0002:00001740       ??_C@_0BK@LHDBFBNG@NameSpace?5?$CB?$DN?5?$CI?$CIvoid?5?$CK?$CJ?50?$CJ@ 0000000000042740     HiiDatabase:ConfigKeywordHandler.obj
 0002:00001760       ??_C@_1BG@PHBLLIBG@?$AAN?$AAA?$AAM?$AAE?$AAS?$AAP?$AAA?$AAC?$AAE?$AA?$DN@ 0000000000042760     HiiDatabase:ConfigKeywordHandler.obj
 0002:00001778       ??_C@_0DK@OHOIFGHP@?$CIKeyword?5?$CB?$DN?5?$CI?$CIvoid?5?$CK?$CJ?50?$CJ?$CJ?5?$CG?$CG?5?$CIN@ 0000000000042778     HiiDatabase:ConfigKeywordHandler.obj
 0002:000017c0       ??_C@_0FE@GBOKANMP@?$CIValue?5?$CB?$DN?5?$CI?$CIvoid?5?$CK?$CJ?50?$CJ?$CJ?5?$CG?$CG?5?$CINex@ 00000000000427c0     HiiDatabase:ConfigKeywordHandler.obj
 0002:00001818       ??_C@_0DO@PFGBFFJL@?$CIFilterFlags?5?$CB?$DN?5?$CI?$CIvoid?5?$CK?$CJ?50?$CJ?$CJ?5?$CG@ 0000000000042818     HiiDatabase:ConfigKeywordHandler.obj
 0002:00001858       ??_C@_1BC@LDFBNAGD@?$AAR?$AAe?$AAa?$AAd?$AAO?$AAn?$AAl?$AAy@ 0000000000042858     HiiDatabase:ConfigKeywordHandler.obj
 0002:00001870       ??_C@_1BE@HADLJAO@?$AAR?$AAe?$AAa?$AAd?$AAW?$AAr?$AAi?$AAt?$AAe@ 0000000000042870     HiiDatabase:ConfigKeywordHandler.obj
 0002:00001888       ??_C@_1O@GBAIGIHF@?$AAB?$AAu?$AAf?$AAf?$AAe?$AAr@ 0000000000042888     HiiDatabase:ConfigKeywordHandler.obj
 0002:00001898       ??_C@_1BA@BKFKFLJD@?$AAN?$AAu?$AAm?$AAe?$AAr?$AAi?$AAc@ 0000000000042898     HiiDatabase:ConfigKeywordHandler.obj
 0002:000018a8       ??_C@_1M@OGLKDJIA@?$AA?$CG?$AAP?$AAA?$AAT?$AAH@ 00000000000428a8     HiiDatabase:ConfigKeywordHandler.obj
 0002:000018b8       ??_C@_1BC@CFPGDLKH@?$AA?$CG?$AAK?$AAE?$AAY?$AAW?$AAO?$AAR?$AAD@ 00000000000428b8     HiiDatabase:ConfigKeywordHandler.obj
 0002:000018d0       ??_C@_0BL@FCLLAFBK@OpCodeData?5?$CB?$DN?5?$CI?$CIvoid?5?$CK?$CJ?50?$CJ@ 00000000000428d0     HiiDatabase:ConfigKeywordHandler.obj
 0002:000018f0       ??_C@_0BL@JFODOCGB@DevicePath?5?$CB?$DN?5?$CI?$CIvoid?5?$CK?$CJ?50?$CJ@ 00000000000428f0     HiiDatabase:ConfigKeywordHandler.obj
 0002:00001910       ??_C@_0FG@CNJOIDE@StringSrc?5?$CB?$DN?5?$CI?$CIvoid?5?$CK?$CJ?50?$CJ?5?$CG?$CG?5Bu@ 0000000000042910     HiiDatabase:ConfigKeywordHandler.obj
 0002:00001970       ??_C@_0FK@IABCBAEM@StringPackage?5?$CB?$DN?5?$CI?$CIvoid?5?$CK?$CJ?50?$CJ?5?$CG@ 0000000000042970     HiiDatabase:ConfigKeywordHandler.obj
 0002:000019d0       ??_C@_0FM@MOEDEKOL@DatabaseRecord?5?$CB?$DN?5?$CI?$CIvoid?5?$CK?$CJ?50?$CJ?5@ 00000000000429d0     HiiDatabase:ConfigKeywordHandler.obj
 0002:00001a2c       ??_C@_06PLDEFKP@x?9UEFI@   0000000000042a2c     HiiDatabase:ConfigKeywordHandler.obj
 0002:00001a38       ??_C@_0BM@BFDIJOFM@FormPackage?5?$CB?$DN?5?$CI?$CIvoid?5?$CK?$CJ?50?$CJ@ 0000000000042a38     HiiDatabase:ConfigKeywordHandler.obj
 0002:00001a58       ??_C@_0DG@NNKHLNIL@?$CI?$CIEFI_IFR_OP_HEADER?5?$CK?$CJNextOpCod@ 0000000000042a58     HiiDatabase:ConfigKeywordHandler.obj
 0002:00001a90       ??_C@_15GANGMFKL@?$AA?$CF?$AAs@ 0000000000042a90     HiiDatabase:ConfigKeywordHandler.obj
 0002:00001a98       ??_C@_1CO@DPPGKPKG@?$AAO?$AAF?$AAF?$AAS?$AAE?$AAT?$AA?$DN?$AA?$CF?$AA0?$AA4?$AAX?$AA?$CG?$AAW?$AAI?$AAD@ 0000000000042a98     HiiDatabase:ConfigKeywordHandler.obj
 0002:00001ac8       ??_C@_05JJLPJMLG@en?9US@   0000000000042ac8     HiiDatabase:ConfigKeywordHandler.obj
 0002:00001ad0       ??_C@_0BN@HPBNKDMG@BestLanguage?5?$CB?$DN?5?$CI?$CIvoid?5?$CK?$CJ?50?$CJ@ 0000000000042ad0     HiiDatabase:ConfigKeywordHandler.obj
 0002:00001af0       ??_C@_0FO@OMKBEEGB@DatabaseRecord?5?$CB?$DN?5?$CI?$CIvoid?5?$CK?$CJ?50?$CJ?5@ 0000000000042af0     HiiDatabase:ConfigKeywordHandler.obj
 0002:00001b50       ??_C@_0BI@EGABAPFI@Header?9?$DOVarStoreId?5?$CB?$DN?50@ 0000000000042b50     HiiDatabase:ConfigKeywordHandler.obj
 0002:00001b68       ??_C@_0BD@FANLLMHJ@Varstore?5Id?3?50x?$CFx?6@ 0000000000042b68     HiiDatabase:ConfigKeywordHandler.obj
 0002:00001b80       ??_C@_0BI@LBDBFON@Storage?5?$CB?$DN?5?$CI?$CIvoid?5?$CK?$CJ?50?$CJ@ 0000000000042b80     HiiDatabase:ConfigKeywordHandler.obj
 0002:00001b98       ??_C@_0BK@LFDBOAFJ@ConfigHdr?5?$CB?$DN?5?$CI?$CIvoid?5?$CK?$CJ?50?$CJ@ 0000000000042b98     HiiDatabase:ConfigKeywordHandler.obj
 0002:00001bc0       ??_C@_0ID@IKKDDEDB@?$CIDatabaseRecord?5?$CB?$DN?5?$CI?$CIvoid?5?$CK?$CJ?50?$CJ@ 0000000000042bc0     HiiDatabase:ConfigKeywordHandler.obj
 0002:00001c50       ??_C@_0EC@IMNKLNNG@?$CIConfigRequest?5?$CB?$DN?5?$CI?$CIvoid?5?$CK?$CJ?50?$CJ?$CJ@ 0000000000042c50     HiiDatabase:ConfigKeywordHandler.obj
 0002:00001ca0       ??_C@_0KH@OPAIADAK@?$CINameSpace?5?$CB?$DN?5?$CI?$CIvoid?5?$CK?$CJ?50?$CJ?$CJ?5?$CG?$CG?5@ 0000000000042ca0     HiiDatabase:ConfigKeywordHandler.obj
 0002:00001d48       ??_C@_0BL@EPOEPBPG@?$CKProgressErr?5?$DN?$DN?50x00000004@ 0000000000042d48     HiiDatabase:ConfigKeywordHandler.obj
 0002:00001d70       ??_C@_0JM@BHIIIHDI@?$CINameSpace?5?$CB?$DN?5?$CI?$CIvoid?5?$CK?$CJ?50?$CJ?$CJ?5?$CG?$CG?5@ 0000000000042d70     HiiDatabase:ConfigKeywordHandler.obj
 0002:00001e10       ??_C@_1BE@NJMCFJHO@?$AA?$CG?$AAR?$AAE?$AAA?$AAD?$AAO?$AAN?$AAL?$AAY@ 0000000000042e10     HiiDatabase:ConfigKeywordHandler.obj
 0002:00001e28       ??_C@_0BL@GNJCLPEO@TempString?5?$CB?$DN?5?$CI?$CIvoid?5?$CK?$CJ?50?$CJ@ 0000000000042e28     HiiDatabase:ConfigKeywordHandler.obj
 0002:00001e48       ??_C@_0BH@IACGKAP@Buffer?5?$CB?$DN?5?$CI?$CIvoid?5?$CK?$CJ?50?$CJ@ 0000000000042e48     HiiDatabase:Database.obj
 0002:00001e60       ??_C@_0EH@CJANFPLH@f?3?2uefiworkspace?2edk2?2MdeModule@ 0000000000042e60     HiiDatabase:Database.obj
 0002:00001ea8       ??_C@_0CA@PCMGHPMF@VariableStorage?5?$CB?$DN?5?$CI?$CIvoid?5?$CK?$CJ?50?$CJ@ 0000000000042ea8     HiiDatabase:Database.obj
 0002:00001ed0       ??_C@_0HO@ICAHMDKK@Package?9?$DOImagePkgHdr?4Header?4Len@ 0000000000042ed0     HiiDatabase:Database.obj
 0002:00001f50       ??_C@_0BP@FEPODHBK@DatabaseRecord?5?$CB?$DN?5?$CI?$CIvoid?5?$CK?$CJ?50?$CJ@ 0000000000042f50     HiiDatabase:Database.obj
 0002:00001f70       ??_C@_0FD@KKBJAAKD@Private?5?$CB?$DN?5?$CI?$CIvoid?5?$CK?$CJ?50?$CJ?5?$CG?$CG?5Pack@ 0000000000042f70     HiiDatabase:Database.obj
 0002:00001fc8       ??_C@_0BK@BBKIEBOB@IsHiiHandleValid?5?$CIHandle?$CJ@ 0000000000042fc8     HiiDatabase:Database.obj
 0002:00001ff0       ??_C@_0HI@CJGCGGJK@?$FLHiiDatabase?$FN?3?5Memory?5allocatio@ 0000000000042ff0     HiiDatabase:Database.obj
 0002:00002070       ??_C@_0EK@CIOIMHBH@?$FLHiiDatabase?$FN?3?5No?5enough?5memory@ 0000000000043070     HiiDatabase:Database.obj
 0002:000020c0       ??_C@_0DJ@CIDFFKAG@Status?5?$DN?$DN?5?$CI?$CIRETURN_STATUS?$CJ?$CI0x80@ 00000000000430c0     HiiDatabase:Database.obj
 0002:00002100       ??_C@_0EJ@JBAODEFD@?$FLHiiDatabase?$FN?3?5No?5enough?5memory@ 0000000000043100     HiiDatabase:Database.obj
 0002:00002150       ??_C@_0BM@JEBIDOHP@PackageList?5?$CB?$DN?5?$CI?$CIvoid?5?$CK?$CJ?50?$CJ@ 0000000000043150     HiiDatabase:Database.obj
 0002:00002170       ??_C@_0BN@GGKEKANL@Private?9?$DOHiiHandleCount?5?$DO?$DN?50@ 0000000000043170     HiiDatabase:Database.obj
 0002:00002190       ??_C@_0BP@NFJAKEPG@KeyboardLayout?5?$CB?$DN?5?$CI?$CIvoid?5?$CK?$CJ?50?$CJ@ 0000000000043190     HiiDatabase:Database.obj
 0002:000021b0       ??_C@_0CI@BGLNHBLM@?$CI?$CI?$CIUINTN?$CJ?5?$CIStartOfBuffer?$CJ?$CJ?5?$CG?50x@ 00000000000431b0     BasePrintLib:PrintLib.obj
 0002:000021d8       ??_C@_0DN@IKICKOBE@f?3?2uefiworkspace?2edk2?2MdePkg?2Li@ 00000000000431d8     BasePrintLib:PrintLib.obj
 0002:00002218       ??_C@_0CH@KJLBGOBB@?$CI?$CI?$CIUINTN?$CJ?5?$CIFormatString?$CJ?$CJ?5?$CG?50x0@ 0000000000043218     BasePrintLib:PrintLib.obj
 0002:00002240       ??_C@_0CB@LDBAOPMG@?$CI?$CI?$CIUINTN?$CJ?5?$CIBuffer?$CJ?$CJ?5?$CG?50x01?$CJ?5?$DN?$DN?5@ 0000000000043240     BasePrintLib:PrintLib.obj
 0002:00002270       ??_C@_0EF@BOLGFEOP@f?3?2uefiworkspace?2edk2?2MdePkg?2Li@ 0000000000043270     BasePrintLib:PrintLibInternal.obj
 0002:000022b8       ??_C@_0BJ@CNKJJNE@?$CIBuffer?5?$CB?$DN?5?$CI?$CIvoid?5?$CK?$CJ?50?$CJ?$CJ@ 00000000000432b8     BasePrintLib:PrintLibInternal.obj
 0002:000022e0       ??_C@_0EB@HDGIDCIO@?$CIBufferSize?5?$DM?$DN?5?$CI_gPcd_FixedAtBu@ 00000000000432e0     BasePrintLib:PrintLibInternal.obj
 0002:00002330       ??_C@_0FJ@HAEMOBLP@?$CIBufferSize?5?$DM?$DN?5?$CI_gPcd_FixedAtBu@ 0000000000043330     BasePrintLib:PrintLibInternal.obj
 0002:00002390       ??_C@_0CO@OJNGHNJG@?$CI?$CIFlags?5?$CG?5?$HO?$CI0x01?5?$HM?50x08?5?$HM?50x20?5@ 0000000000043390     BasePrintLib:PrintLibInternal.obj
 0002:000023c0       ??_C@_0DB@HIDPIAGP@?$CI?$CI?$CIFlags?5?$CG?50x08?$CJ?5?$DN?$DN?50?$CJ?5?$HM?$HM?5?$CI?$CIFla@ 00000000000433c0     BasePrintLib:PrintLibInternal.obj
 0002:000023f8       ??_C@_0N@PNKFBKME@?$CIWidth?5?$DM?538?$CJ@ 00000000000433f8     BasePrintLib:PrintLibInternal.obj
 0002:00002408       ??_C@_0CI@HPJOGFNE@?$CIBufferSize?5?$DO?$DN?5?$CIWidth?5?$CL?51?$CJ?5?$CK?5In@ 0000000000043408     BasePrintLib:PrintLibInternal.obj
 0002:00002430       ??_C@_0BJ@PPAKKDJG@?$CIFormat?5?$CB?$DN?5?$CI?$CIvoid?5?$CK?$CJ?50?$CJ?$CJ@ 0000000000043430     BasePrintLib:PrintLibInternal.obj
 0002:00002450       ??_C@_0ED@LPDDCECB@?$CIBufferSize?5?$DM?$DN?5?$CI_gPcd_FixedAtBu@ 0000000000043450     BasePrintLib:PrintLibInternal.obj
 0002:000024a0       ??_C@_0IM@BFJJFLGB@?$CIStrnLenS?5?$CI?$CICHAR16?5?$CK?$CJFormat?0?5?$CI_@ 00000000000434a0     BasePrintLib:PrintLibInternal.obj
 0002:00002530       ??_C@_0ID@PLGJGION@?$CIAsciiStrnLenS?5?$CIFormat?0?5?$CI_gPcd_@ 0000000000043530     BasePrintLib:PrintLibInternal.obj
 0002:000025b8       ??_C@_0O@MLOLIMFM@?$DMnull?5string?$DO@ 00000000000435b8     BasePrintLib:PrintLibInternal.obj
 0002:000025c8       ??_C@_0M@BJJDNPHK@?$DMnull?5guid?$DO@ 00000000000435c8     BasePrintLib:PrintLibInternal.obj
 0002:000025d8       ??_C@_0DB@PMLHLBMO@?$CF08x?9?$CF04x?9?$CF04x?9?$CF02x?$CF02x?9?$CF02x?$CF02@ 00000000000435d8     BasePrintLib:PrintLibInternal.obj
 0002:00002610       ??_C@_0M@LHGBCIKM@?$DMnull?5time?$DO@ 0000000000043610     BasePrintLib:PrintLibInternal.obj
 0002:00002620       ??_C@_0BK@FCPKCIDD@?$CF02d?1?$CF02d?1?$CF04d?5?5?$CF02d?3?$CF02d@ 0000000000043620     BasePrintLib:PrintLibInternal.obj
 0002:0000263c       ??_C@_04JIMNDDED@?$CF08X@  000000000004363c     BasePrintLib:PrintLibInternal.obj
 0002:00002644       ??_C@_02PCIJFNDE@?$AN?6@   0000000000043644     BasePrintLib:PrintLibInternal.obj
 0002:00002648       ??_C@_01LIIJDEN@?$AN@      0000000000043648     BasePrintLib:PrintLibInternal.obj
 0002:00002650       mWarningString             0000000000043650     BasePrintLib:PrintLibInternal.obj
 0002:00002720       mErrorString               0000000000043720     BasePrintLib:PrintLibInternal.obj
 0002:00002a00       mHexStr                    0000000000043a00     BasePrintLib:PrintLibInternal.obj
 0002:00002a10       ??_C@_0DL@GLFBHAOF@f?3?2uefiworkspace?2edk2?2MdePkg?2Li@ 0000000000043a10     DxePcdLib:DxePcdLib.obj
 0002:00002a50       ??_C@_0BH@DAPONKEH@mPiPcd?5?$CB?$DN?5?$CI?$CIvoid?5?$CK?$CJ?50?$CJ@ 0000000000043a50     DxePcdLib:DxePcdLib.obj
 0002:00002a68       ??_C@_0BL@BJHAIJFF@mPiPcdInfo?5?$CB?$DN?5?$CI?$CIvoid?5?$CK?$CJ?50?$CJ@ 0000000000043a68     DxePcdLib:DxePcdLib.obj
 0002:00002a88       ??_C@_0BF@PEDOPNMP@Guid?5?$CB?$DN?5?$CI?$CIvoid?5?$CK?$CJ?50?$CJ@ 0000000000043a88     DxePcdLib:DxePcdLib.obj
 0002:00002aa0       ??_C@_0BH@LKMBFCBF@Format?5?$CB?$DN?5?$CI?$CIvoid?5?$CK?$CJ?50?$CJ@ 0000000000043aa0     PeiDxeDebugLibReportStatusCode:DebugLib.obj
 0002:00002ac0       ??_C@_0FF@OJMNGPG@f?3?2uefiworkspace?2edk2?2MdeModule@ 0000000000043ac0     PeiDxeDebugLibReportStatusCode:DebugLib.obj
 0002:00002b18       ??_C@_0CP@EFCGCEBK@?$CICHAR8?5?$CK?$CJBaseListMarkerPointer?5@ 0000000000043b18     PeiDxeDebugLibReportStatusCode:DebugLib.obj
 0002:00002b48       ??_C@_01OHGJGJJP@?$FL@     0000000000043b48     PeiDxeDebugLibReportStatusCode:DebugLib.obj
 0002:00002b4c       ??_C@_02PBFOLPKM@?$FN?5@   0000000000043b4c     PeiDxeDebugLibReportStatusCode:DebugLib.obj
 0002:00002b50       ??_C@_0DG@EEENIGGL@Length?5?$DM?$DN?5?$CI0xFFFFFFFFFFFFFFFFUL@ 0000000000043b50     BaseMemoryLib:MemLibGuid.obj
 0002:00002b90       ??_C@_0ED@MKGCMJG@?$CILength?5?9?51?$CJ?5?$DM?$DN?5?$CI0xFFFFFFFFFFFF@ 0000000000043b90     BaseMemoryLib:CopyMemWrapper.obj
 0002:00002be0       ??_C@_0EE@GOMGOBAA@f?3?2uefiworkspace?2edk2?2MdePkg?2Li@ 0000000000043be0     BaseMemoryLib:CopyMemWrapper.obj
 0002:00002c28       ??_C@_0DO@MAOBOFEG@?$CILength?5?9?51?$CJ?5?$DM?$DN?5?$CI0xFFFFFFFFFFFF@ 0000000000043c28     BaseMemoryLib:CopyMemWrapper.obj
 0002:00002c70       ??_C@_0EE@NKGEIAMH@f?3?2uefiworkspace?2edk2?2MdePkg?2Li@ 0000000000043c70     BaseMemoryLib:ZeroMemWrapper.obj
 0002:00002cb8       ??_C@_0CC@JOEHDGKB@DestinationBuffer?5?$CB?$DN?5?$CI?$CIvoid?5?$CK?$CJ?5@ 0000000000043cb8     BaseMemoryLib:CompareMemWrapper.obj
 0002:00002ce0       ??_C@_0EH@LNGKEKLE@f?3?2uefiworkspace?2edk2?2MdePkg?2Li@ 0000000000043ce0     BaseMemoryLib:CompareMemWrapper.obj
 0002:00002d28       ??_C@_0BN@MDMCNBCC@SourceBuffer?5?$CB?$DN?5?$CI?$CIvoid?5?$CK?$CJ?50?$CJ@ 0000000000043d28     BaseMemoryLib:CompareMemWrapper.obj
 0002:00002d50       ??_C@_0EF@GEEGACLM@f?3?2uefiworkspace?2edk2?2MdePkg?2Li@ 0000000000043d50     BaseMemoryLib:SetMem32Wrapper.obj
 0002:00002d98       ??_C@_0DI@DAGDPLPG@?$CILength?5?9?51?$CJ?5?$DM?$DN?5?$CI0xFFFFFFFFFFFF@ 0000000000043d98     BaseMemoryLib:SetMem32Wrapper.obj
 0002:00002dd0       ??_C@_0CO@LECKNDNC@?$CI?$CI?$CIUINTN?$CJBuffer?$CJ?5?$CG?5?$CIsizeof?5?$CIVal@ 0000000000043dd0     BaseMemoryLib:SetMem32Wrapper.obj
 0002:00002e00       ??_C@_0CF@LEICOABD@?$CILength?5?$CG?5?$CIsizeof?5?$CIValue?$CJ?5?9?51?$CJ?$CJ@ 0000000000043e00     BaseMemoryLib:SetMem32Wrapper.obj
 0002:00002e28       ??_C@_0BF@NJNGJMPC@List?5?$CB?$DN?5?$CI?$CIvoid?5?$CK?$CJ?50?$CJ@ 0000000000043e28     BaseLib:LinkedList.obj
 0002:00002e40       ??_C@_0DK@OGPFJBAL@f?3?2uefiworkspace?2edk2?2MdePkg?2Li@ 0000000000043e40     BaseLib:LinkedList.obj
 0002:00002e80       ??_C@_0CC@KDLPLAED@List?9?$DOForwardLink?5?$CB?$DN?5?$CI?$CIvoid?5?$CK?$CJ?5@ 0000000000043e80     BaseLib:LinkedList.obj
 0002:00002ea8       ??_C@_0BP@IJJCCMAK@List?9?$DOBackLink?5?$CB?$DN?5?$CI?$CIvoid?5?$CK?$CJ?50?$CJ@ 0000000000043ea8     BaseLib:LinkedList.obj
 0002:00002ec8       ??_C@_0CI@BMHOPIIO@InternalBaseLibIsListValid?5?$CIFir@ 0000000000043ec8     BaseLib:LinkedList.obj
 0002:00002ef0       ??_C@_0BM@BAIHHOEP@SecondEntry?5?$CB?$DN?5?$CI?$CIvoid?5?$CK?$CJ?50?$CJ@ 0000000000043ef0     BaseLib:LinkedList.obj
 0002:00002f10       ??_C@_0BJ@NJABNCDK@ListHead?5?$CB?$DN?5?$CI?$CIvoid?5?$CK?$CJ?50?$CJ@ 0000000000043f10     BaseLib:LinkedList.obj
 0002:00002f30       ??_C@_0DI@HOMAKAJD@?$CI?$CIBOOLEAN?$CJ?$CI0?$DN?$DN1?$CJ?$CJ?5?$DN?$DN?5IsNodeInLi@ 0000000000043f30     BaseLib:LinkedList.obj
 0002:00002f68       ??_C@_0CG@LGIALJFK@InternalBaseLibIsListValid?5?$CILis@ 0000000000043f68     BaseLib:LinkedList.obj
 0002:00002f90       ??_C@_0CC@JLDICICM@InternalBaseLibIsListValid?5?$CILis@ 0000000000043f90     BaseLib:LinkedList.obj
 0002:00002fb8       ??_C@_0DD@OAAIDOJD@?$CI?$CIBOOLEAN?$CJ?$CI1?$DN?$DN1?$CJ?$CJ?5?$DN?$DN?5IsNodeInLi@ 0000000000043fb8     BaseLib:LinkedList.obj
 0002:00002ff0       ??_C@_0BF@NMBJJECB@?$CBIsListEmpty?5?$CIEntry?$CJ@ 0000000000043ff0     BaseLib:LinkedList.obj
 0002:00003008       ??_C@_0CC@GFNLNIOC@?$CI?$CIUINTN?$CJString?5?$CG?50x00000001?$CJ?5?$DN?$DN@ 0000000000044008     BaseLib:SafeString.obj
 0002:00003030       ??_C@_0DK@NEJELINC@f?3?2uefiworkspace?2edk2?2MdePkg?2Li@ 0000000000044030     BaseLib:SafeString.obj
 0002:00003070       ??_C@_0CH@LALFPBMC@?$CI?$CIUINTN?$CJDestination?5?$CG?50x0000000@ 0000000000044070     BaseLib:SafeString.obj
 0002:00003098       ??_C@_0CC@HEBCMBPF@?$CI?$CIUINTN?$CJSource?5?$CG?50x00000001?$CJ?5?$DN?$DN@ 0000000000044098     BaseLib:SafeString.obj
 0002:000030c0       ??_C@_0BO@ECNIOIHG@?$CIDestination?5?$CB?$DN?5?$CI?$CIvoid?5?$CK?$CJ?50?$CJ?$CJ@ 00000000000440c0     BaseLib:SafeString.obj
 0002:000030e0       ??_C@_07KBGDFDAM@StrCpyS@  00000000000440e0     BaseLib:SafeString.obj
 0002:000030f0       ??_C@_0EA@PDPDJJNN@?$CFa?$CI?$CFd?$CJ?5?$CFa?3?5SAFE_STRING_CONSTRAI@ 00000000000440f0     BaseLib:SafeString.obj
 0002:00003130       ??_C@_0BJ@EAEEJIP@?$CISource?5?$CB?$DN?5?$CI?$CIvoid?5?$CK?$CJ?50?$CJ?$CJ@ 0000000000044130     BaseLib:SafeString.obj
 0002:00003150       ??_C@_0EA@BBALOHPI@?$CIDestMax?5?$DM?$DN?5?$CI_gPcd_FixedAtBuild@ 0000000000044150     BaseLib:SafeString.obj
 0002:00003190       ??_C@_0P@PMIMLIHM@?$CIDestMax?5?$CB?$DN?50?$CJ@ 0000000000044190     BaseLib:SafeString.obj
 0002:000031a0       ??_C@_0BG@EEGIIOKH@?$CIDestMax?5?$DO?5SourceLen?$CJ@ 00000000000441a0     BaseLib:SafeString.obj
 0002:000031c0       ??_C@_0FH@PPBLBDBJ@InternalSafeStringNoStrOverlap?5@ 00000000000441c0     BaseLib:SafeString.obj
 0002:00003218       ??_C@_08INOAHJON@StrnCpyS@ 0000000000044218     BaseLib:SafeString.obj
 0002:00003228       ??_C@_0DP@PBOJGJC@?$CILength?5?$DM?$DN?5?$CI_gPcd_FixedAtBuild_@ 0000000000044228     BaseLib:SafeString.obj
 0002:00003268       ??_C@_07EBBOPAKF@StrCatS@  0000000000044268     BaseLib:SafeString.obj
 0002:00003270       ??_C@_0P@BHOOOJPD@?$CICopyLen?5?$CB?$DN?50?$CJ@ 0000000000044270     BaseLib:SafeString.obj
 0002:00003280       ??_C@_0BG@BPGICNPK@?$CICopyLen?5?$DO?5SourceLen?$CJ@ 0000000000044280     BaseLib:SafeString.obj
 0002:00003298       ??_C@_08GNJNNKEE@StrnCatS@ 0000000000044298     BaseLib:SafeString.obj
 0002:000032a8       ??_C@_0BJ@MBBOBCLN@?$CIString?5?$CB?$DN?5?$CI?$CIvoid?5?$CK?$CJ?50?$CJ?$CJ@ 00000000000442a8     BaseLib:SafeString.obj
 0002:000032c8       ??_C@_0BH@JPMEDPAI@?$CIData?5?$CB?$DN?5?$CI?$CIvoid?5?$CK?$CJ?50?$CJ?$CJ@ 00000000000442c8     BaseLib:SafeString.obj
 0002:000032e0       ??_C@_0IC@CFBPEAPC@?$CIStrnLenS?5?$CIString?0?5?$CI_gPcd_Fixed@ 00000000000442e0     BaseLib:SafeString.obj
 0002:00003368       ??_C@_0BA@PLPLKCD@StrHexToUint64S@ 0000000000044368     BaseLib:SafeString.obj
 0002:00003378       ??_C@_0N@OMPODJLB@AsciiStrCpyS@ 0000000000044378     BaseLib:SafeString.obj
 0002:00003388       ??_C@_0DO@LJFOOPII@?$CIDestMax?5?$DM?$DN?5?$CI_gPcd_FixedAtBuild@ 0000000000044388     BaseLib:SafeString.obj
 0002:000033d0       ??_C@_0FL@CDANCHFO@InternalSafeStringNoAsciiStrOve@ 00000000000443d0     BaseLib:SafeString.obj
 0002:00003430       ??_C@_0O@DIHNCLLG@AsciiStrnCpyS@ 0000000000044430     BaseLib:SafeString.obj
 0002:00003440       ??_C@_0DN@DLAADCJE@?$CILength?5?$DM?$DN?5?$CI_gPcd_FixedAtBuild_@ 0000000000044440     BaseLib:SafeString.obj
 0002:00003480       ??_C@_0BG@ECBHNCII@UnicodeStrToAsciiStrS@ 0000000000044480     BaseLib:SafeString.obj
 0002:000034a0       ??_C@_0GH@OGMKEJDK@?$CBInternalSafeStringIsOverlap?5?$CID@ 00000000000444a0     BaseLib:SafeString.obj
 0002:00003508       ??_C@_0BA@MFHLDCJH@?$CKSource?5?$DM?50x100@ 0000000000044508     BaseLib:SafeString.obj
 0002:00003518       ??_C@_0BG@MFINJFHO@AsciiStrToUnicodeStrS@ 0000000000044518     BaseLib:SafeString.obj
 0002:00003530       ??_C@_0GF@GCLJAOAI@?$CBInternalSafeStringIsOverlap?5?$CID@ 0000000000044530     BaseLib:SafeString.obj
 0002:00003598       ??_C@_0DG@ODLLMBNP@f?3?2uefiworkspace?2edk2?2MdePkg?2Li@ 0000000000044598     BaseLib:String.obj
 0002:000035d0       ??_C@_0DK@EOJCOAME@Length?5?$DM?5_gPcd_FixedAtBuild_Pcd@ 00000000000445d0     BaseLib:String.obj
 0002:00003610       ??_C@_0BL@JAAMOCAJ@StrSize?5?$CIFirstString?$CJ?5?$CB?$DN?50@ 0000000000044610     BaseLib:String.obj
 0002:00003630       ??_C@_0BM@DALBOILC@StrSize?5?$CISecondString?$CJ?5?$CB?$DN?50@ 0000000000044630     BaseLib:String.obj
 0002:00003650       ??_C@_0DL@LFIMEMJP@Length?5?$DM?$DN?5_gPcd_FixedAtBuild_Pc@ 0000000000044650     BaseLib:String.obj
 0002:00003690       ??_C@_0BG@KBNOLIGE@StrSize?5?$CIString?$CJ?5?$CB?$DN?50@ 0000000000044690     BaseLib:String.obj
 0002:000036a8       ??_C@_0BM@NNBLOHJD@StrSize?5?$CISearchString?$CJ?5?$CB?$DN?50@ 00000000000446a8     BaseLib:String.obj
 0002:000036c8       ??_C@_0DI@MDIKFADO@Length?5?$DM?5_gPcd_FixedAtBuild_Pcd@ 00000000000446c8     BaseLib:String.obj
 0002:00003700       ??_C@_0BL@IKFBNFIL@AsciiStrSize?5?$CIFirstString?$CJ@ 0000000000044700     BaseLib:String.obj
 0002:00003720       ??_C@_0BM@EDNOKLLE@AsciiStrSize?5?$CISecondString?$CJ@ 0000000000044720     BaseLib:String.obj
 0002:00003740       ??_C@_0DJ@JJHGIFMP@Length?5?$DM?$DN?5_gPcd_FixedAtBuild_Pc@ 0000000000044740     BaseLib:String.obj
 0002:00003780       ??_C@_0BL@OFIBAIAL@AsciiStrSize?5?$CIString?$CJ?5?$CB?$DN?50@ 0000000000044780     BaseLib:String.obj
 0002:000037a0       ??_C@_0CB@NAIDGIOA@AsciiStrSize?5?$CISearchString?$CJ?5?$CB?$DN?5@ 00000000000447a0     BaseLib:String.obj
 0002:000037d0       ??_C@_0EJ@KBPJPBK@?$CIOrData?5?$DO?$DO?5?$CIEndBit?5?9?5StartBit?$CJ?$CJ@ 00000000000447d0     BaseLib:BitField.obj
 0002:00003820       ??_C@_0DI@EPCPCPPF@f?3?2uefiworkspace?2edk2?2MdePkg?2Li@ 0000000000044820     BaseLib:BitField.obj
 0002:00003860       ??_C@_0EL@FAHAFDHP@?$CIAndData?5?$DO?$DO?5?$CIEndBit?5?9?5StartBit?$CJ@ 0000000000044860     BaseLib:BitField.obj
 0002:000038b0       ??_C@_0BD@JDBPFJOM@StartBit?5?$DM?$DN?5EndBit@ 00000000000448b0     BaseLib:BitField.obj
 0002:000038c8       ??_C@_0M@NJLBHEFK@EndBit?5?$DM?532@ 00000000000448c8     BaseLib:BitField.obj
 0002:000038d8       ??_C@_0M@IJCABBDH@EndBit?5?$DM?564@ 00000000000448d8     BaseLib:BitField.obj
 0002:000038e8       ??_C@_0L@MEMPDLHB@Count?5?$DM?564@ 00000000000448e8     BaseLib:LShiftU64.obj
 0002:000038f8       ??_C@_0DJ@POKPBLDK@f?3?2uefiworkspace?2edk2?2MdePkg?2Li@ 00000000000448f8     BaseLib:LShiftU64.obj
 0002:00003938       ??_C@_0DJ@GPHHHNOB@f?3?2uefiworkspace?2edk2?2MdePkg?2Li@ 0000000000044938     BaseLib:Unaligned.obj
 0002:00003978       ??_C@_0N@KGHEHMDL@Divisor?5?$CB?$DN?50@ 0000000000044978     BaseLib:DivU64x32Remainder.obj
 0002:00003990       ??_C@_0EC@JNPELHIH@f?3?2uefiworkspace?2edk2?2MdePkg?2Li@ 0000000000044990     BaseLib:DivU64x32Remainder.obj
 0002:000039d8       ??_C@_0DJ@BLIGCFNI@f?3?2uefiworkspace?2edk2?2MdePkg?2Li@ 00000000000449d8     BaseLib:RShiftU64.obj
 0002:00003a18       ??_C@_0BF@CBLMFKOC@Node?5?$CB?$DN?5?$CI?$CIvoid?5?$CK?$CJ?50?$CJ@ 0000000000044a18     UefiDevicePathLib:DevicePathUtilities.obj
 0002:00003a30       ??_C@_0EN@MFEGGAD@f?3?2uefiworkspace?2edk2?2MdePkg?2Li@ 0000000000044a30     UefiDevicePathLib:DevicePathUtilities.obj
 0002:00003a80       ??_C@_0FD@NABGIAAK@f?3?2uefiworkspace?2edk2?2MdePkg?2Li@ 0000000000044a80     UefiMemoryAllocationLib:MemoryAllocationLib.obj
 0002:00003ad8       ??_C@_0DO@GEEICOOO@AllocationSize?5?$DM?$DN?5?$CI0xFFFFFFFFFF@ 0000000000044ad8     UefiMemoryAllocationLib:MemoryAllocationLib.obj
 0002:00003b18       ??_C@_0BN@COECPDCC@gImageHandle?5?$CB?$DN?5?$CI?$CIvoid?5?$CK?$CJ?50?$CJ@ 0000000000044b18     UefiBootServicesTableLib:UefiBootServicesTableLib.obj
 0002:00003b40       ??_C@_0FJ@LLOKMAMB@f?3?2uefiworkspace?2edk2?2MdePkg?2Li@ 0000000000044b40     UefiBootServicesTableLib:UefiBootServicesTableLib.obj
 0002:00003ba0       ??_C@_0BE@DGNHAHIL@gST?5?$CB?$DN?5?$CI?$CIvoid?5?$CK?$CJ?50?$CJ@ 0000000000044ba0     UefiBootServicesTableLib:UefiBootServicesTableLib.obj
 0002:00003bb8       ??_C@_0BE@BDFJLGLN@gBS?5?$CB?$DN?5?$CI?$CIvoid?5?$CK?$CJ?50?$CJ@ 0000000000044bb8     UefiBootServicesTableLib:UefiBootServicesTableLib.obj
 0002:00003bd0       ??_C@_0BE@OBDFIHND@gRT?5?$CB?$DN?5?$CI?$CIvoid?5?$CK?$CJ?50?$CJ@ 0000000000044bd0     UefiRuntimeServicesTableLib:UefiRuntimeServicesTableLib.obj
 0002:00003bf0       ??_C@_0FP@KMDGPEO@f?3?2uefiworkspace?2edk2?2MdePkg?2Li@ 0000000000044bf0     UefiRuntimeServicesTableLib:UefiRuntimeServicesTableLib.obj
 0002:00003c50       ??_C@_0DH@CPNBINNB@f?3?2uefiworkspace?2edk2?2MdePkg?2Li@ 0000000000044c50     UefiLib:UefiLib.obj
 0002:00003c88       ??_C@_0BF@JGGLMCFN@Lock?5?$CB?$DN?5?$CI?$CIvoid?5?$CK?$CJ?50?$CJ@ 0000000000044c88     UefiLib:UefiLib.obj
 0002:00003ca0       ??_C@_0BO@IJOPPPFL@Lock?9?$DOLock?5?$DN?$DN?5EfiLockReleased@ 0000000000044ca0     UefiLib:UefiLib.obj
 0002:00003cc0       ??_C@_0BO@FHNOFLFJ@Lock?9?$DOLock?5?$DN?$DN?5EfiLockAcquired@ 0000000000044cc0     UefiLib:UefiLib.obj
 0002:00003ce0       ??_C@_0EG@GOBFPEEP@Name?5?$CB?$DN?5?$CI?$CIvoid?5?$CK?$CJ?50?$CJ?5?$CG?$CG?5Guid?5?$CB?$DN@ 0000000000044ce0     UefiLib:UefiLib.obj
 0002:00003d28       ??_C@_0BH@FMEOEIBC@?$CKValue?5?$CB?$DN?5?$CI?$CIvoid?5?$CK?$CJ?50?$CJ@ 0000000000044d28     UefiLib:UefiLib.obj
 0002:00003d40       ??_C@_0CD@OLFKAJF@SupportedLanguages?5?$CB?$DN?5?$CI?$CIvoid?5?$CK?$CJ@ 0000000000044d40     UefiLib:UefiLib.obj
 0002:00003d68       ??_C@_0DM@NMFFNOAG@f?3?2uefiworkspace?2edk2?2MdePkg?2Li@ 0000000000044d68     UefiLib:UefiNotTiano.obj
 0002:00003da8       ??_C@_0CB@LNNMJOKK@ReadyToBootEvent?5?$CB?$DN?5?$CI?$CIvoid?5?$CK?$CJ?50@ 0000000000044da8     UefiLib:UefiNotTiano.obj
 0002:00003dd0       ??_C@_0CH@LOBIJKLE@EFI1?41?5can?8t?5support?5ReadyToBoo@ 0000000000044dd0     UefiLib:UefiNotTiano.obj
 0002:00003e00       ??_C@_0FI@PJEDBJM@f?3?2uefiworkspace?2edk2?2MdeModule@ 0000000000044e00     DxeReportStatusCodeLib:ReportStatusCodeLib.obj
 0002:00003e58       ??_C@_0DN@HHIHPHHB@?$CB?$CI?$CIExtendedData?5?$DN?$DN?5?$CI?$CIvoid?5?$CK?$CJ?50?$CJ@ 0000000000044e58     DxeReportStatusCodeLib:ReportStatusCodeLib.obj
 0002:00003e98       ??_C@_0DN@BBBIFINB@?$CB?$CI?$CIExtendedData?5?$CB?$DN?5?$CI?$CIvoid?5?$CK?$CJ?50?$CJ@ 0000000000044e98     DxeReportStatusCodeLib:ReportStatusCodeLib.obj
 0002:00003f2c       __volatile_metadata        0000000000044f2c     <linker-defined>
 0003:00000000       gEfiLoadedImageProtocolGuid 0000000000046000     HiiDatabase:AutoGen.obj
 0003:00000010       gEfiStatusCodeSpecificDataGuid 0000000000046010     HiiDatabase:AutoGen.obj
 0003:00000020       gEfiGlobalVariableGuid     0000000000046020     HiiDatabase:AutoGen.obj
 0003:00000030       gEfiStatusCodeRuntimeProtocolGuid 0000000000046030     HiiDatabase:AutoGen.obj
 0003:00000040       gEfiEventReadyToBootGuid   0000000000046040     HiiDatabase:AutoGen.obj
 0003:00000050       gEfiHiiImageDecoderNamePngGuid 0000000000046050     HiiDatabase:AutoGen.obj
 0003:00000060       gEfiConfigKeywordHandlerProtocolGuid 0000000000046060     HiiDatabase:AutoGen.obj
 0003:00000070       gEfiHiiImageExProtocolGuid 0000000000046070     HiiDatabase:AutoGen.obj
 0003:00000080       gEfiGetPcdInfoProtocolGuid 0000000000046080     HiiDatabase:AutoGen.obj
 0003:00000090       gEfiDevicePathProtocolGuid 0000000000046090     HiiDatabase:AutoGen.obj
 0003:000000a0       gEfiCallerBaseName         00000000000460a0     HiiDatabase:AutoGen.obj
 0003:000000a8       gEfiHiiConfigRoutingProtocolGuid 00000000000460a8     HiiDatabase:AutoGen.obj
 0003:000000b8       gEfiPcdProtocolGuid        00000000000460b8     HiiDatabase:AutoGen.obj
 0003:000000c8       gEfiStatusCodeDataTypeDebugGuid 00000000000460c8     HiiDatabase:AutoGen.obj
 0003:000000d8       gEfiHiiImageProtocolGuid   00000000000460d8     HiiDatabase:AutoGen.obj
 0003:000000e8       gEfiHiiDatabaseProtocolGuid 00000000000460e8     HiiDatabase:AutoGen.obj
 0003:000000f8       gEfiHiiStringProtocolGuid  00000000000460f8     HiiDatabase:AutoGen.obj
 0003:00000108       gEfiHiiKeyBoardLayoutGuid  0000000000046108     HiiDatabase:AutoGen.obj
 0003:00000118       gEfiMdeModulePkgTokenSpaceGuid 0000000000046118     HiiDatabase:AutoGen.obj
 0003:00000128       gEfiHiiConfigAccessProtocolGuid 0000000000046128     HiiDatabase:AutoGen.obj
 0003:00000138       gEfiHiiImageDecoderProtocolGuid 0000000000046138     HiiDatabase:AutoGen.obj
 0003:00000148       gEfiHiiImageDecoderNameJpegGuid 0000000000046148     HiiDatabase:AutoGen.obj
 0003:00000158       gEdkiiIfrBitVarstoreGuid   0000000000046158     HiiDatabase:AutoGen.obj
 0003:00000168       gEfiCallerIdGuid           0000000000046168     HiiDatabase:AutoGen.obj
[...]
 0006:00000068       $unwind$IsThisPackageList  0000000000049068     HiiDatabase:ConfigRouting.obj
 0006:00000070       $unwind$BlockArrayCheck    0000000000049070     HiiDatabase:ConfigRouting.obj
 0006:00000070       $unwind$HiiGetImage        0000000000049070     HiiDatabase:Image.obj
 0006:00000070       $unwind$HiiGetImageEx      0000000000049070     HiiDatabase:ImageEx.obj
 0006:00000078       $unwind$ExtractDevicePath  0000000000049078     HiiDatabase:ConfigKeywordHandler.obj
 0006:00000078       $unwind$GetFormPackageData 0000000000049078     HiiDatabase:ConfigRouting.obj
 0006:00000078       $unwind$IsThisVarstore     0000000000049078     HiiDatabase:ConfigRouting.obj
 0006:00000078       $unwind$RemoveGuidPackages 0000000000049078     HiiDatabase:Database.obj
 0006:00000078       $unwind$RemoveKeyboardLayoutPackages 0000000000049078     HiiDatabase:Database.obj
 0006:00000078       $unwind$RemoveStringPackages 0000000000049078     HiiDatabase:Database.obj
 0006:00000078       $unwind$Output1bitPixel    0000000000049078     HiiDatabase:Image.obj
 0006:00000078       $unwind$StrCatS            0000000000049078     BaseLib:SafeString.obj
 0006:00000080       $unwind$GenerateKeywordResp 0000000000049080     HiiDatabase:ConfigKeywordHandler.obj
 0006:00000080       $unwind$GetStringIdFromDatabase 0000000000049080     HiiDatabase:ConfigKeywordHandler.obj
 0006:00000080       $unwind$GetStringIdFromRecord 0000000000049080     HiiDatabase:ConfigKeywordHandler.obj
 0006:00000080       $unwind$ValidateFilter     0000000000049080     HiiDatabase:ConfigKeywordHandler.obj
 0006:00000080       $unwind$GenerateConfigRequest 0000000000049080     HiiDatabase:ConfigRouting.obj
 0006:00000080       $unwind$GetConfigRespFromEfiVarStore 0000000000049080     HiiDatabase:ConfigRouting.obj
 0006:00000080       $unwind$IsThisOpcodeRequired 0000000000049080     HiiDatabase:ConfigRouting.obj
 0006:00000080       $unwind$RouteConfigRespForEfiVarStore 0000000000049080     HiiDatabase:ConfigRouting.obj
 0006:00000080       $unwind$ExportFontPackages 0000000000049080     HiiDatabase:Database.obj
 0006:00000080       $unwind$ExportFormPackages 0000000000049080     HiiDatabase:Database.obj
 0006:00000080       $unwind$ExportGuidPackages 0000000000049080     HiiDatabase:Database.obj
 0006:00000080       $unwind$ExportKeyboardLayoutPackages 0000000000049080     HiiDatabase:Database.obj
 0006:00000080       $unwind$ExportPackageList  0000000000049080     HiiDatabase:Database.obj
 0006:00000080       $unwind$ExportSimpleFontPackages 0000000000049080     HiiDatabase:Database.obj
 0006:00000080       $unwind$ExportStringPackages 0000000000049080     HiiDatabase:Database.obj
 0006:00000080       $unwind$StrnCatS           0000000000049080     BaseLib:SafeString.obj
 0006:00000080       $unwind$GetBestLanguage    0000000000049080     UefiLib:UefiLib.obj
 0006:00000088       $unwind$ParseIfrData       0000000000049088     HiiDatabase:ConfigRouting.obj
 0006:00000090       $unwind$GetNameFromId      0000000000049090     HiiDatabase:ConfigKeywordHandler.obj
 0006:00000090       $unwind$GetBlockElement    0000000000049090     HiiDatabase:ConfigRouting.obj
 0006:00000090       $unwind$MergeBlockDefaultValue 0000000000049090     HiiDatabase:ConfigRouting.obj
 0006:00000098       $unwind$ExtractValueFromDriver 0000000000049098     HiiDatabase:ConfigKeywordHandler.obj
 0006:00000098       $unwind$GetNameElement     0000000000049098     HiiDatabase:ConfigRouting.obj
 0006:00000098       $unwind$HiiSetKeyboardLayout 0000000000049098     HiiDatabase:Database.obj
 0006:00000098       $unwind$GetImageIdOrAddress 0000000000049098     HiiDatabase:Image.obj
 0006:00000098       $unwind$HiiCompareLanguage 0000000000049098     HiiDatabase:String.obj
 0006:00000098       $unwind$CompareGuid        0000000000049098     BaseMemoryLib:MemLibGuid.obj
 0006:000000a0       $unwind$UpdateDefaultValue 00000000000490a0     HiiDatabase:ConfigRouting.obj
 0006:000000a8       $unwind$EfiConfigKeywordHandlerGetData 00000000000490a8     HiiDatabase:ConfigKeywordHandler.obj
 0006:000000a8       $unwind$GenerateAltConfigResp 00000000000490a8     HiiDatabase:ConfigRouting.obj
 0006:000000a8       $unwind$GetFullStringFromHiiFormPackages 00000000000490a8     HiiDatabase:ConfigRouting.obj
 0006:000000a8       $unwind$FindQuestionDefaultSetting 00000000000490a8     HiiDatabase:Database.obj
 0006:000000b0       $unwind$HiiConfigRoutingExtractConfig 00000000000490b0     HiiDatabase:ConfigRouting.obj
 0006:000000b8       $unwind$HiiConfigRoutingExportConfig 00000000000490b8     HiiDatabase:ConfigRouting.obj
 0006:000000c0       $unwind$HiiConfigRoutingRouteConfig 00000000000490c0     HiiDatabase:ConfigRouting.obj
 0006:000000c8       $unwind$EfiConfigKeywordHandlerSetData 00000000000490c8     HiiDatabase:ConfigKeywordHandler.obj
 0006:000000c8       $unwind$HiiBlockToConfig   00000000000490c8     HiiDatabase:ConfigRouting.obj
 0006:000000d0       $unwind$ExtractKeyword     00000000000490d0     HiiDatabase:ConfigKeywordHandler.obj
 0006:000000d0       $unwind$ExtractNameSpace   00000000000490d0     HiiDatabase:ConfigKeywordHandler.obj
 0006:000000d0       $unwind$ExtractValue       00000000000490d0     HiiDatabase:ConfigKeywordHandler.obj
 0006:000000d0       $unwind$GetUnicodeStringTextAndSize 00000000000490d0     HiiDatabase:ConfigKeywordHandler.obj
 0006:000000d0       $unwind$InsertDevicePathPackage 00000000000490d0     HiiDatabase:Database.obj
 0006:000000d0       $unwind$NewCell            00000000000490d0     HiiDatabase:Font.obj
 0006:000000d0       $unwind$CopyGopToRgbPixel  00000000000490d0     HiiDatabase:Image.obj
 0006:000000d0       $unwind$CopyRgbToGopPixel  00000000000490d0     HiiDatabase:Image.obj
 0006:000000d0       $unwind$ConvertToUnicodeText 00000000000490d0     HiiDatabase:String.obj
 0006:000000d0       $unwind$GetUnicodeStringTextOrSize 00000000000490d0     HiiDatabase:String.obj
 0006:000000d0       $unwind$BasePrintLibValueToString 00000000000490d0     BasePrintLib:PrintLibInternal.obj
 0006:000000d8       $unwind$GetStringFontInfo  00000000000490d8     HiiDatabase:String.obj
 0006:000000e0       $unwind$FindStringBlock    00000000000490e0     HiiDatabase:String.obj
 0006:000000e8       $unwind$HiiGetImageInfo    00000000000490e8     HiiDatabase:ImageEx.obj
 0006:000000e8       $unwind$GetStringWorker    00000000000490e8     HiiDatabase:String.obj
 0006:000000f0       $unwind$InsertLackStringBlock 00000000000490f0     HiiDatabase:String.obj
 0006:000000f8       $unwind$SetStringWorker    00000000000490f8     HiiDatabase:String.obj
 0006:00000100       $unwind$HiiNewString       0000000000049100     HiiDatabase:String.obj
 0006:00000108       $unwind$HiiGetString       0000000000049108     HiiDatabase:String.obj
 0006:00000108       $unwind$HiiSetString       0000000000049108     HiiDatabase:String.obj
 0006:00000110       $unwind$HiiExportPackageLists 0000000000049110     HiiDatabase:Database.obj
 0006:00000110       $unwind$HiiNewPackageList  0000000000049110     HiiDatabase:Database.obj
 0006:00000110       $unwind$InsertFontPackage  0000000000049110     HiiDatabase:Database.obj
 0006:00000110       $unwind$GlyphToImage       0000000000049110     HiiDatabase:Font.obj
 0006:00000110       $unwind$HiiGetLanguages    0000000000049110     HiiDatabase:String.obj
 0006:00000118       $unwind$HiiGetKeyboardLayout 0000000000049118     HiiDatabase:Database.obj
 0006:00000118       $unwind$InsertStringPackage 0000000000049118     HiiDatabase:Database.obj
 0006:00000118       $unwind$InvokeRegisteredFunction 0000000000049118     HiiDatabase:Database.obj
 0006:00000118       $unwind$HiiGetSecondaryLanguages 0000000000049118     HiiDatabase:String.obj
 0006:00000120       $unwind$AsciiHiiToLower    0000000000049120     HiiDatabase:String.obj
 0006:00000120       $unwind$GetFirstNode       0000000000049120     BaseLib:LinkedList.obj
 0006:00000120       $unwind$InitializeListHead 0000000000049120     BaseLib:LinkedList.obj
 0006:00000120       $unwind$RemoveEntryList    0000000000049120     BaseLib:LinkedList.obj
 0006:00000120       $unwind$AsciiStrSize       0000000000049120     BaseLib:String.obj
 0006:00000120       $unwind$InternalHexCharToUintn 0000000000049120     BaseLib:String.obj
 0006:00000120       $unwind$StrSize            0000000000049120     BaseLib:String.obj
 0006:00000120       $unwind$ReadUnaligned16    0000000000049120     BaseLib:Unaligned.obj
 0006:00000120       $unwind$ReadUnaligned32    0000000000049120     BaseLib:Unaligned.obj
 0006:00000120       $unwind$ReadUnaligned64    0000000000049120     BaseLib:Unaligned.obj
 0006:00000120       $unwind$DevicePathNodeLength 0000000000049120     UefiDevicePathLib:DevicePathUtilities.obj
 0006:00000120       $unwind$DevicePathSubType  0000000000049120     UefiDevicePathLib:DevicePathUtilities.obj
 0006:00000120       $unwind$DevicePathType     0000000000049120     UefiDevicePathLib:DevicePathUtilities.obj
 0006:00000120       $unwind$NextDevicePathNode 0000000000049120     UefiDevicePathLib:DevicePathUtilities.obj
 0006:00000120       $unwind$GetDevicePathSize  0000000000049120     UefiDevicePathLib:UefiDevicePathLib.obj
 0006:00000120       $unwind$EfiAcquireLock     0000000000049120     UefiLib:UefiLib.obj
 0006:00000120       $unwind$AllocatePool       0000000000049120     UefiMemoryAllocationLib:MemoryAllocationLib.obj
 0006:00000120       $unwind$AllocateRuntimeZeroPool 0000000000049120     UefiMemoryAllocationLib:MemoryAllocationLib.obj
 0006:00000120       $unwind$AllocateZeroPool   0000000000049120     UefiMemoryAllocationLib:MemoryAllocationLib.obj
 0006:00000128       $unwind$ExtractFilter      0000000000049128     HiiDatabase:ConfigKeywordHandler.obj
 0006:00000128       $unwind$RemoveImagePackages 0000000000049128     HiiDatabase:Database.obj
 0006:00000128       $unwind$GetCell            0000000000049128     HiiDatabase:Font.obj
 0006:00000128       $unwind$GetSystemFont      0000000000049128     HiiDatabase:Font.obj
 0006:00000130       $unwind$GetGlyphBuffer     0000000000049130     HiiDatabase:Font.obj
 0006:00000138       $unwind$DebugPrint         0000000000049138     PeiDxeDebugLibReportStatusCode:DebugLib.obj
 0006:00000138       $unwind$FindVariableData   0000000000049138     HiiDatabase:Database.obj
 0006:00000138       $unwind$InsertFormPackage  0000000000049138     HiiDatabase:Database.obj
 0006:00000138       $unwind$InsertGuidPackage  0000000000049138     HiiDatabase:Database.obj
 0006:00000138       $unwind$NarrowGlyphToBlt   0000000000049138     HiiDatabase:Font.obj
 0006:00000138       $unwind$HiiNewImageEx      0000000000049138     HiiDatabase:ImageEx.obj
 0006:00000138       $unwind$InternalSafeStringNoAsciiStrOverlap 0000000000049138     BaseLib:SafeString.obj
 0006:00000138       $unwind$InternalSafeStringNoStrOverlap 0000000000049138     BaseLib:SafeString.obj
 0006:00000138       $unwind$UnicodeSPrint      0000000000049138     BasePrintLib:PrintLib.obj
 0006:00000138       $unwind$UnicodeVSPrint     0000000000049138     BasePrintLib:PrintLib.obj
 0006:00000138       $unwind$UnicodeValueToStringS 0000000000049138     BasePrintLib:PrintLib.obj
 0006:00000140       $unwind$ExportDevicePathPackage 0000000000049140     HiiDatabase:Database.obj
 0006:00000140       $unwind$ExportImagePackages 0000000000049140     HiiDatabase:Database.obj
 0006:00000140       $unwind$InsertImagePackage 0000000000049140     HiiDatabase:Database.obj
 0006:00000140       $unwind$GlyphToBlt         0000000000049140     HiiDatabase:Font.obj
 0006:00000140       $unwind$HiiDrawImageId     0000000000049140     HiiDatabase:Image.obj
 0006:00000140       $unwind$HiiNewImage        0000000000049140     HiiDatabase:Image.obj
 0006:00000140       $unwind$ImageToBlt         0000000000049140     HiiDatabase:Image.obj
 0006:00000140       $unwind$HiiDrawImageIdEx   0000000000049140     HiiDatabase:ImageEx.obj
 0006:00000140       $unwind$AsciiStrnCpyS      0000000000049140     BaseLib:SafeString.obj
 0006:00000140       $unwind$StrnCpyS           0000000000049140     BaseLib:SafeString.obj
 0006:00000148       $unwind$WriteOutputParam   0000000000049148     HiiDatabase:Font.obj
 0006:00000148       $unwind$InternalBaseLibBitFieldAndUint 0000000000049148     BaseLib:BitField.obj
 0006:00000148       $unwind$InternalBaseLibBitFieldOrUint 0000000000049148     BaseLib:BitField.obj
 0006:00000150       $unwind$DebugPrintLevelEnabled 0000000000049150     PeiDxeDebugLibReportStatusCode:DebugLib.obj
 0006:00000150       $unwind$IsHiiHandleValid   0000000000049150     HiiDatabase:Database.obj
 0006:00000150       $unwind$IsLineBreak        0000000000049150     HiiDatabase:Font.obj
 0006:00000150       $unwind$InternalIsDecimalDigitCharacter 0000000000049150     BaseLib:String.obj
 0006:00000158       $unwind$HiiStringToImage   0000000000049158     HiiDatabase:Font.obj
 0006:00000160       $unwind$HiiGetGlyph        0000000000049160     HiiDatabase:Font.obj
 0006:00000160       $unwind$HiiStringIdToImage 0000000000049160     HiiDatabase:Font.obj
 0006:00000168       $unwind$HiiSetImageEx      0000000000049168     HiiDatabase:ImageEx.obj
 0006:00000170       $unwind$HiiRegisterPackageNotify 0000000000049170     HiiDatabase:Database.obj
 0006:00000170       $unwind$HiiDrawImageEx     0000000000049170     HiiDatabase:ImageEx.obj
 0006:00000178       $unwind$LocateHiiImageDecoder 0000000000049178     HiiDatabase:ImageEx.obj
 0006:00000180       $unwind$Output4bitPixel    0000000000049180     HiiDatabase:Image.obj
 0006:00000188       $unwind$Output8bitPixel    0000000000049188     HiiDatabase:Image.obj
 0006:00000190       $unwind$HiiSetImage        0000000000049190     HiiDatabase:Image.obj
 0006:00000190       $unwind$IGetImage          0000000000049190     HiiDatabase:Image.obj
 0006:00000198       $unwind$HiiDrawImage       0000000000049198     HiiDatabase:Image.obj
 0006:000001a0       $unwind$GetRecordFromDevicePath 00000000000491a0     HiiDatabase:ConfigKeywordHandler.obj
 0006:000001a0       $unwind$HiiGetConfigRespInfo 00000000000491a0     HiiDatabase:Database.obj
 0006:000001a8       $unwind$GetStringIdFromString 00000000000491a8     HiiDatabase:ConfigKeywordHandler.obj
 0006:000001a8       $unwind$HiiFindKeyboardLayouts 00000000000491a8     HiiDatabase:Database.obj
 0006:000001b0       $unwind$ConstructRequestElement 00000000000491b0     HiiDatabase:ConfigKeywordHandler.obj
 0006:000001b8       $unwind$EnumerateAllKeywords 00000000000491b8     HiiDatabase:ConfigKeywordHandler.obj
 0006:000001c0       $unwind$IsEfiVarStoreQuestion 00000000000491c0     HiiDatabase:Database.obj
 0006:000001c0       $unwind$InternalBaseLibBitFieldReadUint 00000000000491c0     BaseLib:BitField.obj
 0006:000001c8       $unwind$UpdateDefaultSettingInFormPackage 00000000000491c8     HiiDatabase:Database.obj
 0006:000001d0       $unwind$HiiGetPackageListHandle 00000000000491d0     HiiDatabase:Database.obj
 0006:000001d0       $unwind$RemoveDevicePathPackage 00000000000491d0     HiiDatabase:Database.obj
 0006:000001d0       $unwind$RemoveFormPackages 00000000000491d0     HiiDatabase:Database.obj
 0006:000001d0       $unwind$RemoveSimpleFontPackages 00000000000491d0     HiiDatabase:Database.obj
 0006:000001d0       $unwind$AsciiStrCpyS       00000000000491d0     BaseLib:SafeString.obj
 0006:000001d0       $unwind$AsciiStrToUnicodeStrS 00000000000491d0     BaseLib:SafeString.obj
 0006:000001d0       $unwind$StrCpyS            00000000000491d0     BaseLib:SafeString.obj
 0006:000001d0       $unwind$StrHexToUint64S    00000000000491d0     BaseLib:SafeString.obj
 0006:000001d0       $unwind$UnicodeStrToAsciiStrS 00000000000491d0     BaseLib:SafeString.obj
 0006:000001d0       $unwind$InternalMemSetMem  00000000000491d0     BaseMemoryLib:SetMem.obj
 0006:000001d8       $unwind$AdjustStringPackage 00000000000491d8     HiiDatabase:Database.obj
 0006:000001e0       $unwind$HiiListPackageLists 00000000000491e0     HiiDatabase:Database.obj
 0006:000001e8       $unwind$BasePrintLibFillBuffer 00000000000491e8     BasePrintLib:PrintLibInternal.obj
 0006:000001f0       $unwind$BasePrintLibSPrintMarker 00000000000491f0     BasePrintLib:PrintLibInternal.obj
 0006:00000200       $unwind$InternalGetReportStatusCode 0000000000049200     DxeReportStatusCodeLib:ReportStatusCodeLib.obj
 0006:00000200       $unwind$CpuDeadLoop        0000000000049200     BaseLib:CpuDeadLoop.obj
 0006:00000200       $unwind$GetPiPcdInfoProtocolPointer 0000000000049200     DxePcdLib:DxePcdLib.obj
 0006:00000200       $unwind$GetPiPcdProtocol   0000000000049200     DxePcdLib:DxePcdLib.obj
 0006:00000208       $unwind$LibPcdGetSku       0000000000049208     DxePcdLib:DxePcdLib.obj
 0006:00000210       $unwind$DebugPrintMarker   0000000000049210     PeiDxeDebugLibReportStatusCode:DebugLib.obj
 0006:00000218       $unwind$DebugVPrint        0000000000049218     PeiDxeDebugLibReportStatusCode:DebugLib.obj
 0006:00000218       $unwind$BitFieldRead64     0000000000049218     BaseLib:BitField.obj
 0006:00000218       $unwind$AsciiStrnCmp       0000000000049218     BaseLib:String.obj
 0006:00000218       $unwind$StrnCmp            0000000000049218     BaseLib:String.obj
 0006:00000218       $unwind$CompareMem         0000000000049218     BaseMemoryLib:CompareMemWrapper.obj
 0006:00000218       $unwind$CopyMem            0000000000049218     BaseMemoryLib:CopyMemWrapper.obj
 0006:00000218       $unwind$SetMem32           0000000000049218     BaseMemoryLib:SetMem32Wrapper.obj
 0006:00000218       $unwind$GetEfiGlobalVariable2 0000000000049218     UefiLib:UefiLib.obj
 0006:00000218       $unwind$ReallocatePool     0000000000049218     UefiMemoryAllocationLib:MemoryAllocationLib.obj
 0006:00000220       $unwind$DebugAssert        0000000000049220     PeiDxeDebugLibReportStatusCode:DebugLib.obj
 0006:00000228       $unwind$ReportDebugCodeEnabled 0000000000049228     DxeReportStatusCodeLib:ReportStatusCodeLib.obj
 0006:00000228       $unwind$ReportErrorCodeEnabled 0000000000049228     DxeReportStatusCodeLib:ReportStatusCodeLib.obj
 0006:00000228       $unwind$ReportProgressCodeEnabled 0000000000049228     DxeReportStatusCodeLib:ReportStatusCodeLib.obj
 0006:00000228       $unwind$DebugAssertEnabled 0000000000049228     PeiDxeDebugLibReportStatusCode:DebugLib.obj
 0006:00000228       $unwind$DebugPrintEnabled  0000000000049228     PeiDxeDebugLibReportStatusCode:DebugLib.obj
 0006:00000230       $unwind$AsciiStrnLenS      0000000000049230     BaseLib:SafeString.obj
 0006:00000238       $unwind$BitFieldRead32     0000000000049238     BaseLib:BitField.obj
 0006:00000238       $unwind$DivU64x32Remainder 0000000000049238     BaseLib:DivU64x32Remainder.obj
 0006:00000240       $unwind$BitFieldWrite32    0000000000049240     BaseLib:BitField.obj
 0006:00000240       $unwind$InternalReallocatePool 0000000000049240     UefiMemoryAllocationLib:MemoryAllocationLib.obj
 0006:00000248       $unwind$BitFieldAnd32      0000000000049248     BaseLib:BitField.obj
 0006:00000248       $unwind$BitFieldAndThenOr32 0000000000049248     BaseLib:BitField.obj
 0006:00000248       $unwind$BitFieldOr32       0000000000049248     BaseLib:BitField.obj
 0006:00000250       $unwind$InternalMathDivRemU64x32 0000000000049250     BaseLib:Math64.obj
 0006:00000258       $unwind$InternalAllocatePool 0000000000049258     UefiMemoryAllocationLib:MemoryAllocationLib.obj
 0006:00000258       $unwind$InternalAllocateZeroPool 0000000000049258     UefiMemoryAllocationLib:MemoryAllocationLib.obj
 0006:00000260       $unwind$InternalAllocateCopyPool 0000000000049260     UefiMemoryAllocationLib:MemoryAllocationLib.obj
 0006:00000268       $unwind$InternalReportStatusCode 0000000000049268     DxeReportStatusCodeLib:ReportStatusCodeLib.obj
 0006:00000270       $unwind$ReportStatusCodeEx 0000000000049270     DxeReportStatusCodeLib:ReportStatusCodeLib.obj
