 FlashMapPei

 Timestamp is 64e9e83c (Sat Aug 26 19:55:40 2023)

 Preferred load address is 0000000000010000

 Start         Length     Name                   Class
 0001:00000000 00000004H .text                   CODE
 0001:00000004 000021b1H .text$mn                CODE
 0002:00000000 00000834H .rdata                  DATA
 0002:00000834 00000050H .rdata$voltmd           DATA
 0002:00000884 00000144H .rdata$zzzdbg           DATA
 0003:00000000 00000058H .data                   DATA
 0004:00000000 00000053H .edata                  DATA
 0005:00000000 00000168H .pdata                  DATA
 0006:00000000 00000088H .xdata                  DATA

  Address         Publics by Value              Rva+Base               Lib:Object

 0000:00000000       __arm64x_extra_rfe_table   0000000000000000     <absolute>
 0000:00000000       __guard_longjmp_table      0000000000000000     <absolute>
 0000:00000000       __arm64x_redirection_metadata 0000000000000000     <absolute>
 0000:00000000       __guard_iat_table          0000000000000000     <absolute>
 0000:00000000       __x64_code_ranges_to_entry_points 0000000000000000     <absolute>
 0000:00000000       __hybrid_code_map_count    0000000000000000     <absolute>
 0000:00000000       __guard_fids_count         0000000000000000     <absolute>
 0000:00000000       __guard_iat_count          0000000000000000     <absolute>
 0000:00000000       __guard_longjmp_count      0000000000000000     <absolute>
 0000:00000000       __x64_code_ranges_to_entry_points_count 0000000000000000     <absolute>
 0000:00000000       __arm64x_native_entrypoint 0000000000000000     <absolute>
 0000:00000000       __guard_eh_cont_table      0000000000000000     <absolute>
 0000:00000000       __dynamic_value_reloc_table 0000000000000000     <absolute>
 0000:00000000       __hybrid_code_map          0000000000000000     <absolute>
 0000:00000000       __enclave_config           0000000000000000     <absolute>
 0000:00000000       __hybrid_auxiliary_iat     0000000000000000     <absolute>
 0000:00000000       __arm64x_redirection_metadata_count 0000000000000000     <absolute>
 0000:00000000       __hybrid_auxiliary_iat_copy 0000000000000000     <absolute>
 0000:00000000       __arm64x_extra_rfe_table_size 0000000000000000     <absolute>
 0000:00000000       __guard_eh_cont_count      0000000000000000     <absolute>
 0000:00000000       __AbsoluteZero             0000000000000000     <absolute>
 0000:00000000       __guard_check_icall_a64n_fptr 0000000000000000     <absolute>
 0000:00000000       __guard_fids_table         0000000000000000     <absolute>
 0000:00000100       __guard_flags              0000000000000100     <absolute>
 0001:00000000       CpuPause                   0000000000011000     BaseLib:CpuPause.obj
 0001:00000004       _ModuleEntryPoint          0000000000011004 f   PeimEntryPoint:PeimEntryPoint.obj
 0001:0000007c       ProcessLibraryConstructorList 000000000001107c f   FlashMapPei:AutoGen.obj
 0001:00000088       ProcessModuleEntryPointList 0000000000011088 f   FlashMapPei:AutoGen.obj
 0001:000000ac       PeimInitializeFlashMap     00000000000110ac f   FlashMapPei:FlashMapPei.obj
 0001:00000214       DebugPrint                 0000000000011214 f   PeiDxeDebugLibReportStatusCode:DebugLib.obj
 0001:00000258       DebugPrintMarker           0000000000011258 f   PeiDxeDebugLibReportStatusCode:DebugLib.obj
 0001:000009dc       DebugVPrint                00000000000119dc f   PeiDxeDebugLibReportStatusCode:DebugLib.obj
 0001:00000a0c       DebugAssert                0000000000011a0c f   PeiDxeDebugLibReportStatusCode:DebugLib.obj
 0001:00000d88       DebugAssertEnabled         0000000000011d88 f   PeiDxeDebugLibReportStatusCode:DebugLib.obj
 0001:00000dac       DebugPrintEnabled          0000000000011dac f   PeiDxeDebugLibReportStatusCode:DebugLib.obj
 0001:00000dd0       DebugPrintLevelEnabled     0000000000011dd0 f   PeiDxeDebugLibReportStatusCode:DebugLib.obj
 0001:00000e04       PeiServicesLocatePpi       0000000000011e04 f   PeiServicesLib:PeiServicesLib.obj
 0001:00000e54       GetPeiServicesTablePointer 0000000000011e54 f   EmulatorPkgPeiServicesTablePointerLib:PeiServicesTablePointer.obj
 0001:00000ed8       CopyMem                    0000000000011ed8 f   BaseMemoryLib:CopyMemWrapper.obj
 0001:00000fb0       CopyGuid                   0000000000011fb0 f   BaseMemoryLib:MemLibGuid.obj
 0001:00001004       InternalMemCopyMem         0000000000012004 f   BaseMemoryLib:CopyMem.obj
 0001:000015e0       GetPcdPpiPointer           00000000000125e0 f   PeiPcdLib:PeiPcdLib.obj
 0001:0000167c       LibPcdSet64S               000000000001267c f   PeiPcdLib:PeiPcdLib.obj
 0001:000016a4       GetDebugPrintErrorLevel    00000000000126a4 f   BaseDebugPrintErrorLevelLib:BaseDebugPrintErrorLevelLib.obj
 0001:000016ac       AsciiStrLen                00000000000126ac f   BaseLib:String.obj
 0001:00001764       AsciiStrSize               0000000000012764 f   BaseLib:String.obj
 0001:00001780       InternalSafeStringIsOverlap 0000000000012780 f   BaseLib:SafeString.obj
 0001:000017e4       InternalSafeStringNoAsciiStrOverlap 00000000000127e4 f   BaseLib:SafeString.obj
 0001:00001838       AsciiStrnLenS              0000000000012838 f   BaseLib:SafeString.obj
 0001:000018a4       AsciiStrnCpyS              00000000000128a4 f   BaseLib:SafeString.obj
 0001:00001d94       CpuBreakpoint              0000000000012d94 f   BaseLib:CpuBreakpoint.obj
 0001:00001d98       CpuDeadLoop                0000000000012d98 f   BaseLib:CpuDeadLoop.obj
 0001:00001dbc       ReadUnaligned64            0000000000012dbc f   BaseLib:Unaligned.obj
 0001:00001e04       WriteUnaligned64           0000000000012e04 f   BaseLib:Unaligned.obj
 0001:00001e5c       InternalReportStatusCode   0000000000012e5c f   PeiReportStatusCodeLib:ReportStatusCodeLib.obj
 0001:00001f68       ReportStatusCodeEx         0000000000012f68 f   PeiReportStatusCodeLib:ReportStatusCodeLib.obj
 0001:00002130       ReportProgressCodeEnabled  0000000000013130 f   PeiReportStatusCodeLib:ReportStatusCodeLib.obj
 0001:00002154       ReportErrorCodeEnabled     0000000000013154 f   PeiReportStatusCodeLib:ReportStatusCodeLib.obj
 0001:00002178       ReportDebugCodeEnabled     0000000000013178 f   PeiReportStatusCodeLib:ReportStatusCodeLib.obj
 0001:0000219c       OemHookStatusCodeInitialize 000000000001319c f   OemHookStatusCodeLibNull:OemHookStatusCodeLibNull.obj
 0001:000021a0       OemHookStatusCodeReport    00000000000131a0 f   OemHookStatusCodeLibNull:OemHookStatusCodeLibNull.obj
 0002:00000000       ??_C@_0CP@KCAHKNFK@?$CI?$CKPeiServices?$CJ?9?$DOHdr?4Revision?5?$DO?$DN@ 0000000000014000     PeimEntryPoint:PeimEntryPoint.obj
 0002:00000030       ??_C@_0EF@EGJFNKAM@f?3?2uefiworkspace?2edk2?2MdePkg?2Li@ 0000000000014030     PeimEntryPoint:PeimEntryPoint.obj
 0002:00000078       _gPeimRevision             0000000000014078     FlashMapPei:AutoGen.obj
 0002:00000080       ??_C@_0M@NLDHPKCB@FlashMapPei@ 0000000000014080     FlashMapPei:AutoGen.obj
 0002:00000090       _gPcd_FixedAtBuild_PcdEmuFlashNvStorageFtwSpareBase 0000000000014090     FlashMapPei:AutoGen.obj
 0002:00000098       _gPcd_FixedAtBuild_PcdEmuFlashNvStorageFtwWorkingBase 0000000000014098     FlashMapPei:AutoGen.obj
 0002:000000a0       _gPcd_FixedAtBuild_PcdReportStatusCodePropertyMask 00000000000140a0     FlashMapPei:AutoGen.obj
 0002:000000a8       _gPcd_FixedAtBuild_PcdEmuFlashNvStorageVariableBase 00000000000140a8     FlashMapPei:AutoGen.obj
 0002:000000b0       _gPcd_FixedAtBuild_PcdDebugPrintErrorLevel 00000000000140b0     FlashMapPei:AutoGen.obj
 0002:000000b8       _gPcd_FixedAtBuild_PcdPeiServicesTablePage 00000000000140b8     FlashMapPei:AutoGen.obj
 0002:000000c0       _gPcd_FixedAtBuild_PcdFixedDebugPrintErrorLevel 00000000000140c0     FlashMapPei:AutoGen.obj
 0002:000000c4       _gPcd_FixedAtBuild_PcdMaximumAsciiStringLength 00000000000140c4     FlashMapPei:AutoGen.obj
 0002:000000c8       _gPcd_FixedAtBuild_PcdDebugPropertyMask 00000000000140c8     FlashMapPei:AutoGen.obj
 0002:000000d0       ??_C@_0CD@HEKBNNNA@EmulatorPkg?5Flash?5Map?5PEIM?5Load@ 00000000000140d0     FlashMapPei:FlashMapPei.obj
 0002:000000f8       ??_C@_0CB@DMEJJJHA@?6ASSERT_EFI_ERROR?5?$CIStatus?5?$DN?5?$CFr?$CJ@ 00000000000140f8     FlashMapPei:FlashMapPei.obj
 0002:00000120       ??_C@_0CH@BBNBJKHK@?$CB?$CI?$CI?$CIINTN?$CJ?$CIRETURN_STATUS?$CJ?$CIStatus@ 0000000000014120     FlashMapPei:FlashMapPei.obj
 0002:00000148       ??_C@_0DM@JJNFDOHL@f?3?2uefiworkspace?2edk2?2EmulatorP@ 0000000000014148     FlashMapPei:FlashMapPei.obj
 0002:00000188       ??_C@_0BH@LKMBFCBF@Format?5?$CB?$DN?5?$CI?$CIvoid?5?$CK?$CJ?50?$CJ@ 0000000000014188     PeiDxeDebugLibReportStatusCode:DebugLib.obj
 0002:000001a0       ??_C@_0FF@OJMNGPG@f?3?2uefiworkspace?2edk2?2MdeModule@ 00000000000141a0     PeiDxeDebugLibReportStatusCode:DebugLib.obj
 0002:000001f8       ??_C@_0CP@EFCGCEBK@?$CICHAR8?5?$CK?$CJBaseListMarkerPointer?5@ 00000000000141f8     PeiDxeDebugLibReportStatusCode:DebugLib.obj
 0002:00000228       ??_C@_01OHGJGJJP@?$FL@     0000000000014228     PeiDxeDebugLibReportStatusCode:DebugLib.obj
 0002:0000022c       ??_C@_02PBFOLPKM@?$FN?5@   000000000001422c     PeiDxeDebugLibReportStatusCode:DebugLib.obj
 0002:00000230       ??_C@_0BH@IACGKAP@Buffer?5?$CB?$DN?5?$CI?$CIvoid?5?$CK?$CJ?50?$CJ@ 0000000000014230     PeiDxeDebugLibReportStatusCode:DebugLib.obj
 0002:00000248       ??_C@_0CI@MDPGFIOC@PeiServicesTablePointer?5?$CB?$DN?5?$CI?$CIvo@ 0000000000014248     EmulatorPkgPeiServicesTablePointerLib:PeiServicesTablePointer.obj
 0002:00000270       ??_C@_0GI@DDLLNEGO@f?3?2uefiworkspace?2edk2?2EmulatorP@ 0000000000014270     EmulatorPkgPeiServicesTablePointerLib:PeiServicesTablePointer.obj
 0002:000002d8       ??_C@_0CJ@NHFDCOMG@?$CKPeiServicesTablePointer?5?$CB?$DN?5?$CI?$CIv@ 00000000000142d8     EmulatorPkgPeiServicesTablePointerLib:PeiServicesTablePointer.obj
 0002:00000310       ??_C@_0ED@MKGCMJG@?$CILength?5?9?51?$CJ?5?$DM?$DN?5?$CI0xFFFFFFFFFFFF@ 0000000000014310     BaseMemoryLib:CopyMemWrapper.obj
 0002:00000360       ??_C@_0EE@GOMGOBAA@f?3?2uefiworkspace?2edk2?2MdePkg?2Li@ 0000000000014360     BaseMemoryLib:CopyMemWrapper.obj
 0002:000003a8       ??_C@_0DO@MAOBOFEG@?$CILength?5?9?51?$CJ?5?$DM?$DN?5?$CI0xFFFFFFFFFFFF@ 00000000000143a8     BaseMemoryLib:CopyMemWrapper.obj
 0002:000003e8       ??_C@_0DL@NOEELHDB@f?3?2uefiworkspace?2edk2?2MdePkg?2Li@ 00000000000143e8     PeiPcdLib:PeiPcdLib.obj
 0002:00000428       ??_C@_0BH@MAAHKCPC@String?5?$CB?$DN?5?$CI?$CIvoid?5?$CK?$CJ?50?$CJ@ 0000000000014428     BaseLib:String.obj
 0002:00000440       ??_C@_0DG@ODLLMBNP@f?3?2uefiworkspace?2edk2?2MdePkg?2Li@ 0000000000014440     BaseLib:String.obj
 0002:00000478       ??_C@_0DI@MDIKFADO@Length?5?$DM?5_gPcd_FixedAtBuild_Pcd@ 0000000000014478     BaseLib:String.obj
 0002:000004b0       ??_C@_0DK@NEJELINC@f?3?2uefiworkspace?2edk2?2MdePkg?2Li@ 00000000000144b0     BaseLib:SafeString.obj
 0002:000004f0       ??_C@_0BO@ECNIOIHG@?$CIDestination?5?$CB?$DN?5?$CI?$CIvoid?5?$CK?$CJ?50?$CJ?$CJ@ 00000000000144f0     BaseLib:SafeString.obj
 0002:00000510       ??_C@_0EA@PDPDJJNN@?$CFa?$CI?$CFd?$CJ?5?$CFa?3?5SAFE_STRING_CONSTRAI@ 0000000000014510     BaseLib:SafeString.obj
 0002:00000550       ??_C@_0BJ@EAEEJIP@?$CISource?5?$CB?$DN?5?$CI?$CIvoid?5?$CK?$CJ?50?$CJ?$CJ@ 0000000000014550     BaseLib:SafeString.obj
 0002:00000570       ??_C@_0P@PMIMLIHM@?$CIDestMax?5?$CB?$DN?50?$CJ@ 0000000000014570     BaseLib:SafeString.obj
 0002:00000580       ??_C@_0BG@EEGIIOKH@?$CIDestMax?5?$DO?5SourceLen?$CJ@ 0000000000014580     BaseLib:SafeString.obj
 0002:00000598       ??_C@_0DO@LJFOOPII@?$CIDestMax?5?$DM?$DN?5?$CI_gPcd_FixedAtBuild@ 0000000000014598     BaseLib:SafeString.obj
 0002:000005e0       ??_C@_0FL@CDANCHFO@InternalSafeStringNoAsciiStrOve@ 00000000000145e0     BaseLib:SafeString.obj
 0002:00000640       ??_C@_0O@DIHNCLLG@AsciiStrnCpyS@ 0000000000014640     BaseLib:SafeString.obj
 0002:00000650       ??_C@_0DN@DLAADCJE@?$CILength?5?$DM?$DN?5?$CI_gPcd_FixedAtBuild_@ 0000000000014650     BaseLib:SafeString.obj
 0002:00000690       ??_C@_0DJ@GPHHHNOB@f?3?2uefiworkspace?2edk2?2MdePkg?2Li@ 0000000000014690     BaseLib:Unaligned.obj
 0002:000006d0       ??_C@_0FI@IAAJMJMP@f?3?2uefiworkspace?2edk2?2MdeModule@ 00000000000146d0     PeiReportStatusCodeLib:ReportStatusCodeLib.obj
 0002:00000728       ??_C@_0DN@HHIHPHHB@?$CB?$CI?$CIExtendedData?5?$DN?$DN?5?$CI?$CIvoid?5?$CK?$CJ?50?$CJ@ 0000000000014728     PeiReportStatusCodeLib:ReportStatusCodeLib.obj
 0002:00000768       ??_C@_0DN@BBBIFINB@?$CB?$CI?$CIExtendedData?5?$CB?$DN?5?$CI?$CIvoid?5?$CK?$CJ?50?$CJ@ 0000000000014768     PeiReportStatusCodeLib:ReportStatusCodeLib.obj
 0002:000007a8       ??_C@_0DI@MIEIGAOH@Status?5code?5extended?5data?5is?5to@ 00000000000147a8     PeiReportStatusCodeLib:ReportStatusCodeLib.obj
 0002:00000834       __volatile_metadata        0000000000014834     <linker-defined>
 0003:00000000       gEfiStatusCodeSpecificDataGuid 0000000000015000     FlashMapPei:AutoGen.obj
 0003:00000010       gEfiCallerBaseName         0000000000015010     FlashMapPei:AutoGen.obj
 0003:00000018       gEfiStatusCodeDataTypeDebugGuid 0000000000015018     FlashMapPei:AutoGen.obj
 0003:00000028       gEfiCallerIdGuid           0000000000015028     FlashMapPei:AutoGen.obj
 0003:00000038       gEmuThunkPpiGuid           0000000000015038     FlashMapPei:AutoGen.obj
 0003:00000048       gPcdPpiGuid                0000000000015048     FlashMapPei:AutoGen.obj

 entry point at        0001:00000004

 Static symbols

 0000:ffff6000       .debug$S                   0000000000010000     FlashMapPei.exp
 0004:00000000       .edata                     0000000000016000     FlashMapPei.exp
 0004:00000028       rgpv                       0000000000016028     FlashMapPei.exp
 0004:0000002c       rgszName                   000000000001602c     FlashMapPei.exp
 0004:00000030       rgwOrd                     0000000000016030     FlashMapPei.exp
 0004:00000032       szName                     0000000000016032     FlashMapPei.exp
 0004:00000042       $N00001                    0000000000016042     FlashMapPei.exp
 0006:00000000       $unwind$ProcessModuleEntryPointList 0000000000018000     FlashMapPei:AutoGen.obj
 0006:00000000       $unwind$WriteUnaligned64   0000000000018000     BaseLib:Unaligned.obj
 0006:00000000       $unwind$CopyGuid           0000000000018000     BaseMemoryLib:MemLibGuid.obj
 0006:00000000       $unwind$LibPcdSet64S       0000000000018000     PeiPcdLib:PeiPcdLib.obj
 0006:00000000       $unwind$_ModuleEntryPoint  0000000000018000     PeimEntryPoint:PeimEntryPoint.obj
 0006:00000008       $unwind$PeimInitializeFlashMap 0000000000018008     FlashMapPei:FlashMapPei.obj
 0006:00000010       $unwind$DebugPrint         0000000000018010     PeiDxeDebugLibReportStatusCode:DebugLib.obj
 0006:00000010       $unwind$InternalSafeStringNoAsciiStrOverlap 0000000000018010     BaseLib:SafeString.obj
 0006:00000018       $unwind$DebugPrintMarker   0000000000018018     PeiDxeDebugLibReportStatusCode:DebugLib.obj
 0006:00000020       $unwind$DebugVPrint        0000000000018020     PeiDxeDebugLibReportStatusCode:DebugLib.obj
 0006:00000020       $unwind$CopyMem            0000000000018020     BaseMemoryLib:CopyMemWrapper.obj
 0006:00000028       $unwind$DebugAssert        0000000000018028     PeiDxeDebugLibReportStatusCode:DebugLib.obj
 0006:00000030       $unwind$DebugAssertEnabled 0000000000018030     PeiDxeDebugLibReportStatusCode:DebugLib.obj
 0006:00000030       $unwind$DebugPrintEnabled  0000000000018030     PeiDxeDebugLibReportStatusCode:DebugLib.obj
 0006:00000030       $unwind$ReportDebugCodeEnabled 0000000000018030     PeiReportStatusCodeLib:ReportStatusCodeLib.obj
 0006:00000030       $unwind$ReportErrorCodeEnabled 0000000000018030     PeiReportStatusCodeLib:ReportStatusCodeLib.obj
 0006:00000030       $unwind$ReportProgressCodeEnabled 0000000000018030     PeiReportStatusCodeLib:ReportStatusCodeLib.obj
 0006:00000038       $unwind$DebugPrintLevelEnabled 0000000000018038     PeiDxeDebugLibReportStatusCode:DebugLib.obj
 0006:00000040       $unwind$PeiServicesLocatePpi 0000000000018040     PeiServicesLib:PeiServicesLib.obj
 0006:00000048       $unwind$GetPeiServicesTablePointer 0000000000018048     EmulatorPkgPeiServicesTablePointerLib:PeiServicesTablePointer.obj
 0006:00000048       $unwind$CpuDeadLoop        0000000000018048     BaseLib:CpuDeadLoop.obj
 0006:00000048       $unwind$GetPcdPpiPointer   0000000000018048     PeiPcdLib:PeiPcdLib.obj
 0006:00000050       $unwind$InternalMemCopyMem 0000000000018050     BaseMemoryLib:CopyMem.obj
 0006:00000058       $unwind$AsciiStrLen        0000000000018058     BaseLib:String.obj
 0006:00000060       $unwind$AsciiStrSize       0000000000018060     BaseLib:String.obj
 0006:00000060       $unwind$ReadUnaligned64    0000000000018060     BaseLib:Unaligned.obj
 0006:00000068       $unwind$AsciiStrnLenS      0000000000018068     BaseLib:SafeString.obj
 0006:00000070       $unwind$AsciiStrnCpyS      0000000000018070     BaseLib:SafeString.obj
 0006:00000078       $unwind$InternalReportStatusCode 0000000000018078     PeiReportStatusCodeLib:ReportStatusCodeLib.obj
 0006:00000080       $unwind$ReportStatusCodeEx 0000000000018080     PeiReportStatusCodeLib:ReportStatusCodeLib.obj
